Component: ARM Compiler 5.06 update 2 (build 183) Tool: armlink [4d35b7]

==============================================================================

Section Cross References

    ucos_task.o(.text) refers to time.o(.text) for Get_Cycle_T
    ucos_task.o(.text) refers to f2d.o(x$fpl$f2d) for __aeabi_f2d
    ucos_task.o(.text) refers to dleqf.o(x$fpl$dleqf) for __aeabi_cdcmple
    ucos_task.o(.text) refers to mpu6050.o(.text) for MPU6050_Read
    ucos_task.o(.text) refers to hml_sample.o(.text) for ANO_AK8975_Read
    ucos_task.o(.text) refers to ms5611_2.o(.text) for MS5611_ThreadNew
    ucos_task.o(.text) refers to lis3mdl.o(.text) for LSM6_readAcc
    ucos_task.o(.text) refers to delay.o(.text) for delay_ms
    ucos_task.o(.text) refers to my_math.o(.text) for my_deathzoom_2
    ucos_task.o(.text) refers to dmul.o(x$fpl$dmul) for __aeabi_dmul
    ucos_task.o(.text) refers to d2f.o(x$fpl$d2f) for __aeabi_d2f
    ucos_task.o(.text) refers to imu_m.o(.text) for madgwick_update_new
    ucos_task.o(.text) refers to fabs.o(i.__hardfp_fabs) for __hardfp_fabs
    ucos_task.o(.text) refers to drleqf.o(x$fpl$drleqf) for __aeabi_cdrcmple
    ucos_task.o(.text) refers to ucos_task.o(.data) for inner_loop_time_time
    ucos_task.o(.text) refers to mpu6050.o(.bss) for mpu6050
    ucos_task.o(.text) refers to imu_m.o(.bss) for reference_vr_imd_down
    ucos_task.o(.text) refers to imu.o(.bss) for reference_vr
    ucos_task.o(.text) refers to imu_m.o(.data) for ref_q_imd_down
    ucos_task.o(.text) refers to imu.o(.data) for ref_q
    ucos_task.o(.text) refers to usart_fc.o(.bss) for pi_flow
    ucos_task.o(.text) refers to main.o(.bss) for module
    ucos_task.o(.text) refers to watch_dog.o(.text) for IWDG_Feed
    ucos_task.o(.text) refers to ukf_task.o(.text) for ukf_pos_task_qr
    ucos_task.o(.text) refers to alt_kf.o(.text) for altUkfProcess
    ucos_task.o(.text) refers to laser.o(.text) for Laser_cal
    ucos_task.o(.text) refers to ultrasonic.o(.text) for Ultra_Duty
    ucos_task.o(.text) refers to dflt_clz.o(x$fpl$dfltu) for __aeabi_ui2d
    ucos_task.o(.text) refers to basic.o(x$fpl$basic) for __aeabi_dneg
    ucos_task.o(.text) refers to usart_fc.o(.data) for imu_feed_dog
    ucos_task.o(.text) refers to ucos_task.o(.bss) for flow_matlab_data
    ucos_task.o(.text) refers to flow.o(.text) for flow_pertreatment_oldx
    ucos_task.o(.text) refers to ddiv.o(x$fpl$ddiv) for __aeabi_ddiv
    ucos_task.o(.text) refers to ultrasonic.o(.data) for ultra_ok
    ucos_task.o(.text) refers to alt_kf.o(.data) for ALT_POS_SONAR3
    ucos_task.o(.text) refers to flow.o(.bss) for flow_per_out
    ucos_task.o(.text) refers to flow.o(.data) for k_flow_devide
    ucos_task.o(.text) refers to daddsub_clz.o(x$fpl$dadd) for __aeabi_dadd
    ucos_task.o(.text) refers to fliter.o(.text) for Moving_Median
    ucos_task.o(.text) refers to fliter.o(.bss) for firstOrderFilters
    ucos_task.o(.text) refers to os_core.o(.text) for OSIntEnter
    ucos_task.o(.text) refers to stm32f4xx_tim.o(.text) for TIM_GetITStatus
    ucos_task.o(.text) refers to usart_fc.o(.text) for Send_TO_FLOW_NAV_GPS
    ucos_task.o(.text) refers to stm32f4xx_dma.o(.text) for DMA_GetFlagStatus
    ucos_task.o(.text) refers to stm32f4xx_usart.o(.text) for USART_DMACmd
    ucos_task.o(.text) refers to dma.o(.text) for MYDMA_Enable
    ucos_task.o(.text) refers to alt_kf.o(.bss) for acc_z_view
    ucos_task.o(.text) refers to dfix.o(x$fpl$dfix) for __aeabi_d2iz
    ucos_task.o(.text) refers to ms5611_2.o(.data) for baroAlt
    ucos_task.o(.text) refers to ukf_task.o(.bss) for X_ukf
    ucos_task.o(.text) refers to ukf_task.o(.data) for K_spd_flow
    ucos_task.o(.text) refers to laser.o(.bss) for Laser_avoid
    ucos_task.o(.text) refers to led_fc.o(.text) for LEDRGB_STATE
    ucos_task.o(.text) refers to os_core.o(.data) for OSCPUUsage
    main.o(.text) refers to os_mbox.o(.text) for OSMboxCreate
    main.o(.text) refers to os_q.o(.text) for OSQCreate
    main.o(.text) refers to os_flag.o(.text) for OSFlagCreate
    main.o(.text) refers to os_core.o(.text) for OSStatInit
    main.o(.text) refers to os_tmr.o(.text) for OSTmrCreate
    main.o(.text) refers to os_cpu_a.o(.text) for OS_CPU_SR_Save
    main.o(.text) refers to os_task.o(.text) for OSTaskCreate
    main.o(.text) refers to misc.o(.text) for NVIC_PriorityGroupConfig
    main.o(.text) refers to delay.o(.text) for delay_init
    main.o(.text) refers to time.o(.text) for Initial_Timer_SYS
    main.o(.text) refers to iic_soft.o(.text) for I2c_Soft_Init
    main.o(.text) refers to iic1.o(.text) for IIC_IMU1_Init
    main.o(.text) refers to hml_sample.o(.text) for HMC5883L_SetUp
    main.o(.text) refers to ms5611_2.o(.text) for MS5611_Init
    main.o(.text) refers to mpu6050.o(.text) for MPU6050_Init
    main.o(.text) refers to lis3mdl.o(.text) for LIS3MDL_enableDefault
    main.o(.text) refers to alt_kf.o(.text) for altUkfInit
    main.o(.text) refers to led_fc.o(.text) for LED_Init
[...]
    __fpl_dcmp_Inf                           0x080279ed   Thumb Code    24  dcmpi.o(x$fpl$dcmpinf)
    __aeabi_ddiv                             0x08027a05   Thumb Code     0  ddiv.o(x$fpl$ddiv)
    _ddiv                                    0x08027a05   Thumb Code   552  ddiv.o(x$fpl$ddiv)
    __aeabi_cdcmpeq                          0x08027cb5   Thumb Code     0  deqf.o(x$fpl$deqf)
    _dcmpeq                                  0x08027cb5   Thumb Code   120  deqf.o(x$fpl$deqf)
    __aeabi_d2iz                             0x08027d2d   Thumb Code     0  dfix.o(x$fpl$dfix)
    _dfix                                    0x08027d2d   Thumb Code    94  dfix.o(x$fpl$dfix)
    __aeabi_d2uiz                            0x08027d8d   Thumb Code     0  dfixu.o(x$fpl$dfixu)
    _dfixu                                   0x08027d8d   Thumb Code    90  dfixu.o(x$fpl$dfixu)
    __aeabi_i2d                              0x08027de7   Thumb Code     0  dflt_clz.o(x$fpl$dflt)
    _dflt                                    0x08027de7   Thumb Code    46  dflt_clz.o(x$fpl$dflt)
    __aeabi_ui2d                             0x08027e15   Thumb Code     0  dflt_clz.o(x$fpl$dfltu)
    _dfltu                                   0x08027e15   Thumb Code    38  dflt_clz.o(x$fpl$dfltu)
    __aeabi_cdcmple                          0x08027e3d   Thumb Code     0  dleqf.o(x$fpl$dleqf)
    _dcmple                                  0x08027e3d   Thumb Code   120  dleqf.o(x$fpl$dleqf)
    __fpl_dcmple_InfNaN                      0x08027e9f   Thumb Code     0  dleqf.o(x$fpl$dleqf)
    __aeabi_dmul                             0x08027eb5   Thumb Code     0  dmul.o(x$fpl$dmul)
    _dmul                                    0x08027eb5   Thumb Code   332  dmul.o(x$fpl$dmul)
    __fpl_dnaninf                            0x08028009   Thumb Code   156  dnaninf.o(x$fpl$dnaninf)
    __fpl_dretinf                            0x080280a5   Thumb Code    12  dretinf.o(x$fpl$dretinf)
    __aeabi_cdrcmple                         0x080280b1   Thumb Code     0  drleqf.o(x$fpl$drleqf)
    _drcmple                                 0x080280b1   Thumb Code   108  drleqf.o(x$fpl$drleqf)
    __aeabi_drsub                            0x0802811d   Thumb Code     0  daddsub_clz.o(x$fpl$drsb)
    _drsb                                    0x0802811d   Thumb Code    22  daddsub_clz.o(x$fpl$drsb)
    _dsqrt                                   0x08028135   Thumb Code   404  dsqrt_umaal.o(x$fpl$dsqrt)
    __aeabi_dsub                             0x080282cd   Thumb Code     0  daddsub_clz.o(x$fpl$dsub)
    _dsub                                    0x080282cd   Thumb Code   464  daddsub_clz.o(x$fpl$dsub)
    __aeabi_f2d                              0x080284a1   Thumb Code     0  f2d.o(x$fpl$f2d)
    _f2d                                     0x080284a1   Thumb Code    86  f2d.o(x$fpl$f2d)
    __aeabi_ul2f                             0x080284f7   Thumb Code     0  ffltll_clz.o(x$fpl$ffltll)
    _ll_uto_f                                0x080284f7   Thumb Code     6  ffltll_clz.o(x$fpl$ffltll)
    __aeabi_l2f                              0x080284fd   Thumb Code     0  ffltll_clz.o(x$fpl$ffltll)
    _ll_sto_f                                0x080284fd   Thumb Code    90  ffltll_clz.o(x$fpl$ffltll)
    __fpl_fnaninf                            0x08028557   Thumb Code   140  fnaninf.o(x$fpl$fnaninf)
    _fp_init                                 0x080285e3   Thumb Code    10  fpinit.o(x$fpl$fpinit)
    __fplib_config_fpu_vfp                   0x080285eb   Thumb Code     0  fpinit.o(x$fpl$fpinit)
    __fplib_config_pureend_doubles           0x080285eb   Thumb Code     0  fpinit.o(x$fpl$fpinit)
    __fpl_fretinf                            0x080285ed   Thumb Code    10  fretinf.o(x$fpl$fretinf)
    __fpl_return_NaN                         0x080285f7   Thumb Code   100  retnan.o(x$fpl$retnan)
    __ARM_scalbn                             0x0802865b   Thumb Code    92  scalbn.o(x$fpl$scalbn)
    __fpl_cmpreturn                          0x080286b7   Thumb Code    48  trapv.o(x$fpl$trapveneer)
    OSUnMapTbl                               0x080286e6   Data         256  os_core.o(.constdata)
    __I$use$fp                               0x080286e6   Number         0  usenofp.o(x$fpl$usenofp)
    __mathlib_zero                           0x08028b28   Data           8  qnan.o(.constdata)
    Region$$Table$$Base                      0x08028c20   Number         0  anon$$obj.o(Region$$Table)
    Region$$Table$$Limit                     0x08028c40   Number         0  anon$$obj.o(Region$$Table)
    ccmHeap                                  0x20000000   Data       40960  alt_kf.o(.ccm)
    fly_ready                                0x2000a000   Data           1  ucos_task.o(.data)
    inner_loop_time_time                     0x2000a004   Data           4  ucos_task.o(.data)
    inner_loop_time_time_int                 0x2000a008   Data           4  ucos_task.o(.data)
    GOL_LINK_BUSY                            0x2000a00c   Data           2  ucos_task.o(.data)
    YawR                                     0x2000a010   Data           4  ucos_task.o(.data)
    PitchR                                   0x2000a014   Data           4  ucos_task.o(.data)
    RollR                                    0x2000a018   Data           4  ucos_task.o(.data)
    YawRm                                    0x2000a01c   Data           4  ucos_task.o(.data)
    PitchRm                                  0x2000a020   Data           4  ucos_task.o(.data)
    RollRm                                   0x2000a024   Data           4  ucos_task.o(.data)
    outer_loop_time                          0x2000a028   Data           4  ucos_task.o(.data)
    ekf_loop_time                            0x2000a02c   Data           4  ucos_task.o(.data)
    flag_mag                                 0x2000a030   Data          12  ucos_task.o(.data)
    Kp_ekf                                   0x2000a03c   Data           4  ucos_task.o(.data)
    Kp_ekf_pr                                0x2000a040   Data           4  ucos_task.o(.data)
    focal_length_px                          0x2000a044   Data           4  ucos_task.o(.data)
    accumulated_flow_x                       0x2000a048   Data           4  ucos_task.o(.data)
    accumulated_flow_y                       0x2000a04c   Data           4  ucos_task.o(.data)
    accumulated_gyro_x                       0x2000a050   Data           4  ucos_task.o(.data)
    accumulated_gyro_y                       0x2000a054   Data           4  ucos_task.o(.data)
    accumulated_gyro_z                       0x2000a058   Data           4  ucos_task.o(.data)
    accumulated_framecount                   0x2000a05c   Data           2  ucos_task.o(.data)
    accumulated_quality                      0x2000a05e   Data           2  ucos_task.o(.data)
    integration_timespan                     0x2000a060   Data           4  ucos_task.o(.data)
    k_flow_acc                               0x2000a064   Data           8  ucos_task.o(.data)
    k_gro_acc                                0x2000a06c   Data           4  ucos_task.o(.data)
    flt_gro                                  0x2000a070   Data           4  ucos_task.o(.data)
    k_time_use                               0x2000a074   Data           4  ucos_task.o(.data)
    imu_board_test                           0x2000a078   Data           1  ucos_task.o(.data)
    MID_CNT_SPD                              0x2000a079   Data           1  ucos_task.o(.data)
    k_flp                                    0x2000a07c   Data           4  ucos_task.o(.data)
    b                                        0x2000a0d0   Data          12  ucos_task.o(.data)
    a                                        0x2000a0dc   Data          12  ucos_task.o(.data)
    baro_matlab_data                         0x2000a0e8   Data           8  ucos_task.o(.data)
    flow_loop_time                           0x2000a0f0   Data           4  ucos_task.o(.data)
    en_imu_debug                             0x2000a0f4   Data           1  ucos_task.o(.data)
    force_imu_debug                          0x2000a0f5   Data           1  ucos_task.o(.data)
    UART_UP_LOAD_SEL                         0x2000a0f6   Data           1  ucos_task.o(.data)
    time_uart                                0x2000a0f8   Data           4  ucos_task.o(.data)
    tmr1                                     0x2000a0fc   Data           4  ucos_task.o(.data)
    tmr2                                     0x2000a100   Data           4  ucos_task.o(.data)
    tmr3                                     0x2000a104   Data           4  ucos_task.o(.data)
    cpuusage                                 0x2000a108   Data           2  ucos_task.o(.data)
    msg_key                                  0x2000a13c   Data           4  main.o(.data)
    q_msg                                    0x2000a140   Data           4  main.o(.data)
    flags_key                                0x2000a144   Data           4  main.o(.data)
    ero                                      0x2000a148   Data           4  error.o(.data)
    sys                                      0x2000a14c   Data           8  error.o(.data)
    rtInf                                    0x2000a160   Data           8  rt_nonfinite.o(.data)
    rtMinusInf                               0x2000a168   Data           8  rt_nonfinite.o(.data)
    rtNaN                                    0x2000a170   Data           8  rt_nonfinite.o(.data)
    rtInfF                                   0x2000a178   Data           4  rt_nonfinite.o(.data)
    rtMinusInfF                              0x2000a17c   Data           4  rt_nonfinite.o(.data)
    rtNaNF                                   0x2000a180   Data           4  rt_nonfinite.o(.data)
    SystemCoreClock                          0x2000a184   Data           4  system_stm32f4xx.o(.data)
    AHBPrescTable                            0x2000a188   Data          16  system_stm32f4xx.o(.data)
    OSCtxSwCtr                               0x2000a1ac   Data           4  os_core.o(.data)
    OSEventFreeList                          0x2000a1b0   Data           4  os_core.o(.data)
    OSFlagFreeList                           0x2000a1b4   Data           4  os_core.o(.data)
    OSCPUUsage                               0x2000a1b8   Data           1  os_core.o(.data)
    OSIdleCtrMax                             0x2000a1bc   Data           4  os_core.o(.data)
    OSIdleCtrRun                             0x2000a1c0   Data           4  os_core.o(.data)
    OSStatRdy                                0x2000a1c4   Data           1  os_core.o(.data)
    OSIntNesting                             0x2000a1c5   Data           1  os_core.o(.data)
    OSLockNesting                            0x2000a1c6   Data           1  os_core.o(.data)
    OSPrioCur                                0x2000a1c7   Data           1  os_core.o(.data)
    OSPrioHighRdy                            0x2000a1c8   Data           1  os_core.o(.data)
    OSRdyGrp                                 0x2000a1c9   Data           1  os_core.o(.data)
    OSRdyTbl                                 0x2000a1ca   Data           8  os_core.o(.data)
    OSRunning                                0x2000a1d2   Data           1  os_core.o(.data)
    OSTaskCtr                                0x2000a1d3   Data           1  os_core.o(.data)
    OSIdleCtr                                0x2000a1d4   Data           4  os_core.o(.data)
    OSTCBCur                                 0x2000a1d8   Data           4  os_core.o(.data)
    OSTCBFreeList                            0x2000a1dc   Data           4  os_core.o(.data)
    OSTCBHighRdy                             0x2000a1e0   Data           4  os_core.o(.data)
    OSTCBList                                0x2000a1e4   Data           4  os_core.o(.data)
    OSTickStepState                          0x2000a1e8   Data           1  os_core.o(.data)
    OSQFreeList                              0x2000a1ec   Data           4  os_core.o(.data)
    OSTime                                   0x2000a1f0   Data           4  os_core.o(.data)
    OSTmrFree                                0x2000a1f4   Data           2  os_core.o(.data)
    OSTmrUsed                                0x2000a1f6   Data           2  os_core.o(.data)
    OSTmrTime                                0x2000a1f8   Data           4  os_core.o(.data)
    OSTmrSem                                 0x2000a1fc   Data           4  os_core.o(.data)
    OSTmrSemSignal                           0x2000a200   Data           4  os_core.o(.data)
    OSTmrFreeList                            0x2000a204   Data           4  os_core.o(.data)
    OSInterrputSum                           0x2000a208   Data           4  os_cpu_c.o(.data)
    sum                                      0x2000a20e   Data           2  iic_sonar.o(.data)
    I2C_FastMode                             0x2000a210   Data           1  iic_soft.o(.data)
    FLASH_SIZE                               0x2000a21c   Data           4  flash.o(.data)
    W25QXX_TYPE                              0x2000a220   Data           2  flash_w25.o(.data)
    sysTickUptime                            0x2000a224   Data           4  time.o(.data)
    time_1h                                  0x2000a228   Data           4  time.o(.data)
    time_1m                                  0x2000a22c   Data           4  time.o(.data)
    time_1s                                  0x2000a230   Data           4  time.o(.data)
    time_1ms                                 0x2000a234   Data           4  time.o(.data)
    GPS_SEL1                                 0x2000a238   Data           1  gps.o(.data)
    gps_dt                                   0x2000a23c   Data           4  gps.o(.data)
    dt_flow_rx                               0x2000a240   Data           4  usart_fc.o(.data)
    data_rate_gol_link                       0x2000a244   Data           2  usart_fc.o(.data)
    LOCK                                     0x2000a246   Data           1  usart_fc.o(.data)
    KEY                                      0x2000a247   Data           8  usart_fc.o(.data)
    KEY_SEL                                  0x2000a24f   Data           4  usart_fc.o(.data)
    NAV_BOARD_CONNECT                        0x2000a253   Data           1  usart_fc.o(.data)
    force_fly_ready                          0x2000a254   Data           1  usart_fc.o(.data)
    k_flow_opencv                            0x2000a258   Data           4  usart_fc.o(.data)
    sonar_fc                                 0x2000a25c   Data           4  usart_fc.o(.data)
    baroAlt_fc                               0x2000a260   Data           4  usart_fc.o(.data)
    fc_rx_time                               0x2000a264   Data           4  usart_fc.o(.data)
    flow_module_set_yaw                      0x2000a268   Data           4  usart_fc.o(.data)
    acc_3d_step                              0x2000a26c   Data           1  usart_fc.o(.data)
    imu_feed_dog                             0x2000a26d   Data           1  usart_fc.o(.data)
    FC_CONNECT                               0x2000a26e   Data           1  usart_fc.o(.data)
    fc_loss_cnt                              0x2000a270   Data           2  usart_fc.o(.data)
    TxCounter                                0x2000a272   Data           1  usart_fc.o(.data)
    count                                    0x2000a273   Data           1  usart_fc.o(.data)
    RxState                                  0x2000a274   Data           1  usart_fc.o(.data)
    RxBufferNum                              0x2000a275   Data           1  usart_fc.o(.data)
    RxBufferCnt                              0x2000a276   Data           1  usart_fc.o(.data)
    RxLen                                    0x2000a277   Data           1  usart_fc.o(.data)
    com_data                                 0x2000a278   Data           1  usart_fc.o(.data)
    nrf_uart_cnt                             0x2000a27c   Data           2  usart_fc.o(.data)
    Tx5Counter                               0x2000a27e   Data           1  usart_fc.o(.data)
    count5                                   0x2000a27f   Data           1  usart_fc.o(.data)
    dlf_odroid                               0x2000a280   Data           4  usart_fc.o(.data)
    TxCounter_u1                             0x2000a284   Data           1  usart_fc.o(.data)
    count_u1                                 0x2000a285   Data           1  usart_fc.o(.data)
    RxState_u1                               0x2000a286   Data           1  usart_fc.o(.data)
    RxBufferNum_u1                           0x2000a287   Data           1  usart_fc.o(.data)
    RxBufferCnt_u1                           0x2000a288   Data           1  usart_fc.o(.data)
    RxLen_u1                                 0x2000a289   Data           1  usart_fc.o(.data)
    USART3_RX_STA                            0x2000a28c   Data           2  usart_fc.o(.data)
    buf_GPRMC                                0x2000a28e   Data         100  usart_fc.o(.data)
    buf_GPRMCt                               0x2000a2f2   Data         100  usart_fc.o(.data)
    buf_GPGGA                                0x2000a356   Data         100  usart_fc.o(.data)
    buf_GPGGAt                               0x2000a3ba   Data         100  usart_fc.o(.data)
    gps_good                                 0x2000a41e   Data           1  usart_fc.o(.data)
    gps_loss_cnt                             0x2000a420   Data           2  usart_fc.o(.data)
    RxState11                                0x2000a422   Data           1  usart_fc.o(.data)
    RxBufferNum11                            0x2000a423   Data           1  usart_fc.o(.data)
    RxBufferCnt11                            0x2000a424   Data           1  usart_fc.o(.data)
    RxLen11                                  0x2000a425   Data           1  usart_fc.o(.data)
    _data_cnt11                              0x2000a426   Data           2  usart_fc.o(.data)
    _data_len11                              0x2000a428   Data           2  usart_fc.o(.data)
    RxBuffer4_test_cnt                       0x2000a42a   Data           1  usart_fc.o(.data)
    RxState4                                 0x2000a42b   Data           1  usart_fc.o(.data)
    RxBufferNum4                             0x2000a42c   Data           1  usart_fc.o(.data)
    RxBufferCnt4                             0x2000a42d   Data           1  usart_fc.o(.data)
    RxLen4                                   0x2000a42e   Data           1  usart_fc.o(.data)
    en_px4_mapper                            0x2000a431   Data           1  usart_fc.o(.data)
    rate_gps_board                           0x2000a434   Data           4  usart_fc.o(.data)
    RxState3                                 0x2000a438   Data           1  usart_fc.o(.data)
    RxBufferNum3                             0x2000a439   Data           1  usart_fc.o(.data)
    RxBufferCnt3                             0x2000a43a   Data           1  usart_fc.o(.data)
    RxLen3                                   0x2000a43b   Data           1  usart_fc.o(.data)
    Angle_Yun                                0x2000a440   Data           8  usart_fc.o(.data)
    en_ble_debug                             0x2000a448   Data           1  usart_fc.o(.data)
    IMU1_Fast                                0x2000a490   Data           1  lis3mdl.o(.data)
    id                                       0x2000a491   Data           3  lis3mdl.o(.data)
    sum_temp_att                             0x2000a494   Data           8  lis3mdl.o(.data)
    acc_sum_cnt                              0x2000a49c   Data           2  lis3mdl.o(.data)
    acc_sum_cnt_3d                           0x2000a49e   Data           2  lis3mdl.o(.data)
    acc_smple_cnt_3d                         0x2000a4a0   Data           2  lis3mdl.o(.data)
    gyro_sum_cnt                             0x2000a4a2   Data           2  lis3mdl.o(.data)
    mpu6050_ok                               0x2000a6f8   Data           1  mpu6050.o(.data)
    test_ang                                 0x2000a7a4   Data           4  mpu6050.o(.data)
    test_ang_old                             0x2000a7a8   Data           4  mpu6050.o(.data)
    test_ang_d                               0x2000a7ac   Data           4  mpu6050.o(.data)
    test_fli_a                               0x2000a7b0   Data           4  mpu6050.o(.data)
    test_i                                   0x2000a7b4   Data           4  mpu6050.o(.data)
    acc_max                                  0x2000a7b8   Data          12  mpu6050.o(.data)
    acc_min                                  0x2000a7c4   Data          12  mpu6050.o(.data)
    EN_TUO_ACC_FIX                           0x2000a7d0   Data           1  mpu6050.o(.data)
    ak8975                                   0x2000a7d8   Data          48  hml_sample.o(.data)
    ak8975_ok                                0x2000a858   Data           1  hml_sample.o(.data)
    Mag_CALIBRATED                           0x2000a859   Data           1  hml_sample.o(.data)
    Mag_CALIBRATED_R                         0x2000a85a   Data           1  hml_sample.o(.data)
    HMC5883_lastx                            0x2000a85c   Data           4  hml_sample.o(.data)
    HMC5883_lasty                            0x2000a860   Data           4  hml_sample.o(.data)
    HMC5883_lastz                            0x2000a864   Data           4  hml_sample.o(.data)
    HMC5883_maxx                             0x2000a868   Data           2  hml_sample.o(.data)
    HMC5883_maxy                             0x2000a86a   Data           2  hml_sample.o(.data)
    HMC5883_maxz                             0x2000a86c   Data           2  hml_sample.o(.data)
    HMC5883_minx                             0x2000a86e   Data           2  hml_sample.o(.data)
    HMC5883_miny                             0x2000a870   Data           2  hml_sample.o(.data)
    HMC5883_minz                             0x2000a872   Data           2  hml_sample.o(.data)
    paOffsetNum                              0x2000a8c0   Data           8  ms5611_2.o(.data)
    paInitCnt                                0x2000a8c8   Data           2  ms5611_2.o(.data)
    paOffsetInited                           0x2000a8ca   Data           1  ms5611_2.o(.data)
    Baro_ALT_Updated                         0x2000a8cb   Data           1  ms5611_2.o(.data)
    MS5611_Temperature                       0x2000a8cc   Data           4  ms5611_2.o(.data)
    MS5611_Pressure                          0x2000a8d0   Data           4  ms5611_2.o(.data)
    MS5611_Altitude                          0x2000a8d4   Data           4  ms5611_2.o(.data)
    MS5611_VerticalSpeed                     0x2000a8d8   Data           4  ms5611_2.o(.data)
    MS5611_Delay_us                          0x2000a8dc   Data          36  ms5611_2.o(.data)
    for_fly_ready                            0x2000a90e   Data           1  ms5611_2.o(.data)
    baroAlt                                  0x2000a910   Data           4  ms5611_2.o(.data)
    baro_set                                 0x2000a914   Data           1  ms5611_2.o(.data)
    T_sonar                                  0x2000a928   Data           4  ultrasonic.o(.data)
    ultra_start_f                            0x2000a92c   Data           1  ultrasonic.o(.data)
    ultra_time                               0x2000a92d   Data           1  ultrasonic.o(.data)
    ultra_ok                                 0x2000a92e   Data           1  ultrasonic.o(.data)
    x_pred                                   0x2000a930   Data           8  ultrasonic.o(.data)
    v_pred                                   0x2000a938   Data           8  ultrasonic.o(.data)
    x_post                                   0x2000a940   Data           8  ultrasonic.o(.data)
    v_post                                   0x2000a948   Data           8  ultrasonic.o(.data)
    sonar_raw                                0x2000a950   Data           4  ultrasonic.o(.data)
    scale_kal_sonar_v                        0x2000a954   Data           4  ultrasonic.o(.data)
    x_pred_bmp                               0x2000a958   Data           8  ultrasonic.o(.data)
    v_pred_bmp                               0x2000a960   Data           8  ultrasonic.o(.data)
    x_post_bmp                               0x2000a968   Data           8  ultrasonic.o(.data)
    v_post_bmp                               0x2000a970   Data           8  ultrasonic.o(.data)
    state_dj                                 0x2000a978   Data           5  ultrasonic.o(.data)
    state_dj_rx                              0x2000a97d   Data           5  ultrasonic.o(.data)
    IO_STATE                                 0x2000a982   Data           5  ultrasonic.o(.data)
    IO_STATER                                0x2000a987   Data           5  ultrasonic.o(.data)
    TEMP_SONAR                               0x2000a98c   Data           4  ultrasonic.o(.data)
    cnt_sample1                              0x2000a990   Data           4  ultrasonic.o(.data)
    ultra_distance                           0x2000a994   Data           4  ultrasonic.o(.data)
    ultra_distance_r                         0x2000a998   Data           4  ultrasonic.o(.data)
    ultra_delta                              0x2000a99c   Data           4  ultrasonic.o(.data)
    flt_laser                                0x2000a9b8   Data           4  laser.o(.data)
    rate_use                                 0x2000a9bc   Data           8  laser.o(.data)
    k_flow_devide                            0x2000a9c8   Data           4  flow.o(.data)
    flow_module_offset_y                     0x2000a9cc   Data           4  flow.o(.data)
    flow_module_offset_x                     0x2000a9d0   Data           4  flow.o(.data)
    ACC_HIGHPASS_TAU                         0x2000aa28   Data           4  fliter.o(.data)
    ACC_LOWPASS_TAU                          0x2000aa2c   Data           4  fliter.o(.data)
    ACC_LOWPASS_SAMPLE_TIME                  0x2000aa30   Data           4  fliter.o(.data)
    ACC_LOWPASS_A                            0x2000aa34   Data           4  fliter.o(.data)
    ACC_LOWPASS_GX1                          0x2000aa38   Data           4  fliter.o(.data)
    ACC_LOWPASS_GX2                          0x2000aa3c   Data           4  fliter.o(.data)
    ACC_LOWPASS_GX3                          0x2000aa40   Data           4  fliter.o(.data)
    HML_LOWPASS_TAU                          0x2000aa44   Data           4  fliter.o(.data)
    HML_LOWPASS_SAMPLE_TIME                  0x2000aa48   Data           4  fliter.o(.data)
    HML_LOWPASS_A                            0x2000aa4c   Data           4  fliter.o(.data)
    HML_LOWPASS_GX1                          0x2000aa50   Data           4  fliter.o(.data)
    HML_LOWPASS_GX2                          0x2000aa54   Data           4  fliter.o(.data)
    HML_LOWPASS_GX3                          0x2000aa58   Data           4  fliter.o(.data)
    fast_atan_table                          0x2000aa6c   Data        1028  my_math.o(.data)
    Kp                                       0x2000ae70   Data           4  imu.o(.data)
    Ki                                       0x2000ae74   Data           4  imu.o(.data)
    Roll                                     0x2000ae78   Data           4  imu.o(.data)
    Pitch                                    0x2000ae7c   Data           4  imu.o(.data)
    Yaw                                      0x2000ae80   Data           4  imu.o(.data)
    Roll_mid_down                            0x2000ae84   Data           4  imu.o(.data)
    Pitch_mid_down                           0x2000ae88   Data           4  imu.o(.data)
    Yaw_mid_down                             0x2000ae8c   Data           4  imu.o(.data)
    ref_q                                    0x2000ae90   Data          16  imu.o(.data)
    norm_acc                                 0x2000aea0   Data           4  imu.o(.data)
    norm_q                                   0x2000aea4   Data           4  imu.o(.data)
    norm_acc_lpf                             0x2000aea8   Data           4  imu.o(.data)
    test_flag                                0x2000aeac   Data          12  imu.o(.data)
    mag_norm                                 0x2000aeb8   Data           4  imu.o(.data)
    mag_norm_xyz                             0x2000aebc   Data           4  imu.o(.data)
    gh_yaw                                   0x2000aec0   Data           4  imu.o(.data)
    ga_yaw                                   0x2000aec4   Data           4  imu.o(.data)
    gw_yaw                                   0x2000aec8   Data           4  imu.o(.data)
    yaw_kf                                   0x2000aecc   Data           4  imu.o(.data)
    P_kf_yaw                                 0x2000aed0   Data          32  imu.o(.data)
    k_kf_z                                   0x2000aef0   Data           4  imu.o(.data)
    yaw_cross                                0x2000aef4   Data           1  imu.o(.data)
    yaw_qr_off                               0x2000aef8   Data           4  imu.o(.data)
    dis_angle_lock                           0x2000aefc   Data           1  imu.o(.data)
    yaw_cal_by_qr                            0x2000aefd   Data           1  imu.o(.data)
    yaw_qr_off_local                         0x2000af00   Data           4  imu.o(.data)
    yaw_off_earth                            0x2000af04   Data           4  imu.o(.data)
    ref_q_imd_down                           0x2000af18   Data          16  imu_m.o(.data)
    beta                                     0x2000af28   Data           4  imu_m.o(.data)
    q0_m                                     0x2000af2c   Data           4  imu_m.o(.data)
    q1_m                                     0x2000af30   Data           4  imu_m.o(.data)
    q2_m                                     0x2000af34   Data           4  imu_m.o(.data)
    q3_m                                     0x2000af38   Data           4  imu_m.o(.data)
    q0                                       0x2000af3c   Data           4  imu_m.o(.data)
    q1                                       0x2000af40   Data           4  imu_m.o(.data)
    q2                                       0x2000af44   Data           4  imu_m.o(.data)
    q3                                       0x2000af48   Data           4  imu_m.o(.data)
    q0_fc                                    0x2000af4c   Data           4  imu_m.o(.data)
    q1_fc                                    0x2000af50   Data           4  imu_m.o(.data)
    q2_fc                                    0x2000af54   Data           4  imu_m.o(.data)
    q3_fc                                    0x2000af58   Data           4  imu_m.o(.data)
    init_q                                   0x2000af5c   Data           1  imu_m.o(.data)
    beta_start                               0x2000af60   Data           4  imu_m.o(.data)
    beta_end                                 0x2000af64   Data           4  imu_m.o(.data)
    beta_step                                0x2000af68   Data           4  imu_m.o(.data)
    beta1                                    0x2000af6c   Data           4  imu_m.o(.data)
    accConfidenceDecay                       0x2000af70   Data           4  imu_m.o(.data)
    hmlConfidenceDecay                       0x2000af74   Data           4  imu_m.o(.data)
    accConfidence                            0x2000af78   Data           4  imu_m.o(.data)
    hmlConfidence                            0x2000af7c   Data           4  imu_m.o(.data)
    norm_hml_view                            0x2000af80   Data           4  imu_m.o(.data)
    hmlOneMAG                                0x2000af84   Data           4  imu_m.o(.data)
    init_hml_norm                            0x2000af88   Data           1  imu_m.o(.data)
    init_hml_norm_cnt                        0x2000af8a   Data           2  imu_m.o(.data)
    DELAY_GPS                                0x2000af98   Data           4  ukf_task.o(.data)
    ekf_hml_flag                             0x2000af9c   Data          12  ukf_task.o(.data)
    q_flow                                   0x2000afa8   Data          12  ukf_task.o(.data)
    r_flow                                   0x2000afb4   Data          12  ukf_task.o(.data)
    flow_gain                                0x2000afc0   Data           4  ukf_task.o(.data)
    acc_flag_flow                            0x2000afc4   Data           8  ukf_task.o(.data)
    X_ukf_Pos                                0x2000afcc   Data           8  ukf_task.o(.data)
    r1                                       0x2000afd4   Data           4  ukf_task.o(.data)
    r2                                       0x2000afd8   Data           4  ukf_task.o(.data)
    posNorth                                 0x2000afdc   Data           4  ukf_task.o(.data)
    posEast                                  0x2000afe0   Data           4  ukf_task.o(.data)
    local_Lat                                0x2000afe4   Data           4  ukf_task.o(.data)
    local_Lon                                0x2000afe8   Data           4  ukf_task.o(.data)
    velEast                                  0x2000afec   Data           4  ukf_task.o(.data)
    velNorth                                 0x2000aff0   Data           4  ukf_task.o(.data)
    GPS_J_F                                  0x2000aff4   Data           4  ukf_task.o(.data)
    GPS_W_F                                  0x2000aff8   Data           4  ukf_task.o(.data)
    kf_data_sel                              0x2000affc   Data           1  ukf_task.o(.data)
    ga_nav                                   0x2000b000   Data           4  ukf_task.o(.data)
    gwa_nav                                  0x2000b004   Data           4  ukf_task.o(.data)
    g_pos_flow                               0x2000b008   Data           4  ukf_task.o(.data)
    g_spd_flow                               0x2000b00c   Data           4  ukf_task.o(.data)
    K_pos_qr                                 0x2000b010   Data           4  ukf_task.o(.data)
    K_spd_flow                               0x2000b014   Data           4  ukf_task.o(.data)
    K_acc_gps                                0x2000b018   Data           4  ukf_task.o(.data)
    K_pos_gps                                0x2000b01c   Data           4  ukf_task.o(.data)
    K_spd_gps                                0x2000b020   Data           4  ukf_task.o(.data)
    g_pos_gps                                0x2000b024   Data           4  ukf_task.o(.data)
    g_spd_gps                                0x2000b028   Data           4  ukf_task.o(.data)
    g_spd_gps_use                            0x2000b02c   Data           4  ukf_task.o(.data)
    g_spd_gps_state                          0x2000b030   Data           4  ukf_task.o(.data)
    velNorth_gps                             0x2000b034   Data           4  ukf_task.o(.data)
    velEast_gps                              0x2000b038   Data           4  ukf_task.o(.data)
    flag_kf1                                 0x2000b03c   Data           8  ukf_task.o(.data)
    force_test                               0x2000b044   Data           1  ukf_task.o(.data)
    Posx                                     0x2000b048   Data           4  ukf_task.o(.data)
    Posy                                     0x2000b04c   Data           4  ukf_task.o(.data)
    gps_data_vaild                           0x2000b050   Data           1  ukf_task.o(.data)
    r_gps_new                                0x2000b054   Data          16  ukf_task.o(.data)
    histIndex                                0x2000b064   Data           2  ukf_task.o(.data)
    altUkfData                               0x2000b098   Data           8  alt_kf.o(.data)
    altUkfData_sonar                         0x2000b0a0   Data           8  alt_kf.o(.data)
    altUkfData_bmp                           0x2000b0a8   Data           8  alt_kf.o(.data)
    flowUkfData_x                            0x2000b0b0   Data           8  alt_kf.o(.data)
    flowUkfData_y                            0x2000b0b8   Data           8  alt_kf.o(.data)
    gpsUkfData_e                             0x2000b0c0   Data           8  alt_kf.o(.data)
    gpsUkfData_n                             0x2000b0c8   Data           8  alt_kf.o(.data)
    heapUsed                                 0x2000b0d0   Data           4  alt_kf.o(.data)
    heapHighWater                            0x2000b0d4   Data           4  alt_kf.o(.data)
    dataSramUsed                             0x2000b0d8   Data           4  alt_kf.o(.data)
    FLOW_NOISE                               0x2000b0dc   Data           4  alt_kf.o(.data)
    flow_pos                                 0x2000b0e0   Data           8  alt_kf.o(.data)
    measure_num                              0x2000b0e8   Data           1  alt_kf.o(.data)
    k_acc                                    0x2000b0f0   Data           4  alt_kf.o(.data)
    sonar_av_cnt                             0x2000b0f4   Data           2  alt_kf.o(.data)
    sonar_f_set                              0x2000b0f8   Data          24  alt_kf.o(.data)
    ALT_PRES_NOISE                           0x2000b110   Data           4  alt_kf.o(.data)
    ALT_PRES_NOISE_SONAR                     0x2000b114   Data           4  alt_kf.o(.data)
    ALT_POS_SONAR2                           0x2000b118   Data           4  alt_kf.o(.data)
    ALT_POS_SONAR3                           0x2000b11c   Data           4  alt_kf.o(.data)
    sonar_h_cnt                              0x2000b120   Data           4  alt_kf.o(.data)
    sonar_temp                               0x2000b124   Data           4  alt_kf.o(.data)
    K_SONAR                                  0x2000b128   Data           4  alt_kf.o(.data)
    test_1                                   0x2000b12c   Data           2  alt_kf.o(.data)
    en_1                                     0x2000b12e   Data           1  alt_kf.o(.data)
    NOISE                                    0x2000b130   Data          12  alt_kf.o(.data)
    X_apo_height1                            0x2000b13c   Data           8  alt_kf.o(.data)
    P_apo_k_height1                          0x2000b144   Data          16  alt_kf.o(.data)
    r_baro1                                  0x2000b154   Data           4  alt_kf.o(.data)
    r_acc1                                   0x2000b158   Data           4  alt_kf.o(.data)
    k_spd                                    0x2000b15c   Data           4  alt_kf.o(.data)
    gh                                       0x2000b160   Data           4  alt_kf.o(.data)
    gh_sonar                                 0x2000b164   Data           4  alt_kf.o(.data)
    ga                                       0x2000b168   Data           4  alt_kf.o(.data)
    gwa                                      0x2000b16c   Data           4  alt_kf.o(.data)
    P_kf_baro                                0x2000b170   Data          72  alt_kf.o(.data)
    P_kf_sonar                               0x2000b1b8   Data          72  alt_kf.o(.data)
    X_apo_height                             0x2000b200   Data           8  alt_kf.o(.data)
    P_apo_k_height                           0x2000b208   Data          16  alt_kf.o(.data)
    k_bais                                   0x2000b218   Data           4  alt_kf.o(.data)
    k_bais2                                  0x2000b21c   Data           4  alt_kf.o(.data)
    r_baro                                   0x2000b220   Data           4  alt_kf.o(.data)
    r_acc                                    0x2000b224   Data           4  alt_kf.o(.data)
    gro_z_dead                               0x2000b228   Data           4  alt_kf.o(.data)
    dead_accz                                0x2000b22c   Data           4  alt_kf.o(.data)
    acc_off_baro                             0x2000b230   Data           4  alt_kf.o(.data)
    k_hcc                                    0x2000b234   Data           4  alt_kf.o(.data)
    k_hcc_fix                                0x2000b238   Data           4  alt_kf.o(.data)
    hc_acc_i_bmp                             0x2000b23c   Data           4  alt_kf.o(.data)
    accz                                     0x2000b240   Data           4  alt_kf.o(.data)
    accz_bmp                                 0x2000b244   Data           4  alt_kf.o(.data)
    acc_scale_bmp                            0x2000b248   Data           4  alt_kf.o(.data)
    acc_mask                                 0x2000b24c   Data           1  alt_kf.o(.data)
    acc_mask_cnt_max                         0x2000b24e   Data           2  alt_kf.o(.data)
    baro_ukf_dt                              0x2000b250   Data           4  alt_kf.o(.data)
    baro_ekf_dt                              0x2000b254   Data           4  alt_kf.o(.data)
    k_flt_accz                               0x2000b258   Data           4  alt_kf.o(.data)
    acc_est                                  0x2000b25c   Data           4  alt_kf.o(.data)
    acc_est_imu                              0x2000b260   Data           4  alt_kf.o(.data)
    baro_ekf_ero                             0x2000b264   Data           1  alt_kf.o(.data)
    ALT_VEL_BMP_UNION                        0x2000b268   Data           4  alt_kf.o(.data)
    ALT_POS_BMP_UNION                        0x2000b26c   Data           4  alt_kf.o(.data)
    baroAlt_sel                              0x2000b270   Data           1  alt_kf.o(.data)
    r_baro_new                               0x2000b274   Data          16  alt_kf.o(.data)
    g_baro_h                                 0x2000b284   Data           4  alt_kf.o(.data)
    g_baro_spd                               0x2000b288   Data           4  alt_kf.o(.data)
    acc_flag                                 0x2000b28c   Data           8  alt_kf.o(.data)
    k_acc_ukf                                0x2000b294   Data           4  alt_kf.o(.data)
    MAX_ACC_NEO                              0x2000b298   Data           4  alt_kf.o(.data)
    flow_dt                                  0x2000b29c   Data           4  alt_kf.o(.data)
    GPS_NOISE                                0x2000b2a0   Data           4  alt_kf.o(.data)
    k_acc_fpl_gps                            0x2000b2a4   Data           4  alt_kf.o(.data)
    q_pos                                    0x2000b2a8   Data           4  alt_kf.o(.data)
    v_q                                      0x2000b2ac   Data           4  alt_kf.o(.data)
    v_bais                                   0x2000b2b0   Data           4  alt_kf.o(.data)
    s_bais                                   0x2000b2b4   Data           4  alt_kf.o(.data)
    ALT_STATE_POS1                           0x2000b2b8   Data           4  alt_kf.o(.data)
    ALT_STATE_VEL1                           0x2000b2bc   Data           4  alt_kf.o(.data)
    ALT_STATE_BIAS1                          0x2000b2c0   Data           4  alt_kf.o(.data)
    ALT_NOISE_BIAS1                          0x2000b2c4   Data           4  alt_kf.o(.data)
    ALT_NOISE_VEL1                           0x2000b2c8   Data           4  alt_kf.o(.data)
    ALT_STATE_POS_GPS                        0x2000b2cc   Data           4  alt_kf.o(.data)
    ALT_STATE_VEL_GPS                        0x2000b2d0   Data           4  alt_kf.o(.data)
    ALT_STATE_BIAS_GPS                       0x2000b2d4   Data           4  alt_kf.o(.data)
    ALT_NOISE_BIAS_GPS                       0x2000b2d8   Data           4  alt_kf.o(.data)
    ALT_NOISE_VEL_GPS                        0x2000b2dc   Data           4  alt_kf.o(.data)
    INNER_TASK_STK                           0x2000b320   Data        1024  ucos_task.o(.bss)
    OUTER_TASK_STK                           0x2000b720   Data        1536  ucos_task.o(.bss)
    EKF_TASK_STK                             0x2000bd20   Data       32768  ucos_task.o(.bss)
    fRealGyro                                0x20013d20   Data          12  ucos_task.o(.bss)
    fRealAccel                               0x20013d2c   Data          12  ucos_task.o(.bss)
    fRealMag                                 0x20013d38   Data          12  ucos_task.o(.bss)
    fRealQ                                   0x20013d44   Data          16  ucos_task.o(.bss)
    lQuat                                    0x20013d54   Data          16  ucos_task.o(.bss)
    fRPY                                     0x20013d64   Data          12  ucos_task.o(.bss)
    fQ                                       0x20013d70   Data          16  ucos_task.o(.bss)
    reference_v_ekf                          0x20013d80   Data          12  ucos_task.o(.bss)
    BARO_TASK_STK                            0x20013d8c   Data        3072  ucos_task.o(.bss)
    SONAR_TASK_STK                           0x2001498c   Data         512  ucos_task.o(.bss)
    FLOW_TASK_STK                            0x20014b8c   Data        2048  ucos_task.o(.bss)
    xBuf1                                    0x20015480   Data          12  ucos_task.o(.bss)
    yBuf1                                    0x2001548c   Data          12  ucos_task.o(.bss)
    xBuf2                                    0x20015498   Data          12  ucos_task.o(.bss)
    yBuf2                                    0x200154a4   Data          12  ucos_task.o(.bss)
    xBuf3                                    0x200154b0   Data          12  ucos_task.o(.bss)
    yBuf3                                    0x200154bc   Data          12  ucos_task.o(.bss)
    acc_neo                                  0x200154c8   Data          12  ucos_task.o(.bss)
    flow_ground_temp                         0x200154d4   Data          16  ucos_task.o(.bss)
    flow_matlab_data                         0x200154e4   Data          16  ucos_task.o(.bss)
    UART_TASK_STK                            0x200154f4   Data         512  ucos_task.o(.bss)
    ERROR_TASK_STK                           0x200156f4   Data         256  ucos_task.o(.bss)
    START_TASK_STK                           0x2001583c   Data         256  main.o(.bss)
    MsgGrp                                   0x2001593c   Data        1024  main.o(.bss)
    module                                   0x20015d3c   Data          11  main.o(.bss)
    mcuID                                    0x20015d48   Data          12  main.o(.bss)
    OSEventTbl                               0x20015d54   Data         200  os_core.o(.bss)
    OSFlagTbl                                0x20015e1c   Data          80  os_core.o(.bss)
    OSTaskStatStk                            0x20015e6c   Data         512  os_core.o(.bss)
    OSTaskIdleStk                            0x2001606c   Data         512  os_core.o(.bss)
    OSTCBPrioTbl                             0x2001626c   Data         256  os_core.o(.bss)
    OSTCBTbl                                 0x2001636c   Data        1848  os_core.o(.bss)
    OSQTbl                                   0x20016aa4   Data         120  os_core.o(.bss)
    OSTmrTbl                                 0x20016b1c   Data         640  os_core.o(.bss)
    OSTmrTaskStk                             0x20016d9c   Data         512  os_core.o(.bss)
    OSTmrWheelTbl                            0x20016f9c   Data          64  os_core.o(.bss)
    FLASH_READ_BUF                           0x20016fdc   Data         100  flash.o(.bss)
    FLASH_Buffer                             0x20017040   Data         100  flash.o(.bss)
    W25QXX_BUFFER                            0x200170a4   Data        4096  flash_w25.o(.bss)
    Cycle_T                                  0x200180a4   Data         240  time.o(.bss)
    qr                                       0x20018198   Data          48  usart_fc.o(.bss)
    color                                    0x200181c8   Data          20  usart_fc.o(.bss)
    HPID                                     0x200181dc   Data          18  usart_fc.o(.bss)
    SPID                                     0x200181ee   Data          18  usart_fc.o(.bss)
    FIX_PID                                  0x20018200   Data          18  usart_fc.o(.bss)
    NAV_PID                                  0x20018212   Data          18  usart_fc.o(.bss)
    pid                                      0x20018224   Data         224  usart_fc.o(.bss)
    Rc_Get                                   0x20018304   Data          20  usart_fc.o(.bss)
    plane                                    0x20018318   Data         116  usart_fc.o(.bss)
    slam                                     0x2001838c   Data          20  usart_fc.o(.bss)
    imu_nav                                  0x200183a0   Data         104  usart_fc.o(.bss)
    mode                                     0x20018408   Data          53  usart_fc.o(.bss)
    flow_debug                               0x20018440   Data          40  usart_fc.o(.bss)
    par                                      0x20018468   Data          48  usart_fc.o(.bss)
    TxBuffer                                 0x20018498   Data         256  usart_fc.o(.bss)
    Rx_Buf                                   0x20018598   Data         256  usart_fc.o(.bss)
    RxBuffer                                 0x20018698   Data          50  usart_fc.o(.bss)
    Tx5Buffer                                0x200186ca   Data         256  usart_fc.o(.bss)
    TxBuffer_u1                              0x200187ca   Data         256  usart_fc.o(.bss)
    Rx_Buf_u1                                0x200188ca   Data         256  usart_fc.o(.bss)
    RxBuffer_u1                              0x200189ca   Data          50  usart_fc.o(.bss)
    USART3_TX_BUF                            0x20018a00   Data         800  usart_fc.o(.bss)
    USART3_RX_BUF                            0x20018d20   Data         800  usart_fc.o(.bss)
    USART1_TX_BUF                            0x20019040   Data         800  usart_fc.o(.bss)
    gpsx                                     0x20019360   Data         328  usart_fc.o(.bss)
    buf_imu_dj                               0x200194a8   Data          20  usart_fc.o(.bss)
    angle_imu_dj                             0x200194bc   Data          12  usart_fc.o(.bss)
    RxBuffer11                               0x200194c8   Data          50  usart_fc.o(.bss)
    buf_GNVTG                                0x200194fa   Data          65  usart_fc.o(.bss)
    laser_buf                                0x2001953c   Data         720  usart_fc.o(.bss)
    m100                                     0x20019810   Data          96  usart_fc.o(.bss)
    debug_pi_flow                            0x20019870   Data          80  usart_fc.o(.bss)
    pi_flow                                  0x200198c0   Data         324  usart_fc.o(.bss)
    RxBuffer4_test                           0x20019a04   Data          25  usart_fc.o(.bss)
    RxBuffer4                                0x20019a1d   Data          50  usart_fc.o(.bss)
    Rx_Buf3                                  0x20019a4f   Data         256  usart_fc.o(.bss)
    RxBuffer3                                0x20019b4f   Data          50  usart_fc.o(.bss)
    SendBuff1                                0x20019b81   Data          64  usart_fc.o(.bss)
    SendBuff2                                0x20019bc1   Data         384  usart_fc.o(.bss)
    SendBuff3                                0x20019d41   Data          32  usart_fc.o(.bss)
    SendBuff4                                0x20019d61   Data          64  usart_fc.o(.bss)
    flow                                     0x20019da8   Data         112  usart_fc.o(.bss)
    flow_rad                                 0x20019e18   Data          56  usart_fc.o(.bss)
    lis3mdl                                  0x20019fa0   Data         288  lis3mdl.o(.bss)
    acc_lsq                                  0x2001a0c0   Data         168  lis3mdl.o(.bss)
    sum_temp                                 0x2001a168   Data          28  lis3mdl.o(.bss)
    sum_temp_3d                              0x2001a184   Data          28  lis3mdl.o(.bss)
    mpu6050                                  0x2001a8c8   Data         188  mpu6050.o(.bss)
    mpu6050_r                                0x2001a984   Data         188  mpu6050.o(.bss)
    imu_fushion                              0x2001aa40   Data         188  mpu6050.o(.bss)
    mpu6050_buffer                           0x2001aafc   Data          14  mpu6050.o(.bss)
    mpu6050_tmp                              0x2001ada4   Data          28  mpu6050.o(.bss)
    mpu6050_tmp_acc_circle                   0x2001adc0   Data          28  mpu6050.o(.bss)
    mpu_fil_tmp                              0x2001addc   Data          28  mpu6050.o(.bss)
    mpu_fil_tmp_acc_circle                   0x2001adf8   Data          28  mpu6050.o(.bss)
    acc_off                                  0x2001ae14   Data          12  mpu6050.o(.bss)
    acc_scale                                0x2001ae20   Data          12  mpu6050.o(.bss)
    HMC5883_FIFO                             0x2001af20   Data          66  hml_sample.o(.bss)
    now_dj                                   0x2001af7c   Data          16  ultrasonic.o(.bss)
    lastUpdate_dj                            0x2001af8c   Data          16  ultrasonic.o(.bss)
    Laser_avoid                              0x2001af9c   Data         120  laser.o(.bss)
    flow_per_out                             0x2001b06c   Data          16  flow.o(.bss)
    med_filter_tmp                           0x2001b0a0   Data        6000  fliter.o(.bss)
    med_filter_out                           0x2001c810   Data         120  fliter.o(.bss)
    med_fil_cnt                              0x2001c888   Data          30  fliter.o(.bss)
    firstOrderFilters                        0x2001c8a8   Data         400  fliter.o(.bss)
    q_nav                                    0x2001ca38   Data          16  imu.o(.bss)
    reference_v                              0x2001ca48   Data          12  imu.o(.bss)
    ref                                      0x2001ca54   Data          60  imu.o(.bss)
    reference_vr                             0x2001ca90   Data          12  imu.o(.bss)
    mag_sim_3d                               0x2001ca9c   Data          12  imu.o(.bss)
    acc_3d_hg                                0x2001caa8   Data          12  imu.o(.bss)
    acc_ng                                   0x2001cab4   Data          12  imu.o(.bss)
    acc_ng_offset                            0x2001cac0   Data          12  imu.o(.bss)
    yaw_mag_view                             0x2001cacc   Data          20  imu.o(.bss)
    X_kf_yaw                                 0x2001cae0   Data          16  imu.o(.bss)
    reference_vr_imd_down                    0x2001cafc   Data          12  imu_m.o(.bss)
    reference_vr_imd_down_fc                 0x2001cb08   Data          12  imu_m.o(.bss)
    navUkfData                               0x2001cb18   Data        1352  ukf_task.o(.bss)
    gps_data                                 0x2001d060   Data          32  ukf_task.o(.bss)
    mag_data                                 0x2001d080   Data          60  ukf_task.o(.bss)
    accel_data                               0x2001d0bc   Data          80  ukf_task.o(.bss)
    gyro_data                                0x2001d10c   Data          72  ukf_task.o(.bss)
    attitude_data                            0x2001d154   Data          16  ukf_task.o(.bss)
    angle_ins                                0x2001d164   Data          12  ukf_task.o(.bss)
    X_ukf                                    0x2001d170   Data          48  ukf_task.o(.bss)
    X_ukf_global                             0x2001d1a0   Data          48  ukf_task.o(.bss)
    X_ukf_baro                               0x2001d1d0   Data          48  ukf_task.o(.bss)
    X_KF_NAV                                 0x2001d480   Data          48  ukf_task.o(.bss)
    P_KF_NAV                                 0x2001d4b0   Data         144  ukf_task.o(.bss)
    state_correct_posx                       0x2001d540   Data          48  ukf_task.o(.bss)
    state_correct_posy                       0x2001d570   Data          48  ukf_task.o(.bss)
    X_kf2_x                                  0x2001d5a0   Data          24  ukf_task.o(.bss)
    X_kf2_y                                  0x2001d5b8   Data          24  ukf_task.o(.bss)
    Distance                                 0x2001d5d0   Data         100  alt_kf.o(.bss)
    ultra                                    0x2001d640   Data          20  alt_kf.o(.bss)
    sonar_av_arr                             0x2001d654   Data          20  alt_kf.o(.bss)
    sonar                                    0x2001d668   Data          24  alt_kf.o(.bss)
    sonar_fusion                             0x2001d680   Data          68  alt_kf.o(.bss)
    sonar_h_arr                              0x2001d6c4   Data          44  alt_kf.o(.bss)
    X_kf_baro                                0x2001d6f0   Data          24  alt_kf.o(.bss)
    X_kf_baro_temp                           0x2001d708   Data          24  alt_kf.o(.bss)
    X_kf_sonar                               0x2001d720   Data          24  alt_kf.o(.bss)
    acc_z_view                               0x2001d7d8   Data          12  alt_kf.o(.bss)
    state_correct_baro                       0x2001d7e8   Data          48  alt_kf.o(.bss)
    Global_GPS_Sensor                        0x2001d818   Data          88  alt_kf.o(.bss)
    v_test                                   0x2001d870   Data          16  alt_kf.o(.bss)
    Last_GPS                                 0x2001d880   Data          16  alt_kf.o(.bss)
    TAR_GPS                                  0x2001d890   Data          16  alt_kf.o(.bss)
    hml_lsq                                  0x2001d8a0   Data         168  cycle_cal_oldx.o(.bss)
    __libspace_start                         0x2001d948   Data          96  libspace.o(.bss)
    __temporary_stack_top$libspace           0x2001d9a8   Data           0  libspace.o(.bss)



==============================================================================

Memory Map of the image

  Image Entry point : 0x08000189

  Load Region LR_IROM1 (Base: 0x08000000, Size: 0x00033f60, Max: 0x00100000, ABSOLUTE, COMPRESSED[0x000296ec])

    Execution Region ER_IROM1 (Base: 0x08000000, Size: 0x00028c40, Max: 0x00100000, ABSOLUTE)

    Base Addr    Size         Type   Attr      Idx    E Section Name        Object

    0x08000000   0x00000188   Data   RO          602    RESET               startup_stm32f40_41xxx.o
    0x08000188   0x00000008   Code   RO         2399  * !!!main             c_w.l(__main.o)
    0x08000190   0x00000034   Code   RO         2857    !!!scatter          c_w.l(__scatter.o)
    0x080001c4   0x0000005a   Code   RO         2855    !!dczerorl2         c_w.l(__dczerorl2.o)
    0x0800021e   0x00000002   PAD
    0x08000220   0x0000001c   Code   RO         2859    !!handler_zi        c_w.l(__scatter_zi.o)
    0x0800023c   0x00000002   Code   RO         2786    .ARM.Collect$$libinit$$00000000  c_w.l(libinit.o)
    0x0800023e   0x00000004   Code   RO         2601    .ARM.Collect$$libinit$$00000001  c_w.l(libinit2.o)
    0x08000242   0x00000000   Code   RO         2604    .ARM.Collect$$libinit$$00000004  c_w.l(libinit2.o)
    0x08000242   0x00000000   Code   RO         2607    .ARM.Collect$$libinit$$0000000A  c_w.l(libinit2.o)
    0x08000242   0x00000000   Code   RO         2609    .ARM.Collect$$libinit$$0000000C  c_w.l(libinit2.o)
    0x08000242   0x00000000   Code   RO         2611    .ARM.Collect$$libinit$$0000000E  c_w.l(libinit2.o)
    0x08000242   0x00000000   Code   RO         2614    .ARM.Collect$$libinit$$00000011  c_w.l(libinit2.o)
    0x08000242   0x00000000   Code   RO         2616    .ARM.Collect$$libinit$$00000013  c_w.l(libinit2.o)
    0x08000242   0x00000000   Code   RO         2618    .ARM.Collect$$libinit$$00000015  c_w.l(libinit2.o)
    0x08000242   0x00000000   Code   RO         2620    .ARM.Collect$$libinit$$00000017  c_w.l(libinit2.o)
    0x08000242   0x00000000   Code   RO         2622    .ARM.Collect$$libinit$$00000019  c_w.l(libinit2.o)
    0x08000242   0x00000000   Code   RO         2624    .ARM.Collect$$libinit$$0000001B  c_w.l(libinit2.o)
    0x08000242   0x00000000   Code   RO         2626    .ARM.Collect$$libinit$$0000001D  c_w.l(libinit2.o)
    0x08000242   0x00000000   Code   RO         2628    .ARM.Collect$$libinit$$0000001F  c_w.l(libinit2.o)
    0x08000242   0x00000000   Code   RO         2630    .ARM.Collect$$libinit$$00000021  c_w.l(libinit2.o)
    0x08000242   0x00000000   Code   RO         2632    .ARM.Collect$$libinit$$00000023  c_w.l(libinit2.o)
    0x08000242   0x00000000   Code   RO         2634    .ARM.Collect$$libinit$$00000025  c_w.l(libinit2.o)
    0x08000242   0x00000000   Code   RO         2638    .ARM.Collect$$libinit$$0000002C  c_w.l(libinit2.o)
    0x08000242   0x00000000   Code   RO         2640    .ARM.Collect$$libinit$$0000002E  c_w.l(libinit2.o)
    0x08000242   0x00000000   Code   RO         2642    .ARM.Collect$$libinit$$00000030  c_w.l(libinit2.o)
    0x08000242   0x00000000   Code   RO         2644    .ARM.Collect$$libinit$$00000032  c_w.l(libinit2.o)
    0x08000242   0x00000002   Code   RO         2645    .ARM.Collect$$libinit$$00000033  c_w.l(libinit2.o)
    0x08000244   0x00000002   Code   RO         2852    .ARM.Collect$$libshutdown$$00000000  c_w.l(libshutdown.o)
    0x08000246   0x00000000   Code   RO         2806    .ARM.Collect$$libshutdown$$00000002  c_w.l(libshutdown2.o)
    0x08000246   0x00000000   Code   RO         2808    .ARM.Collect$$libshutdown$$00000004  c_w.l(libshutdown2.o)
    0x08000246   0x00000000   Code   RO         2811    .ARM.Collect$$libshutdown$$00000007  c_w.l(libshutdown2.o)
    0x08000246   0x00000000   Code   RO         2814    .ARM.Collect$$libshutdown$$0000000A  c_w.l(libshutdown2.o)
    0x08000246   0x00000000   Code   RO         2816    .ARM.Collect$$libshutdown$$0000000C  c_w.l(libshutdown2.o)
    0x08000246   0x00000000   Code   RO         2819    .ARM.Collect$$libshutdown$$0000000F  c_w.l(libshutdown2.o)
    0x08000246   0x00000002   Code   RO         2820    .ARM.Collect$$libshutdown$$00000010  c_w.l(libshutdown2.o)
    0x08000248   0x00000000   Code   RO         2569    .ARM.Collect$$rtentry$$00000000  c_w.l(__rtentry.o)
    0x08000248   0x00000000   Code   RO         2716    .ARM.Collect$$rtentry$$00000002  c_w.l(__rtentry2.o)
    0x08000248   0x00000006   Code   RO         2728    .ARM.Collect$$rtentry$$00000004  c_w.l(__rtentry4.o)
    0x0800024e   0x00000000   Code   RO         2718    .ARM.Collect$$rtentry$$00000009  c_w.l(__rtentry2.o)
    0x0800024e   0x00000004   Code   RO         2719    .ARM.Collect$$rtentry$$0000000A  c_w.l(__rtentry2.o)
    0x08000252   0x00000000   Code   RO         2721    .ARM.Collect$$rtentry$$0000000C  c_w.l(__rtentry2.o)
    0x08000252   0x00000008   Code   RO         2722    .ARM.Collect$$rtentry$$0000000D  c_w.l(__rtentry2.o)
    0x0800025a   0x00000002   Code   RO         2791    .ARM.Collect$$rtexit$$00000000  c_w.l(rtexit.o)
    0x0800025c   0x00000000   Code   RO         2826    .ARM.Collect$$rtexit$$00000002  c_w.l(rtexit2.o)
    0x0800025c   0x00000004   Code   RO         2827    .ARM.Collect$$rtexit$$00000003  c_w.l(rtexit2.o)
    0x08000260   0x00000006   Code   RO         2828    .ARM.Collect$$rtexit$$00000004  c_w.l(rtexit2.o)
    0x08000266   0x00000002   PAD
    0x08000268   0x00002340   Code   RO            3    .text               ucos_task.o
    0x080025a8   0x000002f8   Code   RO          371    .text               main.o
    0x080028a0   0x00000100   Code   RO          467    .text               rt_nonfinite.o
    0x080029a0   0x000000c8   Code   RO          497    .text               rtgetnan.o
    0x08002a68   0x00000134   Code   RO          513    .text               rtgetinf.o
    0x08002b9c   0x00000016   Code   RO          527    .text               stm32f4xx_it.o
    0x08002bb2   0x00000002   PAD
    0x08002bb4   0x00000210   Code   RO          576    .text               system_stm32f4xx.o
    0x08002dc4   0x00000040   Code   RO          603    .text               startup_stm32f40_41xxx.o
    0x08002e04   0x00000108   Code   RO          609    .text               delay.o
    0x08002f0c   0x000000e0   Code   RO          649    .text               misc.o
    0x08002fec   0x00000294   Code   RO          669    .text               stm32f4xx_gpio.o
    0x08003280   0x0000065c   Code   RO          712    .text               stm32f4xx_rcc.o
    0x080038dc   0x00000094   Code   RO          734    .text               stm32f4xx_syscfg.o
    0x08003970   0x00000454   Code   RO          754    .text               stm32f4xx_usart.o
    0x08003dc4   0x00000ca2   Code   RO          774    .text               stm32f4xx_tim.o
    0x08004a66   0x00000002   PAD
    0x08004a68   0x00000694   Code   RO          794    .text               stm32f4xx_flash.o
    0x080050fc   0x00000110   Code   RO          814    .text               stm32f4xx_exti.o
    0x0800520c   0x00000480   Code   RO          854    .text               stm32f4xx_spi.o
    0x0800568c   0x000003a8   Code   RO          874    .text               stm32f4xx_dma.o
    0x08005a34   0x00000040   Code   RO          914    .text               stm32f4xx_iwdg.o
    0x08005a74   0x00000894   Code   RO          954    .text               os_core.o
    0x08006308   0x0000080c   Code   RO          982    .text               os_flag.o
    0x08006b14   0x000003cc   Code   RO         1002    .text               os_mbox.o
    0x08006ee0   0x000005e8   Code   RO         1056    .text               os_q.o
    0x080074c8   0x0000038c   Code   RO         1076    .text               os_sem.o
    0x08007854   0x000007c4   Code   RO         1096    .text               os_task.o
    0x08008018   0x000001b0   Code   RO         1116    .text               os_time.o
    0x080081c8   0x00000634   Code   RO         1136    .text               os_tmr.o
    0x080087fc   0x000000c8   Code   RO         1154    .text               os_cpu_a.o
    0x080088c4   0x000001e8   Code   RO         1159    .text               os_cpu_c.o
    0x08008aac   0x00000424   Code   RO         1189    .text               iic_fc.o
    0x08008ed0   0x00000458   Code   RO         1209    .text               iic1.o
    0x08009328   0x000003e0   Code   RO         1255    .text               iic_sonar.o
    0x08009708   0x000003a8   Code   RO         1281    .text               iic_soft.o
    0x08009ab0   0x000006d4   Code   RO         1307    .text               led_fc.o
    0x0800a184   0x00000f24   Code   RO         1336    .text               flash.o
    0x0800b0a8   0x00000478   Code   RO         1360    .text               flash_w25.o
    0x0800b520   0x00000268   Code   RO         1391    .text               time.o
    0x0800b788   0x0000002c   Code   RO         1422    .text               watch_dog.o
    0x0800b7b4   0x000008cc   Code   RO         1465    .text               gps.o
    0x0800c080   0x000000e8   Code   RO         1515    .text               dma.o
    0x0800c168   0x00007f00   Code   RO         1535    .text               usart_fc.o
    0x08014068   0x00002048   Code   RO         1597    .text               lis3mdl.o
    0x080160b0   0x00000be0   Code   RO         1628    .text               mpu6050.o
    0x08016c90   0x000008e8   Code   RO         1656    .text               hml_sample.o
    0x08017578   0x00000744   Code   RO         1690    .text               ms5611_2.o
    0x08017cbc   0x00000ba0   Code   RO         1717    .text               ultrasonic.o
    0x0801885c   0x000001a0   Code   RO         1767    .text               laser.o
    0x080189fc   0x00000b54   Code   RO         1795    .text               flow.o
    0x08019550   0x00000980   Code   RO         1822    .text               fliter.o
    0x08019ed0   0x00001758   Code   RO         1847    .text               kf_oldx.o
    0x0801b628   0x00000784   Code   RO         1999    .text               my_math.o
    0x0801bdac   0x00001404   Code   RO         2020    .text               kf_oldx_nav.o
    0x0801d1b0   0x00001000   Code   RO         2084    .text               imu_m.o
    0x0801e1b0   0x00003374   Code   RO         2112    .text               ukf_task.o
    0x08021524   0x000033c0   Code   RO         2158    .text               alt_kf.o
    0x080248e4   0x00000a18   Code   RO         2235    .text               cycle_cal_oldx.lib(cycle_cal_oldx.o)
    0x080252fc   0x0000004e   Code   RO         2333    .text               c_w.l(h1_free.o)
    0x0802534a   0x00000048   Code   RO         2389    .text               c_w.l(llsdiv.o)
    0x08025392   0x00000024   Code   RO         2391    .text               c_w.l(strstr.o)
    0x080253b6   0x00000064   Code   RO         2393    .text               c_w.l(rt_memcpy_w.o)
    0x0802541a   0x0000004e   Code   RO         2395    .text               c_w.l(rt_memclr_w.o)
    0x08025468   0x00000006   Code   RO         2397    .text               c_w.l(heapauxi.o)
    0x0802546e   0x00000002   PAD
    0x08025470   0x00000008   Code   RO         2573    .text               c_w.l(rt_heap_descriptor_intlibspace.o)
    0x08025478   0x000000ee   Code   RO         2595    .text               c_w.l(lludivv7m.o)
    0x08025566   0x00000016   Code   RO         2597    .text               c_w.l(_rserrno.o)
    0x0802557c   0x00000008   Code   RO         2712    .text               c_w.l(libspace.o)
    0x08025584   0x00000008   Code   RO         2737    .text               c_w.l(rt_errno_addr_intlibspace.o)
    0x0802558c   0x00000002   Code   RO         2760    .text               c_w.l(use_no_semi.o)
    0x0802558e   0x00000000   Code   RO         2762    .text               c_w.l(indicate_semi.o)
    0x0802558e   0x0000004a   Code   RO         2763    .text               c_w.l(sys_stackheap_outer.o)
    0x080255d8   0x00000012   Code   RO         2771    .text               c_w.l(exit.o)
    0x080255ea   0x00000002   PAD
    0x080255ec   0x0000000c   Code   RO         2789    .text               c_w.l(sys_exit.o)
    0x080255f8   0x00000030   Code   RO         2678    i.__ARM_fpclassify  m_wm.l(fpclassify.o)
    0x08025628   0x00000026   Code   RO         2680    i.__ARM_fpclassifyf  m_wm.l(fpclassifyf.o)
    0x0802564e   0x00000002   PAD
    0x08025650   0x00000358   Code   RO         2441    i.__hardfp_acos     m_wm.l(acos.o)
    0x080259a8   0x00000360   Code   RO         2455    i.__hardfp_asin     m_wm.l(asin.o)
    0x08025d08   0x00000250   Code   RO         2481    i.__hardfp_atan2f   m_wm.l(atan2f.o)
    0x08025f58   0x000000c8   Code   RO         2493    i.__hardfp_cos      m_wm.l(cos.o)
    0x08026020   0x00000014   Code   RO         2505    i.__hardfp_fabs     m_wm.l(fabs.o)
    0x08026034   0x00000004   PAD
    0x08026038   0x00000118   Code   RO         2511    i.__hardfp_floor    m_wm.l(floor.o)
    0x08026150   0x00000c50   Code   RO         2517    i.__hardfp_pow      m_wm.l(pow.o)
    0x08026da0   0x000000c8   Code   RO         2531    i.__hardfp_sin      m_wm.l(sin.o)
    0x08026e68   0x0000007a   Code   RO         2543    i.__hardfp_sqrt     m_wm.l(sqrt.o)
    0x08026ee2   0x00000006   PAD
    0x08026ee8   0x00000438   Code   RO         2699    i.__ieee754_rem_pio2  m_wm.l(rred.o)
    0x08027320   0x00000170   Code   RO         2661    i.__kernel_cos      m_wm.l(cos_i.o)
    0x08027490   0x000000f8   Code   RO         2696    i.__kernel_poly     m_wm.l(poly.o)
    0x08027588   0x00000130   Code   RO         2704    i.__kernel_sin      m_wm.l(sin_i.o)
    0x080276b8   0x00000030   Code   RO         2664    i.__mathlib_dbl_divzero  m_wm.l(dunder.o)
    0x080276e8   0x00000014   Code   RO         2665    i.__mathlib_dbl_infnan  m_wm.l(dunder.o)
    0x080276fc   0x00000014   Code   RO         2666    i.__mathlib_dbl_infnan2  m_wm.l(dunder.o)
    0x08027710   0x00000020   Code   RO         2667    i.__mathlib_dbl_invalid  m_wm.l(dunder.o)
    0x08027730   0x00000020   Code   RO         2668    i.__mathlib_dbl_overflow  m_wm.l(dunder.o)
    0x08027750   0x00000020   Code   RO         2670    i.__mathlib_dbl_underflow  m_wm.l(dunder.o)
    0x08027770   0x00000006   Code   RO         2684    i.__mathlib_flt_infnan2  m_wm.l(funder.o)
    0x08027776   0x00000002   PAD
    0x08027778   0x00000010   Code   RO         2688    i.__mathlib_flt_underflow  m_wm.l(funder.o)
    0x08027788   0x00000018   Code   RO         2507    i.fabs              m_wm.l(fabs.o)
    0x080277a0   0x0000006e   Code   RO         2545    i.sqrt              m_wm.l(sqrt.o)
    0x0802780e   0x00000018   Code   RO         2401    x$fpl$basic         fz_wm.l(basic.o)
    0x08027826   0x00000002   PAD
    0x08027828   0x00000062   Code   RO         2403    x$fpl$d2f           fz_wm.l(d2f.o)
    0x0802788a   0x00000002   PAD
    0x0802788c   0x00000150   Code   RO         2405    x$fpl$dadd          fz_wm.l(daddsub_clz.o)
    0x080279dc   0x00000010   Code   RO         2756    x$fpl$dcheck1       fz_wm.l(dcheck1.o)
    0x080279ec   0x00000018   Code   RO         2646    x$fpl$dcmpinf       fz_wm.l(dcmpi.o)
    0x08027a04   0x000002b0   Code   RO         2412    x$fpl$ddiv          fz_wm.l(ddiv.o)
    0x08027cb4   0x00000078   Code   RO         2415    x$fpl$deqf          fz_wm.l(deqf.o)
    0x08027d2c   0x0000005e   Code   RO         2417    x$fpl$dfix          fz_wm.l(dfix.o)
    0x08027d8a   0x00000002   PAD
    0x08027d8c   0x0000005a   Code   RO         2421    x$fpl$dfixu         fz_wm.l(dfixu.o)
    0x08027de6   0x0000002e   Code   RO         2426    x$fpl$dflt          fz_wm.l(dflt_clz.o)
    0x08027e14   0x00000026   Code   RO         2425    x$fpl$dfltu         fz_wm.l(dflt_clz.o)
    0x08027e3a   0x00000002   PAD
    0x08027e3c   0x00000078   Code   RO         2431    x$fpl$dleqf         fz_wm.l(dleqf.o)
    0x08027eb4   0x00000154   Code   RO         2433    x$fpl$dmul          fz_wm.l(dmul.o)
    0x08028008   0x0000009c   Code   RO         2648    x$fpl$dnaninf       fz_wm.l(dnaninf.o)
    0x080280a4   0x0000000c   Code   RO         2650    x$fpl$dretinf       fz_wm.l(dretinf.o)
    0x080280b0   0x0000006c   Code   RO         2435    x$fpl$drleqf        fz_wm.l(drleqf.o)
    0x0802811c   0x00000016   Code   RO         2406    x$fpl$drsb          fz_wm.l(daddsub_clz.o)
    0x08028132   0x00000002   PAD
    0x08028134   0x00000198   Code   RO         2652    x$fpl$dsqrt         fz_wm.l(dsqrt_umaal.o)
    0x080282cc   0x000001d4   Code   RO         2407    x$fpl$dsub          fz_wm.l(daddsub_clz.o)
    0x080284a0   0x00000056   Code   RO         2437    x$fpl$f2d           fz_wm.l(f2d.o)
    0x080284f6   0x00000060   Code   RO         2439    x$fpl$ffltll        fz_wm.l(ffltll_clz.o)
    0x08028556   0x0000008c   Code   RO         2654    x$fpl$fnaninf       fz_wm.l(fnaninf.o)
    0x080285e2   0x0000000a   Code   RO         2758    x$fpl$fpinit        fz_wm.l(fpinit.o)
    0x080285ec   0x0000000a   Code   RO         2656    x$fpl$fretinf       fz_wm.l(fretinf.o)
    0x080285f6   0x00000064   Code   RO         2787    x$fpl$retnan        fz_wm.l(retnan.o)
    0x0802865a   0x0000005c   Code   RO         2658    x$fpl$scalbn        fz_wm.l(scalbn.o)
    0x080286b6   0x00000030   Code   RO         2821    x$fpl$trapveneer    fz_wm.l(trapv.o)
    0x080286e6   0x00000000   Code   RO         2660    x$fpl$usenofp       fz_wm.l(usenofp.o)
    0x080286e6   0x00000100   Data   RO          956    .constdata          os_core.o
    0x080287e6   0x00000002   PAD
    0x080287e8   0x00000084   Data   RO         1848    .constdata          kf_oldx.o
    0x0802886c   0x00000004   PAD
    0x08028870   0x0000003c   Data   RO         2021    .constdata          kf_oldx_nav.o
    0x080288ac   0x00000004   PAD
    0x080288b0   0x00000090   Data   RO         2114    .constdata          ukf_task.o
    0x08028940   0x00000090   Data   RO         2161    .constdata          alt_kf.o
    0x080289d0   0x00000050   Data   RO         2444    .constdata          m_wm.l(acos.o)
    0x08028a20   0x00000050   Data   RO         2458    .constdata          m_wm.l(asin.o)
    0x08028a70   0x00000088   Data   RO         2520    .constdata          m_wm.l(pow.o)
    0x08028af8   0x00000030   Data   RO         2662    .constdata          m_wm.l(cos_i.o)
    0x08028b28   0x00000008   Data   RO         2698    .constdata          m_wm.l(qnan.o)
    0x08028b30   0x000000c8   Data   RO         2701    .constdata          m_wm.l(rred.o)
    0x08028bf8   0x00000028   Data   RO         2705    .constdata          m_wm.l(sin_i.o)
    0x08028c20   0x00000020   Data   RO         2853    Region$$Table       anon$$obj.o


    Execution Region RW_IRAM1 (Base: 0x20000000, Size: 0x0001dfa8, Max: 0x00020000, ABSOLUTE, COMPRESSED[0x00000aac])

    Base Addr    Size         Type   Attr      Idx    E Section Name        Object

    0x20000000   0x0000a000   Data   RW         2160    .ccm                alt_kf.o
    0x2000a000   0x0000013c   Data   RW            5    .data               ucos_task.o
    0x2000a13c   0x0000000c   Data   RW          373    .data               main.o
    0x2000a148   0x00000018   Data   RW          444    .data               error.o
    0x2000a160   0x00000024   Data   RW          468    .data               rt_nonfinite.o
    0x2000a184   0x00000014   Data   RW          577    .data               system_stm32f4xx.o
    0x2000a198   0x00000004   Data   RW          610    .data               delay.o
    0x2000a19c   0x00000010   Data   RW          713    .data               stm32f4xx_rcc.o
    0x2000a1ac   0x0000005c   Data   RW          957    .data               os_core.o
    0x2000a208   0x00000006   Data   RW         1160    .data               os_cpu_c.o
    0x2000a20e   0x00000002   Data   RW         1256    .data               iic_sonar.o
    0x2000a210   0x00000001   Data   RW         1282    .data               iic_soft.o
    0x2000a211   0x00000001   PAD
    0x2000a212   0x00000008   Data   RW         1308    .data               led_fc.o
    0x2000a21a   0x00000002   PAD
    0x2000a21c   0x00000004   Data   RW         1338    .data               flash.o
    0x2000a220   0x00000002   Data   RW         1362    .data               flash_w25.o
    0x2000a222   0x00000002   PAD
    0x2000a224   0x00000014   Data   RW         1393    .data               time.o
    0x2000a238   0x00000008   Data   RW         1467    .data               gps.o
    0x2000a240   0x0000024a   Data   RW         1537    .data               usart_fc.o
    0x2000a48a   0x00000006   PAD
    0x2000a490   0x00000267   Data   RW         1599    .data               lis3mdl.o
    0x2000a6f7   0x00000001   PAD
    0x2000a6f8   0x000000de   Data   RW         1630    .data               mpu6050.o
    0x2000a7d6   0x00000002   PAD
    0x2000a7d8   0x000000cd   Data   RW         1658    .data               hml_sample.o
    0x2000a8a5   0x00000003   PAD
    0x2000a8a8   0x0000007d   Data   RW         1692    .data               ms5611_2.o
    0x2000a925   0x00000003   PAD
    0x2000a928   0x00000090   Data   RW         1719    .data               ultrasonic.o
    0x2000a9b8   0x0000000c   Data   RW         1769    .data               laser.o
    0x2000a9c4   0x00000061   Data   RW         1797    .data               flow.o
    0x2000aa25   0x00000003   PAD
    0x2000aa28   0x00000041   Data   RW         1824    .data               fliter.o
    0x2000aa69   0x00000003   PAD
    0x2000aa6c   0x00000404   Data   RW         2000    .data               my_math.o
    0x2000ae70   0x000000a6   Data   RW         2050    .data               imu.o
    0x2000af16   0x00000002   PAD
    0x2000af18   0x0000007d   Data   RW         2086    .data               imu_m.o
    0x2000af95   0x00000003   PAD
    0x2000af98   0x000000fd   Data   RW         2115    .data               ukf_task.o
    0x2000b095   0x00000003   PAD
    0x2000b098   0x00000286   Data   RW         2162    .data               alt_kf.o
    0x2000b31e   0x00000002   PAD
    0x2000b320   0x0000a51c   Zero   RW            4    .bss                ucos_task.o
    0x2001583c   0x00000518   Zero   RW          372    .bss                main.o
    0x20015d54   0x00001288   Zero   RW          955    .bss                os_core.o
    0x20016fdc   0x000000c8   Zero   RW         1337    .bss                flash.o
    0x200170a4   0x00001000   Zero   RW         1361    .bss                flash_w25.o
    0x200180a4   0x000000f0   Zero   RW         1392    .bss                time.o
    0x20018194   0x00000004   PAD
    0x20018198   0x00001e04   Zero   RW         1536    .bss                usart_fc.o
    0x20019f9c   0x00000004   PAD
    0x20019fa0   0x00000928   Zero   RW         1598    .bss                lis3mdl.o
    0x2001a8c8   0x00000564   Zero   RW         1629    .bss                mpu6050.o
    0x2001ae2c   0x00000004   PAD
    0x2001ae30   0x00000140   Zero   RW         1657    .bss                hml_sample.o
    0x2001af70   0x0000000c   Zero   RW         1691    .bss                ms5611_2.o
    0x2001af7c   0x00000020   Zero   RW         1718    .bss                ultrasonic.o
    0x2001af9c   0x00000078   Zero   RW         1768    .bss                laser.o
    0x2001b014   0x0000008c   Zero   RW         1796    .bss                flow.o
    0x2001b0a0   0x00001998   Zero   RW         1823    .bss                fliter.o
    0x2001ca38   0x000000c4   Zero   RW         2049    .bss                imu.o
    0x2001cafc   0x00000018   Zero   RW         2085    .bss                imu_m.o
    0x2001cb14   0x00000004   PAD
    0x2001cb18   0x00000ab8   Zero   RW         2113    .bss                ukf_task.o
    0x2001d5d0   0x000002d0   Zero   RW         2159    .bss                alt_kf.o
    0x2001d8a0   0x000000a8   Zero   RW         2236    .bss                cycle_cal_oldx.lib(cycle_cal_oldx.o)
    0x2001d948   0x00000060   Zero   RW         2713    .bss                c_w.l(libspace.o)
    0x2001d9a8   0x00000200   Zero   RW          601    HEAP                startup_stm32f40_41xxx.o
    0x2001dba8   0x00000400   Zero   RW          600    STACK               startup_stm32f40_41xxx.o


==============================================================================

Image component sizes


      Code (inc. data)   RO Data    RW Data    ZI Data      Debug   Object Name

     13248        822        144      41606        720      40914   alt_kf.o
       264         18          0          4          0       1419   delay.o
       232          4          0          0          0       1464   dma.o
         0          0          0         24          0       2264   error.o
      3876        166          0          4        200       3619   flash.o
      1144         36          0          2       4096       5276   flash_w25.o
      2432        106          0         65       6552       7919   fliter.o
      2900        124          0         97        140       4682   flow.o
      2252         84          0          8          0       5701   gps.o
      2280        128          0        205        320       7464   hml_sample.o
      1112         20          0          0          0       5292   iic1.o
      1060         14          0          0          0       4795   iic_fc.o
       936         10          0          1          0       4578   iic_soft.o
       992         18          0          2          0       5071   iic_sonar.o
         0          0          0        166        196       4436   imu.o
      4096        216          0        125         24       6234   imu_m.o
      5976        170        132          0          0       3991   kf_oldx.o
      5124        146         60          0          0       3915   kf_oldx_nav.o
       416         20          0         12        120       1868   laser.o
      1748         94          0          8          0       2284   led_fc.o
      8264        516          0        615       2344      12443   lis3mdl.o
       760        146          0         12       1304       7756   main.o
       224         20          0          0          0       1821   misc.o
      3040        192          0        222       1380      18010   mpu6050.o
      1860        162          0        125         12       6156   ms5611_2.o
      1924        108          0       1028          0       6277   my_math.o
      2196        218        256         92       4744      16019   os_core.o
       200         32          0          0          0        328   os_cpu_a.o
       488          8          0          6          0      11827   os_cpu_c.o
      2060         42          0          0          0       7224   os_flag.o
       972         16          0          0          0       4326   os_mbox.o
      1512         30          0          0          0       5789   os_q.o
       908         18          0          0          0       4062   os_sem.o
      1988         70          0          0          0       7901   os_task.o
       432         30          0          0          0       1882   os_time.o
      1588         94          0          0          0       5753   os_tmr.o
       256         26          0         36          0       3872   rt_nonfinite.o
       308         22          0          0          0       1942   rtgetinf.o
       200         18          0          0          0       2092   rtgetnan.o
        64         26        392          0       1536        836   startup_stm32f40_41xxx.o
       936         32          0          0          0       6397   stm32f4xx_dma.o
       272         10          0          0          0       2287   stm32f4xx_exti.o
      1684         28          0          0          0       9422   stm32f4xx_flash.o
       660         44          0          0          0       4161   stm32f4xx_gpio.o
        22          0          0          0          0       1035   stm32f4xx_it.o
        64          6          0          0          0       1345   stm32f4xx_iwdg.o
      1628         52          0         16          0      13040   stm32f4xx_rcc.o
      1152         36          0          0          0       6909   stm32f4xx_spi.o
       148         12          0          0          0       1845   stm32f4xx_syscfg.o
      3234         60          0          0          0      23016   stm32f4xx_tim.o
      1108         34          0          0          0       7884   stm32f4xx_usart.o
       528         46          0         20          0       1783   system_stm32f4xx.o
       616         38          0         20        240      30121   time.o
      9024        858          0        316      42268     342764   ucos_task.o
     13172        886        144        253       2744      12365   ukf_task.o
      2976        258          0        144         32       5915   ultrasonic.o
     32512       1496          0        586       7684      44519   usart_fc.o
        44          0          0          0          0        706   watch_dog.o

    ----------------------------------------------------------------------
    149116       7886       1170      45856      76672     765016   Object Totals
         0          0         32          0          0          0   (incl. Generated)
         4          0         10         36         16          0   (incl. Padding)

    ----------------------------------------------------------------------

      Code (inc. data)   RO Data    RW Data    ZI Data      Debug   Library Member Name

        90          0          0          0          0          0   __dczerorl2.o
         8          0          0          0          0         68   __main.o
         0          0          0          0          0          0   __rtentry.o
        12          0          0          0          0          0   __rtentry2.o
         6          0          0          0          0          0   __rtentry4.o
        52          8          0          0          0          0   __scatter.o
        28          0          0          0          0          0   __scatter_zi.o
        22          0          0          0          0        100   _rserrno.o
        18          0          0          0          0         80   exit.o
        78          0          0          0          0         80   h1_free.o
         6          0          0          0          0        152   heapauxi.o
         0          0          0          0          0          0   indicate_semi.o
         2          0          0          0          0          0   libinit.o
         6          0          0          0          0          0   libinit2.o
         2          0          0          0          0          0   libshutdown.o
         2          0          0          0          0          0   libshutdown2.o
         8          4          0          0         96         68   libspace.o
        72          0          0          0          0         76   llsdiv.o
       238          0          0          0          0        100   lludivv7m.o
         8          4          0          0          0         68   rt_errno_addr_intlibspace.o
         8          4          0          0          0         68   rt_heap_descriptor_intlibspace.o
        78          0          0          0          0         80   rt_memclr_w.o
       100          0          0          0          0         80   rt_memcpy_w.o
         2          0          0          0          0          0   rtexit.o
        10          0          0          0          0          0   rtexit2.o
        36          0          0          0          0         80   strstr.o
        12          4          0          0          0         68   sys_exit.o
        74          0          0          0          0         80   sys_stackheap_outer.o
         2          0          0          0          0         68   use_no_semi.o
      2584         12          0          0        168     220285   cycle_cal_oldx.o
        24          0          0          0          0        164   basic.o
        98          4          0          0          0        140   d2f.o
       826         16          0          0          0        492   daddsub_clz.o
        16          4          0          0          0        116   dcheck1.o
        24          0          0          0          0        116   dcmpi.o
       688        140          0          0          0        256   ddiv.o
       120          4          0          0          0        140   deqf.o
        94          4          0          0          0        140   dfix.o
        90          4          0          0          0        140   dfixu.o
        84          0          0          0          0        232   dflt_clz.o
       120          4          0          0          0        140   dleqf.o
       340         12          0          0          0        152   dmul.o
       156          4          0          0          0        140   dnaninf.o
        12          0          0          0          0        116   dretinf.o
       108          0          0          0          0        128   drleqf.o
       408         56          0          0          0        168   dsqrt_umaal.o
        86          4          0          0          0        132   f2d.o
        96          0          0          0          0        132   ffltll_clz.o
       140          4          0          0          0        132   fnaninf.o
        10          0          0          0          0        116   fpinit.o
        10          0          0          0          0        116   fretinf.o
       100          0          0          0          0        116   retnan.o
        92          0          0          0          0        116   scalbn.o
        48          0          0          0          0        116   trapv.o
         0          0          0          0          0          0   usenofp.o
       856        118         80          0          0        288   acos.o
       864         94         80          0          0        280   asin.o
       592         90          0          0          0        184   atan2f.o
       200         20          0          0          0        164   cos.o
       368         46         48          0          0        200   cos_i.o
       184         44          0          0          0        744   dunder.o
        44          0          0          0          0        248   fabs.o
       280         28          0          0          0        156   floor.o
        48          0          0          0          0        124   fpclassify.o
        38          0          0          0          0        116   fpclassifyf.o
        22          6          0          0          0        232   funder.o
       248          0          0          0          0        152   poly.o
      3152        296        136          0          0        352   pow.o
         0          0          8          0          0          0   qnan.o
      1080        142        200          0          0        188   rred.o
       200         20          0          0          0        164   sin.o
       304         24         40          0          0        208   sin_i.o
       232          0          0          0          0        296   sqrt.o

    ----------------------------------------------------------------------
     16098       1224        592          0        264     229453   Library Totals
        32          0          0          0          0          0   (incl. Padding)

    ----------------------------------------------------------------------

      Code (inc. data)   RO Data    RW Data    ZI Data      Debug   Library Name

       980         24          0          0         96       1316   c_w.l
      2584         12          0          0        168     220285   cycle_cal_oldx.lib
      3790        260          0          0          0       3756   fz_wm.l
      8712        928        592          0          0       4096   m_wm.l

    ----------------------------------------------------------------------
     16098       1224        592          0        264     229453   Library Totals

    ----------------------------------------------------------------------

==============================================================================


      Code (inc. data)   RO Data    RW Data    ZI Data      Debug   

    165214       9110       1762      45856      76936     976345   Grand Totals
    165214       9110       1762       2732      76936     976345   ELF Image Totals (compressed)
    165214       9110       1762       2732          0          0   ROM Totals

==============================================================================

    Total RO  Size (Code + RO Data)               166976 ( 163.06kB)
    Total RW  Size (RW Data + ZI Data)            122792 ( 119.91kB)
    Total ROM Size (Code + RO Data + RW Data)     169708 ( 165.73kB)

==============================================================================

