Component: ARM Compiler 5.06 update 2 (build 183) Tool: armlink [4d35b7]

==============================================================================

Section Cross References

    ucos_task.o(.text) refers to time.o(.text) for Get_Cycle_T
    ucos_task.o(.text) refers to f2d.o(x$fpl$f2d) for __aeabi_f2d
    ucos_task.o(.text) refers to dleqf.o(x$fpl$dleqf) for __aeabi_cdcmple
    ucos_task.o(.text) refers to mpu6050.o(.text) for MPU6050_Read
    ucos_task.o(.text) refers to hml_sample.o(.text) for ANO_AK8975_Read
    ucos_task.o(.text) refers to ms5611_2.o(.text) for MS5611_ThreadNew
    ucos_task.o(.text) refers to lis3mdl.o(.text) for LSM6_readAcc
    ucos_task.o(.text) refers to delay.o(.text) for delay_ms
    ucos_task.o(.text) refers to dmul.o(x$fpl$dmul) for __aeabi_dmul
    ucos_task.o(.text) refers to d2f.o(x$fpl$d2f) for __aeabi_d2f
    ucos_task.o(.text) refers to imu.o(.text) for MargAHRSupdate
    ucos_task.o(.text) refers to watch_dog.o(.text) for IWDG_Feed
    ucos_task.o(.text) refers to ukf_task.o(.text) for ukf_pos_task_qr
    ucos_task.o(.text) refers to alt_kf.o(.text) for altUkfProcess
    ucos_task.o(.text) refers to laser.o(.text) for Laser_cal
    ucos_task.o(.text) refers to ultrasonic.o(.text) for Ultra_Duty
    ucos_task.o(.text) refers to dflt_clz.o(x$fpl$dfltu) for __aeabi_ui2d
    ucos_task.o(.text) refers to drleqf.o(x$fpl$drleqf) for __aeabi_cdrcmple
    ucos_task.o(.text) refers to ucos_task.o(.data) for inner_loop_time_time
    ucos_task.o(.text) refers to mpu6050.o(.bss) for mpu6050
    ucos_task.o(.text) refers to usart_fc.o(.bss) for mode
    ucos_task.o(.text) refers to imu.o(.data) for Yaw
    ucos_task.o(.text) refers to ucos_task.o(.bss) for flow_matlab_data
    ucos_task.o(.text) refers to usart_fc.o(.data) for en_ble_debug
    ucos_task.o(.text) refers to fabs.o(i.__hardfp_fabs) for __hardfp_fabs
    ucos_task.o(.text) refers to basic.o(x$fpl$basic) for __aeabi_dneg
    ucos_task.o(.text) refers to flow.o(.text) for flow_pertreatment_oldx
    ucos_task.o(.text) refers to ddiv.o(x$fpl$ddiv) for __aeabi_ddiv
    ucos_task.o(.text) refers to ultrasonic.o(.data) for ultra_ok
    ucos_task.o(.text) refers to alt_kf.o(.data) for ALT_POS_SONAR2
    ucos_task.o(.text) refers to flow.o(.bss) for flow_per_out
    ucos_task.o(.text) refers to imu.o(.bss) for reference_vr
    ucos_task.o(.text) refers to daddsub_clz.o(x$fpl$dadd) for __aeabi_dadd
    ucos_task.o(.text) refers to fliter.o(.text) for IIR_I_Filter
    ucos_task.o(.text) refers to os_core.o(.text) for OSIntEnter
    ucos_task.o(.text) refers to stm32f4xx_tim.o(.text) for TIM_GetITStatus
    ucos_task.o(.text) refers to stm32f4xx_dma.o(.text) for DMA_GetFlagStatus
    ucos_task.o(.text) refers to usart_fc.o(.text) for clear_nrf_uart
    ucos_task.o(.text) refers to stm32f4xx_usart.o(.text) for USART_DMACmd
    ucos_task.o(.text) refers to dma.o(.text) for MYDMA_Enable
    ucos_task.o(.text) refers to dfix.o(x$fpl$dfix) for __aeabi_d2iz
    ucos_task.o(.text) refers to alt_kf.o(.bss) for acc_z_view
    ucos_task.o(.text) refers to ms5611_2.o(.data) for baroAlt
    ucos_task.o(.text) refers to ukf_task.o(.bss) for X_ukf
    ucos_task.o(.text) refers to ukf_task.o(.data) for K_spd_flow
    ucos_task.o(.text) refers to laser.o(.bss) for Laser_avoid
    ucos_task.o(.text) refers to led_fc.o(.text) for LEDRGB_STATE
    ucos_task.o(.text) refers to lis3mdl.o(.bss) for lis3mdl
    ucos_task.o(.text) refers to os_core.o(.data) for OSCPUUsage
    main.o(.text) refers to os_mbox.o(.text) for OSMboxCreate
    main.o(.text) refers to os_q.o(.text) for OSQCreate
    main.o(.text) refers to os_flag.o(.text) for OSFlagCreate
    main.o(.text) refers to os_core.o(.text) for OSStatInit
    main.o(.text) refers to os_tmr.o(.text) for OSTmrCreate
    main.o(.text) refers to os_cpu_a.o(.text) for OS_CPU_SR_Save
    main.o(.text) refers to os_task.o(.text) for OSTaskCreate
    main.o(.text) refers to misc.o(.text) for NVIC_PriorityGroupConfig
    main.o(.text) refers to delay.o(.text) for delay_init
    main.o(.text) refers to time.o(.text) for Initial_Timer_SYS
    main.o(.text) refers to iic_soft.o(.text) for I2c_Soft_Init
    main.o(.text) refers to iic1.o(.text) for IIC_IMU1_Init
    main.o(.text) refers to hml_sample.o(.text) for HMC5883L_SetUp
    main.o(.text) refers to ms5611_2.o(.text) for MS5611_Init
    main.o(.text) refers to mpu6050.o(.text) for MPU6050_Init
    main.o(.text) refers to lis3mdl.o(.text) for LIS3MDL_enableDefault
    main.o(.text) refers to alt_kf.o(.text) for altUkfInit
    main.o(.text) refers to led_fc.o(.text) for LED_Init
    main.o(.text) refers to usart_fc.o(.text) for Usart1_Init
    main.o(.text) refers to dma.o(.text) for MYDMA_Config
    main.o(.text) refers to flash_w25.o(.text) for W25QXX_Init
    main.o(.text) refers to flash.o(.text) for READ_PARM
    main.o(.text) refers to stm32f4xx_usart.o(.text) for USART_DMACmd
    main.o(.text) refers to watch_dog.o(.text) for IWDG_Init
[...]
    __mathlib_flt_underflow                  0x0802c581   Thumb Code    10  funder.o(i.__mathlib_flt_underflow)
    fabs                                     0x0802c591   Thumb Code    24  fabs.o(i.fabs)
    sqrt                                     0x0802c5a9   Thumb Code   110  sqrt.o(i.sqrt)
    __aeabi_dneg                             0x0802c617   Thumb Code     0  basic.o(x$fpl$basic)
    _dneg                                    0x0802c617   Thumb Code     6  basic.o(x$fpl$basic)
    __aeabi_fneg                             0x0802c61d   Thumb Code     0  basic.o(x$fpl$basic)
    _fneg                                    0x0802c61d   Thumb Code     6  basic.o(x$fpl$basic)
    _dabs                                    0x0802c623   Thumb Code     6  basic.o(x$fpl$basic)
    _fabs                                    0x0802c629   Thumb Code     6  basic.o(x$fpl$basic)
    __aeabi_d2f                              0x0802c631   Thumb Code     0  d2f.o(x$fpl$d2f)
    _d2f                                     0x0802c631   Thumb Code    98  d2f.o(x$fpl$d2f)
    __aeabi_dadd                             0x0802c695   Thumb Code     0  daddsub_clz.o(x$fpl$dadd)
    _dadd                                    0x0802c695   Thumb Code   332  daddsub_clz.o(x$fpl$dadd)
    __fpl_dcheck_NaN1                        0x0802c7e5   Thumb Code    10  dcheck1.o(x$fpl$dcheck1)
    __fpl_dcmp_Inf                           0x0802c7f5   Thumb Code    24  dcmpi.o(x$fpl$dcmpinf)
    __aeabi_ddiv                             0x0802c80d   Thumb Code     0  ddiv.o(x$fpl$ddiv)
    _ddiv                                    0x0802c80d   Thumb Code   552  ddiv.o(x$fpl$ddiv)
    __aeabi_cdcmpeq                          0x0802cabd   Thumb Code     0  deqf.o(x$fpl$deqf)
    _dcmpeq                                  0x0802cabd   Thumb Code   120  deqf.o(x$fpl$deqf)
    __aeabi_d2iz                             0x0802cb35   Thumb Code     0  dfix.o(x$fpl$dfix)
    _dfix                                    0x0802cb35   Thumb Code    94  dfix.o(x$fpl$dfix)
    __aeabi_i2d                              0x0802cb93   Thumb Code     0  dflt_clz.o(x$fpl$dflt)
    _dflt                                    0x0802cb93   Thumb Code    46  dflt_clz.o(x$fpl$dflt)
    __aeabi_ui2d                             0x0802cbc1   Thumb Code     0  dflt_clz.o(x$fpl$dfltu)
    _dfltu                                   0x0802cbc1   Thumb Code    38  dflt_clz.o(x$fpl$dfltu)
    __aeabi_cdcmple                          0x0802cbe9   Thumb Code     0  dleqf.o(x$fpl$dleqf)
    _dcmple                                  0x0802cbe9   Thumb Code   120  dleqf.o(x$fpl$dleqf)
    __fpl_dcmple_InfNaN                      0x0802cc4b   Thumb Code     0  dleqf.o(x$fpl$dleqf)
    __aeabi_dmul                             0x0802cc61   Thumb Code     0  dmul.o(x$fpl$dmul)
    _dmul                                    0x0802cc61   Thumb Code   332  dmul.o(x$fpl$dmul)
    __fpl_dnaninf                            0x0802cdb5   Thumb Code   156  dnaninf.o(x$fpl$dnaninf)
    __fpl_dretinf                            0x0802ce51   Thumb Code    12  dretinf.o(x$fpl$dretinf)
    __aeabi_cdrcmple                         0x0802ce5d   Thumb Code     0  drleqf.o(x$fpl$drleqf)
    _drcmple                                 0x0802ce5d   Thumb Code   108  drleqf.o(x$fpl$drleqf)
    __aeabi_drsub                            0x0802cec9   Thumb Code     0  daddsub_clz.o(x$fpl$drsb)
    _drsb                                    0x0802cec9   Thumb Code    22  daddsub_clz.o(x$fpl$drsb)
    _dsqrt                                   0x0802cee1   Thumb Code   404  dsqrt_umaal.o(x$fpl$dsqrt)
    __aeabi_dsub                             0x0802d079   Thumb Code     0  daddsub_clz.o(x$fpl$dsub)
    _dsub                                    0x0802d079   Thumb Code   464  daddsub_clz.o(x$fpl$dsub)
    __aeabi_f2d                              0x0802d24d   Thumb Code     0  f2d.o(x$fpl$f2d)
    _f2d                                     0x0802d24d   Thumb Code    86  f2d.o(x$fpl$f2d)
    __aeabi_ul2f                             0x0802d2a3   Thumb Code     0  ffltll_clz.o(x$fpl$ffltll)
    _ll_uto_f                                0x0802d2a3   Thumb Code     6  ffltll_clz.o(x$fpl$ffltll)
    __aeabi_l2f                              0x0802d2a9   Thumb Code     0  ffltll_clz.o(x$fpl$ffltll)
    _ll_sto_f                                0x0802d2a9   Thumb Code    90  ffltll_clz.o(x$fpl$ffltll)
    __fpl_fnaninf                            0x0802d303   Thumb Code   140  fnaninf.o(x$fpl$fnaninf)
    _fp_init                                 0x0802d38f   Thumb Code    10  fpinit.o(x$fpl$fpinit)
    __fplib_config_fpu_vfp                   0x0802d397   Thumb Code     0  fpinit.o(x$fpl$fpinit)
    __fplib_config_pureend_doubles           0x0802d397   Thumb Code     0  fpinit.o(x$fpl$fpinit)
    __fpl_fretinf                            0x0802d399   Thumb Code    10  fretinf.o(x$fpl$fretinf)
    __fpl_return_NaN                         0x0802d3a3   Thumb Code   100  retnan.o(x$fpl$retnan)
    __ARM_scalbn                             0x0802d407   Thumb Code    92  scalbn.o(x$fpl$scalbn)
    __fpl_cmpreturn                          0x0802d463   Thumb Code    48  trapv.o(x$fpl$trapveneer)
    OSUnMapTbl                               0x0802d492   Data         256  os_core.o(.constdata)
    __I$use$fp                               0x0802d492   Number         0  usenofp.o(x$fpl$usenofp)
    __mathlib_zero                           0x0802d950   Data           8  qnan.o(.constdata)
    Region$$Table$$Base                      0x0802da48   Number         0  anon$$obj.o(Region$$Table)
    Region$$Table$$Limit                     0x0802da68   Number         0  anon$$obj.o(Region$$Table)
    gpsData                                  0x20000000   Data         152  ublox.o(.ccm)
    ubloxData                                0x20000098   Data         548  ublox.o(.ccm)
    ccmHeap                                  0x200002bc   Data       40960  alt_kf.o(.ccm)
    fly_ready                                0x2000a2c0   Data           1  ucos_task.o(.data)
    inner_loop_time_time                     0x2000a2c4   Data           4  ucos_task.o(.data)
    inner_loop_time_time_int                 0x2000a2c8   Data           4  ucos_task.o(.data)
    GOL_LINK_BUSY                            0x2000a2cc   Data           2  ucos_task.o(.data)
    YawR                                     0x2000a2d0   Data           4  ucos_task.o(.data)
    PitchR                                   0x2000a2d4   Data           4  ucos_task.o(.data)
    RollR                                    0x2000a2d8   Data           4  ucos_task.o(.data)
    outer_loop_time                          0x2000a2dc   Data           4  ucos_task.o(.data)
    ekf_loop_time                            0x2000a2e0   Data           4  ucos_task.o(.data)
    flag_mag                                 0x2000a2e4   Data          12  ucos_task.o(.data)
    Kp_ekf                                   0x2000a2f0   Data           4  ucos_task.o(.data)
    Kp_ekf_pr                                0x2000a2f4   Data           4  ucos_task.o(.data)
    focal_length_px                          0x2000a2f8   Data           4  ucos_task.o(.data)
    accumulated_flow_x                       0x2000a2fc   Data           4  ucos_task.o(.data)
    accumulated_flow_y                       0x2000a300   Data           4  ucos_task.o(.data)
    accumulated_gyro_x                       0x2000a304   Data           4  ucos_task.o(.data)
    accumulated_gyro_y                       0x2000a308   Data           4  ucos_task.o(.data)
    accumulated_gyro_z                       0x2000a30c   Data           4  ucos_task.o(.data)
    accumulated_framecount                   0x2000a310   Data           2  ucos_task.o(.data)
    accumulated_quality                      0x2000a312   Data           2  ucos_task.o(.data)
    integration_timespan                     0x2000a314   Data           4  ucos_task.o(.data)
    k_flow_acc                               0x2000a318   Data           8  ucos_task.o(.data)
    k_gro_acc                                0x2000a320   Data           4  ucos_task.o(.data)
    flt_gro                                  0x2000a324   Data           4  ucos_task.o(.data)
    k_time_use                               0x2000a328   Data           4  ucos_task.o(.data)
    MID_CNT_SPD                              0x2000a32c   Data           1  ucos_task.o(.data)
    k_flp                                    0x2000a330   Data           4  ucos_task.o(.data)
    b                                        0x2000a388   Data          12  ucos_task.o(.data)
    a                                        0x2000a394   Data          12  ucos_task.o(.data)
    baro_matlab_data                         0x2000a3a0   Data           8  ucos_task.o(.data)
    flow_loop_time                           0x2000a3a8   Data           4  ucos_task.o(.data)
    en_imu_debug                             0x2000a3ac   Data           1  ucos_task.o(.data)
    force_imu_debug                          0x2000a3ad   Data           1  ucos_task.o(.data)
    UART_UP_LOAD_SEL                         0x2000a3ae   Data           1  ucos_task.o(.data)
    time_uart                                0x2000a3b0   Data           4  ucos_task.o(.data)
    tmr1                                     0x2000a3b4   Data           4  ucos_task.o(.data)
    tmr2                                     0x2000a3b8   Data           4  ucos_task.o(.data)
    tmr3                                     0x2000a3bc   Data           4  ucos_task.o(.data)
    cpuusage                                 0x2000a3c0   Data           2  ucos_task.o(.data)
    msg_key                                  0x2000a3ec   Data           4  main.o(.data)
    q_msg                                    0x2000a3f0   Data           4  main.o(.data)
    flags_key                                0x2000a3f4   Data           4  main.o(.data)
    SystemCoreClock                          0x2000a3f8   Data           4  system_stm32f4xx.o(.data)
    AHBPrescTable                            0x2000a3fc   Data          16  system_stm32f4xx.o(.data)
    OSCtxSwCtr                               0x2000a420   Data           4  os_core.o(.data)
    OSEventFreeList                          0x2000a424   Data           4  os_core.o(.data)
    OSFlagFreeList                           0x2000a428   Data           4  os_core.o(.data)
    OSCPUUsage                               0x2000a42c   Data           1  os_core.o(.data)
    OSIdleCtrMax                             0x2000a430   Data           4  os_core.o(.data)
    OSIdleCtrRun                             0x2000a434   Data           4  os_core.o(.data)
    OSStatRdy                                0x2000a438   Data           1  os_core.o(.data)
    OSIntNesting                             0x2000a439   Data           1  os_core.o(.data)
    OSLockNesting                            0x2000a43a   Data           1  os_core.o(.data)
    OSPrioCur                                0x2000a43b   Data           1  os_core.o(.data)
    OSPrioHighRdy                            0x2000a43c   Data           1  os_core.o(.data)
    OSRdyGrp                                 0x2000a43d   Data           1  os_core.o(.data)
    OSRdyTbl                                 0x2000a43e   Data           8  os_core.o(.data)
    OSRunning                                0x2000a446   Data           1  os_core.o(.data)
    OSTaskCtr                                0x2000a447   Data           1  os_core.o(.data)
    OSIdleCtr                                0x2000a448   Data           4  os_core.o(.data)
    OSTCBCur                                 0x2000a44c   Data           4  os_core.o(.data)
    OSTCBFreeList                            0x2000a450   Data           4  os_core.o(.data)
    OSTCBHighRdy                             0x2000a454   Data           4  os_core.o(.data)
    OSTCBList                                0x2000a458   Data           4  os_core.o(.data)
    OSTickStepState                          0x2000a45c   Data           1  os_core.o(.data)
    OSQFreeList                              0x2000a460   Data           4  os_core.o(.data)
    OSTime                                   0x2000a464   Data           4  os_core.o(.data)
    OSTmrFree                                0x2000a468   Data           2  os_core.o(.data)
    OSTmrUsed                                0x2000a46a   Data           2  os_core.o(.data)
    OSTmrTime                                0x2000a46c   Data           4  os_core.o(.data)
    OSTmrSem                                 0x2000a470   Data           4  os_core.o(.data)
    OSTmrSemSignal                           0x2000a474   Data           4  os_core.o(.data)
    OSTmrFreeList                            0x2000a478   Data           4  os_core.o(.data)
    OSInterrputSum                           0x2000a47c   Data           4  os_cpu_c.o(.data)
    GPS_SEL1                                 0x2000a484   Data           1  gps.o(.data)
    gps_dt                                   0x2000a488   Data           4  gps.o(.data)
    sum                                      0x2000a48c   Data           2  iic_sonar.o(.data)
    I2C_FastMode                             0x2000a48e   Data           1  iic_soft.o(.data)
    FLASH_SIZE                               0x2000a498   Data           4  flash.o(.data)
    W25QXX_TYPE                              0x2000a49c   Data           2  flash_w25.o(.data)
    sysTickUptime                            0x2000a4a0   Data           4  time.o(.data)
    time_1h                                  0x2000a4a4   Data           4  time.o(.data)
    time_1m                                  0x2000a4a8   Data           4  time.o(.data)
    time_1s                                  0x2000a4ac   Data           4  time.o(.data)
    time_1ms                                 0x2000a4b0   Data           4  time.o(.data)
    dt_flow_rx                               0x2000a4b4   Data           4  usart_fc.o(.data)
    data_rate_gol_link                       0x2000a4b8   Data           2  usart_fc.o(.data)
    LOCK                                     0x2000a4ba   Data           1  usart_fc.o(.data)
    KEY                                      0x2000a4bb   Data           8  usart_fc.o(.data)
    KEY_SEL                                  0x2000a4c3   Data           4  usart_fc.o(.data)
    NAV_BOARD_CONNECT                        0x2000a4c7   Data           1  usart_fc.o(.data)
    force_fly_ready                          0x2000a4c8   Data           1  usart_fc.o(.data)
    k_flow_opencv                            0x2000a4cc   Data           4  usart_fc.o(.data)
    sonar_fc                                 0x2000a4d0   Data           4  usart_fc.o(.data)
    TxCounter                                0x2000a4d4   Data           1  usart_fc.o(.data)
    count                                    0x2000a4d5   Data           1  usart_fc.o(.data)
    RxState                                  0x2000a4d6   Data           1  usart_fc.o(.data)
    RxBufferNum                              0x2000a4d7   Data           1  usart_fc.o(.data)
    RxBufferCnt                              0x2000a4d8   Data           1  usart_fc.o(.data)
    RxLen                                    0x2000a4d9   Data           1  usart_fc.o(.data)
    com_data                                 0x2000a4da   Data           1  usart_fc.o(.data)
    nrf_uart_cnt                             0x2000a4de   Data           2  usart_fc.o(.data)
    Tx5Counter                               0x2000a4e0   Data           1  usart_fc.o(.data)
    count5                                   0x2000a4e1   Data           1  usart_fc.o(.data)
    dlf_odroid                               0x2000a4e4   Data           4  usart_fc.o(.data)
    TxCounter_u1                             0x2000a4e8   Data           1  usart_fc.o(.data)
    count_u1                                 0x2000a4e9   Data           1  usart_fc.o(.data)
    RxState_u1                               0x2000a4ea   Data           1  usart_fc.o(.data)
    RxBufferNum_u1                           0x2000a4eb   Data           1  usart_fc.o(.data)
    RxBufferCnt_u1                           0x2000a4ec   Data           1  usart_fc.o(.data)
    RxLen_u1                                 0x2000a4ed   Data           1  usart_fc.o(.data)
    USART3_RX_STA                            0x2000a4f0   Data           2  usart_fc.o(.data)
    buf_GPRMC                                0x2000a4f2   Data         100  usart_fc.o(.data)
    buf_GPRMCt                               0x2000a556   Data         100  usart_fc.o(.data)
    buf_GPGGA                                0x2000a5ba   Data         100  usart_fc.o(.data)
    buf_GPGGAt                               0x2000a61e   Data         100  usart_fc.o(.data)
    gps_good                                 0x2000a682   Data           1  usart_fc.o(.data)
    gps_loss_cnt                             0x2000a684   Data           2  usart_fc.o(.data)
    rate_gps_board                           0x2000a688   Data           4  usart_fc.o(.data)
    RxState3                                 0x2000a68c   Data           1  usart_fc.o(.data)
    RxBufferNum3                             0x2000a68d   Data           1  usart_fc.o(.data)
    RxBufferCnt3                             0x2000a68e   Data           1  usart_fc.o(.data)
    RxLen3                                   0x2000a68f   Data           1  usart_fc.o(.data)
    Angle_Yun                                0x2000a694   Data           8  usart_fc.o(.data)
    en_ble_debug                             0x2000a69c   Data           1  usart_fc.o(.data)
    IMU1_Fast                                0x2000a6b8   Data           1  lis3mdl.o(.data)
    id                                       0x2000a6b9   Data           3  lis3mdl.o(.data)
    mpu6050_ok                               0x2000a798   Data           1  mpu6050.o(.data)
    test_ang                                 0x2000a844   Data           4  mpu6050.o(.data)
    test_ang_old                             0x2000a848   Data           4  mpu6050.o(.data)
    test_ang_d                               0x2000a84c   Data           4  mpu6050.o(.data)
    test_fli_a                               0x2000a850   Data           4  mpu6050.o(.data)
    test_i                                   0x2000a854   Data           4  mpu6050.o(.data)
    acc_max                                  0x2000a858   Data          12  mpu6050.o(.data)
    acc_min                                  0x2000a864   Data          12  mpu6050.o(.data)
    EN_TUO_ACC_FIX                           0x2000a870   Data           1  mpu6050.o(.data)
    ak8975                                   0x2000a878   Data          48  hml_sample.o(.data)
    ak8975_ok                                0x2000a8f8   Data           1  hml_sample.o(.data)
    Mag_CALIBRATED                           0x2000a8f9   Data           1  hml_sample.o(.data)
    Mag_CALIBRATED_R                         0x2000a8fa   Data           1  hml_sample.o(.data)
    HMC5883_lastx                            0x2000a8fc   Data           4  hml_sample.o(.data)
    HMC5883_lasty                            0x2000a900   Data           4  hml_sample.o(.data)
    HMC5883_lastz                            0x2000a904   Data           4  hml_sample.o(.data)
    HMC5883_maxx                             0x2000a908   Data           2  hml_sample.o(.data)
    HMC5883_maxy                             0x2000a90a   Data           2  hml_sample.o(.data)
    HMC5883_maxz                             0x2000a90c   Data           2  hml_sample.o(.data)
    HMC5883_minx                             0x2000a90e   Data           2  hml_sample.o(.data)
    HMC5883_miny                             0x2000a910   Data           2  hml_sample.o(.data)
    HMC5883_minz                             0x2000a912   Data           2  hml_sample.o(.data)
    k_flow_devide                            0x2000a94c   Data           4  flow.o(.data)
    flow_module_offset_y                     0x2000a950   Data           4  flow.o(.data)
    flow_module_offset_x                     0x2000a954   Data           4  flow.o(.data)
    paOffsetNum                              0x2000a9c8   Data           8  ms5611_2.o(.data)
    paInitCnt                                0x2000a9d0   Data           2  ms5611_2.o(.data)
    paOffsetInited                           0x2000a9d2   Data           1  ms5611_2.o(.data)
    Baro_ALT_Updated                         0x2000a9d3   Data           1  ms5611_2.o(.data)
    MS5611_Temperature                       0x2000a9d4   Data           4  ms5611_2.o(.data)
    MS5611_Pressure                          0x2000a9d8   Data           4  ms5611_2.o(.data)
    MS5611_Altitude                          0x2000a9dc   Data           4  ms5611_2.o(.data)
    MS5611_VerticalSpeed                     0x2000a9e0   Data           4  ms5611_2.o(.data)
    MS5611_Delay_us                          0x2000a9e4   Data          36  ms5611_2.o(.data)
    for_fly_ready                            0x2000aa16   Data           1  ms5611_2.o(.data)
    baroAlt                                  0x2000aa18   Data           4  ms5611_2.o(.data)
    baro_set                                 0x2000aa1c   Data           1  ms5611_2.o(.data)
    T_sonar                                  0x2000aa30   Data           4  ultrasonic.o(.data)
    ultra_start_f                            0x2000aa34   Data           1  ultrasonic.o(.data)
    ultra_time                               0x2000aa35   Data           1  ultrasonic.o(.data)
    ultra_ok                                 0x2000aa36   Data           1  ultrasonic.o(.data)
    x_pred                                   0x2000aa38   Data           8  ultrasonic.o(.data)
    v_pred                                   0x2000aa40   Data           8  ultrasonic.o(.data)
    x_post                                   0x2000aa48   Data           8  ultrasonic.o(.data)
    v_post                                   0x2000aa50   Data           8  ultrasonic.o(.data)
    sonar_raw                                0x2000aa58   Data           4  ultrasonic.o(.data)
    scale_kal_sonar_v                        0x2000aa5c   Data           4  ultrasonic.o(.data)
    x_pred_bmp                               0x2000aa60   Data           8  ultrasonic.o(.data)
    v_pred_bmp                               0x2000aa68   Data           8  ultrasonic.o(.data)
    x_post_bmp                               0x2000aa70   Data           8  ultrasonic.o(.data)
    v_post_bmp                               0x2000aa78   Data           8  ultrasonic.o(.data)
    state_dj                                 0x2000aa80   Data           5  ultrasonic.o(.data)
    state_dj_rx                              0x2000aa85   Data           5  ultrasonic.o(.data)
    IO_STATE                                 0x2000aa8a   Data           5  ultrasonic.o(.data)
    IO_STATER                                0x2000aa8f   Data           5  ultrasonic.o(.data)
    TEMP_SONAR                               0x2000aa94   Data           4  ultrasonic.o(.data)
    cnt_sample1                              0x2000aa98   Data           4  ultrasonic.o(.data)
    ultra_distance                           0x2000aa9c   Data           4  ultrasonic.o(.data)
    ultra_distance_r                         0x2000aaa0   Data           4  ultrasonic.o(.data)
    ultra_delta                              0x2000aaa4   Data           4  ultrasonic.o(.data)
    flt_laser                                0x2000aac0   Data           4  laser.o(.data)
    rate_use                                 0x2000aac4   Data           8  laser.o(.data)
    altUkfData                               0x2000aad0   Data           8  alt_kf.o(.data)
    altUkfData_sonar                         0x2000aad8   Data           8  alt_kf.o(.data)
    altUkfData_bmp                           0x2000aae0   Data           8  alt_kf.o(.data)
    flowUkfData_x                            0x2000aae8   Data           8  alt_kf.o(.data)
    flowUkfData_y                            0x2000aaf0   Data           8  alt_kf.o(.data)
    gpsUkfData_e                             0x2000aaf8   Data           8  alt_kf.o(.data)
    gpsUkfData_n                             0x2000ab00   Data           8  alt_kf.o(.data)
    heapUsed                                 0x2000ab08   Data           4  alt_kf.o(.data)
    heapHighWater                            0x2000ab0c   Data           4  alt_kf.o(.data)
    dataSramUsed                             0x2000ab10   Data           4  alt_kf.o(.data)
    FLOW_NOISE                               0x2000ab14   Data           4  alt_kf.o(.data)
    flow_pos                                 0x2000ab18   Data           8  alt_kf.o(.data)
    measure_num                              0x2000ab20   Data           1  alt_kf.o(.data)
    k_acc                                    0x2000ab28   Data           4  alt_kf.o(.data)
    sonar_av_cnt                             0x2000ab2c   Data           2  alt_kf.o(.data)
    sonar_f_set                              0x2000ab30   Data          24  alt_kf.o(.data)
    ALT_PRES_NOISE                           0x2000ab48   Data           4  alt_kf.o(.data)
    ALT_PRES_NOISE_SONAR                     0x2000ab4c   Data           4  alt_kf.o(.data)
    ALT_POS_SONAR2                           0x2000ab50   Data           4  alt_kf.o(.data)
    ALT_POS_SONAR3                           0x2000ab54   Data           4  alt_kf.o(.data)
    sonar_h_cnt                              0x2000ab58   Data           4  alt_kf.o(.data)
    sonar_temp                               0x2000ab5c   Data           4  alt_kf.o(.data)
    K_SONAR                                  0x2000ab60   Data           4  alt_kf.o(.data)
    test_1                                   0x2000ab64   Data           2  alt_kf.o(.data)
    en_1                                     0x2000ab66   Data           1  alt_kf.o(.data)
    NOISE                                    0x2000ab68   Data          12  alt_kf.o(.data)
    X_apo_height1                            0x2000ab74   Data           8  alt_kf.o(.data)
    P_apo_k_height1                          0x2000ab7c   Data          16  alt_kf.o(.data)
    r_baro1                                  0x2000ab8c   Data           4  alt_kf.o(.data)
    r_acc1                                   0x2000ab90   Data           4  alt_kf.o(.data)
    k_spd                                    0x2000ab94   Data           4  alt_kf.o(.data)
    gh                                       0x2000ab98   Data           4  alt_kf.o(.data)
    gh_sonar                                 0x2000ab9c   Data           4  alt_kf.o(.data)
    ga                                       0x2000aba0   Data           4  alt_kf.o(.data)
    gwa                                      0x2000aba4   Data           4  alt_kf.o(.data)
    P_kf_baro                                0x2000aba8   Data          72  alt_kf.o(.data)
    P_kf_sonar                               0x2000abf0   Data          72  alt_kf.o(.data)
    X_apo_height                             0x2000ac38   Data           8  alt_kf.o(.data)
    P_apo_k_height                           0x2000ac40   Data          16  alt_kf.o(.data)
    k_bais                                   0x2000ac50   Data           4  alt_kf.o(.data)
    k_bais2                                  0x2000ac54   Data           4  alt_kf.o(.data)
    r_baro                                   0x2000ac58   Data           4  alt_kf.o(.data)
    r_acc                                    0x2000ac5c   Data           4  alt_kf.o(.data)
    gro_z_dead                               0x2000ac60   Data           4  alt_kf.o(.data)
    dead_accz                                0x2000ac64   Data           4  alt_kf.o(.data)
    acc_off_baro                             0x2000ac68   Data           4  alt_kf.o(.data)
    k_hcc                                    0x2000ac6c   Data           4  alt_kf.o(.data)
    k_hcc_fix                                0x2000ac70   Data           4  alt_kf.o(.data)
    hc_acc_i_bmp                             0x2000ac74   Data           4  alt_kf.o(.data)
    accz                                     0x2000ac78   Data           4  alt_kf.o(.data)
    accz_bmp                                 0x2000ac7c   Data           4  alt_kf.o(.data)
    acc_scale_bmp                            0x2000ac80   Data           4  alt_kf.o(.data)
    acc_mask                                 0x2000ac84   Data           1  alt_kf.o(.data)
    acc_mask_cnt_max                         0x2000ac86   Data           2  alt_kf.o(.data)
    baro_ukf_dt                              0x2000ac88   Data           4  alt_kf.o(.data)
    baro_ekf_dt                              0x2000ac8c   Data           4  alt_kf.o(.data)
    k_flt_accz                               0x2000ac90   Data           4  alt_kf.o(.data)
    acc_est                                  0x2000ac94   Data           4  alt_kf.o(.data)
    acc_est_imu                              0x2000ac98   Data           4  alt_kf.o(.data)
    baro_ekf_ero                             0x2000ac9c   Data           1  alt_kf.o(.data)
    ALT_VEL_BMP_UNION                        0x2000aca0   Data           4  alt_kf.o(.data)
    ALT_POS_BMP_UNION                        0x2000aca4   Data           4  alt_kf.o(.data)
    baroAlt_sel                              0x2000aca8   Data           1  alt_kf.o(.data)
    acc_flag                                 0x2000acac   Data           8  alt_kf.o(.data)
    k_acc_ukf                                0x2000acb4   Data           4  alt_kf.o(.data)
    MAX_ACC_NEO                              0x2000acb8   Data           4  alt_kf.o(.data)
    flow_dt                                  0x2000acbc   Data           4  alt_kf.o(.data)
    GPS_NOISE                                0x2000acc0   Data           4  alt_kf.o(.data)
    k_acc_fpl_gps                            0x2000acc4   Data           4  alt_kf.o(.data)
    q_pos                                    0x2000acc8   Data           4  alt_kf.o(.data)
    v_q                                      0x2000accc   Data           4  alt_kf.o(.data)
    v_bais                                   0x2000acd0   Data           4  alt_kf.o(.data)
    s_bais                                   0x2000acd4   Data           4  alt_kf.o(.data)
    ALT_STATE_POS1                           0x2000acd8   Data           4  alt_kf.o(.data)
    ALT_STATE_VEL1                           0x2000acdc   Data           4  alt_kf.o(.data)
    ALT_STATE_BIAS1                          0x2000ace0   Data           4  alt_kf.o(.data)
    ALT_NOISE_BIAS1                          0x2000ace4   Data           4  alt_kf.o(.data)
    ALT_NOISE_VEL1                           0x2000ace8   Data           4  alt_kf.o(.data)
    ALT_STATE_POS_GPS                        0x2000acec   Data           4  alt_kf.o(.data)
    ALT_STATE_VEL_GPS                        0x2000acf0   Data           4  alt_kf.o(.data)
    ALT_STATE_BIAS_GPS                       0x2000acf4   Data           4  alt_kf.o(.data)
    ALT_NOISE_BIAS_GPS                       0x2000acf8   Data           4  alt_kf.o(.data)
    ALT_NOISE_VEL_GPS                        0x2000acfc   Data           4  alt_kf.o(.data)
    fast_atan_table                          0x2000ad48   Data        1028  my_math.o(.data)
    ero                                      0x2000b14c   Data           4  error.o(.data)
    sys                                      0x2000b150   Data           8  error.o(.data)
    Kp                                       0x2000b168   Data           4  imu.o(.data)
    Ki                                       0x2000b16c   Data           4  imu.o(.data)
    Roll                                     0x2000b170   Data           4  imu.o(.data)
    Pitch                                    0x2000b174   Data           4  imu.o(.data)
    Yaw                                      0x2000b178   Data           4  imu.o(.data)
    Roll_mid_down                            0x2000b17c   Data           4  imu.o(.data)
    Pitch_mid_down                           0x2000b180   Data           4  imu.o(.data)
    Yaw_mid_down                             0x2000b184   Data           4  imu.o(.data)
    ref_q                                    0x2000b188   Data          16  imu.o(.data)
    norm_acc                                 0x2000b198   Data           4  imu.o(.data)
    norm_q                                   0x2000b19c   Data           4  imu.o(.data)
    norm_acc_lpf                             0x2000b1a0   Data           4  imu.o(.data)
    test_flag                                0x2000b1a4   Data          12  imu.o(.data)
    mag_norm                                 0x2000b1b0   Data           4  imu.o(.data)
    mag_norm_xyz                             0x2000b1b4   Data           4  imu.o(.data)
    gh_yaw                                   0x2000b1b8   Data           4  imu.o(.data)
    ga_yaw                                   0x2000b1bc   Data           4  imu.o(.data)
    gw_yaw                                   0x2000b1c0   Data           4  imu.o(.data)
    yaw_kf                                   0x2000b1c4   Data           4  imu.o(.data)
    P_kf_yaw                                 0x2000b1c8   Data          32  imu.o(.data)
    k_kf_z                                   0x2000b1e8   Data           4  imu.o(.data)
    yaw_cross                                0x2000b1ec   Data           1  imu.o(.data)
    yaw_qr_off                               0x2000b1f0   Data           4  imu.o(.data)
    dis_angle_lock                           0x2000b1f4   Data           1  imu.o(.data)
    yaw_cal_by_qr                            0x2000b1f5   Data           1  imu.o(.data)
    yaw_qr_off_local                         0x2000b1f8   Data           4  imu.o(.data)
    Mag_P                                    0x2000b1fc   Data           4  imu.o(.data)
    Mag_R                                    0x2000b200   Data           4  imu.o(.data)
    Mag_Y                                    0x2000b204   Data           4  imu.o(.data)
    exAcc                                    0x2000b208   Data           4  imu.o(.data)
    eyAcc                                    0x2000b20c   Data           4  imu.o(.data)
    ezAcc                                    0x2000b210   Data           4  imu.o(.data)
    exAccInt                                 0x2000b214   Data           4  imu.o(.data)
    eyAccInt                                 0x2000b218   Data           4  imu.o(.data)
    ezAccInt                                 0x2000b21c   Data           4  imu.o(.data)
    exMag                                    0x2000b220   Data           4  imu.o(.data)
    eyMag                                    0x2000b224   Data           4  imu.o(.data)
    ezMag                                    0x2000b228   Data           4  imu.o(.data)
    exMagInt                                 0x2000b22c   Data           4  imu.o(.data)
    eyMagInt                                 0x2000b230   Data           4  imu.o(.data)
    ezMagInt                                 0x2000b234   Data           4  imu.o(.data)
    kpAcc                                    0x2000b238   Data           4  imu.o(.data)
    kiAcc                                    0x2000b23c   Data           4  imu.o(.data)
    q0_m1                                    0x2000b240   Data           4  imu.o(.data)
    q1_m1                                    0x2000b244   Data           4  imu.o(.data)
    q2_m1                                    0x2000b248   Data           4  imu.o(.data)
    q3_m1                                    0x2000b24c   Data           4  imu.o(.data)
    q0q0                                     0x2000b250   Data           4  imu.o(.data)
    q0q1                                     0x2000b254   Data           4  imu.o(.data)
    q0q2                                     0x2000b258   Data           4  imu.o(.data)
    q0q3                                     0x2000b25c   Data           4  imu.o(.data)
    q1q1                                     0x2000b260   Data           4  imu.o(.data)
    q1q2                                     0x2000b264   Data           4  imu.o(.data)
    q1q3                                     0x2000b268   Data           4  imu.o(.data)
    q2q2                                     0x2000b26c   Data           4  imu.o(.data)
    q2q3                                     0x2000b270   Data           4  imu.o(.data)
    q3q3                                     0x2000b274   Data           4  imu.o(.data)
    halfT                                    0x2000b278   Data           4  imu.o(.data)
    MargAHRSinitialized                      0x2000b27c   Data           1  imu.o(.data)
    KpAcc                                    0x2000b280   Data           4  imu.o(.data)
    KiAcc                                    0x2000b284   Data           4  imu.o(.data)
    KpMag                                    0x2000b288   Data           4  imu.o(.data)
    KiMag                                    0x2000b28c   Data           4  imu.o(.data)
    accConfidenceDecay                       0x2000b290   Data           4  imu.o(.data)
    accConfidence                            0x2000b294   Data           4  imu.o(.data)
    ref_q_imd_down                           0x2000b2b0   Data          16  imu_m.o(.data)
    beta                                     0x2000b2c0   Data           4  imu_m.o(.data)
    q0_m                                     0x2000b2c4   Data           4  imu_m.o(.data)
    q1_m                                     0x2000b2c8   Data           4  imu_m.o(.data)
    q2_m                                     0x2000b2cc   Data           4  imu_m.o(.data)
    q3_m                                     0x2000b2d0   Data           4  imu_m.o(.data)
    q0                                       0x2000b2d4   Data           4  imu_m.o(.data)
    q1                                       0x2000b2d8   Data           4  imu_m.o(.data)
    q2                                       0x2000b2dc   Data           4  imu_m.o(.data)
    q3                                       0x2000b2e0   Data           4  imu_m.o(.data)
    q0_fc                                    0x2000b2e4   Data           4  imu_m.o(.data)
    q1_fc                                    0x2000b2e8   Data           4  imu_m.o(.data)
    q2_fc                                    0x2000b2ec   Data           4  imu_m.o(.data)
    q3_fc                                    0x2000b2f0   Data           4  imu_m.o(.data)
    init_q                                   0x2000b2f4   Data           1  imu_m.o(.data)
    twoKp                                    0x2000b2f8   Data           4  imu_m.o(.data)
    twoKi                                    0x2000b2fc   Data           4  imu_m.o(.data)
    twoKp_s                                  0x2000b300   Data           4  imu_m.o(.data)
    integralFBx                              0x2000b304   Data           4  imu_m.o(.data)
    integralFBy                              0x2000b308   Data           4  imu_m.o(.data)
    integralFBz                              0x2000b30c   Data           4  imu_m.o(.data)
    ekf_hml_flag                             0x2000b314   Data          12  ukf_task.o(.data)
    q_flow                                   0x2000b320   Data          12  ukf_task.o(.data)
    r_flow                                   0x2000b32c   Data          12  ukf_task.o(.data)
    flow_gain                                0x2000b338   Data           4  ukf_task.o(.data)
    acc_flag_flow                            0x2000b33c   Data           8  ukf_task.o(.data)
    X_ukf_Pos                                0x2000b344   Data           8  ukf_task.o(.data)
    r1                                       0x2000b34c   Data           4  ukf_task.o(.data)
    r2                                       0x2000b350   Data           4  ukf_task.o(.data)
    posNorth                                 0x2000b354   Data           4  ukf_task.o(.data)
    posEast                                  0x2000b358   Data           4  ukf_task.o(.data)
    local_Lat                                0x2000b35c   Data           4  ukf_task.o(.data)
    local_Lon                                0x2000b360   Data           4  ukf_task.o(.data)
    velEast                                  0x2000b364   Data           4  ukf_task.o(.data)
    velNorth                                 0x2000b368   Data           4  ukf_task.o(.data)
    GPS_J_F                                  0x2000b36c   Data           4  ukf_task.o(.data)
    GPS_W_F                                  0x2000b370   Data           4  ukf_task.o(.data)
    kf_data_sel                              0x2000b374   Data           1  ukf_task.o(.data)
    ga_nav                                   0x2000b378   Data           4  ukf_task.o(.data)
    gwa_nav                                  0x2000b37c   Data           4  ukf_task.o(.data)
    g_pos_flow                               0x2000b380   Data           4  ukf_task.o(.data)
    g_spd_flow                               0x2000b384   Data           4  ukf_task.o(.data)
    K_pos_qr                                 0x2000b388   Data           4  ukf_task.o(.data)
    K_spd_flow                               0x2000b38c   Data           4  ukf_task.o(.data)
    K_acc_gps                                0x2000b390   Data           4  ukf_task.o(.data)
    K_pos_gps                                0x2000b394   Data           4  ukf_task.o(.data)
    K_spd_gps                                0x2000b398   Data           4  ukf_task.o(.data)
    g_pos_gps                                0x2000b39c   Data           4  ukf_task.o(.data)
    g_spd_gps                                0x2000b3a0   Data           4  ukf_task.o(.data)
    velNorth_gps                             0x2000b3a4   Data           4  ukf_task.o(.data)
    velEast_gps                              0x2000b3a8   Data           4  ukf_task.o(.data)
    flag_kf1                                 0x2000b3ac   Data           8  ukf_task.o(.data)
    force_test                               0x2000b3b4   Data           1  ukf_task.o(.data)
    Posx                                     0x2000b3b8   Data           4  ukf_task.o(.data)
    Posy                                     0x2000b3bc   Data           4  ukf_task.o(.data)
    rtInf                                    0x2000b3f0   Data           8  rt_nonfinite.o(.data)
    rtMinusInf                               0x2000b3f8   Data           8  rt_nonfinite.o(.data)
    rtNaN                                    0x2000b400   Data           8  rt_nonfinite.o(.data)
    rtInfF                                   0x2000b408   Data           4  rt_nonfinite.o(.data)
    rtMinusInfF                              0x2000b40c   Data           4  rt_nonfinite.o(.data)
    rtNaNF                                   0x2000b410   Data           4  rt_nonfinite.o(.data)
    INNER_TASK_STK                           0x2000b418   Data        1024  ucos_task.o(.bss)
    OUTER_TASK_STK                           0x2000b818   Data        1536  ucos_task.o(.bss)
    EKF_TASK_STK                             0x2000be18   Data       32768  ucos_task.o(.bss)
    fRealGyro                                0x20013e18   Data          12  ucos_task.o(.bss)
    fRealAccel                               0x20013e24   Data          12  ucos_task.o(.bss)
    fRealMag                                 0x20013e30   Data          12  ucos_task.o(.bss)
    fRealQ                                   0x20013e3c   Data          16  ucos_task.o(.bss)
    lQuat                                    0x20013e4c   Data          16  ucos_task.o(.bss)
    fRPY                                     0x20013e5c   Data          12  ucos_task.o(.bss)
    fQ                                       0x20013e68   Data          16  ucos_task.o(.bss)
    reference_v_ekf                          0x20013e78   Data          12  ucos_task.o(.bss)
    BARO_TASK_STK                            0x20013e84   Data        3072  ucos_task.o(.bss)
    SONAR_TASK_STK                           0x20014a84   Data         512  ucos_task.o(.bss)
    FLOW_TASK_STK                            0x20014c84   Data        2048  ucos_task.o(.bss)
    xBuf1                                    0x20015578   Data          12  ucos_task.o(.bss)
    yBuf1                                    0x20015584   Data          12  ucos_task.o(.bss)
    xBuf2                                    0x20015590   Data          12  ucos_task.o(.bss)
    yBuf2                                    0x2001559c   Data          12  ucos_task.o(.bss)
    xBuf3                                    0x200155a8   Data          12  ucos_task.o(.bss)
    yBuf3                                    0x200155b4   Data          12  ucos_task.o(.bss)
    acc_neo                                  0x200155c0   Data          12  ucos_task.o(.bss)
    flow_ground_temp                         0x200155cc   Data          16  ucos_task.o(.bss)
    flow_matlab_data                         0x200155dc   Data          16  ucos_task.o(.bss)
    UART_TASK_STK                            0x200155ec   Data         512  ucos_task.o(.bss)
    ERROR_TASK_STK                           0x200157ec   Data         256  ucos_task.o(.bss)
    START_TASK_STK                           0x20015934   Data         256  main.o(.bss)
    MsgGrp                                   0x20015a34   Data        1024  main.o(.bss)
    mcuID                                    0x20015e34   Data          12  main.o(.bss)
    OSEventTbl                               0x20015e40   Data         200  os_core.o(.bss)
    OSFlagTbl                                0x20015f08   Data          80  os_core.o(.bss)
    OSTaskStatStk                            0x20015f58   Data         512  os_core.o(.bss)
    OSTaskIdleStk                            0x20016158   Data         512  os_core.o(.bss)
    OSTCBPrioTbl                             0x20016358   Data         256  os_core.o(.bss)
    OSTCBTbl                                 0x20016458   Data        1848  os_core.o(.bss)
    OSQTbl                                   0x20016b90   Data         120  os_core.o(.bss)
    OSTmrTbl                                 0x20016c08   Data         640  os_core.o(.bss)
    OSTmrTaskStk                             0x20016e88   Data         512  os_core.o(.bss)
    OSTmrWheelTbl                            0x20017088   Data          64  os_core.o(.bss)
    FLASH_READ_BUF                           0x200170c8   Data          50  flash.o(.bss)
    FLASH_Buffer                             0x200170fa   Data          50  flash.o(.bss)
    W25QXX_BUFFER                            0x2001712c   Data        4096  flash_w25.o(.bss)
    Cycle_T                                  0x2001812c   Data         180  time.o(.bss)
    qr                                       0x200181e0   Data          44  usart_fc.o(.bss)
    color                                    0x2001820c   Data          20  usart_fc.o(.bss)
    HPID                                     0x20018220   Data          18  usart_fc.o(.bss)
    SPID                                     0x20018232   Data          18  usart_fc.o(.bss)
    FIX_PID                                  0x20018244   Data          18  usart_fc.o(.bss)
    NAV_PID                                  0x20018256   Data          18  usart_fc.o(.bss)
    pid                                      0x20018268   Data         224  usart_fc.o(.bss)
    Rc_Get                                   0x20018348   Data          20  usart_fc.o(.bss)
    plane                                    0x2001835c   Data         116  usart_fc.o(.bss)
    slam                                     0x200183d0   Data          20  usart_fc.o(.bss)
    imu_nav                                  0x200183e4   Data         104  usart_fc.o(.bss)
    mode                                     0x2001844c   Data          53  usart_fc.o(.bss)
    flow_debug                               0x20018484   Data          40  usart_fc.o(.bss)
    par                                      0x200184ac   Data          48  usart_fc.o(.bss)
    TxBuffer                                 0x200184dc   Data         256  usart_fc.o(.bss)
    Rx_Buf                                   0x200185dc   Data         256  usart_fc.o(.bss)
    RxBuffer                                 0x200186dc   Data          50  usart_fc.o(.bss)
    Tx5Buffer                                0x2001870e   Data         256  usart_fc.o(.bss)
    TxBuffer_u1                              0x2001880e   Data         256  usart_fc.o(.bss)
    Rx_Buf_u1                                0x2001890e   Data         256  usart_fc.o(.bss)
    RxBuffer_u1                              0x20018a0e   Data          50  usart_fc.o(.bss)
    USART3_TX_BUF                            0x20018a40   Data         800  usart_fc.o(.bss)
    USART3_RX_BUF                            0x20018d60   Data         800  usart_fc.o(.bss)
    USART1_TX_BUF                            0x20019080   Data         800  usart_fc.o(.bss)
    gpsx                                     0x200193a0   Data         125  usart_fc.o(.bss)
    buf_imu_dj                               0x2001941d   Data          20  usart_fc.o(.bss)
    angle_imu_dj                             0x20019434   Data          12  usart_fc.o(.bss)
    buf_GNVTG                                0x20019440   Data          65  usart_fc.o(.bss)
    laser_buf                                0x20019482   Data         720  usart_fc.o(.bss)
    Rx_Buf3                                  0x20019752   Data         256  usart_fc.o(.bss)
    RxBuffer3                                0x20019852   Data          50  usart_fc.o(.bss)
    SendBuff1                                0x20019884   Data          64  usart_fc.o(.bss)
    SendBuff2                                0x200198c4   Data         384  usart_fc.o(.bss)
    SendBuff3                                0x20019a44   Data          32  usart_fc.o(.bss)
    SendBuff4                                0x20019a64   Data          64  usart_fc.o(.bss)
    flow                                     0x20019aa8   Data         112  usart_fc.o(.bss)
    flow_rad                                 0x20019b18   Data          48  usart_fc.o(.bss)
    lis3mdl                                  0x20019b80   Data         248  lis3mdl.o(.bss)
    mpu6050                                  0x20019f68   Data         188  mpu6050.o(.bss)
    mpu6050_r                                0x2001a024   Data         188  mpu6050.o(.bss)
    imu_fushion                              0x2001a0e0   Data         188  mpu6050.o(.bss)
    mpu6050_buffer                           0x2001a19c   Data          14  mpu6050.o(.bss)
    mpu6050_tmp                              0x2001a444   Data          28  mpu6050.o(.bss)
    mpu6050_tmp_acc_circle                   0x2001a460   Data          28  mpu6050.o(.bss)
    mpu_fil_tmp                              0x2001a47c   Data          28  mpu6050.o(.bss)
    mpu_fil_tmp_acc_circle                   0x2001a498   Data          28  mpu6050.o(.bss)
    acc_off                                  0x2001a4b4   Data          12  mpu6050.o(.bss)
    acc_scale                                0x2001a4c0   Data          12  mpu6050.o(.bss)
    HMC5883_FIFO                             0x2001a5c0   Data          66  hml_sample.o(.bss)
    flow_per_out                             0x2001a668   Data          16  flow.o(.bss)
    now_dj                                   0x2001a6a8   Data          16  ultrasonic.o(.bss)
    lastUpdate_dj                            0x2001a6b8   Data          16  ultrasonic.o(.bss)
    Laser_avoid                              0x2001a6c8   Data         120  laser.o(.bss)
    hml_lsq                                  0x2001a740   Data          76  cycle_cal.o(.bss)
    Distance                                 0x2001a790   Data         100  alt_kf.o(.bss)
    ultra                                    0x2001a800   Data          20  alt_kf.o(.bss)
    sonar_av_arr                             0x2001a814   Data          20  alt_kf.o(.bss)
    sonar                                    0x2001a828   Data          24  alt_kf.o(.bss)
    sonar_fusion                             0x2001a840   Data          68  alt_kf.o(.bss)
    sonar_h_arr                              0x2001a884   Data          44  alt_kf.o(.bss)
    X_kf_baro                                0x2001a8b0   Data          24  alt_kf.o(.bss)
    X_kf_sonar                               0x2001a8c8   Data          24  alt_kf.o(.bss)
    acc_z_view                               0x2001a8e0   Data          12  alt_kf.o(.bss)
    Global_GPS_Sensor                        0x2001a8f0   Data          64  alt_kf.o(.bss)
    v_test                                   0x2001a930   Data          16  alt_kf.o(.bss)
    Last_GPS                                 0x2001a940   Data          16  alt_kf.o(.bss)
    TAR_GPS                                  0x2001a950   Data          16  alt_kf.o(.bss)
    med_filter_tmp                           0x2001a960   Data        6000  fliter.o(.bss)
    med_filter_out                           0x2001c0d0   Data         120  fliter.o(.bss)
    med_fil_cnt                              0x2001c148   Data          30  fliter.o(.bss)
    q_nav                                    0x2001c168   Data          16  imu.o(.bss)
    reference_v                              0x2001c178   Data          12  imu.o(.bss)
    ref                                      0x2001c184   Data          60  imu.o(.bss)
    reference_vr                             0x2001c1c0   Data          12  imu.o(.bss)
    mag_sim_3d                               0x2001c1cc   Data          12  imu.o(.bss)
    acc_3d_hg                                0x2001c1d8   Data          12  imu.o(.bss)
    acc_ng                                   0x2001c1e4   Data          12  imu.o(.bss)
    acc_ng_offset                            0x2001c1f0   Data          12  imu.o(.bss)
    yaw_mag_view                             0x2001c1fc   Data          20  imu.o(.bss)
    X_kf_yaw                                 0x2001c210   Data          16  imu.o(.bss)
    ref_q_m1                                 0x2001c220   Data          16  imu.o(.bss)
    reference_vr_imd_down                    0x2001c23c   Data          12  imu_m.o(.bss)
    reference_vr_imd_down_fc                 0x2001c248   Data          12  imu_m.o(.bss)
    F                                        0x2001c254   Data         676  insgps13state.o(.bss)
    G                                        0x2001c4f8   Data         468  insgps13state.o(.bss)
    H                                        0x2001c6cc   Data         520  insgps13state.o(.bss)
    Be                                       0x2001c8d4   Data          12  insgps13state.o(.bss)
    P                                        0x2001c8e0   Data         676  insgps13state.o(.bss)
    X                                        0x2001cb84   Data          52  insgps13state.o(.bss)
    Q                                        0x2001cbb8   Data          36  insgps13state.o(.bss)
    R                                        0x2001cbdc   Data          40  insgps13state.o(.bss)
    K                                        0x2001cc04   Data         520  insgps13state.o(.bss)
    zeros                                    0x2001ce0c   Data          12  insgps13state.o(.bss)
    Nav                                      0x2001ce18   Data          64  ukf_task.o(.bss)
    gps_data                                 0x2001ce58   Data          28  ukf_task.o(.bss)
    mag_data                                 0x2001ce74   Data          60  ukf_task.o(.bss)
    accel_data                               0x2001ceb0   Data          80  ukf_task.o(.bss)
    gyro_data                                0x2001cf00   Data          72  ukf_task.o(.bss)
    attitude_data                            0x2001cf48   Data          16  ukf_task.o(.bss)
    angle_ins                                0x2001cf58   Data          12  ukf_task.o(.bss)
    X_ukf                                    0x2001cf68   Data          48  ukf_task.o(.bss)
    X_ukf_baro                               0x2001cf98   Data          48  ukf_task.o(.bss)
    X_KF_NAV                                 0x2001cfc8   Data          48  ukf_task.o(.bss)
    P_KF_NAV                                 0x2001cff8   Data         144  ukf_task.o(.bss)
    __libspace_start                         0x2001d088   Data          96  libspace.o(.bss)
    __temporary_stack_top$libspace           0x2001d0e8   Data           0  libspace.o(.bss)



==============================================================================

Memory Map of the image

  Image Entry point : 0x08000189

  Load Region LR_IROM1 (Base: 0x08000000, Size: 0x00038e7c, Max: 0x00100000, ABSOLUTE, COMPRESSED[0x0002e32c])

    Execution Region ER_IROM1 (Base: 0x08000000, Size: 0x0002da68, Max: 0x00100000, ABSOLUTE)

    Base Addr    Size         Type   Attr      Idx    E Section Name        Object

    0x08000000   0x00000188   Data   RO          498    RESET               startup_stm32f40_41xxx.o
    0x08000188   0x00000008   Code   RO         2442  * !!!main             c_w.l(__main.o)
    0x08000190   0x00000034   Code   RO         2922    !!!scatter          c_w.l(__scatter.o)
    0x080001c4   0x0000005a   Code   RO         2920    !!dczerorl2         c_w.l(__dczerorl2.o)
    0x0800021e   0x00000002   PAD
    0x08000220   0x0000001c   Code   RO         2924    !!handler_zi        c_w.l(__scatter_zi.o)
    0x0800023c   0x00000002   Code   RO         2851    .ARM.Collect$$libinit$$00000000  c_w.l(libinit.o)
    0x0800023e   0x00000004   Code   RO         2666    .ARM.Collect$$libinit$$00000001  c_w.l(libinit2.o)
    0x08000242   0x00000000   Code   RO         2669    .ARM.Collect$$libinit$$00000004  c_w.l(libinit2.o)
    0x08000242   0x00000000   Code   RO         2672    .ARM.Collect$$libinit$$0000000A  c_w.l(libinit2.o)
    0x08000242   0x00000000   Code   RO         2674    .ARM.Collect$$libinit$$0000000C  c_w.l(libinit2.o)
    0x08000242   0x00000000   Code   RO         2676    .ARM.Collect$$libinit$$0000000E  c_w.l(libinit2.o)
    0x08000242   0x00000000   Code   RO         2679    .ARM.Collect$$libinit$$00000011  c_w.l(libinit2.o)
    0x08000242   0x00000000   Code   RO         2681    .ARM.Collect$$libinit$$00000013  c_w.l(libinit2.o)
    0x08000242   0x00000000   Code   RO         2683    .ARM.Collect$$libinit$$00000015  c_w.l(libinit2.o)
    0x08000242   0x00000000   Code   RO         2685    .ARM.Collect$$libinit$$00000017  c_w.l(libinit2.o)
    0x08000242   0x00000000   Code   RO         2687    .ARM.Collect$$libinit$$00000019  c_w.l(libinit2.o)
    0x08000242   0x00000000   Code   RO         2689    .ARM.Collect$$libinit$$0000001B  c_w.l(libinit2.o)
    0x08000242   0x00000000   Code   RO         2691    .ARM.Collect$$libinit$$0000001D  c_w.l(libinit2.o)
    0x08000242   0x00000000   Code   RO         2693    .ARM.Collect$$libinit$$0000001F  c_w.l(libinit2.o)
    0x08000242   0x00000000   Code   RO         2695    .ARM.Collect$$libinit$$00000021  c_w.l(libinit2.o)
    0x08000242   0x00000000   Code   RO         2697    .ARM.Collect$$libinit$$00000023  c_w.l(libinit2.o)
    0x08000242   0x00000000   Code   RO         2699    .ARM.Collect$$libinit$$00000025  c_w.l(libinit2.o)
    0x08000242   0x00000000   Code   RO         2703    .ARM.Collect$$libinit$$0000002C  c_w.l(libinit2.o)
    0x08000242   0x00000000   Code   RO         2705    .ARM.Collect$$libinit$$0000002E  c_w.l(libinit2.o)
    0x08000242   0x00000000   Code   RO         2707    .ARM.Collect$$libinit$$00000030  c_w.l(libinit2.o)
    0x08000242   0x00000000   Code   RO         2709    .ARM.Collect$$libinit$$00000032  c_w.l(libinit2.o)
    0x08000242   0x00000002   Code   RO         2710    .ARM.Collect$$libinit$$00000033  c_w.l(libinit2.o)
    0x08000244   0x00000002   Code   RO         2917    .ARM.Collect$$libshutdown$$00000000  c_w.l(libshutdown.o)
    0x08000246   0x00000000   Code   RO         2871    .ARM.Collect$$libshutdown$$00000002  c_w.l(libshutdown2.o)
    0x08000246   0x00000000   Code   RO         2873    .ARM.Collect$$libshutdown$$00000004  c_w.l(libshutdown2.o)
    0x08000246   0x00000000   Code   RO         2876    .ARM.Collect$$libshutdown$$00000007  c_w.l(libshutdown2.o)
    0x08000246   0x00000000   Code   RO         2879    .ARM.Collect$$libshutdown$$0000000A  c_w.l(libshutdown2.o)
    0x08000246   0x00000000   Code   RO         2881    .ARM.Collect$$libshutdown$$0000000C  c_w.l(libshutdown2.o)
    0x08000246   0x00000000   Code   RO         2884    .ARM.Collect$$libshutdown$$0000000F  c_w.l(libshutdown2.o)
    0x08000246   0x00000002   Code   RO         2885    .ARM.Collect$$libshutdown$$00000010  c_w.l(libshutdown2.o)
    0x08000248   0x00000000   Code   RO         2634    .ARM.Collect$$rtentry$$00000000  c_w.l(__rtentry.o)
    0x08000248   0x00000000   Code   RO         2781    .ARM.Collect$$rtentry$$00000002  c_w.l(__rtentry2.o)
    0x08000248   0x00000006   Code   RO         2793    .ARM.Collect$$rtentry$$00000004  c_w.l(__rtentry4.o)
    0x0800024e   0x00000000   Code   RO         2783    .ARM.Collect$$rtentry$$00000009  c_w.l(__rtentry2.o)
    0x0800024e   0x00000004   Code   RO         2784    .ARM.Collect$$rtentry$$0000000A  c_w.l(__rtentry2.o)
    0x08000252   0x00000000   Code   RO         2786    .ARM.Collect$$rtentry$$0000000C  c_w.l(__rtentry2.o)
    0x08000252   0x00000008   Code   RO         2787    .ARM.Collect$$rtentry$$0000000D  c_w.l(__rtentry2.o)
    0x0800025a   0x00000002   Code   RO         2856    .ARM.Collect$$rtexit$$00000000  c_w.l(rtexit.o)
    0x0800025c   0x00000000   Code   RO         2891    .ARM.Collect$$rtexit$$00000002  c_w.l(rtexit2.o)
    0x0800025c   0x00000004   Code   RO         2892    .ARM.Collect$$rtexit$$00000003  c_w.l(rtexit2.o)
    0x08000260   0x00000006   Code   RO         2893    .ARM.Collect$$rtexit$$00000004  c_w.l(rtexit2.o)
    0x08000266   0x00000002   PAD
    0x08000268   0x00001e50   Code   RO            3    .text               ucos_task.o
    0x080020b8   0x000002f4   Code   RO          363    .text               main.o
    0x080023ac   0x00000016   Code   RO          423    .text               stm32f4xx_it.o
    0x080023c2   0x00000002   PAD
    0x080023c4   0x00000210   Code   RO          472    .text               system_stm32f4xx.o
    0x080025d4   0x00000040   Code   RO          499    .text               startup_stm32f40_41xxx.o
    0x08002614   0x00000108   Code   RO          505    .text               delay.o
    0x0800271c   0x000000e0   Code   RO          545    .text               misc.o
    0x080027fc   0x00000294   Code   RO          565    .text               stm32f4xx_gpio.o
    0x08002a90   0x0000065c   Code   RO          608    .text               stm32f4xx_rcc.o
    0x080030ec   0x00000094   Code   RO          630    .text               stm32f4xx_syscfg.o
    0x08003180   0x00000454   Code   RO          650    .text               stm32f4xx_usart.o
    0x080035d4   0x00000ca2   Code   RO          670    .text               stm32f4xx_tim.o
    0x08004276   0x00000002   PAD
    0x08004278   0x00000694   Code   RO          690    .text               stm32f4xx_flash.o
    0x0800490c   0x00000110   Code   RO          710    .text               stm32f4xx_exti.o
    0x08004a1c   0x00000480   Code   RO          750    .text               stm32f4xx_spi.o
    0x08004e9c   0x000003a8   Code   RO          770    .text               stm32f4xx_dma.o
    0x08005244   0x00000040   Code   RO          810    .text               stm32f4xx_iwdg.o
    0x08005284   0x00000894   Code   RO          850    .text               os_core.o
    0x08005b18   0x0000080c   Code   RO          878    .text               os_flag.o
    0x08006324   0x000003cc   Code   RO          898    .text               os_mbox.o
    0x080066f0   0x000005e8   Code   RO          952    .text               os_q.o
    0x08006cd8   0x0000038c   Code   RO          972    .text               os_sem.o
    0x08007064   0x000007c4   Code   RO          992    .text               os_task.o
    0x08007828   0x000001b0   Code   RO         1012    .text               os_time.o
    0x080079d8   0x00000634   Code   RO         1032    .text               os_tmr.o
    0x0800800c   0x000000c8   Code   RO         1050    .text               os_cpu_a.o
    0x080080d4   0x000001e8   Code   RO         1055    .text               os_cpu_c.o
    0x080082bc   0x000008c8   Code   RO         1085    .text               gps.o
    0x08008b84   0x000007a8   Code   RO         1113    .text               ublox.o
    0x0800932c   0x00000424   Code   RO         1139    .text               iic_fc.o
    0x08009750   0x00000458   Code   RO         1159    .text               iic1.o
    0x08009ba8   0x000003e0   Code   RO         1205    .text               iic_sonar.o
    0x08009f88   0x000003a8   Code   RO         1231    .text               iic_soft.o
    0x0800a330   0x00000618   Code   RO         1257    .text               led_fc.o
    0x0800a948   0x000009c8   Code   RO         1286    .text               flash.o
    0x0800b310   0x00000478   Code   RO         1310    .text               flash_w25.o
    0x0800b788   0x00000268   Code   RO         1337    .text               time.o
    0x0800b9f0   0x0000002c   Code   RO         1368    .text               watch_dog.o
    0x0800ba1c   0x000000e8   Code   RO         1388    .text               dma.o
    0x0800bb04   0x000050c0   Code   RO         1408    .text               usart_fc.o
    0x08010bc4   0x00001660   Code   RO         1451    .text               lis3mdl.o
    0x08012224   0x00000be0   Code   RO         1482    .text               mpu6050.o
    0x08012e04   0x000008e8   Code   RO         1510    .text               hml_sample.o
    0x080136ec   0x00000b54   Code   RO         1544    .text               flow.o
    0x08014240   0x00000744   Code   RO         1571    .text               ms5611_2.o
    0x08014984   0x00000b98   Code   RO         1598    .text               ultrasonic.o
    0x0801551c   0x000001a0   Code   RO         1679    .text               laser.o
    0x080156bc   0x00000e0e   Code   RO         1707    .text               cycle_cal.o
    0x080164ca   0x00000002   PAD
    0x080164cc   0x00002ecc   Code   RO         1736    .text               alt_kf.o
    0x08019398   0x0000072c   Code   RO         1799    .text               fliter.o
    0x08019ac4   0x00000784   Code   RO         1823    .text               my_math.o
    0x0801a248   0x00002ac8   Code   RO         1873    .text               imu.o
    0x0801cd10   0x00001758   Code   RO         2054    .text               kf_oldx.o
    0x0801e468   0x00006650   Code   RO         2101    .text               insgps13state.o
    0x08024ab8   0x00002cfc   Code   RO         2122    .text               ukf_task.o
    0x080277b4   0x00001404   Code   RO         2192    .text               kf_oldx_nav.o
    0x08028bb8   0x00000100   Code   RO         2212    .text               rt_nonfinite.o
    0x08028cb8   0x00000134   Code   RO         2236    .text               rtgetinf.o
    0x08028dec   0x000000c8   Code   RO         2248    .text               rtgetnan.o
    0x08028eb4   0x00000f40   Code   RO         2296    .text               kf_oldx_yaw.lib(kf_oldx_yaw.o)
    0x08029df4   0x0000004e   Code   RO         2376    .text               c_w.l(h1_free.o)
    0x08029e42   0x00000048   Code   RO         2432    .text               c_w.l(llsdiv.o)
    0x08029e8a   0x00000024   Code   RO         2434    .text               c_w.l(strstr.o)
    0x08029eae   0x00000064   Code   RO         2436    .text               c_w.l(rt_memcpy_w.o)
    0x08029f12   0x0000004e   Code   RO         2438    .text               c_w.l(rt_memclr_w.o)
    0x08029f60   0x00000006   Code   RO         2440    .text               c_w.l(heapauxi.o)
    0x08029f66   0x00000002   PAD
    0x08029f68   0x00000008   Code   RO         2638    .text               c_w.l(rt_heap_descriptor_intlibspace.o)
    0x08029f70   0x000000ee   Code   RO         2660    .text               c_w.l(lludivv7m.o)
    0x0802a05e   0x00000016   Code   RO         2662    .text               c_w.l(_rserrno.o)
    0x0802a074   0x00000008   Code   RO         2777    .text               c_w.l(libspace.o)
    0x0802a07c   0x00000008   Code   RO         2802    .text               c_w.l(rt_errno_addr_intlibspace.o)
    0x0802a084   0x00000002   Code   RO         2825    .text               c_w.l(use_no_semi.o)
    0x0802a086   0x00000000   Code   RO         2827    .text               c_w.l(indicate_semi.o)
    0x0802a086   0x0000004a   Code   RO         2828    .text               c_w.l(sys_stackheap_outer.o)
    0x0802a0d0   0x00000012   Code   RO         2836    .text               c_w.l(exit.o)
    0x0802a0e2   0x00000002   PAD
    0x0802a0e4   0x0000000c   Code   RO         2854    .text               c_w.l(sys_exit.o)
    0x0802a0f0   0x00000030   Code   RO         2743    i.__ARM_fpclassify  m_wm.l(fpclassify.o)
    0x0802a120   0x00000026   Code   RO         2745    i.__ARM_fpclassifyf  m_wm.l(fpclassifyf.o)
    0x0802a146   0x00000002   PAD
    0x0802a148   0x00000358   Code   RO         2480    i.__hardfp_acos     m_wm.l(acos.o)
    0x0802a4a0   0x00000360   Code   RO         2494    i.__hardfp_asin     m_wm.l(asin.o)
    0x0802a800   0x000002d8   Code   RO         2520    i.__hardfp_atan     m_wm.l(atan.o)
    0x0802aad8   0x00000250   Code   RO         2546    i.__hardfp_atan2f   m_wm.l(atan2f.o)
    0x0802ad28   0x000000c8   Code   RO         2558    i.__hardfp_cos      m_wm.l(cos.o)
    0x0802adf0   0x00000014   Code   RO         2570    i.__hardfp_fabs     m_wm.l(fabs.o)
    0x0802ae04   0x00000004   PAD
    0x0802ae08   0x00000118   Code   RO         2576    i.__hardfp_floor    m_wm.l(floor.o)
    0x0802af20   0x00000c50   Code   RO         2582    i.__hardfp_pow      m_wm.l(pow.o)
    0x0802bb70   0x000000c8   Code   RO         2596    i.__hardfp_sin      m_wm.l(sin.o)
    0x0802bc38   0x0000007a   Code   RO         2608    i.__hardfp_sqrt     m_wm.l(sqrt.o)
    0x0802bcb2   0x0000003a   Code   RO         2620    i.__hardfp_sqrtf    m_wm.l(sqrtf.o)
    0x0802bcec   0x00000004   PAD
    0x0802bcf0   0x00000438   Code   RO         2764    i.__ieee754_rem_pio2  m_wm.l(rred.o)
    0x0802c128   0x00000170   Code   RO         2726    i.__kernel_cos      m_wm.l(cos_i.o)
    0x0802c298   0x000000f8   Code   RO         2761    i.__kernel_poly     m_wm.l(poly.o)
    0x0802c390   0x00000130   Code   RO         2769    i.__kernel_sin      m_wm.l(sin_i.o)
    0x0802c4c0   0x00000030   Code   RO         2729    i.__mathlib_dbl_divzero  m_wm.l(dunder.o)
    0x0802c4f0   0x00000014   Code   RO         2730    i.__mathlib_dbl_infnan  m_wm.l(dunder.o)
    0x0802c504   0x00000014   Code   RO         2731    i.__mathlib_dbl_infnan2  m_wm.l(dunder.o)
    0x0802c518   0x00000020   Code   RO         2732    i.__mathlib_dbl_invalid  m_wm.l(dunder.o)
    0x0802c538   0x00000020   Code   RO         2733    i.__mathlib_dbl_overflow  m_wm.l(dunder.o)
    0x0802c558   0x00000020   Code   RO         2735    i.__mathlib_dbl_underflow  m_wm.l(dunder.o)
    0x0802c578   0x00000006   Code   RO         2749    i.__mathlib_flt_infnan2  m_wm.l(funder.o)
    0x0802c57e   0x00000002   PAD
    0x0802c580   0x00000010   Code   RO         2753    i.__mathlib_flt_underflow  m_wm.l(funder.o)
    0x0802c590   0x00000018   Code   RO         2572    i.fabs              m_wm.l(fabs.o)
    0x0802c5a8   0x0000006e   Code   RO         2610    i.sqrt              m_wm.l(sqrt.o)
    0x0802c616   0x00000018   Code   RO         2444    x$fpl$basic         fz_wm.l(basic.o)
    0x0802c62e   0x00000002   PAD
    0x0802c630   0x00000062   Code   RO         2446    x$fpl$d2f           fz_wm.l(d2f.o)
    0x0802c692   0x00000002   PAD
    0x0802c694   0x00000150   Code   RO         2448    x$fpl$dadd          fz_wm.l(daddsub_clz.o)
    0x0802c7e4   0x00000010   Code   RO         2821    x$fpl$dcheck1       fz_wm.l(dcheck1.o)
    0x0802c7f4   0x00000018   Code   RO         2711    x$fpl$dcmpinf       fz_wm.l(dcmpi.o)
    0x0802c80c   0x000002b0   Code   RO         2455    x$fpl$ddiv          fz_wm.l(ddiv.o)
    0x0802cabc   0x00000078   Code   RO         2458    x$fpl$deqf          fz_wm.l(deqf.o)
    0x0802cb34   0x0000005e   Code   RO         2460    x$fpl$dfix          fz_wm.l(dfix.o)
    0x0802cb92   0x0000002e   Code   RO         2465    x$fpl$dflt          fz_wm.l(dflt_clz.o)
    0x0802cbc0   0x00000026   Code   RO         2464    x$fpl$dfltu         fz_wm.l(dflt_clz.o)
    0x0802cbe6   0x00000002   PAD
    0x0802cbe8   0x00000078   Code   RO         2470    x$fpl$dleqf         fz_wm.l(dleqf.o)
    0x0802cc60   0x00000154   Code   RO         2472    x$fpl$dmul          fz_wm.l(dmul.o)
    0x0802cdb4   0x0000009c   Code   RO         2713    x$fpl$dnaninf       fz_wm.l(dnaninf.o)
    0x0802ce50   0x0000000c   Code   RO         2715    x$fpl$dretinf       fz_wm.l(dretinf.o)
    0x0802ce5c   0x0000006c   Code   RO         2474    x$fpl$drleqf        fz_wm.l(drleqf.o)
    0x0802cec8   0x00000016   Code   RO         2449    x$fpl$drsb          fz_wm.l(daddsub_clz.o)
    0x0802cede   0x00000002   PAD
    0x0802cee0   0x00000198   Code   RO         2717    x$fpl$dsqrt         fz_wm.l(dsqrt_umaal.o)
    0x0802d078   0x000001d4   Code   RO         2450    x$fpl$dsub          fz_wm.l(daddsub_clz.o)
    0x0802d24c   0x00000056   Code   RO         2476    x$fpl$f2d           fz_wm.l(f2d.o)
    0x0802d2a2   0x00000060   Code   RO         2478    x$fpl$ffltll        fz_wm.l(ffltll_clz.o)
    0x0802d302   0x0000008c   Code   RO         2719    x$fpl$fnaninf       fz_wm.l(fnaninf.o)
    0x0802d38e   0x0000000a   Code   RO         2823    x$fpl$fpinit        fz_wm.l(fpinit.o)
    0x0802d398   0x0000000a   Code   RO         2721    x$fpl$fretinf       fz_wm.l(fretinf.o)
    0x0802d3a2   0x00000064   Code   RO         2852    x$fpl$retnan        fz_wm.l(retnan.o)
    0x0802d406   0x0000005c   Code   RO         2723    x$fpl$scalbn        fz_wm.l(scalbn.o)
    0x0802d462   0x00000030   Code   RO         2886    x$fpl$trapveneer    fz_wm.l(trapv.o)
    0x0802d492   0x00000000   Code   RO         2725    x$fpl$usenofp       fz_wm.l(usenofp.o)
    0x0802d492   0x00000100   Data   RO          852    .constdata          os_core.o
    0x0802d592   0x00000006   PAD
    0x0802d598   0x00000084   Data   RO         2055    .constdata          kf_oldx.o
    0x0802d61c   0x00000004   PAD
    0x0802d620   0x000000e0   Data   RO         2124    .constdata          ukf_task.o
    0x0802d700   0x0000003c   Data   RO         2193    .constdata          kf_oldx_nav.o
    0x0802d73c   0x00000020   Data   RO         2297    .constdata          kf_oldx_yaw.lib(kf_oldx_yaw.o)
    0x0802d75c   0x00000004   PAD
    0x0802d760   0x00000050   Data   RO         2483    .constdata          m_wm.l(acos.o)
    0x0802d7b0   0x00000050   Data   RO         2497    .constdata          m_wm.l(asin.o)
    0x0802d800   0x00000098   Data   RO         2523    .constdata          m_wm.l(atan.o)
    0x0802d898   0x00000088   Data   RO         2585    .constdata          m_wm.l(pow.o)
    0x0802d920   0x00000030   Data   RO         2727    .constdata          m_wm.l(cos_i.o)
    0x0802d950   0x00000008   Data   RO         2763    .constdata          m_wm.l(qnan.o)
    0x0802d958   0x000000c8   Data   RO         2766    .constdata          m_wm.l(rred.o)
    0x0802da20   0x00000028   Data   RO         2770    .constdata          m_wm.l(sin_i.o)
    0x0802da48   0x00000020   Data   RO         2918    Region$$Table       anon$$obj.o


    Execution Region RW_IRAM1 (Base: 0x20000000, Size: 0x0001d6e8, Max: 0x00020000, ABSOLUTE, COMPRESSED[0x000008c4])

    Base Addr    Size         Type   Attr      Idx    E Section Name        Object

    0x20000000   0x000002bc   Data   RW         1114    .ccm                ublox.o
    0x200002bc   0x0000a000   Data   RW         1738    .ccm                alt_kf.o
    0x2000a2bc   0x00000004   PAD
    0x2000a2c0   0x0000012a   Data   RW            5    .data               ucos_task.o
    0x2000a3ea   0x00000002   PAD
    0x2000a3ec   0x0000000c   Data   RW          365    .data               main.o
    0x2000a3f8   0x00000014   Data   RW          473    .data               system_stm32f4xx.o
    0x2000a40c   0x00000004   Data   RW          506    .data               delay.o
    0x2000a410   0x00000010   Data   RW          609    .data               stm32f4xx_rcc.o
    0x2000a420   0x0000005c   Data   RW          853    .data               os_core.o
    0x2000a47c   0x00000006   Data   RW         1056    .data               os_cpu_c.o
    0x2000a482   0x00000002   PAD
    0x2000a484   0x00000008   Data   RW         1087    .data               gps.o
    0x2000a48c   0x00000002   Data   RW         1206    .data               iic_sonar.o
    0x2000a48e   0x00000001   Data   RW         1232    .data               iic_soft.o
    0x2000a48f   0x00000001   PAD
    0x2000a490   0x00000008   Data   RW         1258    .data               led_fc.o
    0x2000a498   0x00000004   Data   RW         1288    .data               flash.o
    0x2000a49c   0x00000002   Data   RW         1312    .data               flash_w25.o
    0x2000a49e   0x00000002   PAD
    0x2000a4a0   0x00000014   Data   RW         1339    .data               time.o
    0x2000a4b4   0x00000204   Data   RW         1410    .data               usart_fc.o
    0x2000a6b8   0x000000d9   Data   RW         1453    .data               lis3mdl.o
    0x2000a791   0x00000007   PAD
    0x2000a798   0x000000de   Data   RW         1484    .data               mpu6050.o
    0x2000a876   0x00000002   PAD
    0x2000a878   0x000000cd   Data   RW         1512    .data               hml_sample.o
    0x2000a945   0x00000003   PAD
    0x2000a948   0x00000061   Data   RW         1546    .data               flow.o
    0x2000a9a9   0x00000007   PAD
    0x2000a9b0   0x0000007d   Data   RW         1573    .data               ms5611_2.o
    0x2000aa2d   0x00000003   PAD
    0x2000aa30   0x00000090   Data   RW         1600    .data               ultrasonic.o
    0x2000aac0   0x0000000c   Data   RW         1681    .data               laser.o
    0x2000aacc   0x00000004   PAD
    0x2000aad0   0x0000026a   Data   RW         1739    .data               alt_kf.o
    0x2000ad3a   0x00000002   PAD
    0x2000ad3c   0x0000000c   Data   RW         1801    .data               fliter.o
    0x2000ad48   0x00000404   Data   RW         1824    .data               my_math.o
    0x2000b14c   0x00000018   Data   RW         1848    .data               error.o
    0x2000b164   0x00000004   PAD
    0x2000b168   0x00000146   Data   RW         1875    .data               imu.o
    0x2000b2ae   0x00000002   PAD
    0x2000b2b0   0x00000064   Data   RW         1915    .data               imu_m.o
    0x2000b314   0x000000d9   Data   RW         2125    .data               ukf_task.o
    0x2000b3ed   0x00000003   PAD
    0x2000b3f0   0x00000024   Data   RW         2213    .data               rt_nonfinite.o
    0x2000b414   0x00000004   PAD
    0x2000b418   0x0000a51c   Zero   RW            4    .bss                ucos_task.o
    0x20015934   0x0000050c   Zero   RW          364    .bss                main.o
    0x20015e40   0x00001288   Zero   RW          851    .bss                os_core.o
    0x200170c8   0x00000064   Zero   RW         1287    .bss                flash.o
    0x2001712c   0x00001000   Zero   RW         1311    .bss                flash_w25.o
    0x2001812c   0x000000b4   Zero   RW         1338    .bss                time.o
    0x200181e0   0x00001999   Zero   RW         1409    .bss                usart_fc.o
    0x20019b79   0x00000007   PAD
    0x20019b80   0x000003e4   Zero   RW         1452    .bss                lis3mdl.o
    0x20019f64   0x00000004   PAD
    0x20019f68   0x00000564   Zero   RW         1483    .bss                mpu6050.o
    0x2001a4cc   0x00000004   PAD
    0x2001a4d0   0x00000140   Zero   RW         1511    .bss                hml_sample.o
    0x2001a610   0x0000008c   Zero   RW         1545    .bss                flow.o
    0x2001a69c   0x0000000c   Zero   RW         1572    .bss                ms5611_2.o
    0x2001a6a8   0x00000020   Zero   RW         1599    .bss                ultrasonic.o
    0x2001a6c8   0x00000078   Zero   RW         1680    .bss                laser.o
    0x2001a740   0x0000004c   Zero   RW         1708    .bss                cycle_cal.o
    0x2001a78c   0x00000004   PAD
    0x2001a790   0x000001d0   Zero   RW         1737    .bss                alt_kf.o
    0x2001a960   0x00001806   Zero   RW         1800    .bss                fliter.o
    0x2001c166   0x00000002   PAD
    0x2001c168   0x000000d4   Zero   RW         1874    .bss                imu.o
    0x2001c23c   0x00000018   Zero   RW         1914    .bss                imu_m.o
    0x2001c254   0x00000bc4   Zero   RW         2102    .bss                insgps13state.o
    0x2001ce18   0x00000270   Zero   RW         2123    .bss                ukf_task.o
    0x2001d088   0x00000060   Zero   RW         2778    .bss                c_w.l(libspace.o)
    0x2001d0e8   0x00000200   Zero   RW          497    HEAP                startup_stm32f40_41xxx.o
    0x2001d2e8   0x00000400   Zero   RW          496    STACK               startup_stm32f40_41xxx.o


==============================================================================

Image component sizes


      Code (inc. data)   RO Data    RW Data    ZI Data      Debug   Object Name

     11980        826          0      41578        464      38856   alt_kf.o
      3598          4          0          0         76       6752   cycle_cal.o
       264         18          0          4          0       1391   delay.o
       232          4          0          0          0       1436   dma.o
         0          0          0         24          0       2220   error.o
      2504        114          0          4        100       3347   flash.o
      1144         36          0          2       4096       5236   flash_w25.o
      1836         50          0         12       6150       5530   fliter.o
      2900        124          0         97        140       4586   flow.o
      2248         80          0          8          0       5661   gps.o
      2280        128          0        205        320       7416   hml_sample.o
      1112         20          0          0          0       5260   iic1.o
      1060         14          0          0          0       4771   iic_fc.o
       936         10          0          1          0       4538   iic_soft.o
       992         18          0          2          0       5031   iic_sonar.o
     10952        800          0        326        212      10020   imu.o
         0          0          0        100         24       9919   imu_m.o
     26192        146          0          0       3012      11982   insgps13state.o
      5976        170        132          0          0       4499   kf_oldx.o
      5124        146         60          0          0       3899   kf_oldx_nav.o
       416         20          0         12        120       1828   laser.o
      1560         88          0          8          0       2148   led_fc.o
      5728        322          0        217        996       9930   lis3mdl.o
       756        144          0         12       1292       2658   main.o
       224         20          0          0          0       1793   misc.o
      3040        192          0        222       1380      17954   mpu6050.o
      1860        162          0        125         12       6116   ms5611_2.o
      1924        108          0       1028          0       6237   my_math.o
      2196        218        256         92       4744      15971   os_core.o
       200         32          0          0          0        312   os_cpu_a.o
       488          8          0          6          0      11763   os_cpu_c.o
      2060         42          0          0          0       7200   os_flag.o
       972         16          0          0          0       4302   os_mbox.o
      1512         30          0          0          0       5761   os_q.o
       908         18          0          0          0       4034   os_sem.o
      1988         70          0          0          0       7877   os_task.o
       432         30          0          0          0       1866   os_time.o
      1588         94          0          0          0       5721   os_tmr.o
       256         26          0         36          0       1968   rt_nonfinite.o
       308         22          0          0          0       1930   rtgetinf.o
       200         18          0          0          0       1305   rtgetnan.o
        64         26        392          0       1536        824   startup_stm32f40_41xxx.o
       936         32          0          0          0       6373   stm32f4xx_dma.o
       272         10          0          0          0       2263   stm32f4xx_exti.o
      1684         28          0          0          0       9398   stm32f4xx_flash.o
       660         44          0          0          0       4137   stm32f4xx_gpio.o
        22          0          0          0          0       1023   stm32f4xx_it.o
        64          6          0          0          0       1333   stm32f4xx_iwdg.o
      1628         52          0         16          0      12996   stm32f4xx_rcc.o
      1152         36          0          0          0       6885   stm32f4xx_spi.o
       148         12          0          0          0       1833   stm32f4xx_syscfg.o
      3234         60          0          0          0      22992   stm32f4xx_tim.o
      1108         34          0          0          0       7860   stm32f4xx_usart.o
       528         46          0         20          0       1743   system_stm32f4xx.o
       616         38          0         20        180      30073   time.o
      1960         60          0        700          0       8209   ublox.o
      7760        774          0        298      42268     340321   ucos_task.o
         0          0          0          0          0        763   ukf_oldx.o
     11516        776        224        217        624      11573   ukf_task.o
      2968        256          0        144         32       5867   ultrasonic.o
     20672        802          0        516       6553      33821   usart_fc.o
        44          0          0          0          0        694   watch_dog.o

    ----------------------------------------------------------------------
    166988       7480       1106      46100      74356     772005   Object Totals
         0          0         32          0          0          0   (incl. Generated)
         6          0         10         48         25          0   (incl. Padding)

    ----------------------------------------------------------------------

      Code (inc. data)   RO Data    RW Data    ZI Data      Debug   Library Member Name

        90          0          0          0          0          0   __dczerorl2.o
         8          0          0          0          0         68   __main.o
         0          0          0          0          0          0   __rtentry.o
        12          0          0          0          0          0   __rtentry2.o
         6          0          0          0          0          0   __rtentry4.o
        52          8          0          0          0          0   __scatter.o
        28          0          0          0          0          0   __scatter_zi.o
        22          0          0          0          0        100   _rserrno.o
        18          0          0          0          0         80   exit.o
        78          0          0          0          0         80   h1_free.o
         6          0          0          0          0        152   heapauxi.o
         0          0          0          0          0          0   indicate_semi.o
         2          0          0          0          0          0   libinit.o
         6          0          0          0          0          0   libinit2.o
         2          0          0          0          0          0   libshutdown.o
         2          0          0          0          0          0   libshutdown2.o
         8          4          0          0         96         68   libspace.o
        72          0          0          0          0         76   llsdiv.o
       238          0          0          0          0        100   lludivv7m.o
         8          4          0          0          0         68   rt_errno_addr_intlibspace.o
         8          4          0          0          0         68   rt_heap_descriptor_intlibspace.o
        78          0          0          0          0         80   rt_memclr_w.o
       100          0          0          0          0         80   rt_memcpy_w.o
         2          0          0          0          0          0   rtexit.o
        10          0          0          0          0          0   rtexit2.o
        36          0          0          0          0         80   strstr.o
        12          4          0          0          0         68   sys_exit.o
        74          0          0          0          0         80   sys_stackheap_outer.o
         2          0          0          0          0         68   use_no_semi.o
        24          0          0          0          0        164   basic.o
        98          4          0          0          0        140   d2f.o
       826         16          0          0          0        492   daddsub_clz.o
        16          4          0          0          0        116   dcheck1.o
        24          0          0          0          0        116   dcmpi.o
       688        140          0          0          0        256   ddiv.o
       120          4          0          0          0        140   deqf.o
        94          4          0          0          0        140   dfix.o
        84          0          0          0          0        232   dflt_clz.o
       120          4          0          0          0        140   dleqf.o
       340         12          0          0          0        152   dmul.o
       156          4          0          0          0        140   dnaninf.o
        12          0          0          0          0        116   dretinf.o
       108          0          0          0          0        128   drleqf.o
       408         56          0          0          0        168   dsqrt_umaal.o
        86          4          0          0          0        132   f2d.o
        96          0          0          0          0        132   ffltll_clz.o
       140          4          0          0          0        132   fnaninf.o
        10          0          0          0          0        116   fpinit.o
        10          0          0          0          0        116   fretinf.o
       100          0          0          0          0        116   retnan.o
        92          0          0          0          0        116   scalbn.o
        48          0          0          0          0        116   trapv.o
         0          0          0          0          0          0   usenofp.o
      3904         80         32          0          0       2735   kf_oldx_yaw.o
       856        118         80          0          0        288   acos.o
       864         94         80          0          0        280   asin.o
       728        106        152          0          0        228   atan.o
       592         90          0          0          0        184   atan2f.o
       200         20          0          0          0        164   cos.o
       368         46         48          0          0        200   cos_i.o
       184         44          0          0          0        744   dunder.o
        44          0          0          0          0        248   fabs.o
       280         28          0          0          0        156   floor.o
        48          0          0          0          0        124   fpclassify.o
        38          0          0          0          0        116   fpclassifyf.o
        22          6          0          0          0        232   funder.o
       248          0          0          0          0        152   poly.o
      3152        296        136          0          0        352   pow.o
         0          0          8          0          0          0   qnan.o
      1080        142        200          0          0        188   rred.o
       200         20          0          0          0        164   sin.o
       304         24         40          0          0        208   sin_i.o
       232          0          0          0          0        296   sqrt.o
        58          0          0          0          0        136   sqrtf.o

    ----------------------------------------------------------------------
     18110       1394        780          0         96      12127   Library Totals
        28          0          4          0          0          0   (incl. Padding)

    ----------------------------------------------------------------------

      Code (inc. data)   RO Data    RW Data    ZI Data      Debug   Library Name

       980         24          0          0         96       1316   c_w.l
      3700        256          0          0          0       3616   fz_wm.l
      3904         80         32          0          0       2735   kf_oldx_yaw.lib
      9498       1034        744          0          0       4460   m_wm.l

    ----------------------------------------------------------------------
     18110       1394        780          0         96      12127   Library Totals

    ----------------------------------------------------------------------

==============================================================================


      Code (inc. data)   RO Data    RW Data    ZI Data      Debug   

    185098       8874       1886      46100      74452     765208   Grand Totals
    185098       8874       1886       2244      74452     765208   ELF Image Totals (compressed)
    185098       8874       1886       2244          0          0   ROM Totals

==============================================================================

    Total RO  Size (Code + RO Data)               186984 ( 182.60kB)
    Total RW  Size (RW Data + ZI Data)            120552 ( 117.73kB)
    Total ROM Size (Code + RO Data + RW Data)     189228 ( 184.79kB)

==============================================================================

