Component: ARM Compiler 5.06 update 2 (build 183) Tool: armlink [4d35b7]

==============================================================================

Section Cross References

    ucos_task.o(.text) refers to time.o(.text) for Get_Cycle_T
    ucos_task.o(.text) refers to f2d.o(x$fpl$f2d) for __aeabi_f2d
    ucos_task.o(.text) refers to dleqf.o(x$fpl$dleqf) for __aeabi_cdcmple
    ucos_task.o(.text) refers to mpu6050.o(.text) for MPU6050_Read
    ucos_task.o(.text) refers to hml_sample.o(.text) for ANO_AK8975_Read
    ucos_task.o(.text) refers to ms5611_2.o(.text) for MS5611_ThreadNew
    ucos_task.o(.text) refers to lis3mdl.o(.text) for LSM6_readAcc
    ucos_task.o(.text) refers to delay.o(.text) for delay_ms
    ucos_task.o(.text) refers to my_math.o(.text) for my_deathzoom_2
    ucos_task.o(.text) refers to imu.o(.text) for IMUupdate
    ucos_task.o(.text) refers to ddiv.o(x$fpl$ddiv) for __aeabi_ddiv
    ucos_task.o(.text) refers to d2f.o(x$fpl$d2f) for __aeabi_d2f
    ucos_task.o(.text) refers to imu_m.o(.text) for MadgwickAHRSupdate
    ucos_task.o(.text) refers to watch_dog.o(.text) for IWDG_Feed
    ucos_task.o(.text) refers to ucos_task.o(.data) for inner_loop_time_time
    ucos_task.o(.text) refers to mpu6050.o(.bss) for mpu6050
    ucos_task.o(.text) refers to usart_fc.o(.bss) for mode
    ucos_task.o(.text) refers to imu.o(.data) for Yaw
    ucos_task.o(.text) refers to ucos_task.o(.bss) for flow_matlab_data
    ucos_task.o(.text) refers to ukf_task.o(.text) for ukf_pos_task_qr
    ucos_task.o(.text) refers to alt_kf.o(.text) for altUkfProcess
    ucos_task.o(.text) refers to laser.o(.text) for Laser_cal
    ucos_task.o(.text) refers to ultrasonic.o(.text) for Ultra_Duty
    ucos_task.o(.text) refers to fabs.o(i.__hardfp_fabs) for __hardfp_fabs
    ucos_task.o(.text) refers to basic.o(x$fpl$basic) for __aeabi_dneg
    ucos_task.o(.text) refers to drleqf.o(x$fpl$drleqf) for __aeabi_cdrcmple
    ucos_task.o(.text) refers to usart_fc.o(.data) for en_ble_debug
    ucos_task.o(.text) refers to dmul.o(x$fpl$dmul) for __aeabi_dmul
    ucos_task.o(.text) refers to alt_kf.o(.data) for ALT_POS_SONAR2
    ucos_task.o(.text) refers to daddsub_clz.o(x$fpl$dsub) for __aeabi_dsub
    ucos_task.o(.text) refers to daddsub_clz.o(x$fpl$dadd) for __aeabi_dadd
    ucos_task.o(.text) refers to fliter.o(.text) for Moving_Median
    ucos_task.o(.text) refers to imu_m.o(.bss) for reference_vr_imd_down
    ucos_task.o(.text) refers to imu_m.o(.data) for ref_q_imd_down
    ucos_task.o(.text) refers to os_core.o(.text) for OSIntEnter
    ucos_task.o(.text) refers to stm32f4xx_tim.o(.text) for TIM_GetITStatus
    ucos_task.o(.text) refers to stm32f4xx_dma.o(.text) for DMA_GetFlagStatus
    ucos_task.o(.text) refers to usart_fc.o(.text) for clear_nrf_uart
    ucos_task.o(.text) refers to stm32f4xx_usart.o(.text) for USART_DMACmd
    ucos_task.o(.text) refers to dma.o(.text) for MYDMA_Enable
    ucos_task.o(.text) refers to alt_kf.o(.bss) for acc_z_view
    ucos_task.o(.text) refers to dfix.o(x$fpl$dfix) for __aeabi_d2iz
    ucos_task.o(.text) refers to ms5611_2.o(.data) for baroAlt
    ucos_task.o(.text) refers to ukf_task.o(.bss) for X_ukf
    ucos_task.o(.text) refers to ukf_task.o(.data) for K_spd_flow
    ucos_task.o(.text) refers to laser.o(.bss) for Laser_avoid
    ucos_task.o(.text) refers to dflt_clz.o(x$fpl$dfltu) for __aeabi_ui2d
    ucos_task.o(.text) refers to ultrasonic.o(.data) for ultra_distance
    ucos_task.o(.text) refers to imu.o(.bss) for X_kf_yaw
    ucos_task.o(.text) refers to lis3mdl.o(.bss) for lis3mdl
    ucos_task.o(.text) refers to os_core.o(.data) for OSCPUUsage
    ucos_task.o(.text) refers to led_fc.o(.text) for LEDRGB_STATE
    main.o(.text) refers to os_mbox.o(.text) for OSMboxCreate
    main.o(.text) refers to os_q.o(.text) for OSQCreate
    main.o(.text) refers to os_flag.o(.text) for OSFlagCreate
    main.o(.text) refers to os_core.o(.text) for OSStatInit
    main.o(.text) refers to os_tmr.o(.text) for OSTmrCreate
    main.o(.text) refers to os_cpu_a.o(.text) for OS_CPU_SR_Save
    main.o(.text) refers to os_task.o(.text) for OSTaskCreate
    main.o(.text) refers to misc.o(.text) for NVIC_PriorityGroupConfig
    main.o(.text) refers to delay.o(.text) for delay_init
    main.o(.text) refers to time.o(.text) for Initial_Timer_SYS
    main.o(.text) refers to iic_soft.o(.text) for I2c_Soft_Init
    main.o(.text) refers to iic1.o(.text) for IIC_IMU1_Init
    main.o(.text) refers to ms5611_2.o(.text) for MS5611_Init
    main.o(.text) refers to mpu6050.o(.text) for MPU6050_Init
    main.o(.text) refers to lis3mdl.o(.text) for LIS3MDL_enableDefault
    main.o(.text) refers to hml_sample.o(.text) for HMC5883L_SetUp
    main.o(.text) refers to alt_kf.o(.text) for altUkfInit
    main.o(.text) refers to led_fc.o(.text) for LED_Init
    main.o(.text) refers to usart_fc.o(.text) for Usart1_Init
    main.o(.text) refers to dma.o(.text) for MYDMA_Config
[...]
    __user_libspace                          0x0802b1d5   Thumb Code     8  libspace.o(.text)
    __user_perproc_libspace                  0x0802b1d5   Thumb Code     0  libspace.o(.text)
    __user_perthread_libspace                0x0802b1d5   Thumb Code     0  libspace.o(.text)
    __aeabi_errno_addr                       0x0802b1dd   Thumb Code     8  rt_errno_addr_intlibspace.o(.text)
    __errno$intlibspace                      0x0802b1dd   Thumb Code     0  rt_errno_addr_intlibspace.o(.text)
    __rt_errno_addr$intlibspace              0x0802b1dd   Thumb Code     0  rt_errno_addr_intlibspace.o(.text)
    __I$use$semihosting                      0x0802b1e5   Thumb Code     0  use_no_semi.o(.text)
    __use_no_semihosting_swi                 0x0802b1e5   Thumb Code     2  use_no_semi.o(.text)
    __semihosting_library_function           0x0802b1e7   Thumb Code     0  indicate_semi.o(.text)
    __user_setup_stackheap                   0x0802b1e7   Thumb Code    74  sys_stackheap_outer.o(.text)
    exit                                     0x0802b231   Thumb Code    18  exit.o(.text)
    _sys_exit                                0x0802b245   Thumb Code     8  sys_exit.o(.text)
    __ARM_fpclassify                         0x0802b251   Thumb Code    48  fpclassify.o(i.__ARM_fpclassify)
    __hardfp_acos                            0x0802b281   Thumb Code   738  acos.o(i.__hardfp_acos)
    __hardfp_asin                            0x0802b5d9   Thumb Code   770  asin.o(i.__hardfp_asin)
    __hardfp_atan                            0x0802b939   Thumb Code   622  atan.o(i.__hardfp_atan)
    __hardfp_atan2                           0x0802bc11   Thumb Code   432  atan2.o(i.__hardfp_atan2)
    __hardfp_cos                             0x0802be01   Thumb Code   180  cos.o(i.__hardfp_cos)
    __hardfp_fabs                            0x0802bec9   Thumb Code    20  fabs.o(i.__hardfp_fabs)
    __hardfp_floor                           0x0802bee1   Thumb Code   252  floor.o(i.__hardfp_floor)
    __hardfp_pow                             0x0802bff9   Thumb Code  3072  pow.o(i.__hardfp_pow)
    __hardfp_sin                             0x0802cc49   Thumb Code   180  sin.o(i.__hardfp_sin)
    __hardfp_sqrt                            0x0802cd11   Thumb Code   122  sqrt.o(i.__hardfp_sqrt)
    __ieee754_rem_pio2                       0x0802cd91   Thumb Code   938  rred.o(i.__ieee754_rem_pio2)
    __kernel_cos                             0x0802d1c9   Thumb Code   322  cos_i.o(i.__kernel_cos)
    __kernel_poly                            0x0802d339   Thumb Code   248  poly.o(i.__kernel_poly)
    __kernel_sin                             0x0802d431   Thumb Code   280  sin_i.o(i.__kernel_sin)
    __mathlib_dbl_divzero                    0x0802d561   Thumb Code    28  dunder.o(i.__mathlib_dbl_divzero)
    __mathlib_dbl_infnan                     0x0802d591   Thumb Code    20  dunder.o(i.__mathlib_dbl_infnan)
    __mathlib_dbl_infnan2                    0x0802d5a5   Thumb Code    20  dunder.o(i.__mathlib_dbl_infnan2)
    __mathlib_dbl_invalid                    0x0802d5b9   Thumb Code    24  dunder.o(i.__mathlib_dbl_invalid)
    __mathlib_dbl_overflow                   0x0802d5d9   Thumb Code    24  dunder.o(i.__mathlib_dbl_overflow)
    __mathlib_dbl_underflow                  0x0802d5f9   Thumb Code    24  dunder.o(i.__mathlib_dbl_underflow)
    atan                                     0x0802d619   Thumb Code    16  atan.o(i.atan)
    fabs                                     0x0802d629   Thumb Code    24  fabs.o(i.fabs)
    sqrt                                     0x0802d641   Thumb Code   110  sqrt.o(i.sqrt)
    __aeabi_dneg                             0x0802d6af   Thumb Code     0  basic.o(x$fpl$basic)
    _dneg                                    0x0802d6af   Thumb Code     6  basic.o(x$fpl$basic)
    __aeabi_fneg                             0x0802d6b5   Thumb Code     0  basic.o(x$fpl$basic)
    _fneg                                    0x0802d6b5   Thumb Code     6  basic.o(x$fpl$basic)
    _dabs                                    0x0802d6bb   Thumb Code     6  basic.o(x$fpl$basic)
    _fabs                                    0x0802d6c1   Thumb Code     6  basic.o(x$fpl$basic)
    __aeabi_d2f                              0x0802d6c9   Thumb Code     0  d2f.o(x$fpl$d2f)
    _d2f                                     0x0802d6c9   Thumb Code    98  d2f.o(x$fpl$d2f)
    __aeabi_dadd                             0x0802d72d   Thumb Code     0  daddsub_clz.o(x$fpl$dadd)
    _dadd                                    0x0802d72d   Thumb Code   332  daddsub_clz.o(x$fpl$dadd)
    __fpl_dcheck_NaN1                        0x0802d87d   Thumb Code    10  dcheck1.o(x$fpl$dcheck1)
    __fpl_dcmp_Inf                           0x0802d88d   Thumb Code    24  dcmpi.o(x$fpl$dcmpinf)
    __aeabi_ddiv                             0x0802d8a5   Thumb Code     0  ddiv.o(x$fpl$ddiv)
    _ddiv                                    0x0802d8a5   Thumb Code   552  ddiv.o(x$fpl$ddiv)
    __aeabi_cdcmpeq                          0x0802db55   Thumb Code     0  deqf.o(x$fpl$deqf)
    _dcmpeq                                  0x0802db55   Thumb Code   120  deqf.o(x$fpl$deqf)
    __aeabi_d2iz                             0x0802dbcd   Thumb Code     0  dfix.o(x$fpl$dfix)
    _dfix                                    0x0802dbcd   Thumb Code    94  dfix.o(x$fpl$dfix)
    __aeabi_i2d                              0x0802dc2b   Thumb Code     0  dflt_clz.o(x$fpl$dflt)
    _dflt                                    0x0802dc2b   Thumb Code    46  dflt_clz.o(x$fpl$dflt)
    __aeabi_ui2d                             0x0802dc59   Thumb Code     0  dflt_clz.o(x$fpl$dfltu)
    _dfltu                                   0x0802dc59   Thumb Code    38  dflt_clz.o(x$fpl$dfltu)
    __aeabi_cdcmple                          0x0802dc81   Thumb Code     0  dleqf.o(x$fpl$dleqf)
    _dcmple                                  0x0802dc81   Thumb Code   120  dleqf.o(x$fpl$dleqf)
    __fpl_dcmple_InfNaN                      0x0802dce3   Thumb Code     0  dleqf.o(x$fpl$dleqf)
    __aeabi_dmul                             0x0802dcf9   Thumb Code     0  dmul.o(x$fpl$dmul)
    _dmul                                    0x0802dcf9   Thumb Code   332  dmul.o(x$fpl$dmul)
    __fpl_dnaninf                            0x0802de4d   Thumb Code   156  dnaninf.o(x$fpl$dnaninf)
    __fpl_dretinf                            0x0802dee9   Thumb Code    12  dretinf.o(x$fpl$dretinf)
    __aeabi_cdrcmple                         0x0802def5   Thumb Code     0  drleqf.o(x$fpl$drleqf)
    _drcmple                                 0x0802def5   Thumb Code   108  drleqf.o(x$fpl$drleqf)
    __aeabi_drsub                            0x0802df61   Thumb Code     0  daddsub_clz.o(x$fpl$drsb)
    _drsb                                    0x0802df61   Thumb Code    22  daddsub_clz.o(x$fpl$drsb)
    _dsqrt                                   0x0802df79   Thumb Code   404  dsqrt_umaal.o(x$fpl$dsqrt)
    __aeabi_dsub                             0x0802e111   Thumb Code     0  daddsub_clz.o(x$fpl$dsub)
    _dsub                                    0x0802e111   Thumb Code   464  daddsub_clz.o(x$fpl$dsub)
    __aeabi_f2d                              0x0802e2e5   Thumb Code     0  f2d.o(x$fpl$f2d)
    _f2d                                     0x0802e2e5   Thumb Code    86  f2d.o(x$fpl$f2d)
    __aeabi_ul2f                             0x0802e33b   Thumb Code     0  ffltll_clz.o(x$fpl$ffltll)
    _ll_uto_f                                0x0802e33b   Thumb Code     6  ffltll_clz.o(x$fpl$ffltll)
    __aeabi_l2f                              0x0802e341   Thumb Code     0  ffltll_clz.o(x$fpl$ffltll)
    _ll_sto_f                                0x0802e341   Thumb Code    90  ffltll_clz.o(x$fpl$ffltll)
    __fpl_fnaninf                            0x0802e39b   Thumb Code   140  fnaninf.o(x$fpl$fnaninf)
    _fp_init                                 0x0802e427   Thumb Code    10  fpinit.o(x$fpl$fpinit)
    __fplib_config_fpu_vfp                   0x0802e42f   Thumb Code     0  fpinit.o(x$fpl$fpinit)
    __fplib_config_pureend_doubles           0x0802e42f   Thumb Code     0  fpinit.o(x$fpl$fpinit)
    __fpl_fretinf                            0x0802e431   Thumb Code    10  fretinf.o(x$fpl$fretinf)
    __fpl_return_NaN                         0x0802e43b   Thumb Code   100  retnan.o(x$fpl$retnan)
    __ARM_scalbn                             0x0802e49f   Thumb Code    92  scalbn.o(x$fpl$scalbn)
    __fpl_cmpreturn                          0x0802e4fb   Thumb Code    48  trapv.o(x$fpl$trapveneer)
    OSUnMapTbl                               0x0802e52a   Data         256  os_core.o(.constdata)
    __I$use$fp                               0x0802e52a   Number         0  usenofp.o(x$fpl$usenofp)
    __mathlib_zero                           0x0802ec28   Data           8  qnan.o(.constdata)
    Region$$Table$$Base                      0x0802ed20   Number         0  anon$$obj.o(Region$$Table)
    Region$$Table$$Limit                     0x0802ed40   Number         0  anon$$obj.o(Region$$Table)
    gpsData                                  0x20000000   Data         152  ublox.o(.ccm)
    ubloxData                                0x20000098   Data         548  ublox.o(.ccm)
    ccmHeap                                  0x200002bc   Data       40960  alt_kf.o(.ccm)
    fly_ready                                0x2000a2c0   Data           1  ucos_task.o(.data)
    inner_loop_time_time                     0x2000a2c4   Data           4  ucos_task.o(.data)
    inner_loop_time_time_int                 0x2000a2c8   Data           4  ucos_task.o(.data)
    GOL_LINK_BUSY                            0x2000a2cc   Data           2  ucos_task.o(.data)
    YawR                                     0x2000a2d0   Data           4  ucos_task.o(.data)
    PitchR                                   0x2000a2d4   Data           4  ucos_task.o(.data)
    RollR                                    0x2000a2d8   Data           4  ucos_task.o(.data)
    outer_loop_time                          0x2000a2dc   Data           4  ucos_task.o(.data)
    ekf_loop_time                            0x2000a2e0   Data           4  ucos_task.o(.data)
    flag_mag                                 0x2000a2e4   Data          12  ucos_task.o(.data)
    Kp_ekf                                   0x2000a2f0   Data           4  ucos_task.o(.data)
    Kp_ekf_pr                                0x2000a2f4   Data           4  ucos_task.o(.data)
    focal_length_px                          0x2000a2f8   Data           4  ucos_task.o(.data)
    accumulated_flow_x                       0x2000a2fc   Data           4  ucos_task.o(.data)
    accumulated_flow_y                       0x2000a300   Data           4  ucos_task.o(.data)
    accumulated_gyro_x                       0x2000a304   Data           4  ucos_task.o(.data)
    accumulated_gyro_y                       0x2000a308   Data           4  ucos_task.o(.data)
    accumulated_gyro_z                       0x2000a30c   Data           4  ucos_task.o(.data)
    accumulated_framecount                   0x2000a310   Data           2  ucos_task.o(.data)
    accumulated_quality                      0x2000a312   Data           2  ucos_task.o(.data)
    integration_timespan                     0x2000a314   Data           4  ucos_task.o(.data)
    k_flow_acc                               0x2000a318   Data           8  ucos_task.o(.data)
    k_gro_acc                                0x2000a320   Data           4  ucos_task.o(.data)
    flt_gro                                  0x2000a324   Data           4  ucos_task.o(.data)
    k_time_use                               0x2000a328   Data           4  ucos_task.o(.data)
    flow_rad_fix_k                           0x2000a32c   Data           8  ucos_task.o(.data)
    flow_rad_fix_k2                          0x2000a334   Data           4  ucos_task.o(.data)
    dead_rad_fix                             0x2000a338   Data           8  ucos_task.o(.data)
    flow_height_fliter                       0x2000a340   Data           4  ucos_task.o(.data)
    wz_speed_flow                            0x2000a344   Data           8  ucos_task.o(.data)
    w_acc_spd                                0x2000a34c   Data           4  ucos_task.o(.data)
    w_acc_fix                                0x2000a350   Data           4  ucos_task.o(.data)
    k_scale_pix                              0x2000a354   Data           4  ucos_task.o(.data)
    scale_pix                                0x2000a358   Data           4  ucos_task.o(.data)
    k_acc_forward                            0x2000a35c   Data           4  ucos_task.o(.data)
    MID_CNT_SPD                              0x2000a360   Data           1  ucos_task.o(.data)
    k_flp                                    0x2000a364   Data           4  ucos_task.o(.data)
    rate_threshold                           0x2000a368   Data           8  ucos_task.o(.data)
    flow_k                                   0x2000a370   Data           4  ucos_task.o(.data)
    k_gro_off                                0x2000a374   Data           4  ucos_task.o(.data)
    flow_module_offset_y                     0x2000a378   Data           4  ucos_task.o(.data)
    flow_module_offset_x                     0x2000a37c   Data           4  ucos_task.o(.data)
    flow_px_sel                              0x2000a380   Data           1  ucos_task.o(.data)
    scale_px4_flow                           0x2000a384   Data           4  ucos_task.o(.data)
    x_flow_orign_temp                        0x2000a388   Data           4  ucos_task.o(.data)
    y_flow_orign_temp                        0x2000a38c   Data           4  ucos_task.o(.data)
    baro_matlab_data                         0x2000a390   Data           8  ucos_task.o(.data)
    flow_loop_time                           0x2000a398   Data           4  ucos_task.o(.data)
    flow_rad_sel                             0x2000a39c   Data           1  ucos_task.o(.data)
    en_imu_debug                             0x2000a39d   Data           1  ucos_task.o(.data)
    force_imu_debug                          0x2000a39e   Data           1  ucos_task.o(.data)
    UART_UP_LOAD_SEL                         0x2000a39f   Data           1  ucos_task.o(.data)
    time_uart                                0x2000a3a0   Data           4  ucos_task.o(.data)
    tmr1                                     0x2000a3a4   Data           4  ucos_task.o(.data)
    tmr2                                     0x2000a3a8   Data           4  ucos_task.o(.data)
    tmr3                                     0x2000a3ac   Data           4  ucos_task.o(.data)
    cpuusage                                 0x2000a3b0   Data           2  ucos_task.o(.data)
    msg_key                                  0x2000a3d8   Data           4  main.o(.data)
    q_msg                                    0x2000a3dc   Data           4  main.o(.data)
    flags_key                                0x2000a3e0   Data           4  main.o(.data)
    SystemCoreClock                          0x2000a3e4   Data           4  system_stm32f4xx.o(.data)
    AHBPrescTable                            0x2000a3e8   Data          16  system_stm32f4xx.o(.data)
    OSCtxSwCtr                               0x2000a40c   Data           4  os_core.o(.data)
    OSEventFreeList                          0x2000a410   Data           4  os_core.o(.data)
    OSFlagFreeList                           0x2000a414   Data           4  os_core.o(.data)
    OSCPUUsage                               0x2000a418   Data           1  os_core.o(.data)
    OSIdleCtrMax                             0x2000a41c   Data           4  os_core.o(.data)
    OSIdleCtrRun                             0x2000a420   Data           4  os_core.o(.data)
    OSStatRdy                                0x2000a424   Data           1  os_core.o(.data)
    OSIntNesting                             0x2000a425   Data           1  os_core.o(.data)
    OSLockNesting                            0x2000a426   Data           1  os_core.o(.data)
    OSPrioCur                                0x2000a427   Data           1  os_core.o(.data)
    OSPrioHighRdy                            0x2000a428   Data           1  os_core.o(.data)
    OSRdyGrp                                 0x2000a429   Data           1  os_core.o(.data)
    OSRdyTbl                                 0x2000a42a   Data           8  os_core.o(.data)
    OSRunning                                0x2000a432   Data           1  os_core.o(.data)
    OSTaskCtr                                0x2000a433   Data           1  os_core.o(.data)
    OSIdleCtr                                0x2000a434   Data           4  os_core.o(.data)
    OSTCBCur                                 0x2000a438   Data           4  os_core.o(.data)
    OSTCBFreeList                            0x2000a43c   Data           4  os_core.o(.data)
    OSTCBHighRdy                             0x2000a440   Data           4  os_core.o(.data)
    OSTCBList                                0x2000a444   Data           4  os_core.o(.data)
    OSTickStepState                          0x2000a448   Data           1  os_core.o(.data)
    OSQFreeList                              0x2000a44c   Data           4  os_core.o(.data)
    OSTime                                   0x2000a450   Data           4  os_core.o(.data)
    OSTmrFree                                0x2000a454   Data           2  os_core.o(.data)
    OSTmrUsed                                0x2000a456   Data           2  os_core.o(.data)
    OSTmrTime                                0x2000a458   Data           4  os_core.o(.data)
    OSTmrSem                                 0x2000a45c   Data           4  os_core.o(.data)
    OSTmrSemSignal                           0x2000a460   Data           4  os_core.o(.data)
    OSTmrFreeList                            0x2000a464   Data           4  os_core.o(.data)
    OSInterrputSum                           0x2000a468   Data           4  os_cpu_c.o(.data)
    FLASH_SIZE                               0x2000a470   Data           4  flash.o(.data)
    I2C_FastMode                             0x2000a474   Data           1  iic_soft.o(.data)
    sysTickUptime                            0x2000a480   Data           4  time.o(.data)
    time_1h                                  0x2000a484   Data           4  time.o(.data)
    time_1m                                  0x2000a488   Data           4  time.o(.data)
    time_1s                                  0x2000a48c   Data           4  time.o(.data)
    time_1ms                                 0x2000a490   Data           4  time.o(.data)
    T_sonar                                  0x2000a498   Data           4  ultrasonic.o(.data)
    ultra_start_f                            0x2000a49c   Data           1  ultrasonic.o(.data)
    ultra_time                               0x2000a49d   Data           1  ultrasonic.o(.data)
    ultra_ok                                 0x2000a49e   Data           1  ultrasonic.o(.data)
    x_pred                                   0x2000a4a0   Data           8  ultrasonic.o(.data)
    v_pred                                   0x2000a4a8   Data           8  ultrasonic.o(.data)
    x_post                                   0x2000a4b0   Data           8  ultrasonic.o(.data)
    v_post                                   0x2000a4b8   Data           8  ultrasonic.o(.data)
    sonar_raw                                0x2000a4c0   Data           4  ultrasonic.o(.data)
    scale_kal_sonar_v                        0x2000a4c4   Data           4  ultrasonic.o(.data)
    x_pred_bmp                               0x2000a4c8   Data           8  ultrasonic.o(.data)
    v_pred_bmp                               0x2000a4d0   Data           8  ultrasonic.o(.data)
    x_post_bmp                               0x2000a4d8   Data           8  ultrasonic.o(.data)
    v_post_bmp                               0x2000a4e0   Data           8  ultrasonic.o(.data)
    state_dj                                 0x2000a4e8   Data           5  ultrasonic.o(.data)
    state_dj_rx                              0x2000a4ed   Data           5  ultrasonic.o(.data)
    IO_STATE                                 0x2000a4f2   Data           5  ultrasonic.o(.data)
    IO_STATER                                0x2000a4f7   Data           5  ultrasonic.o(.data)
    TEMP_SONAR                               0x2000a4fc   Data           4  ultrasonic.o(.data)
    cnt_sample1                              0x2000a500   Data           4  ultrasonic.o(.data)
    ultra_distance                           0x2000a504   Data           4  ultrasonic.o(.data)
    ultra_distance_r                         0x2000a508   Data           4  ultrasonic.o(.data)
    ultra_delta                              0x2000a50c   Data           4  ultrasonic.o(.data)
    sum                                      0x2000a528   Data           2  iic_sonar.o(.data)
    W25QXX_TYPE                              0x2000a52a   Data           2  flash_w25.o(.data)
    GPS_SEL1                                 0x2000a52c   Data           1  gps.o(.data)
    gps_dt                                   0x2000a530   Data           4  gps.o(.data)
    dt_flow_rx                               0x2000a534   Data           4  usart_fc.o(.data)
    data_rate_gol_link                       0x2000a538   Data           2  usart_fc.o(.data)
    LOCK                                     0x2000a53a   Data           1  usart_fc.o(.data)
    KEY                                      0x2000a53b   Data           8  usart_fc.o(.data)
    KEY_SEL                                  0x2000a543   Data           4  usart_fc.o(.data)
    NAV_BOARD_CONNECT                        0x2000a547   Data           1  usart_fc.o(.data)
    force_fly_ready                          0x2000a548   Data           1  usart_fc.o(.data)
    k_flow_opencv                            0x2000a54c   Data           4  usart_fc.o(.data)
    TxCounter                                0x2000a550   Data           1  usart_fc.o(.data)
    count                                    0x2000a551   Data           1  usart_fc.o(.data)
    RxState                                  0x2000a552   Data           1  usart_fc.o(.data)
    RxBufferNum                              0x2000a553   Data           1  usart_fc.o(.data)
    RxBufferCnt                              0x2000a554   Data           1  usart_fc.o(.data)
    RxLen                                    0x2000a555   Data           1  usart_fc.o(.data)
    com_data                                 0x2000a556   Data           1  usart_fc.o(.data)
    nrf_uart_cnt                             0x2000a55a   Data           2  usart_fc.o(.data)
    Tx5Counter                               0x2000a55c   Data           1  usart_fc.o(.data)
    count5                                   0x2000a55d   Data           1  usart_fc.o(.data)
    dlf_odroid                               0x2000a560   Data           4  usart_fc.o(.data)
    TxCounter_u1                             0x2000a564   Data           1  usart_fc.o(.data)
    count_u1                                 0x2000a565   Data           1  usart_fc.o(.data)
    RxState_u1                               0x2000a566   Data           1  usart_fc.o(.data)
    RxBufferNum_u1                           0x2000a567   Data           1  usart_fc.o(.data)
    RxBufferCnt_u1                           0x2000a568   Data           1  usart_fc.o(.data)
    RxLen_u1                                 0x2000a569   Data           1  usart_fc.o(.data)
    USART3_RX_STA                            0x2000a56c   Data           2  usart_fc.o(.data)
    buf_GPRMC                                0x2000a56e   Data         100  usart_fc.o(.data)
    buf_GPRMCt                               0x2000a5d2   Data         100  usart_fc.o(.data)
    buf_GPGGA                                0x2000a636   Data         100  usart_fc.o(.data)
    buf_GPGGAt                               0x2000a69a   Data         100  usart_fc.o(.data)
    gps_good                                 0x2000a6fe   Data           1  usart_fc.o(.data)
    gps_loss_cnt                             0x2000a700   Data           2  usart_fc.o(.data)
    rate_gps_board                           0x2000a704   Data           4  usart_fc.o(.data)
    RxState3                                 0x2000a708   Data           1  usart_fc.o(.data)
    RxBufferNum3                             0x2000a709   Data           1  usart_fc.o(.data)
    RxBufferCnt3                             0x2000a70a   Data           1  usart_fc.o(.data)
    RxLen3                                   0x2000a70b   Data           1  usart_fc.o(.data)
    Angle_Yun                                0x2000a710   Data           8  usart_fc.o(.data)
    en_ble_debug                             0x2000a718   Data           1  usart_fc.o(.data)
    mav_flow_sel                             0x2000a719   Data           1  usart_fc.o(.data)
    FLOW_STATE                               0x2000a71a   Data           4  usart_fc.o(.data)
    IMU1_Fast                                0x2000a744   Data           1  lis3mdl.o(.data)
    id                                       0x2000a745   Data           3  lis3mdl.o(.data)
    ak8975                                   0x2000a780   Data          48  hml_sample.o(.data)
    ak8975_ok                                0x2000a800   Data           1  hml_sample.o(.data)
    Mag_CALIBRATED                           0x2000a801   Data           1  hml_sample.o(.data)
    Mag_CALIBRATED_R                         0x2000a802   Data           1  hml_sample.o(.data)
    HMC5883_lastx                            0x2000a804   Data           4  hml_sample.o(.data)
    HMC5883_lasty                            0x2000a808   Data           4  hml_sample.o(.data)
    HMC5883_lastz                            0x2000a80c   Data           4  hml_sample.o(.data)
    HMC5883_maxx                             0x2000a810   Data           2  hml_sample.o(.data)
    HMC5883_maxy                             0x2000a812   Data           2  hml_sample.o(.data)
    HMC5883_maxz                             0x2000a814   Data           2  hml_sample.o(.data)
    HMC5883_minx                             0x2000a816   Data           2  hml_sample.o(.data)
    HMC5883_miny                             0x2000a818   Data           2  hml_sample.o(.data)
    HMC5883_minz                             0x2000a81a   Data           2  hml_sample.o(.data)
    mpu6050_ok                               0x2000a850   Data           1  mpu6050.o(.data)
    test_ang                                 0x2000a8fc   Data           4  mpu6050.o(.data)
    test_ang_old                             0x2000a900   Data           4  mpu6050.o(.data)
    test_ang_d                               0x2000a904   Data           4  mpu6050.o(.data)
    test_fli_a                               0x2000a908   Data           4  mpu6050.o(.data)
    test_i                                   0x2000a90c   Data           4  mpu6050.o(.data)
    acc_max                                  0x2000a910   Data          12  mpu6050.o(.data)
    acc_min                                  0x2000a91c   Data          12  mpu6050.o(.data)
    EN_TUO_ACC_FIX                           0x2000a928   Data           1  mpu6050.o(.data)
    paOffsetNum                              0x2000a948   Data           8  ms5611_2.o(.data)
    paInitCnt                                0x2000a950   Data           2  ms5611_2.o(.data)
    paOffsetInited                           0x2000a952   Data           1  ms5611_2.o(.data)
    Baro_ALT_Updated                         0x2000a953   Data           1  ms5611_2.o(.data)
    MS5611_Temperature                       0x2000a954   Data           4  ms5611_2.o(.data)
    MS5611_Pressure                          0x2000a958   Data           4  ms5611_2.o(.data)
    MS5611_Altitude                          0x2000a95c   Data           4  ms5611_2.o(.data)
    MS5611_VerticalSpeed                     0x2000a960   Data           4  ms5611_2.o(.data)
    MS5611_Delay_us                          0x2000a964   Data          36  ms5611_2.o(.data)
    for_fly_ready                            0x2000a996   Data           1  ms5611_2.o(.data)
    baroAlt                                  0x2000a998   Data           4  ms5611_2.o(.data)
    baro_set                                 0x2000a99c   Data           1  ms5611_2.o(.data)
    flt_laser                                0x2000a9b0   Data           4  laser.o(.data)
    rate_use                                 0x2000a9b4   Data           8  laser.o(.data)
    fast_atan_table                          0x2000a9c8   Data        1028  my_math.o(.data)
    altUkfData                               0x2000add0   Data           8  alt_kf.o(.data)
    altUkfData_sonar                         0x2000add8   Data           8  alt_kf.o(.data)
    altUkfData_bmp                           0x2000ade0   Data           8  alt_kf.o(.data)
    flowUkfData_x                            0x2000ade8   Data           8  alt_kf.o(.data)
    flowUkfData_y                            0x2000adf0   Data           8  alt_kf.o(.data)
    gpsUkfData_e                             0x2000adf8   Data           8  alt_kf.o(.data)
    gpsUkfData_n                             0x2000ae00   Data           8  alt_kf.o(.data)
    heapUsed                                 0x2000ae08   Data           4  alt_kf.o(.data)
    heapHighWater                            0x2000ae0c   Data           4  alt_kf.o(.data)
    dataSramUsed                             0x2000ae10   Data           4  alt_kf.o(.data)
    FLOW_NOISE                               0x2000ae14   Data           4  alt_kf.o(.data)
    flow_pos                                 0x2000ae18   Data           8  alt_kf.o(.data)
    measure_num                              0x2000ae20   Data           1  alt_kf.o(.data)
    k_acc                                    0x2000ae24   Data           4  alt_kf.o(.data)
    sonar_av_cnt                             0x2000ae28   Data           2  alt_kf.o(.data)
    sonar_f_set                              0x2000ae2c   Data          24  alt_kf.o(.data)
    ALT_PRES_NOISE                           0x2000ae44   Data           4  alt_kf.o(.data)
    ALT_PRES_NOISE_SONAR                     0x2000ae48   Data           4  alt_kf.o(.data)
    ALT_POS_SONAR2                           0x2000ae4c   Data           4  alt_kf.o(.data)
    ALT_POS_SONAR3                           0x2000ae50   Data           4  alt_kf.o(.data)
    sonar_h_cnt                              0x2000ae54   Data           4  alt_kf.o(.data)
    sonar_temp                               0x2000ae58   Data           4  alt_kf.o(.data)
    K_SONAR                                  0x2000ae5c   Data           4  alt_kf.o(.data)
    test_1                                   0x2000ae60   Data           2  alt_kf.o(.data)
    en_1                                     0x2000ae62   Data           1  alt_kf.o(.data)
    NOISE                                    0x2000ae64   Data          12  alt_kf.o(.data)
    X_apo_height1                            0x2000ae70   Data           8  alt_kf.o(.data)
    P_apo_k_height1                          0x2000ae78   Data          16  alt_kf.o(.data)
    r_baro1                                  0x2000ae88   Data           4  alt_kf.o(.data)
    r_acc1                                   0x2000ae8c   Data           4  alt_kf.o(.data)
    k_spd                                    0x2000ae90   Data           4  alt_kf.o(.data)
    gh                                       0x2000ae94   Data           4  alt_kf.o(.data)
    gh_sonar                                 0x2000ae98   Data           4  alt_kf.o(.data)
    ga                                       0x2000ae9c   Data           4  alt_kf.o(.data)
    gwa                                      0x2000aea0   Data           4  alt_kf.o(.data)
    P_kf_baro                                0x2000aea8   Data          72  alt_kf.o(.data)
    P_kf_sonar                               0x2000aef0   Data          72  alt_kf.o(.data)
    X_apo_height                             0x2000af38   Data           8  alt_kf.o(.data)
    P_apo_k_height                           0x2000af40   Data          16  alt_kf.o(.data)
    k_bais                                   0x2000af50   Data           4  alt_kf.o(.data)
    k_bais2                                  0x2000af54   Data           4  alt_kf.o(.data)
    r_baro                                   0x2000af58   Data           4  alt_kf.o(.data)
    r_acc                                    0x2000af5c   Data           4  alt_kf.o(.data)
    gro_z_dead                               0x2000af60   Data           4  alt_kf.o(.data)
    dead_accz                                0x2000af64   Data           4  alt_kf.o(.data)
    acc_off_baro                             0x2000af68   Data           4  alt_kf.o(.data)
    k_hcc                                    0x2000af6c   Data           4  alt_kf.o(.data)
    k_hcc_fix                                0x2000af70   Data           4  alt_kf.o(.data)
    hc_acc_i_bmp                             0x2000af74   Data           4  alt_kf.o(.data)
    accz                                     0x2000af78   Data           4  alt_kf.o(.data)
    accz_bmp                                 0x2000af7c   Data           4  alt_kf.o(.data)
    acc_scale_bmp                            0x2000af80   Data           4  alt_kf.o(.data)
    acc_mask                                 0x2000af84   Data           1  alt_kf.o(.data)
    acc_mask_cnt_max                         0x2000af86   Data           2  alt_kf.o(.data)
    baro_ukf_dt                              0x2000af88   Data           4  alt_kf.o(.data)
    baro_ekf_dt                              0x2000af8c   Data           4  alt_kf.o(.data)
    k_flt_accz                               0x2000af90   Data           4  alt_kf.o(.data)
    acc_est                                  0x2000af94   Data           4  alt_kf.o(.data)
    acc_est_imu                              0x2000af98   Data           4  alt_kf.o(.data)
    baro_ekf_ero                             0x2000af9c   Data           1  alt_kf.o(.data)
    ALT_VEL_BMP_UNION                        0x2000afa0   Data           4  alt_kf.o(.data)
    ALT_POS_BMP_UNION                        0x2000afa4   Data           4  alt_kf.o(.data)
    baroAlt_sel                              0x2000afa8   Data           1  alt_kf.o(.data)
    acc_flag                                 0x2000afac   Data           8  alt_kf.o(.data)
    k_acc_ukf                                0x2000afb4   Data           4  alt_kf.o(.data)
    MAX_ACC_NEO                              0x2000afb8   Data           4  alt_kf.o(.data)
    flow_dt                                  0x2000afbc   Data           4  alt_kf.o(.data)
    GPS_NOISE                                0x2000afc0   Data           4  alt_kf.o(.data)
    k_acc_fpl_gps                            0x2000afc4   Data           4  alt_kf.o(.data)
    q_pos                                    0x2000afc8   Data           4  alt_kf.o(.data)
    v_q                                      0x2000afcc   Data           4  alt_kf.o(.data)
    v_bais                                   0x2000afd0   Data           4  alt_kf.o(.data)
    s_bais                                   0x2000afd4   Data           4  alt_kf.o(.data)
    ALT_STATE_POS1                           0x2000afd8   Data           4  alt_kf.o(.data)
    ALT_STATE_VEL1                           0x2000afdc   Data           4  alt_kf.o(.data)
    ALT_STATE_BIAS1                          0x2000afe0   Data           4  alt_kf.o(.data)
    ALT_NOISE_BIAS1                          0x2000afe4   Data           4  alt_kf.o(.data)
    ALT_NOISE_VEL1                           0x2000afe8   Data           4  alt_kf.o(.data)
    ALT_STATE_POS_GPS                        0x2000afec   Data           4  alt_kf.o(.data)
    ALT_STATE_VEL_GPS                        0x2000aff0   Data           4  alt_kf.o(.data)
    ALT_STATE_BIAS_GPS                       0x2000aff4   Data           4  alt_kf.o(.data)
    ALT_NOISE_BIAS_GPS                       0x2000aff8   Data           4  alt_kf.o(.data)
    ALT_NOISE_VEL_GPS                        0x2000affc   Data           4  alt_kf.o(.data)
    ero                                      0x2000b03a   Data           4  error.o(.data)
    sys                                      0x2000b03e   Data           8  error.o(.data)
    Kp                                       0x2000b058   Data           4  imu.o(.data)
    Ki                                       0x2000b05c   Data           4  imu.o(.data)
    Roll                                     0x2000b060   Data           4  imu.o(.data)
    Pitch                                    0x2000b064   Data           4  imu.o(.data)
    Yaw                                      0x2000b068   Data           4  imu.o(.data)
    Roll_mid_down                            0x2000b06c   Data           4  imu.o(.data)
    Pitch_mid_down                           0x2000b070   Data           4  imu.o(.data)
    Yaw_mid_down                             0x2000b074   Data           4  imu.o(.data)
    ref_q                                    0x2000b078   Data          16  imu.o(.data)
    norm_acc                                 0x2000b088   Data           4  imu.o(.data)
    norm_q                                   0x2000b08c   Data           4  imu.o(.data)
    norm_acc_lpf                             0x2000b090   Data           4  imu.o(.data)
    test_flag                                0x2000b094   Data          12  imu.o(.data)
    mag_norm                                 0x2000b0a0   Data           4  imu.o(.data)
    mag_norm_xyz                             0x2000b0a4   Data           4  imu.o(.data)
    gh_yaw                                   0x2000b0a8   Data           4  imu.o(.data)
    ga_yaw                                   0x2000b0ac   Data           4  imu.o(.data)
    gw_yaw                                   0x2000b0b0   Data           4  imu.o(.data)
    yaw_kf                                   0x2000b0b4   Data           4  imu.o(.data)
    P_kf_yaw                                 0x2000b0b8   Data          32  imu.o(.data)
    k_kf_z                                   0x2000b0d8   Data           4  imu.o(.data)
    yaw_cross                                0x2000b0dc   Data           1  imu.o(.data)
    yaw_qr_off                               0x2000b0e0   Data           4  imu.o(.data)
    dis_angle_lock                           0x2000b0e4   Data           1  imu.o(.data)
    yaw_cal_by_qr                            0x2000b0e5   Data           1  imu.o(.data)
    yaw_qr_off_local                         0x2000b0e8   Data           4  imu.o(.data)
    ref_q_imd_down                           0x2000b0fc   Data          16  imu_m.o(.data)
    beta                                     0x2000b10c   Data           4  imu_m.o(.data)
    q0_m                                     0x2000b110   Data           4  imu_m.o(.data)
    q1_m                                     0x2000b114   Data           4  imu_m.o(.data)
    q2_m                                     0x2000b118   Data           4  imu_m.o(.data)
    q3_m                                     0x2000b11c   Data           4  imu_m.o(.data)
    q0                                       0x2000b120   Data           4  imu_m.o(.data)
    q1                                       0x2000b124   Data           4  imu_m.o(.data)
    q2                                       0x2000b128   Data           4  imu_m.o(.data)
    q3                                       0x2000b12c   Data           4  imu_m.o(.data)
    q0_fc                                    0x2000b130   Data           4  imu_m.o(.data)
    q1_fc                                    0x2000b134   Data           4  imu_m.o(.data)
    q2_fc                                    0x2000b138   Data           4  imu_m.o(.data)
    q3_fc                                    0x2000b13c   Data           4  imu_m.o(.data)
    init_q                                   0x2000b140   Data           1  imu_m.o(.data)
    twoKp                                    0x2000b144   Data           4  imu_m.o(.data)
    twoKi                                    0x2000b148   Data           4  imu_m.o(.data)
    twoKp_s                                  0x2000b14c   Data           4  imu_m.o(.data)
    integralFBx                              0x2000b150   Data           4  imu_m.o(.data)
    integralFBy                              0x2000b154   Data           4  imu_m.o(.data)
    integralFBz                              0x2000b158   Data           4  imu_m.o(.data)
    rtInf                                    0x2000b160   Data           8  rt_nonfinite.o(.data)
    rtMinusInf                               0x2000b168   Data           8  rt_nonfinite.o(.data)
    rtNaN                                    0x2000b170   Data           8  rt_nonfinite.o(.data)
    rtInfF                                   0x2000b178   Data           4  rt_nonfinite.o(.data)
    rtMinusInfF                              0x2000b17c   Data           4  rt_nonfinite.o(.data)
    rtNaNF                                   0x2000b180   Data           4  rt_nonfinite.o(.data)
    ekf_hml_flag                             0x2000b1f0   Data          12  ukf_task.o(.data)
    q_flow                                   0x2000b1fc   Data          12  ukf_task.o(.data)
    r_flow                                   0x2000b208   Data          12  ukf_task.o(.data)
    flow_gain                                0x2000b214   Data           4  ukf_task.o(.data)
    P_flow                                   0x2000b218   Data         288  ukf_task.o(.data)
    acc_flag_flow                            0x2000b338   Data           8  ukf_task.o(.data)
    X_ukf_Pos                                0x2000b340   Data           8  ukf_task.o(.data)
    r1                                       0x2000b348   Data           4  ukf_task.o(.data)
    r2                                       0x2000b34c   Data           4  ukf_task.o(.data)
    posNorth                                 0x2000b350   Data           4  ukf_task.o(.data)
    posEast                                  0x2000b354   Data           4  ukf_task.o(.data)
    local_Lat                                0x2000b358   Data           4  ukf_task.o(.data)
    local_Lon                                0x2000b35c   Data           4  ukf_task.o(.data)
    velEast                                  0x2000b360   Data           4  ukf_task.o(.data)
    velNorth                                 0x2000b364   Data           4  ukf_task.o(.data)
    GPS_J_F                                  0x2000b368   Data           4  ukf_task.o(.data)
    GPS_W_F                                  0x2000b36c   Data           4  ukf_task.o(.data)
    kf_data_sel                              0x2000b370   Data           1  ukf_task.o(.data)
    ga_nav                                   0x2000b374   Data           4  ukf_task.o(.data)
    gwa_nav                                  0x2000b378   Data           4  ukf_task.o(.data)
    g_pos_flow                               0x2000b37c   Data           4  ukf_task.o(.data)
    g_spd_flow                               0x2000b380   Data           4  ukf_task.o(.data)
    K_pos_qr                                 0x2000b384   Data           4  ukf_task.o(.data)
    K_spd_flow                               0x2000b388   Data           4  ukf_task.o(.data)
    K_acc_gps                                0x2000b38c   Data           4  ukf_task.o(.data)
    K_pos_gps                                0x2000b390   Data           4  ukf_task.o(.data)
    K_spd_gps                                0x2000b394   Data           4  ukf_task.o(.data)
    g_pos_gps                                0x2000b398   Data           4  ukf_task.o(.data)
    g_spd_gps                                0x2000b39c   Data           4  ukf_task.o(.data)
    velNorth_gps                             0x2000b3a0   Data           4  ukf_task.o(.data)
    velEast_gps                              0x2000b3a4   Data           4  ukf_task.o(.data)
    force_test                               0x2000b3a8   Data           1  ukf_task.o(.data)
    INNER_TASK_STK                           0x2000b3dc   Data        1024  ucos_task.o(.bss)
    OUTER_TASK_STK                           0x2000b7dc   Data        1536  ucos_task.o(.bss)
    EKF_TASK_STK                             0x2000bddc   Data       32768  ucos_task.o(.bss)
    fRealGyro                                0x20013ddc   Data          12  ucos_task.o(.bss)
    fRealAccel                               0x20013de8   Data          12  ucos_task.o(.bss)
    fRealMag                                 0x20013df4   Data          12  ucos_task.o(.bss)
    fRealQ                                   0x20013e00   Data          16  ucos_task.o(.bss)
    lQuat                                    0x20013e10   Data          16  ucos_task.o(.bss)
    fRPY                                     0x20013e20   Data          12  ucos_task.o(.bss)
    fQ                                       0x20013e2c   Data          16  ucos_task.o(.bss)
    reference_v_ekf                          0x20013e3c   Data          12  ucos_task.o(.bss)
    BARO_TASK_STK                            0x20013e48   Data        3072  ucos_task.o(.bss)
    SONAR_TASK_STK                           0x20014a48   Data         512  ucos_task.o(.bss)
    FLOW_TASK_STK                            0x20014c48   Data        2048  ucos_task.o(.bss)
    acc_neo                                  0x20015448   Data          12  ucos_task.o(.bss)
    flow_ground_temp                         0x20015454   Data          16  ucos_task.o(.bss)
    flow_filter                              0x20015464   Data          16  ucos_task.o(.bss)
    flow_rad_fix                             0x20015474   Data          16  ucos_task.o(.bss)
    flow_m                                   0x20015484   Data          12  ucos_task.o(.bss)
    flow_gyrospeed                           0x20015490   Data          12  ucos_task.o(.bss)
    flow_matlab_data                         0x2001549c   Data          16  ucos_task.o(.bss)
    UART_TASK_STK                            0x200154ac   Data         512  ucos_task.o(.bss)
    ERROR_TASK_STK                           0x200156ac   Data         256  ucos_task.o(.bss)
    START_TASK_STK                           0x200157d0   Data         256  main.o(.bss)
    MsgGrp                                   0x200158d0   Data        1024  main.o(.bss)
    mcuID                                    0x20015cd0   Data          12  main.o(.bss)
    OSEventTbl                               0x20015cdc   Data         200  os_core.o(.bss)
    OSFlagTbl                                0x20015da4   Data          80  os_core.o(.bss)
    OSTaskStatStk                            0x20015df4   Data         512  os_core.o(.bss)
    OSTaskIdleStk                            0x20015ff4   Data         512  os_core.o(.bss)
    OSTCBPrioTbl                             0x200161f4   Data         256  os_core.o(.bss)
    OSTCBTbl                                 0x200162f4   Data        1848  os_core.o(.bss)
    OSQTbl                                   0x20016a2c   Data         120  os_core.o(.bss)
    OSTmrTbl                                 0x20016aa4   Data         640  os_core.o(.bss)
    OSTmrTaskStk                             0x20016d24   Data         512  os_core.o(.bss)
    OSTmrWheelTbl                            0x20016f24   Data          64  os_core.o(.bss)
    FLASH_READ_BUF                           0x20016f64   Data          50  flash.o(.bss)
    FLASH_Buffer                             0x20016f96   Data          50  flash.o(.bss)
    Cycle_T                                  0x20016fc8   Data         180  time.o(.bss)
    now_dj                                   0x2001707c   Data          16  ultrasonic.o(.bss)
    lastUpdate_dj                            0x2001708c   Data          16  ultrasonic.o(.bss)
    W25QXX_BUFFER                            0x2001709c   Data        4096  flash_w25.o(.bss)
    qr                                       0x200180a0   Data          44  usart_fc.o(.bss)
    color                                    0x200180cc   Data          20  usart_fc.o(.bss)
    HPID                                     0x200180e0   Data          18  usart_fc.o(.bss)
    SPID                                     0x200180f2   Data          18  usart_fc.o(.bss)
    FIX_PID                                  0x20018104   Data          18  usart_fc.o(.bss)
    NAV_PID                                  0x20018116   Data          18  usart_fc.o(.bss)
    pid                                      0x20018128   Data         224  usart_fc.o(.bss)
    Rc_Get                                   0x20018208   Data          20  usart_fc.o(.bss)
    plane                                    0x2001821c   Data         116  usart_fc.o(.bss)
    slam                                     0x20018290   Data          20  usart_fc.o(.bss)
    imu_nav                                  0x200182a4   Data         104  usart_fc.o(.bss)
    mode                                     0x2001830c   Data          53  usart_fc.o(.bss)
    flow_debug                               0x20018344   Data          40  usart_fc.o(.bss)
    par                                      0x2001836c   Data          48  usart_fc.o(.bss)
    TxBuffer                                 0x2001839c   Data         256  usart_fc.o(.bss)
    Rx_Buf                                   0x2001849c   Data         256  usart_fc.o(.bss)
    RxBuffer                                 0x2001859c   Data          50  usart_fc.o(.bss)
    Tx5Buffer                                0x200185ce   Data         256  usart_fc.o(.bss)
    TxBuffer_u1                              0x200186ce   Data         256  usart_fc.o(.bss)
    Rx_Buf_u1                                0x200187ce   Data         256  usart_fc.o(.bss)
    RxBuffer_u1                              0x200188ce   Data          50  usart_fc.o(.bss)
    USART3_TX_BUF                            0x20018900   Data         800  usart_fc.o(.bss)
    USART3_RX_BUF                            0x20018c20   Data         800  usart_fc.o(.bss)
    USART1_TX_BUF                            0x20018f40   Data         800  usart_fc.o(.bss)
    gpsx                                     0x20019260   Data         125  usart_fc.o(.bss)
    buf_imu_dj                               0x200192dd   Data          20  usart_fc.o(.bss)
    angle_imu_dj                             0x200192f4   Data          12  usart_fc.o(.bss)
    buf_GNVTG                                0x20019300   Data          65  usart_fc.o(.bss)
    laser_buf                                0x20019342   Data         720  usart_fc.o(.bss)
    Rx_Buf3                                  0x20019612   Data         256  usart_fc.o(.bss)
    RxBuffer3                                0x20019712   Data          50  usart_fc.o(.bss)
    SendBuff1                                0x20019744   Data          64  usart_fc.o(.bss)
    SendBuff2                                0x20019784   Data         256  usart_fc.o(.bss)
    SendBuff3                                0x20019884   Data          32  usart_fc.o(.bss)
    SendBuff4                                0x200198a4   Data          64  usart_fc.o(.bss)
    flow                                     0x200198e8   Data         112  usart_fc.o(.bss)
    flow_rad                                 0x20019958   Data          48  usart_fc.o(.bss)
    flow_rad_mine                            0x20019988   Data          48  usart_fc.o(.bss)
    flow_buf                                 0x200199b8   Data          27  usart_fc.o(.bss)
    flow_buf_rad                             0x200199d3   Data          45  usart_fc.o(.bss)
    lis3mdl                                  0x20019a34   Data         224  lis3mdl.o(.bss)
    HMC5883_FIFO                             0x20019d00   Data          66  hml_sample.o(.bss)
    mpu6050                                  0x20019d50   Data         188  mpu6050.o(.bss)
    mpu6050_r                                0x20019e0c   Data         188  mpu6050.o(.bss)
    imu_fushion                              0x20019ec8   Data         188  mpu6050.o(.bss)
    mpu6050_buffer                           0x20019f84   Data          14  mpu6050.o(.bss)
    mpu6050_tmp                              0x2001a22c   Data          28  mpu6050.o(.bss)
    mpu6050_tmp_acc_circle                   0x2001a248   Data          28  mpu6050.o(.bss)
    mpu_fil_tmp                              0x2001a264   Data          28  mpu6050.o(.bss)
    mpu_fil_tmp_acc_circle                   0x2001a280   Data          28  mpu6050.o(.bss)
    acc_off                                  0x2001a29c   Data          12  mpu6050.o(.bss)
    acc_scale                                0x2001a2a8   Data          12  mpu6050.o(.bss)
    Laser_avoid                              0x2001a2c0   Data         120  laser.o(.bss)
    med_filter_tmp                           0x2001a338   Data        6000  fliter.o(.bss)
    med_filter_out                           0x2001baa8   Data         120  fliter.o(.bss)
    med_fil_cnt                              0x2001bb20   Data          30  fliter.o(.bss)
    Distance                                 0x2001bb40   Data         100  alt_kf.o(.bss)
    ultra                                    0x2001bba4   Data          20  alt_kf.o(.bss)
    sonar_av_arr                             0x2001bbb8   Data          20  alt_kf.o(.bss)
    sonar                                    0x2001bbcc   Data          24  alt_kf.o(.bss)
    sonar_fusion                             0x2001bbe4   Data          68  alt_kf.o(.bss)
    sonar_h_arr                              0x2001bc28   Data          44  alt_kf.o(.bss)
    X_kf_baro                                0x2001bc58   Data          24  alt_kf.o(.bss)
    X_kf_sonar                               0x2001bc70   Data          24  alt_kf.o(.bss)
    acc_z_view                               0x2001bc88   Data          12  alt_kf.o(.bss)
    Global_GPS_Sensor                        0x2001bc98   Data          64  alt_kf.o(.bss)
    v_test                                   0x2001bcd8   Data          16  alt_kf.o(.bss)
    Last_GPS                                 0x2001bce8   Data          16  alt_kf.o(.bss)
    TAR_GPS                                  0x2001bcf8   Data          16  alt_kf.o(.bss)
    q_nav                                    0x2001bd08   Data          16  imu.o(.bss)
    reference_v                              0x2001bd18   Data          12  imu.o(.bss)
    ref                                      0x2001bd24   Data          60  imu.o(.bss)
    reference_vr                             0x2001bd60   Data          12  imu.o(.bss)
    mag_sim_3d                               0x2001bd6c   Data          12  imu.o(.bss)
    acc_3d_hg                                0x2001bd78   Data          12  imu.o(.bss)
    acc_ng                                   0x2001bd84   Data          12  imu.o(.bss)
    acc_ng_offset                            0x2001bd90   Data          12  imu.o(.bss)
    yaw_mag_view                             0x2001bd9c   Data          20  imu.o(.bss)
    X_kf_yaw                                 0x2001bdb0   Data          16  imu.o(.bss)
    reference_vr_imd_down                    0x2001bdcc   Data          12  imu_m.o(.bss)
    reference_vr_imd_down_fc                 0x2001bdd8   Data          12  imu_m.o(.bss)
    F                                        0x2001bde4   Data         676  insgps13state.o(.bss)
    G                                        0x2001c088   Data         468  insgps13state.o(.bss)
    H                                        0x2001c25c   Data         520  insgps13state.o(.bss)
    Be                                       0x2001c464   Data          12  insgps13state.o(.bss)
    P                                        0x2001c470   Data         676  insgps13state.o(.bss)
    X                                        0x2001c714   Data          52  insgps13state.o(.bss)
    Q                                        0x2001c748   Data          36  insgps13state.o(.bss)
    R                                        0x2001c76c   Data          40  insgps13state.o(.bss)
    K                                        0x2001c794   Data         520  insgps13state.o(.bss)
    zeros                                    0x2001c99c   Data          12  insgps13state.o(.bss)
    Nav                                      0x2001c9a8   Data          64  ukf_task.o(.bss)
    gps_data                                 0x2001c9e8   Data          28  ukf_task.o(.bss)
    mag_data                                 0x2001ca04   Data          60  ukf_task.o(.bss)
    accel_data                               0x2001ca40   Data          80  ukf_task.o(.bss)
    gyro_data                                0x2001ca90   Data          72  ukf_task.o(.bss)
    attitude_data                            0x2001cad8   Data          16  ukf_task.o(.bss)
    angle_ins                                0x2001cae8   Data          12  ukf_task.o(.bss)
    X_ukf                                    0x2001caf8   Data          48  ukf_task.o(.bss)
    X_ukf_baro                               0x2001cb28   Data          48  ukf_task.o(.bss)
    X_KF_NAV                                 0x2001cb58   Data          48  ukf_task.o(.bss)
    P_KF_NAV                                 0x2001cb88   Data         144  ukf_task.o(.bss)
    __libspace_start                         0x2001cc18   Data          96  libspace.o(.bss)
    __temporary_stack_top$libspace           0x2001cc78   Data           0  libspace.o(.bss)



==============================================================================

Memory Map of the image

  Image Entry point : 0x08000189

  Load Region LR_IROM1 (Base: 0x08000000, Size: 0x0003a11c, Max: 0x00100000, ABSOLUTE, COMPRESSED[0x0002f58c])

    Execution Region ER_IROM1 (Base: 0x08000000, Size: 0x0002ed40, Max: 0x00100000, ABSOLUTE)

    Base Addr    Size         Type   Attr      Idx    E Section Name        Object

    0x08000000   0x00000188   Data   RO          576    RESET               startup_stm32f40_41xxx.o
    0x08000188   0x00000008   Code   RO         2602  * !!!main             c_w.l(__main.o)
    0x08000190   0x00000034   Code   RO         3082    !!!scatter          c_w.l(__scatter.o)
    0x080001c4   0x0000005a   Code   RO         3080    !!dczerorl2         c_w.l(__dczerorl2.o)
    0x0800021e   0x00000002   PAD
    0x08000220   0x0000001c   Code   RO         3084    !!handler_zi        c_w.l(__scatter_zi.o)
    0x0800023c   0x00000002   Code   RO         3011    .ARM.Collect$$libinit$$00000000  c_w.l(libinit.o)
    0x0800023e   0x00000004   Code   RO         2814    .ARM.Collect$$libinit$$00000001  c_w.l(libinit2.o)
    0x08000242   0x00000000   Code   RO         2817    .ARM.Collect$$libinit$$00000004  c_w.l(libinit2.o)
    0x08000242   0x00000000   Code   RO         2820    .ARM.Collect$$libinit$$0000000A  c_w.l(libinit2.o)
    0x08000242   0x00000000   Code   RO         2822    .ARM.Collect$$libinit$$0000000C  c_w.l(libinit2.o)
    0x08000242   0x00000000   Code   RO         2824    .ARM.Collect$$libinit$$0000000E  c_w.l(libinit2.o)
    0x08000242   0x00000000   Code   RO         2827    .ARM.Collect$$libinit$$00000011  c_w.l(libinit2.o)
    0x08000242   0x00000000   Code   RO         2829    .ARM.Collect$$libinit$$00000013  c_w.l(libinit2.o)
    0x08000242   0x00000000   Code   RO         2831    .ARM.Collect$$libinit$$00000015  c_w.l(libinit2.o)
    0x08000242   0x00000000   Code   RO         2833    .ARM.Collect$$libinit$$00000017  c_w.l(libinit2.o)
    0x08000242   0x00000000   Code   RO         2835    .ARM.Collect$$libinit$$00000019  c_w.l(libinit2.o)
    0x08000242   0x00000000   Code   RO         2837    .ARM.Collect$$libinit$$0000001B  c_w.l(libinit2.o)
    0x08000242   0x00000000   Code   RO         2839    .ARM.Collect$$libinit$$0000001D  c_w.l(libinit2.o)
    0x08000242   0x00000000   Code   RO         2841    .ARM.Collect$$libinit$$0000001F  c_w.l(libinit2.o)
    0x08000242   0x00000000   Code   RO         2843    .ARM.Collect$$libinit$$00000021  c_w.l(libinit2.o)
    0x08000242   0x00000000   Code   RO         2845    .ARM.Collect$$libinit$$00000023  c_w.l(libinit2.o)
    0x08000242   0x00000000   Code   RO         2847    .ARM.Collect$$libinit$$00000025  c_w.l(libinit2.o)
    0x08000242   0x00000000   Code   RO         2851    .ARM.Collect$$libinit$$0000002C  c_w.l(libinit2.o)
    0x08000242   0x00000000   Code   RO         2853    .ARM.Collect$$libinit$$0000002E  c_w.l(libinit2.o)
    0x08000242   0x00000000   Code   RO         2855    .ARM.Collect$$libinit$$00000030  c_w.l(libinit2.o)
    0x08000242   0x00000000   Code   RO         2857    .ARM.Collect$$libinit$$00000032  c_w.l(libinit2.o)
    0x08000242   0x00000002   Code   RO         2858    .ARM.Collect$$libinit$$00000033  c_w.l(libinit2.o)
    0x08000244   0x00000002   Code   RO         3077    .ARM.Collect$$libshutdown$$00000000  c_w.l(libshutdown.o)
    0x08000246   0x00000000   Code   RO         3031    .ARM.Collect$$libshutdown$$00000002  c_w.l(libshutdown2.o)
    0x08000246   0x00000000   Code   RO         3033    .ARM.Collect$$libshutdown$$00000004  c_w.l(libshutdown2.o)
    0x08000246   0x00000000   Code   RO         3036    .ARM.Collect$$libshutdown$$00000007  c_w.l(libshutdown2.o)
    0x08000246   0x00000000   Code   RO         3039    .ARM.Collect$$libshutdown$$0000000A  c_w.l(libshutdown2.o)
    0x08000246   0x00000000   Code   RO         3041    .ARM.Collect$$libshutdown$$0000000C  c_w.l(libshutdown2.o)
    0x08000246   0x00000000   Code   RO         3044    .ARM.Collect$$libshutdown$$0000000F  c_w.l(libshutdown2.o)
    0x08000246   0x00000002   Code   RO         3045    .ARM.Collect$$libshutdown$$00000010  c_w.l(libshutdown2.o)
    0x08000248   0x00000000   Code   RO         2782    .ARM.Collect$$rtentry$$00000000  c_w.l(__rtentry.o)
    0x08000248   0x00000000   Code   RO         2941    .ARM.Collect$$rtentry$$00000002  c_w.l(__rtentry2.o)
    0x08000248   0x00000006   Code   RO         2953    .ARM.Collect$$rtentry$$00000004  c_w.l(__rtentry4.o)
    0x0800024e   0x00000000   Code   RO         2943    .ARM.Collect$$rtentry$$00000009  c_w.l(__rtentry2.o)
    0x0800024e   0x00000004   Code   RO         2944    .ARM.Collect$$rtentry$$0000000A  c_w.l(__rtentry2.o)
    0x08000252   0x00000000   Code   RO         2946    .ARM.Collect$$rtentry$$0000000C  c_w.l(__rtentry2.o)
    0x08000252   0x00000008   Code   RO         2947    .ARM.Collect$$rtentry$$0000000D  c_w.l(__rtentry2.o)
    0x0800025a   0x00000002   Code   RO         3016    .ARM.Collect$$rtexit$$00000000  c_w.l(rtexit.o)
    0x0800025c   0x00000000   Code   RO         3051    .ARM.Collect$$rtexit$$00000002  c_w.l(rtexit2.o)
    0x0800025c   0x00000004   Code   RO         3052    .ARM.Collect$$rtexit$$00000003  c_w.l(rtexit2.o)
    0x08000260   0x00000006   Code   RO         3053    .ARM.Collect$$rtexit$$00000004  c_w.l(rtexit2.o)
    0x08000266   0x00000002   PAD
    0x08000268   0x0000278e   Code   RO            3    .text               ucos_task.o
    0x080029f6   0x00000002   PAD
    0x080029f8   0x000002fc   Code   RO          362    .text               main.o
    0x08002cf4   0x00000016   Code   RO          426    .text               stm32f4xx_it.o
    0x08002d0a   0x00000002   PAD
    0x08002d0c   0x00000210   Code   RO          550    .text               system_stm32f4xx.o
    0x08002f1c   0x00000040   Code   RO          577    .text               startup_stm32f40_41xxx.o
    0x08002f5c   0x00000108   Code   RO          583    .text               delay.o
    0x08003064   0x000000e0   Code   RO          669    .text               misc.o
    0x08003144   0x00000294   Code   RO          689    .text               stm32f4xx_gpio.o
    0x080033d8   0x0000065c   Code   RO          732    .text               stm32f4xx_rcc.o
    0x08003a34   0x00000094   Code   RO          754    .text               stm32f4xx_syscfg.o
    0x08003ac8   0x00000454   Code   RO          774    .text               stm32f4xx_usart.o
    0x08003f1c   0x00000ca2   Code   RO          794    .text               stm32f4xx_tim.o
    0x08004bbe   0x00000002   PAD
    0x08004bc0   0x00000694   Code   RO          814    .text               stm32f4xx_flash.o
    0x08005254   0x00000110   Code   RO          834    .text               stm32f4xx_exti.o
    0x08005364   0x00000480   Code   RO          874    .text               stm32f4xx_spi.o
    0x080057e4   0x000003a8   Code   RO          894    .text               stm32f4xx_dma.o
    0x08005b8c   0x00000040   Code   RO          934    .text               stm32f4xx_iwdg.o
    0x08005bcc   0x00000894   Code   RO          974    .text               os_core.o
    0x08006460   0x0000080c   Code   RO         1002    .text               os_flag.o
    0x08006c6c   0x000003cc   Code   RO         1022    .text               os_mbox.o
    0x08007038   0x000005e8   Code   RO         1076    .text               os_q.o
    0x08007620   0x0000038c   Code   RO         1096    .text               os_sem.o
    0x080079ac   0x000007c4   Code   RO         1116    .text               os_task.o
    0x08008170   0x000001b0   Code   RO         1136    .text               os_time.o
    0x08008320   0x00000634   Code   RO         1156    .text               os_tmr.o
    0x08008954   0x000000c8   Code   RO         1174    .text               os_cpu_a.o
    0x08008a1c   0x000001e8   Code   RO         1179    .text               os_cpu_c.o
    0x08008c04   0x00000424   Code   RO         1209    .text               iic_fc.o
    0x08009028   0x000009c8   Code   RO         1229    .text               flash.o
    0x080099f0   0x000003a8   Code   RO         1257    .text               iic_soft.o
    0x08009d98   0x0000068c   Code   RO         1287    .text               led_fc.o
    0x0800a424   0x00000268   Code   RO         1312    .text               time.o
    0x0800a68c   0x00000b98   Code   RO         1343    .text               ultrasonic.o
    0x0800b224   0x000000e8   Code   RO         1377    .text               dma.o
    0x0800b30c   0x000003e0   Code   RO         1400    .text               iic_sonar.o
    0x0800b6ec   0x00000478   Code   RO         1426    .text               flash_w25.o
    0x0800bb64   0x000008c8   Code   RO         1453    .text               gps.o
    0x0800c42c   0x0000002c   Code   RO         1477    .text               watch_dog.o
    0x0800c458   0x000007a8   Code   RO         1500    .text               ublox.o
    0x0800cc00   0x00000454   Code   RO         1552    .text               iic1.o
    0x0800d054   0x000053fc   Code   RO         1572    .text               usart_fc.o
    0x08012450   0x000012e0   Code   RO         1619    .text               lis3mdl.o
    0x08013730   0x00000900   Code   RO         1684    .text               hml_sample.o
    0x08014030   0x00000be0   Code   RO         1718    .text               mpu6050.o
    0x08014c10   0x00000744   Code   RO         1746    .text               ms5611_2.o
    0x08015354   0x000001a0   Code   RO         1831    .text               laser.o
    0x080154f4   0x0000072c   Code   RO         1859    .text               fliter.o
    0x08015c20   0x000005d8   Code   RO         1883    .text               my_math.o
    0x080161f8   0x00002d94   Code   RO         1909    .text               alt_kf.o
    0x08018f8c   0x00001758   Code   RO         1990    .text               kf_oldx.o
    0x0801a6e4   0x00001500   Code   RO         2024    .text               imu.o
    0x0801bbe4   0x0000275c   Code   RO         2193    .text               imu_m.o
    0x0801e340   0x00006650   Code   RO         2246    .text               insgps13state.o
    0x08024990   0x00000100   Code   RO         2265    .text               rt_nonfinite.o
    0x08024a90   0x00000134   Code   RO         2292    .text               rtgetinf.o
    0x08024bc4   0x000000c8   Code   RO         2308    .text               rtgetnan.o
    0x08024c8c   0x00001010   Code   RO         2320    .text               ukf_oldx.o
    0x08025c9c   0x00002f74   Code   RO         2341    .text               ukf_task.o
    0x08028c10   0x00001404   Code   RO         2394    .text               kf_oldx_nav.o
    0x0802a014   0x00000f40   Code   RO         2456    .text               kf_oldx_yaw.lib(kf_oldx_yaw.o)
    0x0802af54   0x0000004e   Code   RO         2536    .text               c_w.l(h1_free.o)
    0x0802afa2   0x00000048   Code   RO         2592    .text               c_w.l(llsdiv.o)
    0x0802afea   0x00000024   Code   RO         2594    .text               c_w.l(strstr.o)
    0x0802b00e   0x00000064   Code   RO         2596    .text               c_w.l(rt_memcpy_w.o)
    0x0802b072   0x0000004e   Code   RO         2598    .text               c_w.l(rt_memclr_w.o)
    0x0802b0c0   0x00000006   Code   RO         2600    .text               c_w.l(heapauxi.o)
    0x0802b0c6   0x00000002   PAD
    0x0802b0c8   0x00000008   Code   RO         2786    .text               c_w.l(rt_heap_descriptor_intlibspace.o)
    0x0802b0d0   0x000000ee   Code   RO         2808    .text               c_w.l(lludivv7m.o)
    0x0802b1be   0x00000016   Code   RO         2810    .text               c_w.l(_rserrno.o)
    0x0802b1d4   0x00000008   Code   RO         2937    .text               c_w.l(libspace.o)
    0x0802b1dc   0x00000008   Code   RO         2962    .text               c_w.l(rt_errno_addr_intlibspace.o)
    0x0802b1e4   0x00000002   Code   RO         2985    .text               c_w.l(use_no_semi.o)
    0x0802b1e6   0x00000000   Code   RO         2987    .text               c_w.l(indicate_semi.o)
    0x0802b1e6   0x0000004a   Code   RO         2988    .text               c_w.l(sys_stackheap_outer.o)
    0x0802b230   0x00000012   Code   RO         2996    .text               c_w.l(exit.o)
    0x0802b242   0x00000002   PAD
    0x0802b244   0x0000000c   Code   RO         3014    .text               c_w.l(sys_exit.o)
    0x0802b250   0x00000030   Code   RO         2891    i.__ARM_fpclassify  m_wm.l(fpclassify.o)
    0x0802b280   0x00000358   Code   RO         2640    i.__hardfp_acos     m_wm.l(acos.o)
    0x0802b5d8   0x00000360   Code   RO         2654    i.__hardfp_asin     m_wm.l(asin.o)
    0x0802b938   0x000002d8   Code   RO         2680    i.__hardfp_atan     m_wm.l(atan.o)
    0x0802bc10   0x000001f0   Code   RO         2694    i.__hardfp_atan2    m_wm.l(atan2.o)
    0x0802be00   0x000000c8   Code   RO         2718    i.__hardfp_cos      m_wm.l(cos.o)
    0x0802bec8   0x00000014   Code   RO         2730    i.__hardfp_fabs     m_wm.l(fabs.o)
    0x0802bedc   0x00000004   PAD
    0x0802bee0   0x00000118   Code   RO         2736    i.__hardfp_floor    m_wm.l(floor.o)
    0x0802bff8   0x00000c50   Code   RO         2742    i.__hardfp_pow      m_wm.l(pow.o)
    0x0802cc48   0x000000c8   Code   RO         2756    i.__hardfp_sin      m_wm.l(sin.o)
    0x0802cd10   0x0000007a   Code   RO         2768    i.__hardfp_sqrt     m_wm.l(sqrt.o)
    0x0802cd8a   0x00000006   PAD
    0x0802cd90   0x00000438   Code   RO         2912    i.__ieee754_rem_pio2  m_wm.l(rred.o)
    0x0802d1c8   0x00000170   Code   RO         2874    i.__kernel_cos      m_wm.l(cos_i.o)
    0x0802d338   0x000000f8   Code   RO         2909    i.__kernel_poly     m_wm.l(poly.o)
    0x0802d430   0x00000130   Code   RO         2917    i.__kernel_sin      m_wm.l(sin_i.o)
    0x0802d560   0x00000030   Code   RO         2877    i.__mathlib_dbl_divzero  m_wm.l(dunder.o)
    0x0802d590   0x00000014   Code   RO         2878    i.__mathlib_dbl_infnan  m_wm.l(dunder.o)
    0x0802d5a4   0x00000014   Code   RO         2879    i.__mathlib_dbl_infnan2  m_wm.l(dunder.o)
    0x0802d5b8   0x00000020   Code   RO         2880    i.__mathlib_dbl_invalid  m_wm.l(dunder.o)
    0x0802d5d8   0x00000020   Code   RO         2881    i.__mathlib_dbl_overflow  m_wm.l(dunder.o)
    0x0802d5f8   0x00000020   Code   RO         2883    i.__mathlib_dbl_underflow  m_wm.l(dunder.o)
    0x0802d618   0x00000010   Code   RO         2682    i.atan              m_wm.l(atan.o)
    0x0802d628   0x00000018   Code   RO         2732    i.fabs              m_wm.l(fabs.o)
    0x0802d640   0x0000006e   Code   RO         2770    i.sqrt              m_wm.l(sqrt.o)
    0x0802d6ae   0x00000018   Code   RO         2604    x$fpl$basic         fz_wm.l(basic.o)
    0x0802d6c6   0x00000002   PAD
    0x0802d6c8   0x00000062   Code   RO         2606    x$fpl$d2f           fz_wm.l(d2f.o)
    0x0802d72a   0x00000002   PAD
    0x0802d72c   0x00000150   Code   RO         2608    x$fpl$dadd          fz_wm.l(daddsub_clz.o)
    0x0802d87c   0x00000010   Code   RO         2981    x$fpl$dcheck1       fz_wm.l(dcheck1.o)
    0x0802d88c   0x00000018   Code   RO         2859    x$fpl$dcmpinf       fz_wm.l(dcmpi.o)
    0x0802d8a4   0x000002b0   Code   RO         2615    x$fpl$ddiv          fz_wm.l(ddiv.o)
    0x0802db54   0x00000078   Code   RO         2618    x$fpl$deqf          fz_wm.l(deqf.o)
    0x0802dbcc   0x0000005e   Code   RO         2620    x$fpl$dfix          fz_wm.l(dfix.o)
    0x0802dc2a   0x0000002e   Code   RO         2625    x$fpl$dflt          fz_wm.l(dflt_clz.o)
    0x0802dc58   0x00000026   Code   RO         2624    x$fpl$dfltu         fz_wm.l(dflt_clz.o)
    0x0802dc7e   0x00000002   PAD
    0x0802dc80   0x00000078   Code   RO         2630    x$fpl$dleqf         fz_wm.l(dleqf.o)
    0x0802dcf8   0x00000154   Code   RO         2632    x$fpl$dmul          fz_wm.l(dmul.o)
    0x0802de4c   0x0000009c   Code   RO         2861    x$fpl$dnaninf       fz_wm.l(dnaninf.o)
    0x0802dee8   0x0000000c   Code   RO         2863    x$fpl$dretinf       fz_wm.l(dretinf.o)
    0x0802def4   0x0000006c   Code   RO         2634    x$fpl$drleqf        fz_wm.l(drleqf.o)
    0x0802df60   0x00000016   Code   RO         2609    x$fpl$drsb          fz_wm.l(daddsub_clz.o)
    0x0802df76   0x00000002   PAD
    0x0802df78   0x00000198   Code   RO         2865    x$fpl$dsqrt         fz_wm.l(dsqrt_umaal.o)
    0x0802e110   0x000001d4   Code   RO         2610    x$fpl$dsub          fz_wm.l(daddsub_clz.o)
    0x0802e2e4   0x00000056   Code   RO         2636    x$fpl$f2d           fz_wm.l(f2d.o)
    0x0802e33a   0x00000060   Code   RO         2638    x$fpl$ffltll        fz_wm.l(ffltll_clz.o)
    0x0802e39a   0x0000008c   Code   RO         2867    x$fpl$fnaninf       fz_wm.l(fnaninf.o)
    0x0802e426   0x0000000a   Code   RO         2983    x$fpl$fpinit        fz_wm.l(fpinit.o)
    0x0802e430   0x0000000a   Code   RO         2869    x$fpl$fretinf       fz_wm.l(fretinf.o)
    0x0802e43a   0x00000064   Code   RO         3012    x$fpl$retnan        fz_wm.l(retnan.o)
    0x0802e49e   0x0000005c   Code   RO         2871    x$fpl$scalbn        fz_wm.l(scalbn.o)
    0x0802e4fa   0x00000030   Code   RO         3046    x$fpl$trapveneer    fz_wm.l(trapv.o)
    0x0802e52a   0x00000000   Code   RO         2873    x$fpl$usenofp       fz_wm.l(usenofp.o)
    0x0802e52a   0x00000100   Data   RO          976    .constdata          os_core.o
    0x0802e62a   0x00000006   PAD
    0x0802e630   0x00000084   Data   RO         1991    .constdata          kf_oldx.o
    0x0802e6b4   0x00000004   PAD
    0x0802e6b8   0x00000320   Data   RO         2343    .constdata          ukf_task.o
    0x0802e9d8   0x0000003c   Data   RO         2395    .constdata          kf_oldx_nav.o
    0x0802ea14   0x00000020   Data   RO         2457    .constdata          kf_oldx_yaw.lib(kf_oldx_yaw.o)
    0x0802ea34   0x00000004   PAD
    0x0802ea38   0x00000050   Data   RO         2643    .constdata          m_wm.l(acos.o)
    0x0802ea88   0x00000050   Data   RO         2657    .constdata          m_wm.l(asin.o)
    0x0802ead8   0x00000098   Data   RO         2683    .constdata          m_wm.l(atan.o)
    0x0802eb70   0x00000088   Data   RO         2745    .constdata          m_wm.l(pow.o)
    0x0802ebf8   0x00000030   Data   RO         2875    .constdata          m_wm.l(cos_i.o)
    0x0802ec28   0x00000008   Data   RO         2911    .constdata          m_wm.l(qnan.o)
    0x0802ec30   0x000000c8   Data   RO         2914    .constdata          m_wm.l(rred.o)
    0x0802ecf8   0x00000028   Data   RO         2918    .constdata          m_wm.l(sin_i.o)
    0x0802ed20   0x00000020   Data   RO         3078    Region$$Table       anon$$obj.o


    Execution Region RW_IRAM1 (Base: 0x20000000, Size: 0x0001d278, Max: 0x00020000, ABSOLUTE, COMPRESSED[0x0000084c])

    Base Addr    Size         Type   Attr      Idx    E Section Name        Object

    0x20000000   0x000002bc   Data   RW         1501    .ccm                ublox.o
    0x200002bc   0x0000a000   Data   RW         1911    .ccm                alt_kf.o
    0x2000a2bc   0x00000004   PAD
    0x2000a2c0   0x00000118   Data   RW            5    .data               ucos_task.o
    0x2000a3d8   0x0000000c   Data   RW          364    .data               main.o
    0x2000a3e4   0x00000014   Data   RW          551    .data               system_stm32f4xx.o
    0x2000a3f8   0x00000004   Data   RW          584    .data               delay.o
    0x2000a3fc   0x00000010   Data   RW          733    .data               stm32f4xx_rcc.o
    0x2000a40c   0x0000005c   Data   RW          977    .data               os_core.o
    0x2000a468   0x00000006   Data   RW         1180    .data               os_cpu_c.o
    0x2000a46e   0x00000002   PAD
    0x2000a470   0x00000004   Data   RW         1231    .data               flash.o
    0x2000a474   0x00000001   Data   RW         1258    .data               iic_soft.o
    0x2000a475   0x00000001   PAD
    0x2000a476   0x00000008   Data   RW         1288    .data               led_fc.o
    0x2000a47e   0x00000002   PAD
    0x2000a480   0x00000014   Data   RW         1314    .data               time.o
    0x2000a494   0x00000004   PAD
    0x2000a498   0x00000090   Data   RW         1345    .data               ultrasonic.o
    0x2000a528   0x00000002   Data   RW         1401    .data               iic_sonar.o
    0x2000a52a   0x00000002   Data   RW         1428    .data               flash_w25.o
    0x2000a52c   0x00000008   Data   RW         1455    .data               gps.o
    0x2000a534   0x00000210   Data   RW         1574    .data               usart_fc.o
    0x2000a744   0x00000039   Data   RW         1621    .data               lis3mdl.o
    0x2000a77d   0x00000003   PAD
    0x2000a780   0x000000cd   Data   RW         1686    .data               hml_sample.o
    0x2000a84d   0x00000003   PAD
    0x2000a850   0x000000de   Data   RW         1720    .data               mpu6050.o
    0x2000a92e   0x00000002   PAD
    0x2000a930   0x0000007d   Data   RW         1748    .data               ms5611_2.o
    0x2000a9ad   0x00000003   PAD
    0x2000a9b0   0x0000000c   Data   RW         1833    .data               laser.o
    0x2000a9bc   0x0000000c   Data   RW         1861    .data               fliter.o
    0x2000a9c8   0x00000404   Data   RW         1884    .data               my_math.o
    0x2000adcc   0x00000004   PAD
    0x2000add0   0x0000026a   Data   RW         1912    .data               alt_kf.o
    0x2000b03a   0x00000018   Data   RW         1967    .data               error.o
    0x2000b052   0x00000006   PAD
    0x2000b058   0x000000a2   Data   RW         2026    .data               imu.o
    0x2000b0fa   0x00000002   PAD
    0x2000b0fc   0x00000064   Data   RW         2195    .data               imu_m.o
    0x2000b160   0x00000024   Data   RW         2266    .data               rt_nonfinite.o
    0x2000b184   0x00000004   PAD
    0x2000b188   0x00000068   Data   RW         2321    .data               ukf_oldx.o
    0x2000b1f0   0x000001e9   Data   RW         2344    .data               ukf_task.o
    0x2000b3d9   0x00000003   PAD
    0x2000b3dc   0x0000a3f4   Zero   RW            4    .bss                ucos_task.o
    0x200157d0   0x0000050c   Zero   RW          363    .bss                main.o
    0x20015cdc   0x00001288   Zero   RW          975    .bss                os_core.o
    0x20016f64   0x00000064   Zero   RW         1230    .bss                flash.o
    0x20016fc8   0x000000b4   Zero   RW         1313    .bss                time.o
    0x2001707c   0x00000020   Zero   RW         1344    .bss                ultrasonic.o
    0x2001709c   0x00001000   Zero   RW         1427    .bss                flash_w25.o
    0x2001809c   0x00000004   PAD
    0x200180a0   0x00001991   Zero   RW         1573    .bss                usart_fc.o
    0x20019a31   0x00000003   PAD
    0x20019a34   0x000001dc   Zero   RW         1620    .bss                lis3mdl.o
    0x20019c10   0x00000140   Zero   RW         1685    .bss                hml_sample.o
    0x20019d50   0x00000564   Zero   RW         1719    .bss                mpu6050.o
    0x2001a2b4   0x0000000c   Zero   RW         1747    .bss                ms5611_2.o
    0x2001a2c0   0x00000078   Zero   RW         1832    .bss                laser.o
    0x2001a338   0x00001806   Zero   RW         1860    .bss                fliter.o
    0x2001bb3e   0x00000002   PAD
    0x2001bb40   0x000001c8   Zero   RW         1910    .bss                alt_kf.o
    0x2001bd08   0x000000c4   Zero   RW         2025    .bss                imu.o
    0x2001bdcc   0x00000018   Zero   RW         2194    .bss                imu_m.o
    0x2001bde4   0x00000bc4   Zero   RW         2247    .bss                insgps13state.o
    0x2001c9a8   0x00000270   Zero   RW         2342    .bss                ukf_task.o
    0x2001cc18   0x00000060   Zero   RW         2938    .bss                c_w.l(libspace.o)
    0x2001cc78   0x00000200   Zero   RW          575    HEAP                startup_stm32f40_41xxx.o
    0x2001ce78   0x00000400   Zero   RW          574    STACK               startup_stm32f40_41xxx.o


==============================================================================

Image component sizes


      Code (inc. data)   RO Data    RW Data    ZI Data      Debug   Object Name

     11668        768          0      41578        456      37802   alt_kf.o
       264         18          0          4          0     241720   delay.o
       232          4          0          0          0       1440   dma.o
         0          0          0         24          0       2220   error.o
      2504        114          0          4        100       3347   flash.o
      1144         36          0          2       4096       5236   flash_w25.o
      1836         50          0         12       6150       5530   fliter.o
      2248         80          0          8          0       5661   gps.o
      2304        130          0        205        320       7603   hml_sample.o
      1108         16          0          0          0       5260   iic1.o
      1060         14          0          0          0       4771   iic_fc.o
       936         10          0          1          0       4542   iic_soft.o
       992         18          0          2          0       5035   iic_sonar.o
      5376        376          0        162        196       4454   imu.o
     10076        364          0        100         24      10631   imu_m.o
     26192        146          0          0       3012      11982   insgps13state.o
      5976        170        132          0          0       4503   kf_oldx.o
      5124        146         60          0          0       3903   kf_oldx_nav.o
       416         20          0         12        120       1832   laser.o
      1676        100          0          8          0       2272   led_fc.o
      4832        246          0         57        476       9262   lis3mdl.o
       764        142          0         12       1292       2670   main.o
       224         20          0          0          0       1797   misc.o
      3040        192          0        222       1380      17954   mpu6050.o
      1860        162          0        125         12       6116   ms5611_2.o
      1496        110          0       1028          0       5865   my_math.o
      2196        218        256         92       4744      15971   os_core.o
       200         32          0          0          0        312   os_cpu_a.o
       488          8          0          6          0      11767   os_cpu_c.o
      2060         42          0          0          0       7200   os_flag.o
       972         16          0          0          0       4302   os_mbox.o
      1512         30          0          0          0       5765   os_q.o
       908         18          0          0          0       4038   os_sem.o
      1988         70          0          0          0       7877   os_task.o
       432         30          0          0          0       1870   os_time.o
      1588         94          0          0          0       5729   os_tmr.o
       256         26          0         36          0       3312   rt_nonfinite.o
       308         22          0          0          0       2693   rtgetinf.o
       200         18          0          0          0       1305   rtgetnan.o
        64         26        392          0       1536        824   startup_stm32f40_41xxx.o
       936         32          0          0          0       6373   stm32f4xx_dma.o
       272         10          0          0          0       2263   stm32f4xx_exti.o
      1684         28          0          0          0       9398   stm32f4xx_flash.o
       660         44          0          0          0       4137   stm32f4xx_gpio.o
        22          0          0          0          0      78487   stm32f4xx_it.o
        64          6          0          0          0       1333   stm32f4xx_iwdg.o
      1628         52          0         16          0      13004   stm32f4xx_rcc.o
      1152         36          0          0          0       6885   stm32f4xx_spi.o
       148         12          0          0          0       1833   stm32f4xx_syscfg.o
      3234         60          0          0          0      22992   stm32f4xx_tim.o
      1108         34          0          0          0       7860   stm32f4xx_usart.o
       528         46          0         20          0       1747   system_stm32f4xx.o
       616         38          0         20        180      30073   time.o
      1960         60          0        700          0       8213   ublox.o
     10126        874          0        280      41972     333718   ucos_task.o
      4112         48          0        104          0       5342   ukf_oldx.o
     12148        778        800        489        624      11575   ukf_task.o
      2968        256          0        144         32       5867   ultrasonic.o
     21500        834          0        528       6545      35655   usart_fc.o
        44          0          0          0          0        694   watch_dog.o

    ----------------------------------------------------------------------
    171436       7350       1682      46044      73276    1073822   Object Totals
         0          0         32          0          0          0   (incl. Generated)
         6          0         10         43          9          0   (incl. Padding)

    ----------------------------------------------------------------------

      Code (inc. data)   RO Data    RW Data    ZI Data      Debug   Library Member Name

        90          0          0          0          0          0   __dczerorl2.o
         8          0          0          0          0         68   __main.o
         0          0          0          0          0          0   __rtentry.o
        12          0          0          0          0          0   __rtentry2.o
         6          0          0          0          0          0   __rtentry4.o
        52          8          0          0          0          0   __scatter.o
        28          0          0          0          0          0   __scatter_zi.o
        22          0          0          0          0        100   _rserrno.o
        18          0          0          0          0         80   exit.o
        78          0          0          0          0         80   h1_free.o
         6          0          0          0          0        152   heapauxi.o
         0          0          0          0          0          0   indicate_semi.o
         2          0          0          0          0          0   libinit.o
         6          0          0          0          0          0   libinit2.o
         2          0          0          0          0          0   libshutdown.o
         2          0          0          0          0          0   libshutdown2.o
         8          4          0          0         96         68   libspace.o
        72          0          0          0          0         76   llsdiv.o
       238          0          0          0          0        100   lludivv7m.o
         8          4          0          0          0         68   rt_errno_addr_intlibspace.o
         8          4          0          0          0         68   rt_heap_descriptor_intlibspace.o
        78          0          0          0          0         80   rt_memclr_w.o
       100          0          0          0          0         80   rt_memcpy_w.o
         2          0          0          0          0          0   rtexit.o
        10          0          0          0          0          0   rtexit2.o
        36          0          0          0          0         80   strstr.o
        12          4          0          0          0         68   sys_exit.o
        74          0          0          0          0         80   sys_stackheap_outer.o
         2          0          0          0          0         68   use_no_semi.o
        24          0          0          0          0        164   basic.o
        98          4          0          0          0        140   d2f.o
       826         16          0          0          0        492   daddsub_clz.o
        16          4          0          0          0        116   dcheck1.o
        24          0          0          0          0        116   dcmpi.o
       688        140          0          0          0        256   ddiv.o
       120          4          0          0          0        140   deqf.o
        94          4          0          0          0        140   dfix.o
        84          0          0          0          0        232   dflt_clz.o
       120          4          0          0          0        140   dleqf.o
       340         12          0          0          0        152   dmul.o
       156          4          0          0          0        140   dnaninf.o
        12          0          0          0          0        116   dretinf.o
       108          0          0          0          0        128   drleqf.o
       408         56          0          0          0        168   dsqrt_umaal.o
        86          4          0          0          0        132   f2d.o
        96          0          0          0          0        132   ffltll_clz.o
       140          4          0          0          0        132   fnaninf.o
        10          0          0          0          0        116   fpinit.o
        10          0          0          0          0        116   fretinf.o
       100          0          0          0          0        116   retnan.o
        92          0          0          0          0        116   scalbn.o
        48          0          0          0          0        116   trapv.o
         0          0          0          0          0          0   usenofp.o
      3904         80         32          0          0       2735   kf_oldx_yaw.o
       856        118         80          0          0        288   acos.o
       864         94         80          0          0        280   asin.o
       744        106        152          0          0        352   atan.o
       496         64          0          0          0        192   atan2.o
       200         20          0          0          0        164   cos.o
       368         46         48          0          0        200   cos_i.o
       184         44          0          0          0        744   dunder.o
        44          0          0          0          0        248   fabs.o
       280         28          0          0          0        156   floor.o
        48          0          0          0          0        124   fpclassify.o
       248          0          0          0          0        152   poly.o
      3152        296        136          0          0        352   pow.o
         0          0          8          0          0          0   qnan.o
      1080        142        200          0          0        188   rred.o
       200         20          0          0          0        164   sin.o
       304         24         40          0          0        208   sin_i.o
       232          0          0          0          0        296   sqrt.o

    ----------------------------------------------------------------------
     17910       1362        780          0         96      11775   Library Totals
        26          0          4          0          0          0   (incl. Padding)

    ----------------------------------------------------------------------

      Code (inc. data)   RO Data    RW Data    ZI Data      Debug   Library Name

       980         24          0          0         96       1316   c_w.l
      3700        256          0          0          0       3616   fz_wm.l
      3904         80         32          0          0       2735   kf_oldx_yaw.lib
      9300       1002        744          0          0       4108   m_wm.l

    ----------------------------------------------------------------------
     17910       1362        780          0         96      11775   Library Totals

    ----------------------------------------------------------------------

==============================================================================


      Code (inc. data)   RO Data    RW Data    ZI Data      Debug   

    189346       8712       2462      46044      73372    1066973   Grand Totals
    189346       8712       2462       2124      73372    1066973   ELF Image Totals (compressed)
    189346       8712       2462       2124          0          0   ROM Totals

==============================================================================

    Total RO  Size (Code + RO Data)               191808 ( 187.31kB)
    Total RW  Size (RW Data + ZI Data)            119416 ( 116.62kB)
    Total ROM Size (Code + RO Data + RW Data)     193932 ( 189.39kB)

==============================================================================

