Component: ARM Compiler 5.06 update 2 (build 183) Tool: armlink [4d35b7]

==============================================================================

Section Cross References

    ucos_task.o(.text) refers to time.o(.text) for Get_Cycle_T
    ucos_task.o(.text) refers to f2d.o(x$fpl$f2d) for __aeabi_f2d
    ucos_task.o(.text) refers to dleqf.o(x$fpl$dleqf) for __aeabi_cdcmple
    ucos_task.o(.text) refers to lis3mdl.o(.text) for LSM6_readAcc
    ucos_task.o(.text) refers to mpu6050.o(.text) for MPU6050_Data_Prepare
    ucos_task.o(.text) refers to ukf_task.o(.text) for ukf_pos_task_qr
    ucos_task.o(.text) refers to my_math.o(.text) for To_180_degrees
    ucos_task.o(.text) refers to watch_dog.o(.text) for IWDG_Feed
    ucos_task.o(.text) refers to delay.o(.text) for delay_ms
    ucos_task.o(.text) refers to ucos_task.o(.data) for inner_loop_time_time
    ucos_task.o(.text) refers to lis3mdl.o(.bss) for lis3mdl
    ucos_task.o(.text) refers to ucos_task.o(.bss) for flow_matlab_data
    ucos_task.o(.text) refers to imu.o(.data) for Yaw
    ucos_task.o(.text) refers to nav_ukf.o(.bss) for navUkfData
    ucos_task.o(.text) refers to imu_m.o(.data) for ref_q_imd_down
    ucos_task.o(.text) refers to imu.o(.bss) for q_nav
    ucos_task.o(.text) refers to imu_m.o(.bss) for reference_vr_imd_down
    ucos_task.o(.text) refers to usart_fc.o(.data) for imu_feed_dog
    ucos_task.o(.text) refers to mpu6050.o(.bss) for imu_fushion
    ucos_task.o(.text) refers to imu_m.o(.text) for madgwick_update_new
    ucos_task.o(.text) refers to fabs.o(i.__hardfp_fabs) for __hardfp_fabs
    ucos_task.o(.text) refers to drleqf.o(x$fpl$drleqf) for __aeabi_cdrcmple
    ucos_task.o(.text) refers to usart_fc.o(.bss) for pi_flow
    ucos_task.o(.text) refers to main.o(.bss) for module
    ucos_task.o(.text) refers to alt_kf.o(.text) for altUkfProcess
    ucos_task.o(.text) refers to ultrasonic.o(.text) for Ultra_Duty
    ucos_task.o(.text) refers to dflt_clz.o(x$fpl$dfltu) for __aeabi_ui2d
    ucos_task.o(.text) refers to basic.o(x$fpl$basic) for __aeabi_dneg
    ucos_task.o(.text) refers to d2f.o(x$fpl$d2f) for __aeabi_d2f
    ucos_task.o(.text) refers to flow.o(.text) for flow_pertreatment_oldx
    ucos_task.o(.text) refers to ddiv.o(x$fpl$ddiv) for __aeabi_ddiv
    ucos_task.o(.text) refers to ultrasonic.o(.data) for ultra_ok
    ucos_task.o(.text) refers to alt_kf.o(.data) for ALT_POS_SONAR3
    ucos_task.o(.text) refers to flow.o(.bss) for flow_per_out
    ucos_task.o(.text) refers to flow.o(.data) for k_flow_devide
    ucos_task.o(.text) refers to dmul.o(x$fpl$dmul) for __aeabi_dmul
    ucos_task.o(.text) refers to daddsub_clz.o(x$fpl$dadd) for __aeabi_dadd
    ucos_task.o(.text) refers to nav_ukf.o(.text) for navUkfRotateVectorByQuat
    ucos_task.o(.text) refers to fliter.o(.text) for Moving_Median
    ucos_task.o(.text) refers to fliter.o(.bss) for firstOrderFilters
    ucos_task.o(.text) refers to os_core.o(.text) for OSIntEnter
    ucos_task.o(.text) refers to stm32f4xx_tim.o(.text) for TIM_GetITStatus
    ucos_task.o(.text) refers to usart_fc.o(.text) for Send_TO_FLOW_NAV_GPS
    ucos_task.o(.text) refers to stm32f4xx_dma.o(.text) for DMA_GetFlagStatus
    ucos_task.o(.text) refers to stm32f4xx_usart.o(.text) for USART_DMACmd
    ucos_task.o(.text) refers to dma.o(.text) for MYDMA_Enable
    ucos_task.o(.text) refers to dfix.o(x$fpl$dfix) for __aeabi_d2iz
    ucos_task.o(.text) refers to alt_kf.o(.bss) for acc_z_view
    ucos_task.o(.text) refers to ms5611_2.o(.data) for baroAlt
    ucos_task.o(.text) refers to ukf_task.o(.bss) for X_ukf
    ucos_task.o(.text) refers to ukf_task.o(.data) for K_spd_flow
    ucos_task.o(.text) refers to led_fc.o(.text) for LEDRGB_STATE
    ucos_task.o(.text) refers to os_core.o(.data) for OSCPUUsage
    main.o(.text) refers to os_mbox.o(.text) for OSMboxCreate
    main.o(.text) refers to os_q.o(.text) for OSQCreate
    main.o(.text) refers to os_flag.o(.text) for OSFlagCreate
    main.o(.text) refers to os_core.o(.text) for OSStatInit
    main.o(.text) refers to os_tmr.o(.text) for OSTmrCreate
    main.o(.text) refers to os_cpu_a.o(.text) for OS_CPU_SR_Save
    main.o(.text) refers to os_task.o(.text) for OSTaskCreate
    main.o(.text) refers to misc.o(.text) for NVIC_PriorityGroupConfig
    main.o(.text) refers to delay.o(.text) for delay_init
    main.o(.text) refers to time.o(.text) for Initial_Timer_SYS
    main.o(.text) refers to iic_soft.o(.text) for I2c_Soft_Init
    main.o(.text) refers to iic1.o(.text) for IIC_IMU1_Init
    main.o(.text) refers to lis3mdl.o(.text) for LIS3MDL_enableDefault
    main.o(.text) refers to alt_kf.o(.text) for altUkfInit
    main.o(.text) refers to led_fc.o(.text) for LED_Init
    main.o(.text) refers to usart_fc.o(.text) for Usart1_Init
    main.o(.text) refers to dma.o(.text) for MYDMA_Config
    main.o(.text) refers to flash_w25.o(.text) for W25QXX_Init
    main.o(.text) refers to flash.o(.text) for READ_PARM
[...]
    __hardfp_asinf                           0x08024c89   Thumb Code   258  asinf.o(i.__hardfp_asinf)
    __hardfp_atan2f                          0x08024db5   Thumb Code   502  atan2f.o(i.__hardfp_atan2f)
    __hardfp_atanf                           0x08025005   Thumb Code   296  atanf.o(i.__hardfp_atanf)
    __hardfp_cos                             0x08025169   Thumb Code   180  cos.o(i.__hardfp_cos)
    __hardfp_cosf                            0x08025231   Thumb Code   280  cosf.o(i.__hardfp_cosf)
    __hardfp_fabs                            0x08025381   Thumb Code    20  fabs.o(i.__hardfp_fabs)
    __hardfp_floor                           0x08025399   Thumb Code   252  floor.o(i.__hardfp_floor)
    __hardfp_pow                             0x080254b1   Thumb Code  3072  pow.o(i.__hardfp_pow)
    __hardfp_powf                            0x08026101   Thumb Code  1606  powf.o(i.__hardfp_powf)
    __mathlib_powf                           0x08026101   Thumb Code     0  powf.o(i.__hardfp_powf)
    __hardfp_sin                             0x08026769   Thumb Code   180  sin.o(i.__hardfp_sin)
    __hardfp_sinf                            0x08026831   Thumb Code   344  sinf.o(i.__hardfp_sinf)
    __hardfp_sqrt                            0x080269c1   Thumb Code   122  sqrt.o(i.__hardfp_sqrt)
    __ieee754_rem_pio2                       0x08026a41   Thumb Code   938  rred.o(i.__ieee754_rem_pio2)
    __kernel_cos                             0x08026e79   Thumb Code   322  cos_i.o(i.__kernel_cos)
    __kernel_poly                            0x08026fe9   Thumb Code   248  poly.o(i.__kernel_poly)
    __kernel_sin                             0x080270e1   Thumb Code   280  sin_i.o(i.__kernel_sin)
    __mathlib_dbl_divzero                    0x08027211   Thumb Code    28  dunder.o(i.__mathlib_dbl_divzero)
    __mathlib_dbl_infnan                     0x08027241   Thumb Code    20  dunder.o(i.__mathlib_dbl_infnan)
    __mathlib_dbl_infnan2                    0x08027255   Thumb Code    20  dunder.o(i.__mathlib_dbl_infnan2)
    __mathlib_dbl_invalid                    0x08027269   Thumb Code    24  dunder.o(i.__mathlib_dbl_invalid)
    __mathlib_dbl_overflow                   0x08027289   Thumb Code    24  dunder.o(i.__mathlib_dbl_overflow)
    __mathlib_dbl_underflow                  0x080272a9   Thumb Code    24  dunder.o(i.__mathlib_dbl_underflow)
    __mathlib_flt_divzero                    0x080272c9   Thumb Code    14  funder.o(i.__mathlib_flt_divzero)
    __mathlib_flt_infnan                     0x080272dd   Thumb Code     6  funder.o(i.__mathlib_flt_infnan)
    __mathlib_flt_infnan2                    0x080272e3   Thumb Code     6  funder.o(i.__mathlib_flt_infnan2)
    __mathlib_flt_invalid                    0x080272e9   Thumb Code    10  funder.o(i.__mathlib_flt_invalid)
    __mathlib_flt_overflow                   0x080272f9   Thumb Code    10  funder.o(i.__mathlib_flt_overflow)
    __mathlib_flt_underflow                  0x08027309   Thumb Code    10  funder.o(i.__mathlib_flt_underflow)
    __mathlib_rredf2                         0x08027319   Thumb Code   316  rredf.o(i.__mathlib_rredf2)
    fabs                                     0x0802746d   Thumb Code    24  fabs.o(i.fabs)
    sqrt                                     0x08027485   Thumb Code   110  sqrt.o(i.sqrt)
    sqrtf                                    0x080274f3   Thumb Code    62  sqrtf.o(i.sqrtf)
    __aeabi_dneg                             0x08027531   Thumb Code     0  basic.o(x$fpl$basic)
    _dneg                                    0x08027531   Thumb Code     6  basic.o(x$fpl$basic)
    __aeabi_fneg                             0x08027537   Thumb Code     0  basic.o(x$fpl$basic)
    _fneg                                    0x08027537   Thumb Code     6  basic.o(x$fpl$basic)
    _dabs                                    0x0802753d   Thumb Code     6  basic.o(x$fpl$basic)
    _fabs                                    0x08027543   Thumb Code     6  basic.o(x$fpl$basic)
    __aeabi_d2f                              0x08027549   Thumb Code     0  d2f.o(x$fpl$d2f)
    _d2f                                     0x08027549   Thumb Code    98  d2f.o(x$fpl$d2f)
    __aeabi_dadd                             0x080275ad   Thumb Code     0  daddsub_clz.o(x$fpl$dadd)
    _dadd                                    0x080275ad   Thumb Code   332  daddsub_clz.o(x$fpl$dadd)
    __fpl_dcheck_NaN1                        0x080276fd   Thumb Code    10  dcheck1.o(x$fpl$dcheck1)
    __fpl_dcmp_Inf                           0x0802770d   Thumb Code    24  dcmpi.o(x$fpl$dcmpinf)
    __aeabi_ddiv                             0x08027725   Thumb Code     0  ddiv.o(x$fpl$ddiv)
    _ddiv                                    0x08027725   Thumb Code   552  ddiv.o(x$fpl$ddiv)
    __aeabi_cdcmpeq                          0x080279d5   Thumb Code     0  deqf.o(x$fpl$deqf)
    _dcmpeq                                  0x080279d5   Thumb Code   120  deqf.o(x$fpl$deqf)
    __aeabi_d2iz                             0x08027a4d   Thumb Code     0  dfix.o(x$fpl$dfix)
    _dfix                                    0x08027a4d   Thumb Code    94  dfix.o(x$fpl$dfix)
    __aeabi_i2d                              0x08027aab   Thumb Code     0  dflt_clz.o(x$fpl$dflt)
    _dflt                                    0x08027aab   Thumb Code    46  dflt_clz.o(x$fpl$dflt)
    __aeabi_ui2d                             0x08027ad9   Thumb Code     0  dflt_clz.o(x$fpl$dfltu)
    _dfltu                                   0x08027ad9   Thumb Code    38  dflt_clz.o(x$fpl$dfltu)
    __aeabi_cdcmple                          0x08027b01   Thumb Code     0  dleqf.o(x$fpl$dleqf)
    _dcmple                                  0x08027b01   Thumb Code   120  dleqf.o(x$fpl$dleqf)
    __fpl_dcmple_InfNaN                      0x08027b63   Thumb Code     0  dleqf.o(x$fpl$dleqf)
    __aeabi_dmul                             0x08027b79   Thumb Code     0  dmul.o(x$fpl$dmul)
    _dmul                                    0x08027b79   Thumb Code   332  dmul.o(x$fpl$dmul)
    __fpl_dnaninf                            0x08027ccd   Thumb Code   156  dnaninf.o(x$fpl$dnaninf)
    __fpl_dretinf                            0x08027d69   Thumb Code    12  dretinf.o(x$fpl$dretinf)
    __aeabi_cdrcmple                         0x08027d75   Thumb Code     0  drleqf.o(x$fpl$drleqf)
    _drcmple                                 0x08027d75   Thumb Code   108  drleqf.o(x$fpl$drleqf)
    __aeabi_drsub                            0x08027de1   Thumb Code     0  daddsub_clz.o(x$fpl$drsb)
    _drsb                                    0x08027de1   Thumb Code    22  daddsub_clz.o(x$fpl$drsb)
    _dsqrt                                   0x08027df9   Thumb Code   404  dsqrt_umaal.o(x$fpl$dsqrt)
    __aeabi_dsub                             0x08027f91   Thumb Code     0  daddsub_clz.o(x$fpl$dsub)
    _dsub                                    0x08027f91   Thumb Code   464  daddsub_clz.o(x$fpl$dsub)
    __aeabi_f2d                              0x08028165   Thumb Code     0  f2d.o(x$fpl$f2d)
    _f2d                                     0x08028165   Thumb Code    86  f2d.o(x$fpl$f2d)
    __fpl_fnaninf                            0x080281bb   Thumb Code   140  fnaninf.o(x$fpl$fnaninf)
    _fp_init                                 0x08028247   Thumb Code    10  fpinit.o(x$fpl$fpinit)
    __fplib_config_fpu_vfp                   0x0802824f   Thumb Code     0  fpinit.o(x$fpl$fpinit)
    __fplib_config_pureend_doubles           0x0802824f   Thumb Code     0  fpinit.o(x$fpl$fpinit)
    __fpl_fretinf                            0x08028251   Thumb Code    10  fretinf.o(x$fpl$fretinf)
    __fpl_return_NaN                         0x0802825b   Thumb Code   100  retnan.o(x$fpl$retnan)
    __ARM_scalbn                             0x080282bf   Thumb Code    92  scalbn.o(x$fpl$scalbn)
    __fpl_cmpreturn                          0x0802831b   Thumb Code    48  trapv.o(x$fpl$trapveneer)
    OSUnMapTbl                               0x0802834a   Data         256  os_core.o(.constdata)
    __I$use$fp                               0x0802834a   Number         0  usenofp.o(x$fpl$usenofp)
    __mathlib_zero                           0x080287b8   Data           8  qnan.o(.constdata)
    Region$$Table$$Base                      0x080288d0   Number         0  anon$$obj.o(Region$$Table)
    Region$$Table$$Limit                     0x080288f0   Number         0  anon$$obj.o(Region$$Table)
    ccmHeap                                  0x20000000   Data       40960  alt_kf.o(.ccm)
    fly_ready                                0x2000a000   Data           1  ucos_task.o(.data)
    inner_loop_time_time                     0x2000a004   Data           4  ucos_task.o(.data)
    inner_loop_time_time_int                 0x2000a008   Data           4  ucos_task.o(.data)
    GOL_LINK_BUSY                            0x2000a00c   Data           2  ucos_task.o(.data)
    cnt_time                                 0x2000a00e   Data           4  ucos_task.o(.data)
    YawR                                     0x2000a014   Data           4  ucos_task.o(.data)
    PitchR                                   0x2000a018   Data           4  ucos_task.o(.data)
    RollR                                    0x2000a01c   Data           4  ucos_task.o(.data)
    YawRm                                    0x2000a020   Data           4  ucos_task.o(.data)
    PitchRm                                  0x2000a024   Data           4  ucos_task.o(.data)
    RollRm                                   0x2000a028   Data           4  ucos_task.o(.data)
    outer_loop_time                          0x2000a02c   Data           4  ucos_task.o(.data)
    k_gyro_z                                 0x2000a030   Data           4  ucos_task.o(.data)
    ekf_loop_time                            0x2000a034   Data           4  ucos_task.o(.data)
    focal_length_px                          0x2000a038   Data           4  ucos_task.o(.data)
    accumulated_flow_x                       0x2000a03c   Data           4  ucos_task.o(.data)
    accumulated_flow_y                       0x2000a040   Data           4  ucos_task.o(.data)
    accumulated_gyro_x                       0x2000a044   Data           4  ucos_task.o(.data)
    accumulated_gyro_y                       0x2000a048   Data           4  ucos_task.o(.data)
    accumulated_gyro_z                       0x2000a04c   Data           4  ucos_task.o(.data)
    accumulated_framecount                   0x2000a050   Data           2  ucos_task.o(.data)
    accumulated_quality                      0x2000a052   Data           2  ucos_task.o(.data)
    integration_timespan                     0x2000a054   Data           4  ucos_task.o(.data)
    k_flow_acc                               0x2000a058   Data           8  ucos_task.o(.data)
    k_gro_acc                                0x2000a060   Data           4  ucos_task.o(.data)
    flt_gro                                  0x2000a064   Data           4  ucos_task.o(.data)
    k_time_use                               0x2000a068   Data           4  ucos_task.o(.data)
    imu_board_test                           0x2000a06c   Data           1  ucos_task.o(.data)
    MID_CNT_SPD                              0x2000a06d   Data           1  ucos_task.o(.data)
    k_flp                                    0x2000a070   Data           4  ucos_task.o(.data)
    b                                        0x2000a0c8   Data          12  ucos_task.o(.data)
    a                                        0x2000a0d4   Data          12  ucos_task.o(.data)
    baro_matlab_data                         0x2000a0e0   Data           8  ucos_task.o(.data)
    flow_loop_time                           0x2000a0e8   Data           4  ucos_task.o(.data)
    k_flow_devide_pi                         0x2000a0ec   Data           4  ucos_task.o(.data)
    UART_UP_LOAD_SEL                         0x2000a0f0   Data           1  ucos_task.o(.data)
    time_uart                                0x2000a0f4   Data           4  ucos_task.o(.data)
    tmr1                                     0x2000a0f8   Data           4  ucos_task.o(.data)
    tmr2                                     0x2000a0fc   Data           4  ucos_task.o(.data)
    tmr3                                     0x2000a100   Data           4  ucos_task.o(.data)
    cpuusage                                 0x2000a104   Data           2  ucos_task.o(.data)
    msg_key                                  0x2000a134   Data           4  main.o(.data)
    q_msg                                    0x2000a138   Data           4  main.o(.data)
    flags_key                                0x2000a13c   Data           4  main.o(.data)
    ekf_loop_time1                           0x2000a140   Data           4  main.o(.data)
    ero                                      0x2000a144   Data           4  error.o(.data)
    sys                                      0x2000a148   Data           8  error.o(.data)
    rtInf                                    0x2000a160   Data           8  rt_nonfinite.o(.data)
    rtMinusInf                               0x2000a168   Data           8  rt_nonfinite.o(.data)
    rtNaN                                    0x2000a170   Data           8  rt_nonfinite.o(.data)
    rtInfF                                   0x2000a178   Data           4  rt_nonfinite.o(.data)
    rtMinusInfF                              0x2000a17c   Data           4  rt_nonfinite.o(.data)
    rtNaNF                                   0x2000a180   Data           4  rt_nonfinite.o(.data)
    SystemCoreClock                          0x2000a184   Data           4  system_stm32f4xx.o(.data)
    AHBPrescTable                            0x2000a188   Data          16  system_stm32f4xx.o(.data)
    OSCtxSwCtr                               0x2000a1ac   Data           4  os_core.o(.data)
    OSEventFreeList                          0x2000a1b0   Data           4  os_core.o(.data)
    OSFlagFreeList                           0x2000a1b4   Data           4  os_core.o(.data)
    OSCPUUsage                               0x2000a1b8   Data           1  os_core.o(.data)
    OSIdleCtrMax                             0x2000a1bc   Data           4  os_core.o(.data)
    OSIdleCtrRun                             0x2000a1c0   Data           4  os_core.o(.data)
    OSStatRdy                                0x2000a1c4   Data           1  os_core.o(.data)
    OSIntNesting                             0x2000a1c5   Data           1  os_core.o(.data)
    OSLockNesting                            0x2000a1c6   Data           1  os_core.o(.data)
    OSPrioCur                                0x2000a1c7   Data           1  os_core.o(.data)
    OSPrioHighRdy                            0x2000a1c8   Data           1  os_core.o(.data)
    OSRdyGrp                                 0x2000a1c9   Data           1  os_core.o(.data)
    OSRdyTbl                                 0x2000a1ca   Data           8  os_core.o(.data)
    OSRunning                                0x2000a1d2   Data           1  os_core.o(.data)
    OSTaskCtr                                0x2000a1d3   Data           1  os_core.o(.data)
    OSIdleCtr                                0x2000a1d4   Data           4  os_core.o(.data)
    OSTCBCur                                 0x2000a1d8   Data           4  os_core.o(.data)
    OSTCBFreeList                            0x2000a1dc   Data           4  os_core.o(.data)
    OSTCBHighRdy                             0x2000a1e0   Data           4  os_core.o(.data)
    OSTCBList                                0x2000a1e4   Data           4  os_core.o(.data)
    OSTickStepState                          0x2000a1e8   Data           1  os_core.o(.data)
    OSQFreeList                              0x2000a1ec   Data           4  os_core.o(.data)
    OSTime                                   0x2000a1f0   Data           4  os_core.o(.data)
    OSTmrFree                                0x2000a1f4   Data           2  os_core.o(.data)
    OSTmrUsed                                0x2000a1f6   Data           2  os_core.o(.data)
    OSTmrTime                                0x2000a1f8   Data           4  os_core.o(.data)
    OSTmrSem                                 0x2000a1fc   Data           4  os_core.o(.data)
    OSTmrSemSignal                           0x2000a200   Data           4  os_core.o(.data)
    OSTmrFreeList                            0x2000a204   Data           4  os_core.o(.data)
    OSInterrputSum                           0x2000a208   Data           4  os_cpu_c.o(.data)
    I2C_FastMode                             0x2000a20e   Data           1  iic_soft.o(.data)
    FLASH_SIZE                               0x2000a218   Data           4  flash.o(.data)
    W25QXX_TYPE                              0x2000a21c   Data           2  flash_w25.o(.data)
    GPS_SEL1                                 0x2000a220   Data           1  gps.o(.data)
    gps_dt                                   0x2000a224   Data           4  gps.o(.data)
    dt_flow_rx                               0x2000a228   Data           4  usart_fc.o(.data)
    data_rate_gol_link                       0x2000a22c   Data           2  usart_fc.o(.data)
    LOCK                                     0x2000a22e   Data           1  usart_fc.o(.data)
    KEY                                      0x2000a22f   Data           8  usart_fc.o(.data)
    KEY_SEL                                  0x2000a237   Data           4  usart_fc.o(.data)
    NAV_BOARD_CONNECT                        0x2000a23b   Data           1  usart_fc.o(.data)
    force_fly_ready                          0x2000a23c   Data           1  usart_fc.o(.data)
    k_flow_opencv                            0x2000a240   Data           4  usart_fc.o(.data)
    sonar_fc                                 0x2000a244   Data           4  usart_fc.o(.data)
    baroAlt_fc                               0x2000a248   Data           4  usart_fc.o(.data)
    fc_rx_time                               0x2000a24c   Data           4  usart_fc.o(.data)
    flow_module_set_yaw                      0x2000a250   Data           4  usart_fc.o(.data)
    acc_3d_step                              0x2000a254   Data           1  usart_fc.o(.data)
    imu_feed_dog                             0x2000a255   Data           1  usart_fc.o(.data)
    FC_CONNECT                               0x2000a256   Data           1  usart_fc.o(.data)
    fc_loss_cnt                              0x2000a258   Data           2  usart_fc.o(.data)
    fly_ready_force_zero                     0x2000a25a   Data           1  usart_fc.o(.data)
    TxCounter                                0x2000a25b   Data           1  usart_fc.o(.data)
    count                                    0x2000a25c   Data           1  usart_fc.o(.data)
    RxState                                  0x2000a25d   Data           1  usart_fc.o(.data)
    RxBufferNum                              0x2000a25e   Data           1  usart_fc.o(.data)
    RxBufferCnt                              0x2000a25f   Data           1  usart_fc.o(.data)
    RxLen                                    0x2000a260   Data           1  usart_fc.o(.data)
    com_data                                 0x2000a261   Data           1  usart_fc.o(.data)
    nrf_uart_cnt                             0x2000a264   Data           2  usart_fc.o(.data)
    Tx5Counter                               0x2000a266   Data           1  usart_fc.o(.data)
    count5                                   0x2000a267   Data           1  usart_fc.o(.data)
    dlf_odroid                               0x2000a268   Data           4  usart_fc.o(.data)
    TxCounter_u1                             0x2000a26c   Data           1  usart_fc.o(.data)
    count_u1                                 0x2000a26d   Data           1  usart_fc.o(.data)
    RxState_u1                               0x2000a26e   Data           1  usart_fc.o(.data)
    RxBufferNum_u1                           0x2000a26f   Data           1  usart_fc.o(.data)
    RxBufferCnt_u1                           0x2000a270   Data           1  usart_fc.o(.data)
    RxLen_u1                                 0x2000a271   Data           1  usart_fc.o(.data)
    USART3_RX_STA                            0x2000a274   Data           2  usart_fc.o(.data)
    buf_GPRMC                                0x2000a276   Data         100  usart_fc.o(.data)
    buf_GPRMCt                               0x2000a2da   Data         100  usart_fc.o(.data)
    buf_GPGGA                                0x2000a33e   Data         100  usart_fc.o(.data)
    buf_GPGGAt                               0x2000a3a2   Data         100  usart_fc.o(.data)
    gps_good                                 0x2000a406   Data           1  usart_fc.o(.data)
    gps_loss_cnt                             0x2000a408   Data           2  usart_fc.o(.data)
    k_gps_dow_spd                            0x2000a40c   Data           4  usart_fc.o(.data)
    gpsData_lastPosUpdate                    0x2000a410   Data           4  usart_fc.o(.data)
    gpsData_lastVelUpdate                    0x2000a414   Data           4  usart_fc.o(.data)
    gps_update                               0x2000a418   Data           4  usart_fc.o(.data)
    RxState11                                0x2000a41c   Data           1  usart_fc.o(.data)
    RxBufferNum11                            0x2000a41d   Data           1  usart_fc.o(.data)
    RxBufferCnt11                            0x2000a41e   Data           1  usart_fc.o(.data)
    RxLen11                                  0x2000a41f   Data           1  usart_fc.o(.data)
    _data_cnt11                              0x2000a420   Data           2  usart_fc.o(.data)
    _data_len11                              0x2000a422   Data           2  usart_fc.o(.data)
    RxBuffer4_test_cnt                       0x2000a424   Data           1  usart_fc.o(.data)
    RxState4                                 0x2000a425   Data           1  usart_fc.o(.data)
    RxBufferNum4                             0x2000a426   Data           1  usart_fc.o(.data)
    RxBufferCnt4                             0x2000a427   Data           1  usart_fc.o(.data)
    RxLen4                                   0x2000a428   Data           1  usart_fc.o(.data)
    en_px4_mapper                            0x2000a42b   Data           1  usart_fc.o(.data)
    rate_gps_board                           0x2000a42c   Data           4  usart_fc.o(.data)
    RxState3                                 0x2000a430   Data           1  usart_fc.o(.data)
    RxBufferNum3                             0x2000a431   Data           1  usart_fc.o(.data)
    RxBufferCnt3                             0x2000a432   Data           1  usart_fc.o(.data)
    RxLen3                                   0x2000a433   Data           1  usart_fc.o(.data)
    Angle_Yun                                0x2000a438   Data           8  usart_fc.o(.data)
    en_ble_debug                             0x2000a440   Data           1  usart_fc.o(.data)
    IMU1_Fast                                0x2000a480   Data           1  lis3mdl.o(.data)
    id                                       0x2000a481   Data           3  lis3mdl.o(.data)
    sum_temp_att                             0x2000a484   Data           8  lis3mdl.o(.data)
    acc_sum_cnt                              0x2000a48c   Data           2  lis3mdl.o(.data)
    acc_sum_cnt_3d                           0x2000a48e   Data           2  lis3mdl.o(.data)
    acc_smple_cnt_3d                         0x2000a490   Data           2  lis3mdl.o(.data)
    gyro_sum_cnt                             0x2000a492   Data           2  lis3mdl.o(.data)
    acc_tempFilter                           0x2000a6ac   Data           8  lis3mdl.o(.data)
    paOffsetNum                              0x2000a708   Data           8  ms5611_2.o(.data)
    paInitCnt                                0x2000a710   Data           2  ms5611_2.o(.data)
    paOffsetInited                           0x2000a712   Data           1  ms5611_2.o(.data)
    Baro_ALT_Updated                         0x2000a713   Data           1  ms5611_2.o(.data)
    MS5611_Temperature                       0x2000a714   Data           4  ms5611_2.o(.data)
    MS5611_Pressure                          0x2000a718   Data           4  ms5611_2.o(.data)
    MS5611_Altitude                          0x2000a71c   Data           4  ms5611_2.o(.data)
    MS5611_VerticalSpeed                     0x2000a720   Data           4  ms5611_2.o(.data)
    MS5611_Delay_us                          0x2000a724   Data          36  ms5611_2.o(.data)
    for_fly_ready                            0x2000a756   Data           1  ms5611_2.o(.data)
    baroAlt                                  0x2000a758   Data           4  ms5611_2.o(.data)
    baro_set                                 0x2000a75c   Data           1  ms5611_2.o(.data)
    T_sonar                                  0x2000a788   Data           4  ultrasonic.o(.data)
    ultra_start_f                            0x2000a78c   Data           1  ultrasonic.o(.data)
    ultra_time                               0x2000a78d   Data           1  ultrasonic.o(.data)
    ultra_ok                                 0x2000a78e   Data           1  ultrasonic.o(.data)
    x_pred                                   0x2000a790   Data           8  ultrasonic.o(.data)
    v_pred                                   0x2000a798   Data           8  ultrasonic.o(.data)
    x_post                                   0x2000a7a0   Data           8  ultrasonic.o(.data)
    v_post                                   0x2000a7a8   Data           8  ultrasonic.o(.data)
    sonar_raw                                0x2000a7b0   Data           4  ultrasonic.o(.data)
    scale_kal_sonar_v                        0x2000a7b4   Data           4  ultrasonic.o(.data)
    x_pred_bmp                               0x2000a7b8   Data           8  ultrasonic.o(.data)
    v_pred_bmp                               0x2000a7c0   Data           8  ultrasonic.o(.data)
    x_post_bmp                               0x2000a7c8   Data           8  ultrasonic.o(.data)
    v_post_bmp                               0x2000a7d0   Data           8  ultrasonic.o(.data)
    state_dj                                 0x2000a7d8   Data           5  ultrasonic.o(.data)
    state_dj_rx                              0x2000a7dd   Data           5  ultrasonic.o(.data)
    IO_STATE                                 0x2000a7e2   Data           5  ultrasonic.o(.data)
    IO_STATER                                0x2000a7e7   Data           5  ultrasonic.o(.data)
    TEMP_SONAR                               0x2000a7ec   Data           4  ultrasonic.o(.data)
    cnt_sample1                              0x2000a7f0   Data           4  ultrasonic.o(.data)
    ultra_distance                           0x2000a7f4   Data           4  ultrasonic.o(.data)
    ultra_distance_r                         0x2000a7f8   Data           4  ultrasonic.o(.data)
    ultra_delta                              0x2000a7fc   Data           4  ultrasonic.o(.data)
    ak8975                                   0x2000a814   Data          48  hml_sample.o(.data)
    fast_atan_table                          0x2000a844   Data        1028  my_math.o(.data)
    UKF_VEL_DELAY                            0x2000ac48   Data           4  nav_ukf.o(.data)
    UKF_POS_DELAY_UBM                        0x2000ac4c   Data           4  nav_ukf.o(.data)
    UKF_POS_DELAY                            0x2000ac50   Data           4  nav_ukf.o(.data)
    k_acc_ukf1                               0x2000ac54   Data           4  nav_ukf.o(.data)
    k_m_ukf                                  0x2000ac58   Data           4  nav_ukf.o(.data)
    IMU_MAG_DECL                             0x2000ac5c   Data           4  nav_ukf.o(.data)
    IMU_MAG_INCL                             0x2000ac60   Data           4  nav_ukf.o(.data)
    UKF_GPS_POS_N_TEMP                       0x2000ac64   Data           4  nav_ukf.o(.data)
    UKF_GPS_POS_N_TEMPD                      0x2000ac68   Data           4  nav_ukf.o(.data)
    NOISE_PRESS                              0x2000ac6c   Data           4  nav_ukf.o(.data)
    UKF_GPS_VEL_N_TEMP                       0x2000ac70   Data           4  nav_ukf.o(.data)
    UKF_GPS_VD_N_TEMP                        0x2000ac74   Data           4  nav_ukf.o(.data)
    UKF_GPS_VEL_N_TEMP_FLOW                  0x2000ac78   Data           4  nav_ukf.o(.data)
    UKF_GPS_VD_N_TEMP_FLOW                   0x2000ac7c   Data           4  nav_ukf.o(.data)
    UKF_MAG_N_TEMP                           0x2000ac80   Data           4  nav_ukf.o(.data)
    en_dop_gps                               0x2000ac84   Data           1  nav_ukf.o(.data)
    en_z_bais                                0x2000ac85   Data           1  nav_ukf.o(.data)
    dImuData_lastUpdate                      0x2000ac88   Data           4  nav_ukf.o(.data)
    navData_presAltOffset                    0x2000ac8c   Data           4  nav_ukf.o(.data)
    time_update                              0x2000ad40   Data           4  nav_ukf.o(.data)
    Kp                                       0x2000ad58   Data           4  imu.o(.data)
    Ki                                       0x2000ad5c   Data           4  imu.o(.data)
    Roll                                     0x2000ad60   Data           4  imu.o(.data)
    Pitch                                    0x2000ad64   Data           4  imu.o(.data)
    Yaw                                      0x2000ad68   Data           4  imu.o(.data)
    Roll_mid_down                            0x2000ad6c   Data           4  imu.o(.data)
    Pitch_mid_down                           0x2000ad70   Data           4  imu.o(.data)
    Yaw_mid_down                             0x2000ad74   Data           4  imu.o(.data)
    ref_q                                    0x2000ad78   Data          16  imu.o(.data)
    norm_acc                                 0x2000ad88   Data           4  imu.o(.data)
    norm_q                                   0x2000ad8c   Data           4  imu.o(.data)
    norm_acc_lpf                             0x2000ad90   Data           4  imu.o(.data)
    test_flag                                0x2000ad94   Data          12  imu.o(.data)
    mag_norm                                 0x2000ada0   Data           4  imu.o(.data)
    mag_norm_xyz                             0x2000ada4   Data           4  imu.o(.data)
    gh_yaw                                   0x2000ada8   Data           4  imu.o(.data)
    ga_yaw                                   0x2000adac   Data           4  imu.o(.data)
    gw_yaw                                   0x2000adb0   Data           4  imu.o(.data)
    yaw_kf                                   0x2000adb4   Data           4  imu.o(.data)
    P_kf_yaw                                 0x2000adb8   Data          32  imu.o(.data)
    k_kf_z                                   0x2000add8   Data           4  imu.o(.data)
    yaw_cross                                0x2000addc   Data           1  imu.o(.data)
    yaw_qr_off                               0x2000ade0   Data           4  imu.o(.data)
    dis_angle_lock                           0x2000ade4   Data           1  imu.o(.data)
    yaw_cal_by_qr                            0x2000ade5   Data           1  imu.o(.data)
    yaw_qr_off_local                         0x2000ade8   Data           4  imu.o(.data)
    yaw_off_earth                            0x2000adec   Data           4  imu.o(.data)
    ref_q_imd_down                           0x2000ae00   Data          16  imu_m.o(.data)
    beta                                     0x2000ae10   Data           4  imu_m.o(.data)
    q0_m                                     0x2000ae14   Data           4  imu_m.o(.data)
    q1_m                                     0x2000ae18   Data           4  imu_m.o(.data)
    q2_m                                     0x2000ae1c   Data           4  imu_m.o(.data)
    q3_m                                     0x2000ae20   Data           4  imu_m.o(.data)
    q0                                       0x2000ae24   Data           4  imu_m.o(.data)
    q1                                       0x2000ae28   Data           4  imu_m.o(.data)
    q2                                       0x2000ae2c   Data           4  imu_m.o(.data)
    q3                                       0x2000ae30   Data           4  imu_m.o(.data)
    q0_fc                                    0x2000ae34   Data           4  imu_m.o(.data)
    q1_fc                                    0x2000ae38   Data           4  imu_m.o(.data)
    q2_fc                                    0x2000ae3c   Data           4  imu_m.o(.data)
    q3_fc                                    0x2000ae40   Data           4  imu_m.o(.data)
    init_q                                   0x2000ae44   Data           1  imu_m.o(.data)
    beta_start                               0x2000ae48   Data           4  imu_m.o(.data)
    beta_end                                 0x2000ae4c   Data           4  imu_m.o(.data)
    beta_step                                0x2000ae50   Data           4  imu_m.o(.data)
    accConfidenceDecay                       0x2000ae54   Data           4  imu_m.o(.data)
    hmlConfidenceDecay                       0x2000ae58   Data           4  imu_m.o(.data)
    accConfidence                            0x2000ae5c   Data           4  imu_m.o(.data)
    hmlConfidence                            0x2000ae60   Data           4  imu_m.o(.data)
    norm_hml_view                            0x2000ae64   Data           4  imu_m.o(.data)
    hmlOneMAG                                0x2000ae68   Data           4  imu_m.o(.data)
    init_hml_norm                            0x2000ae6c   Data           1  imu_m.o(.data)
    init_hml_norm_cnt                        0x2000ae6e   Data           2  imu_m.o(.data)
    q_flow                                   0x2000ae80   Data          12  ukf_task.o(.data)
    r_flow                                   0x2000ae8c   Data          12  ukf_task.o(.data)
    flow_gain                                0x2000ae98   Data           4  ukf_task.o(.data)
    acc_flag_flow                            0x2000ae9c   Data           8  ukf_task.o(.data)
    X_ukf_Pos                                0x2000aea4   Data           8  ukf_task.o(.data)
    r1                                       0x2000aeac   Data           4  ukf_task.o(.data)
    r2                                       0x2000aeb0   Data           4  ukf_task.o(.data)
    posNorth                                 0x2000aeb4   Data           4  ukf_task.o(.data)
    posEast                                  0x2000aeb8   Data           4  ukf_task.o(.data)
    local_Lat                                0x2000aec0   Data           8  ukf_task.o(.data)
    local_Lon                                0x2000aec8   Data           8  ukf_task.o(.data)
    velEast                                  0x2000aed0   Data           4  ukf_task.o(.data)
    velNorth                                 0x2000aed4   Data           4  ukf_task.o(.data)
    GPS_J_F                                  0x2000aed8   Data           4  ukf_task.o(.data)
    GPS_W_F                                  0x2000aedc   Data           4  ukf_task.o(.data)
    kf_data_sel                              0x2000aee0   Data           1  ukf_task.o(.data)
    ga_nav                                   0x2000aee4   Data           4  ukf_task.o(.data)
    gwa_nav                                  0x2000aee8   Data           4  ukf_task.o(.data)
    g_pos_flow                               0x2000aeec   Data           4  ukf_task.o(.data)
    g_spd_flow                               0x2000aef0   Data           4  ukf_task.o(.data)
    K_pos_qr                                 0x2000aef4   Data           4  ukf_task.o(.data)
    K_spd_flow                               0x2000aef8   Data           4  ukf_task.o(.data)
    K_acc_gps                                0x2000aefc   Data           4  ukf_task.o(.data)
    K_pos_gps                                0x2000af00   Data           4  ukf_task.o(.data)
    K_spd_gps                                0x2000af04   Data           4  ukf_task.o(.data)
    g_pos_gps                                0x2000af08   Data           4  ukf_task.o(.data)
    g_spd_gps                                0x2000af0c   Data           4  ukf_task.o(.data)
    velNorth_gps                             0x2000af10   Data           4  ukf_task.o(.data)
    velEast_gps                              0x2000af14   Data           4  ukf_task.o(.data)
    flag_kf1                                 0x2000af18   Data           8  ukf_task.o(.data)
    force_test                               0x2000af20   Data           1  ukf_task.o(.data)
    Posx                                     0x2000af24   Data           4  ukf_task.o(.data)
    Posy                                     0x2000af28   Data           4  ukf_task.o(.data)
    gps_data_vaild                           0x2000af2c   Data           1  ukf_task.o(.data)
    gps_init                                 0x2000af2d   Data           1  ukf_task.o(.data)
    r_gps_new                                0x2000af30   Data          16  ukf_task.o(.data)
    altUkfData                               0x2000af68   Data           8  alt_kf.o(.data)
    altUkfData_sonar                         0x2000af70   Data           8  alt_kf.o(.data)
    altUkfData_bmp                           0x2000af78   Data           8  alt_kf.o(.data)
    flowUkfData_x                            0x2000af80   Data           8  alt_kf.o(.data)
    flowUkfData_y                            0x2000af88   Data           8  alt_kf.o(.data)
    gpsUkfData_e                             0x2000af90   Data           8  alt_kf.o(.data)
    gpsUkfData_n                             0x2000af98   Data           8  alt_kf.o(.data)
    heapUsed                                 0x2000afa0   Data           4  alt_kf.o(.data)
    heapHighWater                            0x2000afa4   Data           4  alt_kf.o(.data)
    dataSramUsed                             0x2000afa8   Data           4  alt_kf.o(.data)
    FLOW_NOISE                               0x2000afac   Data           4  alt_kf.o(.data)
    flow_pos                                 0x2000afb0   Data           8  alt_kf.o(.data)
    measure_num                              0x2000afb8   Data           1  alt_kf.o(.data)
    k_acc                                    0x2000afc0   Data           4  alt_kf.o(.data)
    sonar_av_cnt                             0x2000afc4   Data           2  alt_kf.o(.data)
    sonar_f_set                              0x2000afc8   Data          24  alt_kf.o(.data)
    ALT_PRES_NOISE                           0x2000afe0   Data           4  alt_kf.o(.data)
    ALT_PRES_NOISE_SONAR                     0x2000afe4   Data           4  alt_kf.o(.data)
    ALT_POS_SONAR2                           0x2000afe8   Data           4  alt_kf.o(.data)
    ALT_POS_SONAR3                           0x2000afec   Data           4  alt_kf.o(.data)
    sonar_h_cnt                              0x2000aff0   Data           4  alt_kf.o(.data)
    sonar_temp                               0x2000aff4   Data           4  alt_kf.o(.data)
    K_SONAR                                  0x2000aff8   Data           4  alt_kf.o(.data)
    test_1                                   0x2000affc   Data           2  alt_kf.o(.data)
    en_1                                     0x2000affe   Data           1  alt_kf.o(.data)
    NOISE                                    0x2000b000   Data          12  alt_kf.o(.data)
    X_apo_height1                            0x2000b00c   Data           8  alt_kf.o(.data)
    P_apo_k_height1                          0x2000b014   Data          16  alt_kf.o(.data)
    r_baro1                                  0x2000b024   Data           4  alt_kf.o(.data)
    r_acc1                                   0x2000b028   Data           4  alt_kf.o(.data)
    k_spd                                    0x2000b02c   Data           4  alt_kf.o(.data)
    gh                                       0x2000b030   Data           4  alt_kf.o(.data)
    gh_sonar                                 0x2000b034   Data           4  alt_kf.o(.data)
    ga                                       0x2000b038   Data           4  alt_kf.o(.data)
    gwa                                      0x2000b03c   Data           4  alt_kf.o(.data)
    P_kf_baro                                0x2000b040   Data          72  alt_kf.o(.data)
    P_kf_sonar                               0x2000b088   Data          72  alt_kf.o(.data)
    X_apo_height                             0x2000b0d0   Data           8  alt_kf.o(.data)
    P_apo_k_height                           0x2000b0d8   Data          16  alt_kf.o(.data)
    k_bais                                   0x2000b0e8   Data           4  alt_kf.o(.data)
    k_bais2                                  0x2000b0ec   Data           4  alt_kf.o(.data)
    r_baro                                   0x2000b0f0   Data           4  alt_kf.o(.data)
    r_acc                                    0x2000b0f4   Data           4  alt_kf.o(.data)
    gro_z_dead                               0x2000b0f8   Data           4  alt_kf.o(.data)
    dead_accz                                0x2000b0fc   Data           4  alt_kf.o(.data)
    acc_off_baro                             0x2000b100   Data           4  alt_kf.o(.data)
    k_hcc                                    0x2000b104   Data           4  alt_kf.o(.data)
    k_hcc_fix                                0x2000b108   Data           4  alt_kf.o(.data)
    hc_acc_i_bmp                             0x2000b10c   Data           4  alt_kf.o(.data)
    accz                                     0x2000b110   Data           4  alt_kf.o(.data)
    accz_bmp                                 0x2000b114   Data           4  alt_kf.o(.data)
    acc_scale_bmp                            0x2000b118   Data           4  alt_kf.o(.data)
    acc_mask                                 0x2000b11c   Data           1  alt_kf.o(.data)
    acc_mask_cnt_max                         0x2000b11e   Data           2  alt_kf.o(.data)
    baro_ukf_dt                              0x2000b120   Data           4  alt_kf.o(.data)
    baro_ekf_dt                              0x2000b124   Data           4  alt_kf.o(.data)
    k_flt_accz                               0x2000b128   Data           4  alt_kf.o(.data)
    acc_est                                  0x2000b12c   Data           4  alt_kf.o(.data)
    acc_est_imu                              0x2000b130   Data           4  alt_kf.o(.data)
    baro_ekf_ero                             0x2000b134   Data           1  alt_kf.o(.data)
    ALT_VEL_BMP_UNION                        0x2000b138   Data           4  alt_kf.o(.data)
    ALT_POS_BMP_UNION                        0x2000b13c   Data           4  alt_kf.o(.data)
    baroAlt_sel                              0x2000b140   Data           1  alt_kf.o(.data)
    r_baro_new                               0x2000b144   Data          16  alt_kf.o(.data)
    g_baro_h                                 0x2000b154   Data           4  alt_kf.o(.data)
    g_baro_spd                               0x2000b158   Data           4  alt_kf.o(.data)
    acc_flag                                 0x2000b15c   Data           8  alt_kf.o(.data)
    k_acc_ukf                                0x2000b164   Data           4  alt_kf.o(.data)
    MAX_ACC_NEO                              0x2000b168   Data           4  alt_kf.o(.data)
    flow_dt                                  0x2000b16c   Data           4  alt_kf.o(.data)
    GPS_NOISE                                0x2000b170   Data           4  alt_kf.o(.data)
    k_acc_fpl_gps                            0x2000b174   Data           4  alt_kf.o(.data)
    q_pos                                    0x2000b178   Data           4  alt_kf.o(.data)
    v_q                                      0x2000b17c   Data           4  alt_kf.o(.data)
    v_bais                                   0x2000b180   Data           4  alt_kf.o(.data)
    s_bais                                   0x2000b184   Data           4  alt_kf.o(.data)
    ALT_STATE_POS1                           0x2000b188   Data           4  alt_kf.o(.data)
    ALT_STATE_VEL1                           0x2000b18c   Data           4  alt_kf.o(.data)
    ALT_STATE_BIAS1                          0x2000b190   Data           4  alt_kf.o(.data)
    ALT_NOISE_BIAS1                          0x2000b194   Data           4  alt_kf.o(.data)
    ALT_NOISE_VEL1                           0x2000b198   Data           4  alt_kf.o(.data)
    ALT_STATE_POS_GPS                        0x2000b19c   Data           4  alt_kf.o(.data)
    ALT_STATE_VEL_GPS                        0x2000b1a0   Data           4  alt_kf.o(.data)
    ALT_STATE_BIAS_GPS                       0x2000b1a4   Data           4  alt_kf.o(.data)
    ALT_NOISE_BIAS_GPS                       0x2000b1a8   Data           4  alt_kf.o(.data)
    ALT_NOISE_VEL_GPS                        0x2000b1ac   Data           4  alt_kf.o(.data)
    k_flow_devide                            0x2000b1f0   Data           4  flow.o(.data)
    flow_module_offset_y                     0x2000b1f4   Data           4  flow.o(.data)
    flow_module_offset_x                     0x2000b1f8   Data           4  flow.o(.data)
    INNER_TASK_STK                           0x2000b250   Data        1536  ucos_task.o(.bss)
    OUTER_TASK_STK                           0x2000b850   Data        1024  ucos_task.o(.bss)
    EKF_TASK_STK                             0x2000bc50   Data       36864  ucos_task.o(.bss)
    BARO_TASK_STK                            0x20014c50   Data        3072  ucos_task.o(.bss)
    SONAR_TASK_STK                           0x20015850   Data         512  ucos_task.o(.bss)
    FLOW_TASK_STK                            0x20015a50   Data        1024  ucos_task.o(.bss)
    xBuf1                                    0x20015f40   Data          12  ucos_task.o(.bss)
    yBuf1                                    0x20015f4c   Data          12  ucos_task.o(.bss)
    xBuf2                                    0x20015f58   Data          12  ucos_task.o(.bss)
    yBuf2                                    0x20015f64   Data          12  ucos_task.o(.bss)
    xBuf3                                    0x20015f70   Data          12  ucos_task.o(.bss)
    yBuf3                                    0x20015f7c   Data          12  ucos_task.o(.bss)
    acc_neo                                  0x20015f88   Data          12  ucos_task.o(.bss)
    flow_ground_temp                         0x20015f94   Data          16  ucos_task.o(.bss)
    flow_matlab_data                         0x20015fa4   Data          16  ucos_task.o(.bss)
    ERROR_TASK_STK                           0x20015fb4   Data         256  ucos_task.o(.bss)
    START_TASK_STK                           0x200160fc   Data         256  main.o(.bss)
    MsgGrp                                   0x200161fc   Data        1024  main.o(.bss)
    module                                   0x200165fc   Data          11  main.o(.bss)
    mcuID                                    0x20016608   Data          12  main.o(.bss)
    OSEventTbl                               0x20016614   Data         200  os_core.o(.bss)
    OSFlagTbl                                0x200166dc   Data          80  os_core.o(.bss)
    OSTaskStatStk                            0x2001672c   Data         512  os_core.o(.bss)
    OSTaskIdleStk                            0x2001692c   Data         512  os_core.o(.bss)
    OSTCBPrioTbl                             0x20016b2c   Data         256  os_core.o(.bss)
    OSTCBTbl                                 0x20016c2c   Data        1848  os_core.o(.bss)
    OSQTbl                                   0x20017364   Data         120  os_core.o(.bss)
    OSTmrTbl                                 0x200173dc   Data         640  os_core.o(.bss)
    OSTmrTaskStk                             0x2001765c   Data         512  os_core.o(.bss)
    OSTmrWheelTbl                            0x2001785c   Data          64  os_core.o(.bss)
    FLASH_READ_BUF                           0x2001789c   Data         100  flash.o(.bss)
    FLASH_Buffer                             0x20017900   Data         100  flash.o(.bss)
    W25QXX_BUFFER                            0x20017964   Data        4096  flash_w25.o(.bss)
    Cycle_T                                  0x20018964   Data         360  time.o(.bss)
    qr                                       0x20018ad0   Data          60  usart_fc.o(.bss)
    color                                    0x20018b0c   Data          20  usart_fc.o(.bss)
    HPID                                     0x20018b20   Data          18  usart_fc.o(.bss)
    SPID                                     0x20018b32   Data          18  usart_fc.o(.bss)
    FIX_PID                                  0x20018b44   Data          18  usart_fc.o(.bss)
    NAV_PID                                  0x20018b56   Data          18  usart_fc.o(.bss)
    pid                                      0x20018b68   Data         224  usart_fc.o(.bss)
    Rc_Get                                   0x20018c48   Data          20  usart_fc.o(.bss)
    plane                                    0x20018c5c   Data         116  usart_fc.o(.bss)
    slam                                     0x20018cd0   Data          20  usart_fc.o(.bss)
    imu_nav                                  0x20018ce4   Data         104  usart_fc.o(.bss)
    mode                                     0x20018d4c   Data          53  usart_fc.o(.bss)
    flow_debug                               0x20018d84   Data          40  usart_fc.o(.bss)
    par                                      0x20018dac   Data          48  usart_fc.o(.bss)
    TxBuffer                                 0x20018ddc   Data         256  usart_fc.o(.bss)
    Rx_Buf                                   0x20018edc   Data         256  usart_fc.o(.bss)
    RxBuffer                                 0x20018fdc   Data          50  usart_fc.o(.bss)
    Tx5Buffer                                0x2001900e   Data         256  usart_fc.o(.bss)
    TxBuffer_u1                              0x2001910e   Data         256  usart_fc.o(.bss)
    Rx_Buf_u1                                0x2001920e   Data         256  usart_fc.o(.bss)
    RxBuffer_u1                              0x2001930e   Data          50  usart_fc.o(.bss)
    USART3_TX_BUF                            0x20019340   Data         800  usart_fc.o(.bss)
    USART3_RX_BUF                            0x20019660   Data         800  usart_fc.o(.bss)
    USART1_TX_BUF                            0x20019980   Data         800  usart_fc.o(.bss)
    gpsx                                     0x20019ca0   Data         323  usart_fc.o(.bss)
    buf_imu_dj                               0x20019de3   Data          20  usart_fc.o(.bss)
    angle_imu_dj                             0x20019df8   Data          12  usart_fc.o(.bss)
    RxBuffer11                               0x20019e04   Data          50  usart_fc.o(.bss)
    buf_GNVTG                                0x20019e36   Data          65  usart_fc.o(.bss)
    laser_buf                                0x20019e78   Data         720  usart_fc.o(.bss)
    m100                                     0x2001a148   Data          96  usart_fc.o(.bss)
    debug_pi_flow                            0x2001a1a8   Data          80  usart_fc.o(.bss)
    pi_flow                                  0x2001a1f8   Data         340  usart_fc.o(.bss)
    RxBuffer4_test                           0x2001a34c   Data          25  usart_fc.o(.bss)
    RxBuffer4                                0x2001a365   Data          50  usart_fc.o(.bss)
    Rx_Buf3                                  0x2001a397   Data         256  usart_fc.o(.bss)
    RxBuffer3                                0x2001a497   Data          50  usart_fc.o(.bss)
    SendBuff1                                0x2001a4c9   Data          64  usart_fc.o(.bss)
    SendBuff2                                0x2001a509   Data         384  usart_fc.o(.bss)
    SendBuff3                                0x2001a689   Data          32  usart_fc.o(.bss)
    SendBuff4                                0x2001a6a9   Data          64  usart_fc.o(.bss)
    flow                                     0x2001a6f0   Data         112  usart_fc.o(.bss)
    flow_rad                                 0x2001a760   Data          48  usart_fc.o(.bss)
    lis3mdl                                  0x2001a8e0   Data         292  lis3mdl.o(.bss)
    acc_lsq                                  0x2001aa04   Data         168  lis3mdl.o(.bss)
    sum_temp                                 0x2001aaac   Data          28  lis3mdl.o(.bss)
    sum_temp_3d                              0x2001aac8   Data          28  lis3mdl.o(.bss)
    mpu6050                                  0x2001b210   Data         188  mpu6050.o(.bss)
    mpu6050_r                                0x2001b2cc   Data         188  mpu6050.o(.bss)
    imu_fushion                              0x2001b388   Data         188  mpu6050.o(.bss)
    med_filter_tmp                           0x2001b444   Data        2800  fliter.o(.bss)
    med_filter_out                           0x2001bf34   Data         140  fliter.o(.bss)
    med_fil_cnt                              0x2001bfc0   Data          35  fliter.o(.bss)
    firstOrderFilters                        0x2001bfe4   Data         400  fliter.o(.bss)
    LF_20Hz                                  0x2001c174   Data          24  fliter.o(.bss)
    Acc_20Hz                                 0x2001c18c   Data          72  fliter.o(.bss)
    now_dj                                   0x2001c1d4   Data          16  ultrasonic.o(.bss)
    lastUpdate_dj                            0x2001c1e4   Data          16  ultrasonic.o(.bss)
    navUkfData                               0x2001c1f8   Data        2080  nav_ukf.o(.bss)
    runData                                  0x2001cc28   Data         328  nav_ukf.o(.bss)
    q_nav                                    0x2001cd98   Data          16  imu.o(.bss)
    reference_v                              0x2001cda8   Data          12  imu.o(.bss)
    ref                                      0x2001cdb4   Data          60  imu.o(.bss)
    reference_vr                             0x2001cdf0   Data          12  imu.o(.bss)
    mag_sim_3d                               0x2001cdfc   Data          12  imu.o(.bss)
    acc_3d_hg                                0x2001ce08   Data          12  imu.o(.bss)
    acc_ng                                   0x2001ce14   Data          12  imu.o(.bss)
    acc_ng_offset                            0x2001ce20   Data          12  imu.o(.bss)
    yaw_mag_view                             0x2001ce2c   Data          20  imu.o(.bss)
    X_kf_yaw                                 0x2001ce40   Data          16  imu.o(.bss)
    reference_vr_imd_down                    0x2001ce5c   Data          12  imu_m.o(.bss)
    reference_vr_imd_down_fc                 0x2001ce68   Data          12  imu_m.o(.bss)
    X_ukf                                    0x2001ce78   Data          48  ukf_task.o(.bss)
    X_ukf_global                             0x2001cea8   Data          48  ukf_task.o(.bss)
    X_ukf_baro                               0x2001ced8   Data          48  ukf_task.o(.bss)
    X_KF_NAV                                 0x2001d048   Data          48  ukf_task.o(.bss)
    P_KF_NAV                                 0x2001d078   Data         144  ukf_task.o(.bss)
    state_correct_posx                       0x2001d108   Data          48  ukf_task.o(.bss)
    state_correct_posy                       0x2001d138   Data          48  ukf_task.o(.bss)
    X_kf2_x                                  0x2001d168   Data          24  ukf_task.o(.bss)
    X_kf2_y                                  0x2001d180   Data          24  ukf_task.o(.bss)
    Distance                                 0x2001d198   Data         100  alt_kf.o(.bss)
    ultra                                    0x2001d208   Data          20  alt_kf.o(.bss)
    sonar_av_arr                             0x2001d21c   Data          20  alt_kf.o(.bss)
    sonar                                    0x2001d230   Data          24  alt_kf.o(.bss)
    sonar_fusion                             0x2001d248   Data          68  alt_kf.o(.bss)
    sonar_h_arr                              0x2001d28c   Data          44  alt_kf.o(.bss)
    X_kf_baro                                0x2001d2b8   Data          24  alt_kf.o(.bss)
    X_kf_baro_temp                           0x2001d2d0   Data          24  alt_kf.o(.bss)
    X_kf_sonar                               0x2001d2e8   Data          24  alt_kf.o(.bss)
    acc_z_view                               0x2001d3a0   Data          12  alt_kf.o(.bss)
    state_correct_baro                       0x2001d3b0   Data          48  alt_kf.o(.bss)
    Global_GPS_Sensor                        0x2001d3e0   Data          88  alt_kf.o(.bss)
    v_test                                   0x2001d438   Data          16  alt_kf.o(.bss)
    Last_GPS                                 0x2001d448   Data          16  alt_kf.o(.bss)
    TAR_GPS                                  0x2001d458   Data          16  alt_kf.o(.bss)
    hml_lsq                                  0x2001d468   Data         168  cycle_cal_oldx.o(.bss)
    flow_per_out                             0x2001d568   Data          16  flow.o(.bss)
    __libspace_start                         0x2001d59c   Data          96  libspace.o(.bss)
    __temporary_stack_top$libspace           0x2001d5fc   Data           0  libspace.o(.bss)



==============================================================================

Memory Map of the image

  Image Entry point : 0x08000189

  Load Region LR_IROM1 (Base: 0x08000000, Size: 0x00033b40, Max: 0x00100000, ABSOLUTE, COMPRESSED[0x000293d4])

    Execution Region ER_IROM1 (Base: 0x08000000, Size: 0x000288f0, Max: 0x00100000, ABSOLUTE)

    Base Addr    Size         Type   Attr      Idx    E Section Name        Object

    0x08000000   0x00000188   Data   RO          610    RESET               startup_stm32f40_41xxx.o
    0x08000188   0x00000008   Code   RO         2205  * !!!main             c_w.l(__main.o)
    0x08000190   0x00000034   Code   RO         2720    !!!scatter          c_w.l(__scatter.o)
    0x080001c4   0x0000005a   Code   RO         2718    !!dczerorl2         c_w.l(__dczerorl2.o)
    0x0800021e   0x00000002   PAD
    0x08000220   0x0000001c   Code   RO         2722    !!handler_zi        c_w.l(__scatter_zi.o)
    0x0800023c   0x00000002   Code   RO         2640    .ARM.Collect$$libinit$$00000000  c_w.l(libinit.o)
    0x0800023e   0x00000004   Code   RO         2568    .ARM.Collect$$libinit$$00000001  c_w.l(libinit2.o)
    0x08000242   0x00000000   Code   RO         2571    .ARM.Collect$$libinit$$00000004  c_w.l(libinit2.o)
    0x08000242   0x00000000   Code   RO         2574    .ARM.Collect$$libinit$$0000000A  c_w.l(libinit2.o)
    0x08000242   0x00000000   Code   RO         2576    .ARM.Collect$$libinit$$0000000C  c_w.l(libinit2.o)
    0x08000242   0x00000000   Code   RO         2578    .ARM.Collect$$libinit$$0000000E  c_w.l(libinit2.o)
    0x08000242   0x00000000   Code   RO         2581    .ARM.Collect$$libinit$$00000011  c_w.l(libinit2.o)
    0x08000242   0x00000000   Code   RO         2583    .ARM.Collect$$libinit$$00000013  c_w.l(libinit2.o)
    0x08000242   0x00000000   Code   RO         2585    .ARM.Collect$$libinit$$00000015  c_w.l(libinit2.o)
    0x08000242   0x00000000   Code   RO         2587    .ARM.Collect$$libinit$$00000017  c_w.l(libinit2.o)
    0x08000242   0x00000000   Code   RO         2589    .ARM.Collect$$libinit$$00000019  c_w.l(libinit2.o)
    0x08000242   0x00000000   Code   RO         2591    .ARM.Collect$$libinit$$0000001B  c_w.l(libinit2.o)
    0x08000242   0x00000000   Code   RO         2593    .ARM.Collect$$libinit$$0000001D  c_w.l(libinit2.o)
    0x08000242   0x00000000   Code   RO         2595    .ARM.Collect$$libinit$$0000001F  c_w.l(libinit2.o)
    0x08000242   0x00000000   Code   RO         2597    .ARM.Collect$$libinit$$00000021  c_w.l(libinit2.o)
    0x08000242   0x00000000   Code   RO         2599    .ARM.Collect$$libinit$$00000023  c_w.l(libinit2.o)
    0x08000242   0x00000000   Code   RO         2601    .ARM.Collect$$libinit$$00000025  c_w.l(libinit2.o)
    0x08000242   0x00000000   Code   RO         2605    .ARM.Collect$$libinit$$0000002C  c_w.l(libinit2.o)
    0x08000242   0x00000000   Code   RO         2607    .ARM.Collect$$libinit$$0000002E  c_w.l(libinit2.o)
    0x08000242   0x00000000   Code   RO         2609    .ARM.Collect$$libinit$$00000030  c_w.l(libinit2.o)
    0x08000242   0x00000000   Code   RO         2611    .ARM.Collect$$libinit$$00000032  c_w.l(libinit2.o)
    0x08000242   0x00000002   Code   RO         2612    .ARM.Collect$$libinit$$00000033  c_w.l(libinit2.o)
    0x08000244   0x00000002   Code   RO         2715    .ARM.Collect$$libshutdown$$00000000  c_w.l(libshutdown.o)
    0x08000246   0x00000000   Code   RO         2669    .ARM.Collect$$libshutdown$$00000002  c_w.l(libshutdown2.o)
    0x08000246   0x00000000   Code   RO         2671    .ARM.Collect$$libshutdown$$00000004  c_w.l(libshutdown2.o)
    0x08000246   0x00000000   Code   RO         2674    .ARM.Collect$$libshutdown$$00000007  c_w.l(libshutdown2.o)
    0x08000246   0x00000000   Code   RO         2677    .ARM.Collect$$libshutdown$$0000000A  c_w.l(libshutdown2.o)
    0x08000246   0x00000000   Code   RO         2679    .ARM.Collect$$libshutdown$$0000000C  c_w.l(libshutdown2.o)
    0x08000246   0x00000000   Code   RO         2682    .ARM.Collect$$libshutdown$$0000000F  c_w.l(libshutdown2.o)
    0x08000246   0x00000002   Code   RO         2683    .ARM.Collect$$libshutdown$$00000010  c_w.l(libshutdown2.o)
    0x08000248   0x00000000   Code   RO         2409    .ARM.Collect$$rtentry$$00000000  c_w.l(__rtentry.o)
    0x08000248   0x00000000   Code   RO         2526    .ARM.Collect$$rtentry$$00000002  c_w.l(__rtentry2.o)
    0x08000248   0x00000006   Code   RO         2538    .ARM.Collect$$rtentry$$00000004  c_w.l(__rtentry4.o)
    0x0800024e   0x00000000   Code   RO         2528    .ARM.Collect$$rtentry$$00000009  c_w.l(__rtentry2.o)
    0x0800024e   0x00000004   Code   RO         2529    .ARM.Collect$$rtentry$$0000000A  c_w.l(__rtentry2.o)
    0x08000252   0x00000000   Code   RO         2531    .ARM.Collect$$rtentry$$0000000C  c_w.l(__rtentry2.o)
    0x08000252   0x00000008   Code   RO         2532    .ARM.Collect$$rtentry$$0000000D  c_w.l(__rtentry2.o)
    0x0800025a   0x00000002   Code   RO         2650    .ARM.Collect$$rtexit$$00000000  c_w.l(rtexit.o)
    0x0800025c   0x00000000   Code   RO         2689    .ARM.Collect$$rtexit$$00000002  c_w.l(rtexit2.o)
    0x0800025c   0x00000004   Code   RO         2690    .ARM.Collect$$rtexit$$00000003  c_w.l(rtexit2.o)
    0x08000260   0x00000006   Code   RO         2691    .ARM.Collect$$rtexit$$00000004  c_w.l(rtexit2.o)
    0x08000266   0x00000002   PAD
    0x08000268   0x00002990   Code   RO            3    .text               ucos_task.o
    0x08002bf8   0x00000290   Code   RO          375    .text               main.o
    0x08002e88   0x00000100   Code   RO          475    .text               rt_nonfinite.o
    0x08002f88   0x000000c8   Code   RO          505    .text               rtgetnan.o
    0x08003050   0x00000134   Code   RO          521    .text               rtgetinf.o
    0x08003184   0x00000016   Code   RO          535    .text               stm32f4xx_it.o
    0x0800319a   0x00000002   PAD
    0x0800319c   0x00000210   Code   RO          584    .text               system_stm32f4xx.o
    0x080033ac   0x00000040   Code   RO          611    .text               startup_stm32f40_41xxx.o
    0x080033ec   0x00000108   Code   RO          617    .text               delay.o
    0x080034f4   0x000000e0   Code   RO          657    .text               misc.o
    0x080035d4   0x00000294   Code   RO          677    .text               stm32f4xx_gpio.o
    0x08003868   0x0000065c   Code   RO          720    .text               stm32f4xx_rcc.o
    0x08003ec4   0x00000094   Code   RO          742    .text               stm32f4xx_syscfg.o
    0x08003f58   0x00000454   Code   RO          762    .text               stm32f4xx_usart.o
    0x080043ac   0x00000ca2   Code   RO          782    .text               stm32f4xx_tim.o
    0x0800504e   0x00000002   PAD
    0x08005050   0x00000694   Code   RO          802    .text               stm32f4xx_flash.o
    0x080056e4   0x00000110   Code   RO          822    .text               stm32f4xx_exti.o
    0x080057f4   0x00000480   Code   RO          862    .text               stm32f4xx_spi.o
    0x08005c74   0x000003a8   Code   RO          882    .text               stm32f4xx_dma.o
    0x0800601c   0x00000040   Code   RO          922    .text               stm32f4xx_iwdg.o
    0x0800605c   0x00000894   Code   RO          962    .text               os_core.o
    0x080068f0   0x0000080c   Code   RO          990    .text               os_flag.o
    0x080070fc   0x000003cc   Code   RO         1010    .text               os_mbox.o
    0x080074c8   0x000005e8   Code   RO         1064    .text               os_q.o
    0x08007ab0   0x0000038c   Code   RO         1084    .text               os_sem.o
    0x08007e3c   0x000007c4   Code   RO         1104    .text               os_task.o
    0x08008600   0x000001b0   Code   RO         1124    .text               os_time.o
    0x080087b0   0x00000634   Code   RO         1144    .text               os_tmr.o
    0x08008de4   0x000000c8   Code   RO         1162    .text               os_cpu_a.o
    0x08008eac   0x000001e8   Code   RO         1167    .text               os_cpu_c.o
    0x08009094   0x00000458   Code   RO         1217    .text               iic1.o
    0x080094ec   0x000003a8   Code   RO         1263    .text               iic_soft.o
    0x08009894   0x000006d4   Code   RO         1289    .text               led_fc.o
    0x08009f68   0x00000f24   Code   RO         1318    .text               flash.o
    0x0800ae8c   0x00000478   Code   RO         1342    .text               flash_w25.o
    0x0800b304   0x00000268   Code   RO         1373    .text               time.o
    0x0800b56c   0x000000e8   Code   RO         1404    .text               dma.o
    0x0800b654   0x0000002c   Code   RO         1424    .text               watch_dog.o
    0x0800b680   0x00000904   Code   RO         1444    .text               gps.o
    0x0800bf84   0x00007f78   Code   RO         1468    .text               usart_fc.o
    0x08013efc   0x00002078   Code   RO         1530    .text               lis3mdl.o
    0x08015f74   0x000000a8   Code   RO         1561    .text               mpu6050.o
    0x0801601c   0x00000910   Code   RO         1615    .text               fliter.o
    0x0801692c   0x000009d0   Code   RO         1645    .text               ultrasonic.o
    0x080172fc   0x00000784   Code   RO         1715    .text               my_math.o
    0x08017a80   0x00001404   Code   RO         1736    .text               kf_oldx_nav.o
    0x08018e84   0x0000400c   Code   RO         1767    .text               nav_ukf.o
    0x0801ce90   0x00001000   Code   RO         1835    .text               imu_m.o
    0x0801de90   0x00001ecc   Code   RO         1867    .text               ukf_task.o
    0x0801fd5c   0x00002fe8   Code   RO         1913    .text               alt_kf.o
    0x08022d44   0x00000100   Code   RO         1980    .text               arm_cortexM4lf_math.lib(arm_std_f32.o)
    0x08022e44   0x00000a18   Code   RO         2024    .text               cycle_cal_oldx.lib(cycle_cal_oldx.o)
    0x0802385c   0x00000b54   Code   RO         2115    .text               flow_oldx.lib(flow.o)
    0x080243b0   0x0000004e   Code   RO         2141    .text               c_w.l(h1_free.o)
    0x080243fe   0x00000024   Code   RO         2197    .text               c_w.l(strstr.o)
    0x08024422   0x00000064   Code   RO         2199    .text               c_w.l(rt_memcpy_w.o)
    0x08024486   0x0000004e   Code   RO         2201    .text               c_w.l(rt_memclr_w.o)
    0x080244d4   0x00000006   Code   RO         2203    .text               c_w.l(heapauxi.o)
    0x080244da   0x00000002   PAD
    0x080244dc   0x00000008   Code   RO         2413    .text               c_w.l(rt_heap_descriptor_intlibspace.o)
    0x080244e4   0x00000016   Code   RO         2439    .text               c_w.l(_rserrno.o)
    0x080244fa   0x00000002   PAD
    0x080244fc   0x00000008   Code   RO         2522    .text               c_w.l(libspace.o)
    0x08024504   0x00000008   Code   RO         2547    .text               c_w.l(rt_errno_addr_intlibspace.o)
    0x0802450c   0x0000004a   Code   RO         2617    .text               c_w.l(sys_stackheap_outer.o)
    0x08024556   0x00000012   Code   RO         2627    .text               c_w.l(exit.o)
    0x08024568   0x0000000c   Code   RO         2645    .text               c_w.l(sys_exit.o)
    0x08024574   0x00000002   Code   RO         2647    .text               c_w.l(use_no_semi.o)
    0x08024576   0x00000000   Code   RO         2649    .text               c_w.l(indicate_semi.o)
    0x08024576   0x00000030   Code   RO         2475    i.__ARM_fpclassify  m_wm.l(fpclassify.o)
    0x080245a6   0x00000026   Code   RO         2477    i.__ARM_fpclassifyf  m_wm.l(fpclassifyf.o)
    0x080245cc   0x00000004   PAD
    0x080245d0   0x00000358   Code   RO         2243    i.__hardfp_acos     m_wm.l(acos.o)
    0x08024928   0x00000360   Code   RO         2257    i.__hardfp_asin     m_wm.l(asin.o)
    0x08024c88   0x0000012c   Code   RO         2271    i.__hardfp_asinf    m_wm.l(asinf.o)
    0x08024db4   0x00000250   Code   RO         2283    i.__hardfp_atan2f   m_wm.l(atan2f.o)
    0x08025004   0x00000160   Code   RO         2295    i.__hardfp_atanf    m_wm.l(atanf.o)
    0x08025164   0x00000004   PAD
    0x08025168   0x000000c8   Code   RO         2307    i.__hardfp_cos      m_wm.l(cos.o)
    0x08025230   0x00000150   Code   RO         2319    i.__hardfp_cosf     m_wm.l(cosf.o)
    0x08025380   0x00000014   Code   RO         2331    i.__hardfp_fabs     m_wm.l(fabs.o)
    0x08025394   0x00000004   PAD
    0x08025398   0x00000118   Code   RO         2337    i.__hardfp_floor    m_wm.l(floor.o)
    0x080254b0   0x00000c50   Code   RO         2343    i.__hardfp_pow      m_wm.l(pow.o)
    0x08026100   0x00000664   Code   RO         2357    i.__hardfp_powf     m_wm.l(powf.o)
    0x08026764   0x00000004   PAD
    0x08026768   0x000000c8   Code   RO         2371    i.__hardfp_sin      m_wm.l(sin.o)
    0x08026830   0x00000190   Code   RO         2383    i.__hardfp_sinf     m_wm.l(sinf.o)
    0x080269c0   0x0000007a   Code   RO         2395    i.__hardfp_sqrt     m_wm.l(sqrt.o)
    0x08026a3a   0x00000006   PAD
    0x08026a40   0x00000438   Code   RO         2496    i.__ieee754_rem_pio2  m_wm.l(rred.o)
    0x08026e78   0x00000170   Code   RO         2458    i.__kernel_cos      m_wm.l(cos_i.o)
    0x08026fe8   0x000000f8   Code   RO         2493    i.__kernel_poly     m_wm.l(poly.o)
    0x080270e0   0x00000130   Code   RO         2504    i.__kernel_sin      m_wm.l(sin_i.o)
    0x08027210   0x00000030   Code   RO         2461    i.__mathlib_dbl_divzero  m_wm.l(dunder.o)
    0x08027240   0x00000014   Code   RO         2462    i.__mathlib_dbl_infnan  m_wm.l(dunder.o)
    0x08027254   0x00000014   Code   RO         2463    i.__mathlib_dbl_infnan2  m_wm.l(dunder.o)
    0x08027268   0x00000020   Code   RO         2464    i.__mathlib_dbl_invalid  m_wm.l(dunder.o)
    0x08027288   0x00000020   Code   RO         2465    i.__mathlib_dbl_overflow  m_wm.l(dunder.o)
    0x080272a8   0x00000020   Code   RO         2467    i.__mathlib_dbl_underflow  m_wm.l(dunder.o)
    0x080272c8   0x00000014   Code   RO         2479    i.__mathlib_flt_divzero  m_wm.l(funder.o)
    0x080272dc   0x00000006   Code   RO         2480    i.__mathlib_flt_infnan  m_wm.l(funder.o)
    0x080272e2   0x00000006   Code   RO         2481    i.__mathlib_flt_infnan2  m_wm.l(funder.o)
    0x080272e8   0x00000010   Code   RO         2482    i.__mathlib_flt_invalid  m_wm.l(funder.o)
    0x080272f8   0x00000010   Code   RO         2483    i.__mathlib_flt_overflow  m_wm.l(funder.o)
    0x08027308   0x00000010   Code   RO         2485    i.__mathlib_flt_underflow  m_wm.l(funder.o)
    0x08027318   0x00000154   Code   RO         2501    i.__mathlib_rredf2  m_wm.l(rredf.o)
    0x0802746c   0x00000018   Code   RO         2333    i.fabs              m_wm.l(fabs.o)
    0x08027484   0x0000006e   Code   RO         2397    i.sqrt              m_wm.l(sqrt.o)
    0x080274f2   0x0000003e   Code   RO         2512    i.sqrtf             m_wm.l(sqrtf.o)
    0x08027530   0x00000018   Code   RO         2207    x$fpl$basic         fz_wm.l(basic.o)
    0x08027548   0x00000062   Code   RO         2209    x$fpl$d2f           fz_wm.l(d2f.o)
    0x080275aa   0x00000002   PAD
    0x080275ac   0x00000150   Code   RO         2211    x$fpl$dadd          fz_wm.l(daddsub_clz.o)
    0x080276fc   0x00000010   Code   RO         2613    x$fpl$dcheck1       fz_wm.l(dcheck1.o)
    0x0802770c   0x00000018   Code   RO         2441    x$fpl$dcmpinf       fz_wm.l(dcmpi.o)
    0x08027724   0x000002b0   Code   RO         2218    x$fpl$ddiv          fz_wm.l(ddiv.o)
    0x080279d4   0x00000078   Code   RO         2221    x$fpl$deqf          fz_wm.l(deqf.o)
    0x08027a4c   0x0000005e   Code   RO         2223    x$fpl$dfix          fz_wm.l(dfix.o)
    0x08027aaa   0x0000002e   Code   RO         2228    x$fpl$dflt          fz_wm.l(dflt_clz.o)
    0x08027ad8   0x00000026   Code   RO         2227    x$fpl$dfltu         fz_wm.l(dflt_clz.o)
    0x08027afe   0x00000002   PAD
    0x08027b00   0x00000078   Code   RO         2233    x$fpl$dleqf         fz_wm.l(dleqf.o)
    0x08027b78   0x00000154   Code   RO         2235    x$fpl$dmul          fz_wm.l(dmul.o)
    0x08027ccc   0x0000009c   Code   RO         2443    x$fpl$dnaninf       fz_wm.l(dnaninf.o)
    0x08027d68   0x0000000c   Code   RO         2445    x$fpl$dretinf       fz_wm.l(dretinf.o)
    0x08027d74   0x0000006c   Code   RO         2237    x$fpl$drleqf        fz_wm.l(drleqf.o)
    0x08027de0   0x00000016   Code   RO         2212    x$fpl$drsb          fz_wm.l(daddsub_clz.o)
    0x08027df6   0x00000002   PAD
    0x08027df8   0x00000198   Code   RO         2447    x$fpl$dsqrt         fz_wm.l(dsqrt_umaal.o)
    0x08027f90   0x000001d4   Code   RO         2213    x$fpl$dsub          fz_wm.l(daddsub_clz.o)
    0x08028164   0x00000056   Code   RO         2239    x$fpl$f2d           fz_wm.l(f2d.o)
    0x080281ba   0x0000008c   Code   RO         2449    x$fpl$fnaninf       fz_wm.l(fnaninf.o)
    0x08028246   0x0000000a   Code   RO         2641    x$fpl$fpinit        fz_wm.l(fpinit.o)
    0x08028250   0x0000000a   Code   RO         2451    x$fpl$fretinf       fz_wm.l(fretinf.o)
    0x0802825a   0x00000064   Code   RO         2643    x$fpl$retnan        fz_wm.l(retnan.o)
    0x080282be   0x0000005c   Code   RO         2455    x$fpl$scalbn        fz_wm.l(scalbn.o)
    0x0802831a   0x00000030   Code   RO         2684    x$fpl$trapveneer    fz_wm.l(trapv.o)
    0x0802834a   0x00000000   Code   RO         2457    x$fpl$usenofp       fz_wm.l(usenofp.o)
    0x0802834a   0x00000100   Data   RO          964    .constdata          os_core.o
    0x0802844a   0x00000006   PAD
    0x08028450   0x0000003c   Data   RO         1737    .constdata          kf_oldx_nav.o
    0x0802848c   0x00000004   PAD
    0x08028490   0x00000090   Data   RO         1869    .constdata          ukf_task.o
    0x08028520   0x00000050   Data   RO         2246    .constdata          m_wm.l(acos.o)
    0x08028570   0x00000050   Data   RO         2260    .constdata          m_wm.l(asin.o)
    0x080285c0   0x00000088   Data   RO         2346    .constdata          m_wm.l(pow.o)
    0x08028648   0x00000140   Data   RO         2360    .constdata          m_wm.l(powf.o)
    0x08028788   0x00000030   Data   RO         2459    .constdata          m_wm.l(cos_i.o)
    0x080287b8   0x00000008   Data   RO         2495    .constdata          m_wm.l(qnan.o)
    0x080287c0   0x000000c8   Data   RO         2498    .constdata          m_wm.l(rred.o)
    0x08028888   0x00000020   Data   RO         2502    .constdata          m_wm.l(rredf.o)
    0x080288a8   0x00000028   Data   RO         2505    .constdata          m_wm.l(sin_i.o)
    0x080288d0   0x00000020   Data   RO         2716    Region$$Table       anon$$obj.o


    Execution Region RW_IRAM1 (Base: 0x20000000, Size: 0x0001dc00, Max: 0x00020000, ABSOLUTE, COMPRESSED[0x00000ae4])

    Base Addr    Size         Type   Attr      Idx    E Section Name        Object

    0x20000000   0x0000a000   Data   RW         1915    .ccm                alt_kf.o
    0x2000a000   0x00000134   Data   RW            5    .data               ucos_task.o
    0x2000a134   0x00000010   Data   RW          377    .data               main.o
    0x2000a144   0x00000018   Data   RW          452    .data               error.o
    0x2000a15c   0x00000004   PAD
    0x2000a160   0x00000024   Data   RW          476    .data               rt_nonfinite.o
    0x2000a184   0x00000014   Data   RW          585    .data               system_stm32f4xx.o
    0x2000a198   0x00000004   Data   RW          618    .data               delay.o
    0x2000a19c   0x00000010   Data   RW          721    .data               stm32f4xx_rcc.o
    0x2000a1ac   0x0000005c   Data   RW          965    .data               os_core.o
    0x2000a208   0x00000006   Data   RW         1168    .data               os_cpu_c.o
    0x2000a20e   0x00000001   Data   RW         1264    .data               iic_soft.o
    0x2000a20f   0x00000001   PAD
    0x2000a210   0x00000008   Data   RW         1290    .data               led_fc.o
    0x2000a218   0x00000004   Data   RW         1320    .data               flash.o
    0x2000a21c   0x00000002   Data   RW         1344    .data               flash_w25.o
    0x2000a21e   0x00000002   PAD
    0x2000a220   0x00000008   Data   RW         1446    .data               gps.o
    0x2000a228   0x00000256   Data   RW         1470    .data               usart_fc.o
    0x2000a47e   0x00000002   PAD
    0x2000a480   0x0000026f   Data   RW         1532    .data               lis3mdl.o
    0x2000a6ef   0x00000001   PAD
    0x2000a6f0   0x0000007d   Data   RW         1590    .data               ms5611_2.o
    0x2000a76d   0x00000003   PAD
    0x2000a770   0x00000014   Data   RW         1617    .data               fliter.o
    0x2000a784   0x00000004   PAD
    0x2000a788   0x0000008c   Data   RW         1647    .data               ultrasonic.o
    0x2000a814   0x00000030   Data   RW         1675    .data               hml_sample.o
    0x2000a844   0x00000404   Data   RW         1716    .data               my_math.o
    0x2000ac48   0x0000010f   Data   RW         1769    .data               nav_ukf.o
    0x2000ad57   0x00000001   PAD
    0x2000ad58   0x000000a6   Data   RW         1796    .data               imu.o
    0x2000adfe   0x00000002   PAD
    0x2000ae00   0x00000079   Data   RW         1837    .data               imu_m.o
    0x2000ae79   0x00000007   PAD
    0x2000ae80   0x000000e5   Data   RW         1870    .data               ukf_task.o
    0x2000af65   0x00000003   PAD
    0x2000af68   0x00000282   Data   RW         1916    .data               alt_kf.o
    0x2000b1ea   0x00000002   PAD
    0x2000b1ec   0x00000061   Data   RW         2117    .data               flow_oldx.lib(flow.o)
    0x2000b24d   0x00000003   PAD
    0x2000b250   0x0000aeac   Zero   RW            4    .bss                ucos_task.o
    0x200160fc   0x00000518   Zero   RW          376    .bss                main.o
    0x20016614   0x00001288   Zero   RW          963    .bss                os_core.o
    0x2001789c   0x000000c8   Zero   RW         1319    .bss                flash.o
    0x20017964   0x00001000   Zero   RW         1343    .bss                flash_w25.o
    0x20018964   0x00000168   Zero   RW         1374    .bss                time.o
    0x20018acc   0x00000004   PAD
    0x20018ad0   0x00001e0c   Zero   RW         1469    .bss                usart_fc.o
    0x2001a8dc   0x00000004   PAD
    0x2001a8e0   0x00000930   Zero   RW         1531    .bss                lis3mdl.o
    0x2001b210   0x00000234   Zero   RW         1562    .bss                mpu6050.o
    0x2001b444   0x00000d90   Zero   RW         1616    .bss                fliter.o
    0x2001c1d4   0x00000020   Zero   RW         1646    .bss                ultrasonic.o
    0x2001c1f4   0x00000004   PAD
    0x2001c1f8   0x00000b9c   Zero   RW         1768    .bss                nav_ukf.o
    0x2001cd94   0x00000004   PAD
    0x2001cd98   0x000000c4   Zero   RW         1795    .bss                imu.o
    0x2001ce5c   0x00000018   Zero   RW         1836    .bss                imu_m.o
    0x2001ce74   0x00000004   PAD
    0x2001ce78   0x00000320   Zero   RW         1868    .bss                ukf_task.o
    0x2001d198   0x000002d0   Zero   RW         1914    .bss                alt_kf.o
    0x2001d468   0x000000a8   Zero   RW         2025    .bss                cycle_cal_oldx.lib(cycle_cal_oldx.o)
    0x2001d510   0x0000008c   Zero   RW         2116    .bss                flow_oldx.lib(flow.o)
    0x2001d59c   0x00000060   Zero   RW         2523    .bss                c_w.l(libspace.o)
    0x2001d5fc   0x00000004   PAD
    0x2001d600   0x00000200   Zero   RW          609    HEAP                startup_stm32f40_41xxx.o
    0x2001d800   0x00000400   Zero   RW          608    STACK               startup_stm32f40_41xxx.o


==============================================================================

Image component sizes


      Code (inc. data)   RO Data    RW Data    ZI Data      Debug   Object Name

     12264        696          0      41602        720      40975   alt_kf.o
       264         18          0          4          0       1491   delay.o
       232          4          0          0          0       1540   dma.o
         0          0          0         24          0       2376   error.o
      3876        166          0          4        200       3735   flash.o
      1144         36          0          2       4096       5392   flash_w25.o
      2320        104          0         20       3472      10326   fliter.o
      2308         82          0          8          0       5945   gps.o
         0          0          0         48          0       1097   hml_sample.o
      1112         20          0          0          0       5364   iic1.o
       936         10          0          1          0       4694   iic_soft.o
         0          0          0        166        196       4690   imu.o
      4096        216          0        121         24       6320   imu_m.o
      5124        146         60          0          0       3951   kf_oldx_nav.o
      1748         94          0          8          0       2320   led_fc.o
      8312        532          0        623       2352      12690   lis3mdl.o
       656        116          0         16       1304      11815   main.o
       224         20          0          0          0       1897   misc.o
       168         10          0          0        564      12102   mpu6050.o
         0          0          0        125          0       5440   ms5611_2.o
      1924        108          0       1028          0       6385   my_math.o
     16396        910          0        271       2972      24111   nav_ukf.o
      2196        218        256         92       4744      16167   os_core.o
       200         32          0          0          0        364   os_cpu_a.o
       488          8          0          6          0      12019   os_cpu_c.o
      2060         42          0          0          0       7296   os_flag.o
       972         16          0          0          0       4406   os_mbox.o
      1512         30          0          0          0       5861   os_q.o
       908         18          0          0          0       4138   os_sem.o
      1988         70          0          0          0       7981   os_task.o
       432         30          0          0          0       1918   os_time.o
      1588         94          0          0          0       5825   os_tmr.o
       256         26          0         36          0       3980   rt_nonfinite.o
       308         22          0          0          0       1982   rtgetinf.o
       200         18          0          0          0       2172   rtgetnan.o
        64         26        392          0       1536        876   startup_stm32f40_41xxx.o
       936         32          0          0          0       6469   stm32f4xx_dma.o
       272         10          0          0          0       2367   stm32f4xx_exti.o
      1684         28          0          0          0       9498   stm32f4xx_flash.o
       660         44          0          0          0       4237   stm32f4xx_gpio.o
        22          0          0          0          0       1075   stm32f4xx_it.o
        64          6          0          0          0       1381   stm32f4xx_iwdg.o
      1628         52          0         16          0      13152   stm32f4xx_rcc.o
      1152         36          0          0          0       6985   stm32f4xx_spi.o
       148         12          0          0          0       1885   stm32f4xx_syscfg.o
      3234         60          0          0          0      23092   stm32f4xx_tim.o
      1108         34          0          0          0       7960   stm32f4xx_usart.o
       528         46          0         20          0       1895   system_stm32f4xx.o
       616         38          0          0        360      30273   time.o
     10640       1070          0        308      44716     356046   ucos_task.o
      7884        536        144        229        800       8303   ukf_task.o
      2512        218          0        140         32       5632   ultrasonic.o
     32632       1486          0        598       7692      44789   usart_fc.o
        44          0          0          0          0        746   watch_dog.o

    ----------------------------------------------------------------------
    142044       7646        894      45548      75800     775426   Object Totals
         0          0         32          0          0          0   (incl. Generated)
         4          0         10         32         20          0   (incl. Padding)

    ----------------------------------------------------------------------

      Code (inc. data)   RO Data    RW Data    ZI Data      Debug   Library Member Name

       256          6          0          0          0      16158   arm_std_f32.o
        90          0          0          0          0          0   __dczerorl2.o
         8          0          0          0          0         68   __main.o
         0          0          0          0          0          0   __rtentry.o
        12          0          0          0          0          0   __rtentry2.o
         6          0          0          0          0          0   __rtentry4.o
        52          8          0          0          0          0   __scatter.o
        28          0          0          0          0          0   __scatter_zi.o
        22          0          0          0          0        100   _rserrno.o
        18          0          0          0          0         80   exit.o
        78          0          0          0          0         80   h1_free.o
         6          0          0          0          0        152   heapauxi.o
         0          0          0          0          0          0   indicate_semi.o
         2          0          0          0          0          0   libinit.o
         6          0          0          0          0          0   libinit2.o
         2          0          0          0          0          0   libshutdown.o
         2          0          0          0          0          0   libshutdown2.o
         8          4          0          0         96         68   libspace.o
         8          4          0          0          0         68   rt_errno_addr_intlibspace.o
         8          4          0          0          0         68   rt_heap_descriptor_intlibspace.o
        78          0          0          0          0         80   rt_memclr_w.o
       100          0          0          0          0         80   rt_memcpy_w.o
         2          0          0          0          0          0   rtexit.o
        10          0          0          0          0          0   rtexit2.o
        36          0          0          0          0         80   strstr.o
        12          4          0          0          0         68   sys_exit.o
        74          0          0          0          0         80   sys_stackheap_outer.o
         2          0          0          0          0         68   use_no_semi.o
      2584         12          0          0        168     220285   cycle_cal_oldx.o
      2900        124          0         97        140       4570   flow.o
        24          0          0          0          0        164   basic.o
        98          4          0          0          0        140   d2f.o
       826         16          0          0          0        492   daddsub_clz.o
        16          4          0          0          0        116   dcheck1.o
        24          0          0          0          0        116   dcmpi.o
       688        140          0          0          0        256   ddiv.o
       120          4          0          0          0        140   deqf.o
        94          4          0          0          0        140   dfix.o
        84          0          0          0          0        232   dflt_clz.o
       120          4          0          0          0        140   dleqf.o
       340         12          0          0          0        152   dmul.o
       156          4          0          0          0        140   dnaninf.o
        12          0          0          0          0        116   dretinf.o
       108          0          0          0          0        128   drleqf.o
       408         56          0          0          0        168   dsqrt_umaal.o
        86          4          0          0          0        132   f2d.o
       140          4          0          0          0        132   fnaninf.o
        10          0          0          0          0        116   fpinit.o
        10          0          0          0          0        116   fretinf.o
       100          0          0          0          0        116   retnan.o
        92          0          0          0          0        116   scalbn.o
        48          0          0          0          0        116   trapv.o
         0          0          0          0          0          0   usenofp.o
       856        118         80          0          0        288   acos.o
       864         94         80          0          0        280   asin.o
       300         42          0          0          0        176   asinf.o
       592         90          0          0          0        184   atan2f.o
       352         56          0          0          0        172   atanf.o
       200         20          0          0          0        164   cos.o
       368         46         48          0          0        200   cos_i.o
       336         56          0          0          0        136   cosf.o
       184         44          0          0          0        744   dunder.o
        44          0          0          0          0        248   fabs.o
       280         28          0          0          0        156   floor.o
        48          0          0          0          0        124   fpclassify.o
        38          0          0          0          0        116   fpclassifyf.o
        80         24          0          0          0        696   funder.o
       248          0          0          0          0        152   poly.o
      3152        296        136          0          0        352   pow.o
      1636        110        320          0          0        372   powf.o
         0          0          8          0          0          0   qnan.o
      1080        142        200          0          0        188   rred.o
       340         24         32          0          0        160   rredf.o
       200         20          0          0          0        164   sin.o
       304         24         40          0          0        208   sin_i.o
       400         56          0          0          0        212   sinf.o
       232          0          0          0          0        296   sqrt.o
        62          0          0          0          0        136   sqrtf.o

    ----------------------------------------------------------------------
     22246       1720        944        100        408     251561   Library Totals
        36          8          0          3          4          0   (incl. Padding)

    ----------------------------------------------------------------------

      Code (inc. data)   RO Data    RW Data    ZI Data      Debug   Library Name

       256          6          0          0          0      16158   arm_cortexM4lf_math.lib
       670         24          0          0         96       1140   c_w.l
      2584         12          0          0        168     220285   cycle_cal_oldx.lib
      2900        124          0         97        140       4570   flow_oldx.lib
      3604        256          0          0          0       3484   fz_wm.l
     12196       1290        944          0          0       5924   m_wm.l

    ----------------------------------------------------------------------
     22246       1720        944        100        408     251561   Library Totals

    ----------------------------------------------------------------------

==============================================================================


      Code (inc. data)   RO Data    RW Data    ZI Data      Debug   

    164290       9366       1838      45648      76208    1008367   Grand Totals
    164290       9366       1838       2788      76208    1008367   ELF Image Totals (compressed)
    164290       9366       1838       2788          0          0   ROM Totals

==============================================================================

    Total RO  Size (Code + RO Data)               166128 ( 162.23kB)
    Total RW  Size (RW Data + ZI Data)            121856 ( 119.00kB)
    Total ROM Size (Code + RO Data + RW Data)     168916 ( 164.96kB)

==============================================================================

