Component: ARM Compiler 5.06 update 2 (build 183) Tool: armlink [4d35b7]

==============================================================================

Section Cross References

    ucos_task.o(.text) refers to time.o(.text) for Get_Cycle_T
    ucos_task.o(.text) refers to f2d.o(x$fpl$f2d) for __aeabi_f2d
    ucos_task.o(.text) refers to dleqf.o(x$fpl$dleqf) for __aeabi_cdcmple
    ucos_task.o(.text) refers to mpu6050.o(.text) for MPU6050_Read
    ucos_task.o(.text) refers to hml_sample.o(.text) for ANO_AK8975_Read
    ucos_task.o(.text) refers to ms5611_2.o(.text) for MS5611_ThreadNew
    ucos_task.o(.text) refers to lis3mdl.o(.text) for LSM6_readAcc
    ucos_task.o(.text) refers to delay.o(.text) for delay_ms
    ucos_task.o(.text) refers to my_math.o(.text) for my_deathzoom_2
    ucos_task.o(.text) refers to imu.o(.text) for IMUupdate
    ucos_task.o(.text) refers to fabs.o(i.__hardfp_fabs) for __hardfp_fabs
    ucos_task.o(.text) refers to drleqf.o(x$fpl$drleqf) for __aeabi_cdrcmple
    ucos_task.o(.text) refers to watch_dog.o(.text) for IWDG_Feed
    ucos_task.o(.text) refers to m100.o(.text) for m100_data
    ucos_task.o(.text) refers to ucos_task.o(.data) for inner_loop_time_time
    ucos_task.o(.text) refers to mpu6050.o(.bss) for mpu6050
    ucos_task.o(.text) refers to usart_fc.o(.bss) for mode
    ucos_task.o(.text) refers to imu.o(.data) for Yaw
    ucos_task.o(.text) refers to ucos_task.o(.bss) for flow_matlab_data
    ucos_task.o(.text) refers to ukf_task.o(.text) for ukf_pos_task_qr
    ucos_task.o(.text) refers to alt_kf.o(.text) for altUkfProcess
    ucos_task.o(.text) refers to laser.o(.text) for Laser_cal
    ucos_task.o(.text) refers to ultrasonic.o(.text) for Ultra_Duty
    ucos_task.o(.text) refers to dflt_clz.o(x$fpl$dfltu) for __aeabi_ui2d
    ucos_task.o(.text) refers to basic.o(x$fpl$basic) for __aeabi_dneg
    ucos_task.o(.text) refers to d2f.o(x$fpl$d2f) for __aeabi_d2f
    ucos_task.o(.text) refers to usart_fc.o(.data) for en_ble_debug
    ucos_task.o(.text) refers to flow.o(.text) for flow_pertreatment_oldx
    ucos_task.o(.text) refers to ddiv.o(x$fpl$ddiv) for __aeabi_ddiv
    ucos_task.o(.text) refers to ultrasonic.o(.data) for ultra_ok
    ucos_task.o(.text) refers to alt_kf.o(.data) for ALT_POS_SONAR3
    ucos_task.o(.text) refers to flow.o(.bss) for flow_per_out
    ucos_task.o(.text) refers to imu.o(.bss) for reference_vr
    ucos_task.o(.text) refers to dmul.o(x$fpl$dmul) for __aeabi_dmul
    ucos_task.o(.text) refers to daddsub_clz.o(x$fpl$dadd) for __aeabi_dadd
    ucos_task.o(.text) refers to fliter.o(.text) for Moving_Median
    ucos_task.o(.text) refers to os_core.o(.text) for OSIntEnter
    ucos_task.o(.text) refers to stm32f4xx_tim.o(.text) for TIM_GetITStatus
    ucos_task.o(.text) refers to fliter.o(.bss) for firstOrderFilters
    ucos_task.o(.text) refers to usart_fc.o(.text) for Send_TO_FLOW_PI
    ucos_task.o(.text) refers to stm32f4xx_dma.o(.text) for DMA_GetFlagStatus
    ucos_task.o(.text) refers to stm32f4xx_usart.o(.text) for USART_DMACmd
    ucos_task.o(.text) refers to dma.o(.text) for MYDMA_Enable
    ucos_task.o(.text) refers to dfix.o(x$fpl$dfix) for __aeabi_d2iz
    ucos_task.o(.text) refers to alt_kf.o(.bss) for acc_z_view
    ucos_task.o(.text) refers to ms5611_2.o(.data) for baroAlt
    ucos_task.o(.text) refers to ukf_task.o(.bss) for X_ukf
    ucos_task.o(.text) refers to ukf_task.o(.data) for K_spd_flow
    ucos_task.o(.text) refers to laser.o(.bss) for Laser_avoid
    ucos_task.o(.text) refers to led_fc.o(.text) for LEDRGB_STATE
    ucos_task.o(.text) refers to os_core.o(.data) for OSCPUUsage
    main.o(.text) refers to os_mbox.o(.text) for OSMboxCreate
    main.o(.text) refers to os_q.o(.text) for OSQCreate
    main.o(.text) refers to os_flag.o(.text) for OSFlagCreate
    main.o(.text) refers to os_core.o(.text) for OSStatInit
    main.o(.text) refers to os_tmr.o(.text) for OSTmrCreate
    main.o(.text) refers to os_cpu_a.o(.text) for OS_CPU_SR_Save
    main.o(.text) refers to os_task.o(.text) for OSTaskCreate
    main.o(.text) refers to misc.o(.text) for NVIC_PriorityGroupConfig
    main.o(.text) refers to delay.o(.text) for delay_init
    main.o(.text) refers to time.o(.text) for Initial_Timer_SYS
    main.o(.text) refers to iic_soft.o(.text) for I2c_Soft_Init
    main.o(.text) refers to iic1.o(.text) for IIC_IMU1_Init
    main.o(.text) refers to hml_sample.o(.text) for HMC5883L_SetUp
    main.o(.text) refers to ms5611_2.o(.text) for MS5611_Init
    main.o(.text) refers to mpu6050.o(.text) for MPU6050_Init
    main.o(.text) refers to lis3mdl.o(.text) for LIS3MDL_enableDefault
    main.o(.text) refers to alt_kf.o(.text) for altUkfInit
    main.o(.text) refers to led_fc.o(.text) for LED_Init
    main.o(.text) refers to usart_fc.o(.text) for Usart1_Init
    main.o(.text) refers to dma.o(.text) for MYDMA_Config
    main.o(.text) refers to flash_w25.o(.text) for W25QXX_Init
    main.o(.text) refers to flash.o(.text) for READ_PARM
[...]
    _dneg                                    0x08026b17   Thumb Code     6  basic.o(x$fpl$basic)
    __aeabi_fneg                             0x08026b1d   Thumb Code     0  basic.o(x$fpl$basic)
    _fneg                                    0x08026b1d   Thumb Code     6  basic.o(x$fpl$basic)
    _dabs                                    0x08026b23   Thumb Code     6  basic.o(x$fpl$basic)
    _fabs                                    0x08026b29   Thumb Code     6  basic.o(x$fpl$basic)
    __aeabi_d2f                              0x08026b31   Thumb Code     0  d2f.o(x$fpl$d2f)
    _d2f                                     0x08026b31   Thumb Code    98  d2f.o(x$fpl$d2f)
    __aeabi_dadd                             0x08026b95   Thumb Code     0  daddsub_clz.o(x$fpl$dadd)
    _dadd                                    0x08026b95   Thumb Code   332  daddsub_clz.o(x$fpl$dadd)
    __fpl_dcheck_NaN1                        0x08026ce5   Thumb Code    10  dcheck1.o(x$fpl$dcheck1)
    __fpl_dcmp_Inf                           0x08026cf5   Thumb Code    24  dcmpi.o(x$fpl$dcmpinf)
    __aeabi_ddiv                             0x08026d0d   Thumb Code     0  ddiv.o(x$fpl$ddiv)
    _ddiv                                    0x08026d0d   Thumb Code   552  ddiv.o(x$fpl$ddiv)
    __aeabi_cdcmpeq                          0x08026fbd   Thumb Code     0  deqf.o(x$fpl$deqf)
    _dcmpeq                                  0x08026fbd   Thumb Code   120  deqf.o(x$fpl$deqf)
    __aeabi_d2iz                             0x08027035   Thumb Code     0  dfix.o(x$fpl$dfix)
    _dfix                                    0x08027035   Thumb Code    94  dfix.o(x$fpl$dfix)
    __aeabi_i2d                              0x08027093   Thumb Code     0  dflt_clz.o(x$fpl$dflt)
    _dflt                                    0x08027093   Thumb Code    46  dflt_clz.o(x$fpl$dflt)
    __aeabi_ui2d                             0x080270c1   Thumb Code     0  dflt_clz.o(x$fpl$dfltu)
    _dfltu                                   0x080270c1   Thumb Code    38  dflt_clz.o(x$fpl$dfltu)
    __aeabi_cdcmple                          0x080270e9   Thumb Code     0  dleqf.o(x$fpl$dleqf)
    _dcmple                                  0x080270e9   Thumb Code   120  dleqf.o(x$fpl$dleqf)
    __fpl_dcmple_InfNaN                      0x0802714b   Thumb Code     0  dleqf.o(x$fpl$dleqf)
    __aeabi_dmul                             0x08027161   Thumb Code     0  dmul.o(x$fpl$dmul)
    _dmul                                    0x08027161   Thumb Code   332  dmul.o(x$fpl$dmul)
    __fpl_dnaninf                            0x080272b5   Thumb Code   156  dnaninf.o(x$fpl$dnaninf)
    __fpl_dretinf                            0x08027351   Thumb Code    12  dretinf.o(x$fpl$dretinf)
    __aeabi_cdrcmple                         0x0802735d   Thumb Code     0  drleqf.o(x$fpl$drleqf)
    _drcmple                                 0x0802735d   Thumb Code   108  drleqf.o(x$fpl$drleqf)
    __aeabi_drsub                            0x080273c9   Thumb Code     0  daddsub_clz.o(x$fpl$drsb)
    _drsb                                    0x080273c9   Thumb Code    22  daddsub_clz.o(x$fpl$drsb)
    _dsqrt                                   0x080273e1   Thumb Code   404  dsqrt_umaal.o(x$fpl$dsqrt)
    __aeabi_dsub                             0x08027579   Thumb Code     0  daddsub_clz.o(x$fpl$dsub)
    _dsub                                    0x08027579   Thumb Code   464  daddsub_clz.o(x$fpl$dsub)
    __aeabi_f2d                              0x0802774d   Thumb Code     0  f2d.o(x$fpl$f2d)
    _f2d                                     0x0802774d   Thumb Code    86  f2d.o(x$fpl$f2d)
    __aeabi_ul2f                             0x080277a3   Thumb Code     0  ffltll_clz.o(x$fpl$ffltll)
    _ll_uto_f                                0x080277a3   Thumb Code     6  ffltll_clz.o(x$fpl$ffltll)
    __aeabi_l2f                              0x080277a9   Thumb Code     0  ffltll_clz.o(x$fpl$ffltll)
    _ll_sto_f                                0x080277a9   Thumb Code    90  ffltll_clz.o(x$fpl$ffltll)
    __fpl_fnaninf                            0x08027803   Thumb Code   140  fnaninf.o(x$fpl$fnaninf)
    _fp_init                                 0x0802788f   Thumb Code    10  fpinit.o(x$fpl$fpinit)
    __fplib_config_fpu_vfp                   0x08027897   Thumb Code     0  fpinit.o(x$fpl$fpinit)
    __fplib_config_pureend_doubles           0x08027897   Thumb Code     0  fpinit.o(x$fpl$fpinit)
    __fpl_fretinf                            0x08027899   Thumb Code    10  fretinf.o(x$fpl$fretinf)
    __fpl_return_NaN                         0x080278a3   Thumb Code   100  retnan.o(x$fpl$retnan)
    __ARM_scalbn                             0x08027907   Thumb Code    92  scalbn.o(x$fpl$scalbn)
    __fpl_cmpreturn                          0x08027963   Thumb Code    48  trapv.o(x$fpl$trapveneer)
    OSUnMapTbl                               0x08027992   Data         256  os_core.o(.constdata)
    __I$use$fp                               0x08027992   Number         0  usenofp.o(x$fpl$usenofp)
    __mathlib_zero                           0x08027df8   Data           8  qnan.o(.constdata)
    Region$$Table$$Base                      0x08027ef0   Number         0  anon$$obj.o(Region$$Table)
    Region$$Table$$Limit                     0x08027f10   Number         0  anon$$obj.o(Region$$Table)
    gpsData                                  0x20000000   Data         152  ublox.o(.ccm)
    ubloxData                                0x20000098   Data         548  ublox.o(.ccm)
    ccmHeap                                  0x200002bc   Data       40960  alt_kf.o(.ccm)
    fly_ready                                0x2000a2c0   Data           1  ucos_task.o(.data)
    inner_loop_time_time                     0x2000a2c4   Data           4  ucos_task.o(.data)
    inner_loop_time_time_int                 0x2000a2c8   Data           4  ucos_task.o(.data)
    GOL_LINK_BUSY                            0x2000a2cc   Data           2  ucos_task.o(.data)
    YawR                                     0x2000a2d0   Data           4  ucos_task.o(.data)
    PitchR                                   0x2000a2d4   Data           4  ucos_task.o(.data)
    RollR                                    0x2000a2d8   Data           4  ucos_task.o(.data)
    outer_loop_time                          0x2000a2dc   Data           4  ucos_task.o(.data)
    ekf_loop_time                            0x2000a2e0   Data           4  ucos_task.o(.data)
    flag_mag                                 0x2000a2e4   Data          12  ucos_task.o(.data)
    Kp_ekf                                   0x2000a2f0   Data           4  ucos_task.o(.data)
    Kp_ekf_pr                                0x2000a2f4   Data           4  ucos_task.o(.data)
    focal_length_px                          0x2000a2f8   Data           4  ucos_task.o(.data)
    accumulated_flow_x                       0x2000a2fc   Data           4  ucos_task.o(.data)
    accumulated_flow_y                       0x2000a300   Data           4  ucos_task.o(.data)
    accumulated_gyro_x                       0x2000a304   Data           4  ucos_task.o(.data)
    accumulated_gyro_y                       0x2000a308   Data           4  ucos_task.o(.data)
    accumulated_gyro_z                       0x2000a30c   Data           4  ucos_task.o(.data)
    accumulated_framecount                   0x2000a310   Data           2  ucos_task.o(.data)
    accumulated_quality                      0x2000a312   Data           2  ucos_task.o(.data)
    integration_timespan                     0x2000a314   Data           4  ucos_task.o(.data)
    k_flow_acc                               0x2000a318   Data           8  ucos_task.o(.data)
    k_gro_acc                                0x2000a320   Data           4  ucos_task.o(.data)
    flt_gro                                  0x2000a324   Data           4  ucos_task.o(.data)
    k_time_use                               0x2000a328   Data           4  ucos_task.o(.data)
    imu_board_test                           0x2000a32c   Data           1  ucos_task.o(.data)
    MID_CNT_SPD                              0x2000a32d   Data           1  ucos_task.o(.data)
    k_flp                                    0x2000a330   Data           4  ucos_task.o(.data)
    b                                        0x2000a388   Data          12  ucos_task.o(.data)
    a                                        0x2000a394   Data          12  ucos_task.o(.data)
    baro_matlab_data                         0x2000a3a0   Data           8  ucos_task.o(.data)
    flow_loop_time                           0x2000a3a8   Data           4  ucos_task.o(.data)
    en_imu_debug                             0x2000a3ac   Data           1  ucos_task.o(.data)
    force_imu_debug                          0x2000a3ad   Data           1  ucos_task.o(.data)
    UART_UP_LOAD_SEL                         0x2000a3ae   Data           1  ucos_task.o(.data)
    time_uart                                0x2000a3b0   Data           4  ucos_task.o(.data)
    tmr1                                     0x2000a3b4   Data           4  ucos_task.o(.data)
    tmr2                                     0x2000a3b8   Data           4  ucos_task.o(.data)
    tmr3                                     0x2000a3bc   Data           4  ucos_task.o(.data)
    cpuusage                                 0x2000a3c0   Data           2  ucos_task.o(.data)
    msg_key                                  0x2000a3f4   Data           4  main.o(.data)
    q_msg                                    0x2000a3f8   Data           4  main.o(.data)
    flags_key                                0x2000a3fc   Data           4  main.o(.data)
    rtInf                                    0x2000a400   Data           8  rt_nonfinite.o(.data)
    rtMinusInf                               0x2000a408   Data           8  rt_nonfinite.o(.data)
    rtNaN                                    0x2000a410   Data           8  rt_nonfinite.o(.data)
    rtInfF                                   0x2000a418   Data           4  rt_nonfinite.o(.data)
    rtMinusInfF                              0x2000a41c   Data           4  rt_nonfinite.o(.data)
    rtNaNF                                   0x2000a420   Data           4  rt_nonfinite.o(.data)
    SystemCoreClock                          0x2000a424   Data           4  system_stm32f4xx.o(.data)
    AHBPrescTable                            0x2000a428   Data          16  system_stm32f4xx.o(.data)
    OSCtxSwCtr                               0x2000a44c   Data           4  os_core.o(.data)
    OSEventFreeList                          0x2000a450   Data           4  os_core.o(.data)
    OSFlagFreeList                           0x2000a454   Data           4  os_core.o(.data)
    OSCPUUsage                               0x2000a458   Data           1  os_core.o(.data)
    OSIdleCtrMax                             0x2000a45c   Data           4  os_core.o(.data)
    OSIdleCtrRun                             0x2000a460   Data           4  os_core.o(.data)
    OSStatRdy                                0x2000a464   Data           1  os_core.o(.data)
    OSIntNesting                             0x2000a465   Data           1  os_core.o(.data)
    OSLockNesting                            0x2000a466   Data           1  os_core.o(.data)
    OSPrioCur                                0x2000a467   Data           1  os_core.o(.data)
    OSPrioHighRdy                            0x2000a468   Data           1  os_core.o(.data)
    OSRdyGrp                                 0x2000a469   Data           1  os_core.o(.data)
    OSRdyTbl                                 0x2000a46a   Data           8  os_core.o(.data)
    OSRunning                                0x2000a472   Data           1  os_core.o(.data)
    OSTaskCtr                                0x2000a473   Data           1  os_core.o(.data)
    OSIdleCtr                                0x2000a474   Data           4  os_core.o(.data)
    OSTCBCur                                 0x2000a478   Data           4  os_core.o(.data)
    OSTCBFreeList                            0x2000a47c   Data           4  os_core.o(.data)
    OSTCBHighRdy                             0x2000a480   Data           4  os_core.o(.data)
    OSTCBList                                0x2000a484   Data           4  os_core.o(.data)
    OSTickStepState                          0x2000a488   Data           1  os_core.o(.data)
    OSQFreeList                              0x2000a48c   Data           4  os_core.o(.data)
    OSTime                                   0x2000a490   Data           4  os_core.o(.data)
    OSTmrFree                                0x2000a494   Data           2  os_core.o(.data)
    OSTmrUsed                                0x2000a496   Data           2  os_core.o(.data)
    OSTmrTime                                0x2000a498   Data           4  os_core.o(.data)
    OSTmrSem                                 0x2000a49c   Data           4  os_core.o(.data)
    OSTmrSemSignal                           0x2000a4a0   Data           4  os_core.o(.data)
    OSTmrFreeList                            0x2000a4a4   Data           4  os_core.o(.data)
    OSInterrputSum                           0x2000a4a8   Data           4  os_cpu_c.o(.data)
    sum                                      0x2000a4ae   Data           2  iic_sonar.o(.data)
    I2C_FastMode                             0x2000a4b0   Data           1  iic_soft.o(.data)
    FLASH_SIZE                               0x2000a4bc   Data           4  flash.o(.data)
    W25QXX_TYPE                              0x2000a4c0   Data           2  flash_w25.o(.data)
    sysTickUptime                            0x2000a4c4   Data           4  time.o(.data)
    time_1h                                  0x2000a4c8   Data           4  time.o(.data)
    time_1m                                  0x2000a4cc   Data           4  time.o(.data)
    time_1s                                  0x2000a4d0   Data           4  time.o(.data)
    time_1ms                                 0x2000a4d4   Data           4  time.o(.data)
    GPS_SEL1                                 0x2000a4d8   Data           1  gps.o(.data)
    gps_dt                                   0x2000a4dc   Data           4  gps.o(.data)
    dt_flow_rx                               0x2000a4e0   Data           4  usart_fc.o(.data)
    data_rate_gol_link                       0x2000a4e4   Data           2  usart_fc.o(.data)
    LOCK                                     0x2000a4e6   Data           1  usart_fc.o(.data)
    KEY                                      0x2000a4e7   Data           8  usart_fc.o(.data)
    KEY_SEL                                  0x2000a4ef   Data           4  usart_fc.o(.data)
    NAV_BOARD_CONNECT                        0x2000a4f3   Data           1  usart_fc.o(.data)
    force_fly_ready                          0x2000a4f4   Data           1  usart_fc.o(.data)
    k_flow_opencv                            0x2000a4f8   Data           4  usart_fc.o(.data)
    sonar_fc                                 0x2000a4fc   Data           4  usart_fc.o(.data)
    baroAlt_fc                               0x2000a500   Data           4  usart_fc.o(.data)
    fc_rx_time                               0x2000a504   Data           4  usart_fc.o(.data)
    flow_module_set_yaw                      0x2000a508   Data           4  usart_fc.o(.data)
    acc_3d_step                              0x2000a50c   Data           1  usart_fc.o(.data)
    TxCounter                                0x2000a50d   Data           1  usart_fc.o(.data)
    count                                    0x2000a50e   Data           1  usart_fc.o(.data)
    RxState                                  0x2000a50f   Data           1  usart_fc.o(.data)
    RxBufferNum                              0x2000a510   Data           1  usart_fc.o(.data)
    RxBufferCnt                              0x2000a511   Data           1  usart_fc.o(.data)
    RxLen                                    0x2000a512   Data           1  usart_fc.o(.data)
    com_data                                 0x2000a513   Data           1  usart_fc.o(.data)
    nrf_uart_cnt                             0x2000a516   Data           2  usart_fc.o(.data)
    Tx5Counter                               0x2000a518   Data           1  usart_fc.o(.data)
    count5                                   0x2000a519   Data           1  usart_fc.o(.data)
    dlf_odroid                               0x2000a51c   Data           4  usart_fc.o(.data)
    TxCounter_u1                             0x2000a520   Data           1  usart_fc.o(.data)
    count_u1                                 0x2000a521   Data           1  usart_fc.o(.data)
    RxState_u1                               0x2000a522   Data           1  usart_fc.o(.data)
    RxBufferNum_u1                           0x2000a523   Data           1  usart_fc.o(.data)
    RxBufferCnt_u1                           0x2000a524   Data           1  usart_fc.o(.data)
    RxLen_u1                                 0x2000a525   Data           1  usart_fc.o(.data)
    USART3_RX_STA                            0x2000a528   Data           2  usart_fc.o(.data)
    buf_GPRMC                                0x2000a52a   Data         100  usart_fc.o(.data)
    buf_GPRMCt                               0x2000a58e   Data         100  usart_fc.o(.data)
    buf_GPGGA                                0x2000a5f2   Data         100  usart_fc.o(.data)
    buf_GPGGAt                               0x2000a656   Data         100  usart_fc.o(.data)
    gps_good                                 0x2000a6ba   Data           1  usart_fc.o(.data)
    gps_loss_cnt                             0x2000a6bc   Data           2  usart_fc.o(.data)
    RxState11                                0x2000a6be   Data           1  usart_fc.o(.data)
    RxBufferNum11                            0x2000a6bf   Data           1  usart_fc.o(.data)
    RxBufferCnt11                            0x2000a6c0   Data           1  usart_fc.o(.data)
    RxLen11                                  0x2000a6c1   Data           1  usart_fc.o(.data)
    _data_cnt11                              0x2000a6c2   Data           2  usart_fc.o(.data)
    _data_len11                              0x2000a6c4   Data           2  usart_fc.o(.data)
    RxBuffer4_test_cnt                       0x2000a6c6   Data           1  usart_fc.o(.data)
    RxState4                                 0x2000a6c7   Data           1  usart_fc.o(.data)
    RxBufferNum4                             0x2000a6c8   Data           1  usart_fc.o(.data)
    RxBufferCnt4                             0x2000a6c9   Data           1  usart_fc.o(.data)
    RxLen4                                   0x2000a6ca   Data           1  usart_fc.o(.data)
    rate_gps_board                           0x2000a6d0   Data           4  usart_fc.o(.data)
    RxState3                                 0x2000a6d4   Data           1  usart_fc.o(.data)
    RxBufferNum3                             0x2000a6d5   Data           1  usart_fc.o(.data)
    RxBufferCnt3                             0x2000a6d6   Data           1  usart_fc.o(.data)
    RxLen3                                   0x2000a6d7   Data           1  usart_fc.o(.data)
    Angle_Yun                                0x2000a6dc   Data           8  usart_fc.o(.data)
    en_ble_debug                             0x2000a6e4   Data           1  usart_fc.o(.data)
    m100_x_g                                 0x2000a70c   Data           4  m100.o(.data)
    m100_y_g                                 0x2000a710   Data           4  m100.o(.data)
    m100_z_g                                 0x2000a714   Data           4  m100.o(.data)
    m100_yaw_g                               0x2000a718   Data           4  m100.o(.data)
    IMU1_Fast                                0x2000a720   Data           1  lis3mdl.o(.data)
    id                                       0x2000a721   Data           3  lis3mdl.o(.data)
    sum_temp_att                             0x2000a724   Data           8  lis3mdl.o(.data)
    acc_sum_cnt                              0x2000a72c   Data           2  lis3mdl.o(.data)
    acc_sum_cnt_3d                           0x2000a72e   Data           2  lis3mdl.o(.data)
    acc_smple_cnt_3d                         0x2000a730   Data           2  lis3mdl.o(.data)
    gyro_sum_cnt                             0x2000a732   Data           2  lis3mdl.o(.data)
    mpu6050_ok                               0x2000a810   Data           1  mpu6050.o(.data)
    test_ang                                 0x2000a8bc   Data           4  mpu6050.o(.data)
    test_ang_old                             0x2000a8c0   Data           4  mpu6050.o(.data)
    test_ang_d                               0x2000a8c4   Data           4  mpu6050.o(.data)
    test_fli_a                               0x2000a8c8   Data           4  mpu6050.o(.data)
    test_i                                   0x2000a8cc   Data           4  mpu6050.o(.data)
    acc_max                                  0x2000a8d0   Data          12  mpu6050.o(.data)
    acc_min                                  0x2000a8dc   Data          12  mpu6050.o(.data)
    EN_TUO_ACC_FIX                           0x2000a8e8   Data           1  mpu6050.o(.data)
    ak8975                                   0x2000a8f0   Data          48  hml_sample.o(.data)
    ak8975_ok                                0x2000a970   Data           1  hml_sample.o(.data)
    Mag_CALIBRATED                           0x2000a971   Data           1  hml_sample.o(.data)
    Mag_CALIBRATED_R                         0x2000a972   Data           1  hml_sample.o(.data)
    HMC5883_lastx                            0x2000a974   Data           4  hml_sample.o(.data)
    HMC5883_lasty                            0x2000a978   Data           4  hml_sample.o(.data)
    HMC5883_lastz                            0x2000a97c   Data           4  hml_sample.o(.data)
    HMC5883_maxx                             0x2000a980   Data           2  hml_sample.o(.data)
    HMC5883_maxy                             0x2000a982   Data           2  hml_sample.o(.data)
    HMC5883_maxz                             0x2000a984   Data           2  hml_sample.o(.data)
    HMC5883_minx                             0x2000a986   Data           2  hml_sample.o(.data)
    HMC5883_miny                             0x2000a988   Data           2  hml_sample.o(.data)
    HMC5883_minz                             0x2000a98a   Data           2  hml_sample.o(.data)
    paOffsetNum                              0x2000a9d8   Data           8  ms5611_2.o(.data)
    paInitCnt                                0x2000a9e0   Data           2  ms5611_2.o(.data)
    paOffsetInited                           0x2000a9e2   Data           1  ms5611_2.o(.data)
    Baro_ALT_Updated                         0x2000a9e3   Data           1  ms5611_2.o(.data)
    MS5611_Temperature                       0x2000a9e4   Data           4  ms5611_2.o(.data)
    MS5611_Pressure                          0x2000a9e8   Data           4  ms5611_2.o(.data)
    MS5611_Altitude                          0x2000a9ec   Data           4  ms5611_2.o(.data)
    MS5611_VerticalSpeed                     0x2000a9f0   Data           4  ms5611_2.o(.data)
    MS5611_Delay_us                          0x2000a9f4   Data          36  ms5611_2.o(.data)
    for_fly_ready                            0x2000aa26   Data           1  ms5611_2.o(.data)
    baroAlt                                  0x2000aa28   Data           4  ms5611_2.o(.data)
    baro_set                                 0x2000aa2c   Data           1  ms5611_2.o(.data)
    T_sonar                                  0x2000aa40   Data           4  ultrasonic.o(.data)
    ultra_start_f                            0x2000aa44   Data           1  ultrasonic.o(.data)
    ultra_time                               0x2000aa45   Data           1  ultrasonic.o(.data)
    ultra_ok                                 0x2000aa46   Data           1  ultrasonic.o(.data)
    x_pred                                   0x2000aa48   Data           8  ultrasonic.o(.data)
    v_pred                                   0x2000aa50   Data           8  ultrasonic.o(.data)
    x_post                                   0x2000aa58   Data           8  ultrasonic.o(.data)
    v_post                                   0x2000aa60   Data           8  ultrasonic.o(.data)
    sonar_raw                                0x2000aa68   Data           4  ultrasonic.o(.data)
    scale_kal_sonar_v                        0x2000aa6c   Data           4  ultrasonic.o(.data)
    x_pred_bmp                               0x2000aa70   Data           8  ultrasonic.o(.data)
    v_pred_bmp                               0x2000aa78   Data           8  ultrasonic.o(.data)
    x_post_bmp                               0x2000aa80   Data           8  ultrasonic.o(.data)
    v_post_bmp                               0x2000aa88   Data           8  ultrasonic.o(.data)
    state_dj                                 0x2000aa90   Data           5  ultrasonic.o(.data)
    state_dj_rx                              0x2000aa95   Data           5  ultrasonic.o(.data)
    IO_STATE                                 0x2000aa9a   Data           5  ultrasonic.o(.data)
    IO_STATER                                0x2000aa9f   Data           5  ultrasonic.o(.data)
    TEMP_SONAR                               0x2000aaa4   Data           4  ultrasonic.o(.data)
    cnt_sample1                              0x2000aaa8   Data           4  ultrasonic.o(.data)
    ultra_distance                           0x2000aaac   Data           4  ultrasonic.o(.data)
    ultra_distance_r                         0x2000aab0   Data           4  ultrasonic.o(.data)
    ultra_delta                              0x2000aab4   Data           4  ultrasonic.o(.data)
    flt_laser                                0x2000aad0   Data           4  laser.o(.data)
    rate_use                                 0x2000aad4   Data           8  laser.o(.data)
    ACC_HIGHPASS_TAU                         0x2000aadc   Data           4  fliter.o(.data)
    ACC_LOWPASS_TAU                          0x2000aae0   Data           4  fliter.o(.data)
    ACC_LOWPASS_SAMPLE_TIME                  0x2000aae4   Data           4  fliter.o(.data)
    ACC_LOWPASS_A                            0x2000aae8   Data           4  fliter.o(.data)
    ACC_LOWPASS_GX1                          0x2000aaec   Data           4  fliter.o(.data)
    ACC_LOWPASS_GX2                          0x2000aaf0   Data           4  fliter.o(.data)
    ACC_LOWPASS_GX3                          0x2000aaf4   Data           4  fliter.o(.data)
    HML_LOWPASS_TAU                          0x2000aaf8   Data           4  fliter.o(.data)
    HML_LOWPASS_SAMPLE_TIME                  0x2000aafc   Data           4  fliter.o(.data)
    HML_LOWPASS_A                            0x2000ab00   Data           4  fliter.o(.data)
    HML_LOWPASS_GX1                          0x2000ab04   Data           4  fliter.o(.data)
    HML_LOWPASS_GX2                          0x2000ab08   Data           4  fliter.o(.data)
    HML_LOWPASS_GX3                          0x2000ab0c   Data           4  fliter.o(.data)
    fast_atan_table                          0x2000ab20   Data        1028  my_math.o(.data)
    ero                                      0x2000af24   Data           4  error.o(.data)
    sys                                      0x2000af28   Data           8  error.o(.data)
    Kp                                       0x2000af40   Data           4  imu.o(.data)
    Ki                                       0x2000af44   Data           4  imu.o(.data)
    Roll                                     0x2000af48   Data           4  imu.o(.data)
    Pitch                                    0x2000af4c   Data           4  imu.o(.data)
    Yaw                                      0x2000af50   Data           4  imu.o(.data)
    Roll_mid_down                            0x2000af54   Data           4  imu.o(.data)
    Pitch_mid_down                           0x2000af58   Data           4  imu.o(.data)
    Yaw_mid_down                             0x2000af5c   Data           4  imu.o(.data)
    ref_q                                    0x2000af60   Data          16  imu.o(.data)
    norm_acc                                 0x2000af70   Data           4  imu.o(.data)
    norm_q                                   0x2000af74   Data           4  imu.o(.data)
    norm_acc_lpf                             0x2000af78   Data           4  imu.o(.data)
    test_flag                                0x2000af7c   Data          12  imu.o(.data)
    mag_norm                                 0x2000af88   Data           4  imu.o(.data)
    mag_norm_xyz                             0x2000af8c   Data           4  imu.o(.data)
    gh_yaw                                   0x2000af90   Data           4  imu.o(.data)
    ga_yaw                                   0x2000af94   Data           4  imu.o(.data)
    gw_yaw                                   0x2000af98   Data           4  imu.o(.data)
    yaw_kf                                   0x2000af9c   Data           4  imu.o(.data)
    P_kf_yaw                                 0x2000afa0   Data          32  imu.o(.data)
    k_kf_z                                   0x2000afc0   Data           4  imu.o(.data)
    yaw_cross                                0x2000afc4   Data           1  imu.o(.data)
    yaw_qr_off                               0x2000afc8   Data           4  imu.o(.data)
    dis_angle_lock                           0x2000afcc   Data           1  imu.o(.data)
    yaw_cal_by_qr                            0x2000afcd   Data           1  imu.o(.data)
    yaw_qr_off_local                         0x2000afd0   Data           4  imu.o(.data)
    ref_q_imd_down                           0x2000afe4   Data          16  imu_m.o(.data)
    beta                                     0x2000aff4   Data           4  imu_m.o(.data)
    q0_m                                     0x2000aff8   Data           4  imu_m.o(.data)
    q1_m                                     0x2000affc   Data           4  imu_m.o(.data)
    q2_m                                     0x2000b000   Data           4  imu_m.o(.data)
    q3_m                                     0x2000b004   Data           4  imu_m.o(.data)
    q0                                       0x2000b008   Data           4  imu_m.o(.data)
    q1                                       0x2000b00c   Data           4  imu_m.o(.data)
    q2                                       0x2000b010   Data           4  imu_m.o(.data)
    q3                                       0x2000b014   Data           4  imu_m.o(.data)
    q0_fc                                    0x2000b018   Data           4  imu_m.o(.data)
    q1_fc                                    0x2000b01c   Data           4  imu_m.o(.data)
    q2_fc                                    0x2000b020   Data           4  imu_m.o(.data)
    q3_fc                                    0x2000b024   Data           4  imu_m.o(.data)
    init_q                                   0x2000b028   Data           1  imu_m.o(.data)
    twoKp                                    0x2000b02c   Data           4  imu_m.o(.data)
    twoKi                                    0x2000b030   Data           4  imu_m.o(.data)
    twoKp_s                                  0x2000b034   Data           4  imu_m.o(.data)
    integralFBx                              0x2000b038   Data           4  imu_m.o(.data)
    integralFBy                              0x2000b03c   Data           4  imu_m.o(.data)
    integralFBz                              0x2000b040   Data           4  imu_m.o(.data)
    ekf_hml_flag                             0x2000b048   Data          12  ukf_task.o(.data)
    q_flow                                   0x2000b054   Data          12  ukf_task.o(.data)
    r_flow                                   0x2000b060   Data          12  ukf_task.o(.data)
    flow_gain                                0x2000b06c   Data           4  ukf_task.o(.data)
    acc_flag_flow                            0x2000b070   Data           8  ukf_task.o(.data)
    X_ukf_Pos                                0x2000b078   Data           8  ukf_task.o(.data)
    r1                                       0x2000b080   Data           4  ukf_task.o(.data)
    r2                                       0x2000b084   Data           4  ukf_task.o(.data)
    posNorth                                 0x2000b088   Data           4  ukf_task.o(.data)
    posEast                                  0x2000b08c   Data           4  ukf_task.o(.data)
    local_Lat                                0x2000b090   Data           4  ukf_task.o(.data)
    local_Lon                                0x2000b094   Data           4  ukf_task.o(.data)
    velEast                                  0x2000b098   Data           4  ukf_task.o(.data)
    velNorth                                 0x2000b09c   Data           4  ukf_task.o(.data)
    GPS_J_F                                  0x2000b0a0   Data           4  ukf_task.o(.data)
    GPS_W_F                                  0x2000b0a4   Data           4  ukf_task.o(.data)
    kf_data_sel                              0x2000b0a8   Data           1  ukf_task.o(.data)
    ga_nav                                   0x2000b0ac   Data           4  ukf_task.o(.data)
    gwa_nav                                  0x2000b0b0   Data           4  ukf_task.o(.data)
    g_pos_flow                               0x2000b0b4   Data           4  ukf_task.o(.data)
    g_spd_flow                               0x2000b0b8   Data           4  ukf_task.o(.data)
    K_pos_qr                                 0x2000b0bc   Data           4  ukf_task.o(.data)
    K_spd_flow                               0x2000b0c0   Data           4  ukf_task.o(.data)
    K_acc_gps                                0x2000b0c4   Data           4  ukf_task.o(.data)
    K_pos_gps                                0x2000b0c8   Data           4  ukf_task.o(.data)
    K_spd_gps                                0x2000b0cc   Data           4  ukf_task.o(.data)
    g_pos_gps                                0x2000b0d0   Data           4  ukf_task.o(.data)
    g_spd_gps                                0x2000b0d4   Data           4  ukf_task.o(.data)
    velNorth_gps                             0x2000b0d8   Data           4  ukf_task.o(.data)
    velEast_gps                              0x2000b0dc   Data           4  ukf_task.o(.data)
    flag_kf1                                 0x2000b0e0   Data           8  ukf_task.o(.data)
    force_test                               0x2000b0e8   Data           1  ukf_task.o(.data)
    Posx                                     0x2000b0ec   Data           4  ukf_task.o(.data)
    Posy                                     0x2000b0f0   Data           4  ukf_task.o(.data)
    gps_data_vaild                           0x2000b0f4   Data           1  ukf_task.o(.data)
    r_gps_new                                0x2000b0f8   Data          16  ukf_task.o(.data)
    altUkfData                               0x2000b138   Data           8  alt_kf.o(.data)
    altUkfData_sonar                         0x2000b140   Data           8  alt_kf.o(.data)
    altUkfData_bmp                           0x2000b148   Data           8  alt_kf.o(.data)
    flowUkfData_x                            0x2000b150   Data           8  alt_kf.o(.data)
    flowUkfData_y                            0x2000b158   Data           8  alt_kf.o(.data)
    gpsUkfData_e                             0x2000b160   Data           8  alt_kf.o(.data)
    gpsUkfData_n                             0x2000b168   Data           8  alt_kf.o(.data)
    heapUsed                                 0x2000b170   Data           4  alt_kf.o(.data)
    heapHighWater                            0x2000b174   Data           4  alt_kf.o(.data)
    dataSramUsed                             0x2000b178   Data           4  alt_kf.o(.data)
    FLOW_NOISE                               0x2000b17c   Data           4  alt_kf.o(.data)
    flow_pos                                 0x2000b180   Data           8  alt_kf.o(.data)
    measure_num                              0x2000b188   Data           1  alt_kf.o(.data)
    k_acc                                    0x2000b190   Data           4  alt_kf.o(.data)
    sonar_av_cnt                             0x2000b194   Data           2  alt_kf.o(.data)
    sonar_f_set                              0x2000b198   Data          24  alt_kf.o(.data)
    ALT_PRES_NOISE                           0x2000b1b0   Data           4  alt_kf.o(.data)
    ALT_PRES_NOISE_SONAR                     0x2000b1b4   Data           4  alt_kf.o(.data)
    ALT_POS_SONAR2                           0x2000b1b8   Data           4  alt_kf.o(.data)
    ALT_POS_SONAR3                           0x2000b1bc   Data           4  alt_kf.o(.data)
    sonar_h_cnt                              0x2000b1c0   Data           4  alt_kf.o(.data)
    sonar_temp                               0x2000b1c4   Data           4  alt_kf.o(.data)
    K_SONAR                                  0x2000b1c8   Data           4  alt_kf.o(.data)
    test_1                                   0x2000b1cc   Data           2  alt_kf.o(.data)
    en_1                                     0x2000b1ce   Data           1  alt_kf.o(.data)
    NOISE                                    0x2000b1d0   Data          12  alt_kf.o(.data)
    X_apo_height1                            0x2000b1dc   Data           8  alt_kf.o(.data)
    P_apo_k_height1                          0x2000b1e4   Data          16  alt_kf.o(.data)
    r_baro1                                  0x2000b1f4   Data           4  alt_kf.o(.data)
    r_acc1                                   0x2000b1f8   Data           4  alt_kf.o(.data)
    k_spd                                    0x2000b1fc   Data           4  alt_kf.o(.data)
    gh                                       0x2000b200   Data           4  alt_kf.o(.data)
    gh_sonar                                 0x2000b204   Data           4  alt_kf.o(.data)
    ga                                       0x2000b208   Data           4  alt_kf.o(.data)
    gwa                                      0x2000b20c   Data           4  alt_kf.o(.data)
    P_kf_baro                                0x2000b210   Data          72  alt_kf.o(.data)
    P_kf_sonar                               0x2000b258   Data          72  alt_kf.o(.data)
    X_apo_height                             0x2000b2a0   Data           8  alt_kf.o(.data)
    P_apo_k_height                           0x2000b2a8   Data          16  alt_kf.o(.data)
    k_bais                                   0x2000b2b8   Data           4  alt_kf.o(.data)
    k_bais2                                  0x2000b2bc   Data           4  alt_kf.o(.data)
    r_baro                                   0x2000b2c0   Data           4  alt_kf.o(.data)
    r_acc                                    0x2000b2c4   Data           4  alt_kf.o(.data)
    gro_z_dead                               0x2000b2c8   Data           4  alt_kf.o(.data)
    dead_accz                                0x2000b2cc   Data           4  alt_kf.o(.data)
    acc_off_baro                             0x2000b2d0   Data           4  alt_kf.o(.data)
    k_hcc                                    0x2000b2d4   Data           4  alt_kf.o(.data)
    k_hcc_fix                                0x2000b2d8   Data           4  alt_kf.o(.data)
    hc_acc_i_bmp                             0x2000b2dc   Data           4  alt_kf.o(.data)
    accz                                     0x2000b2e0   Data           4  alt_kf.o(.data)
    accz_bmp                                 0x2000b2e4   Data           4  alt_kf.o(.data)
    acc_scale_bmp                            0x2000b2e8   Data           4  alt_kf.o(.data)
    acc_mask                                 0x2000b2ec   Data           1  alt_kf.o(.data)
    acc_mask_cnt_max                         0x2000b2ee   Data           2  alt_kf.o(.data)
    baro_ukf_dt                              0x2000b2f0   Data           4  alt_kf.o(.data)
    baro_ekf_dt                              0x2000b2f4   Data           4  alt_kf.o(.data)
    k_flt_accz                               0x2000b2f8   Data           4  alt_kf.o(.data)
    acc_est                                  0x2000b2fc   Data           4  alt_kf.o(.data)
    acc_est_imu                              0x2000b300   Data           4  alt_kf.o(.data)
    baro_ekf_ero                             0x2000b304   Data           1  alt_kf.o(.data)
    ALT_VEL_BMP_UNION                        0x2000b308   Data           4  alt_kf.o(.data)
    ALT_POS_BMP_UNION                        0x2000b30c   Data           4  alt_kf.o(.data)
    baroAlt_sel                              0x2000b310   Data           1  alt_kf.o(.data)
    r_baro_new                               0x2000b314   Data          16  alt_kf.o(.data)
    acc_flag                                 0x2000b324   Data           8  alt_kf.o(.data)
    k_acc_ukf                                0x2000b32c   Data           4  alt_kf.o(.data)
    MAX_ACC_NEO                              0x2000b330   Data           4  alt_kf.o(.data)
    flow_dt                                  0x2000b334   Data           4  alt_kf.o(.data)
    GPS_NOISE                                0x2000b338   Data           4  alt_kf.o(.data)
    k_acc_fpl_gps                            0x2000b33c   Data           4  alt_kf.o(.data)
    q_pos                                    0x2000b340   Data           4  alt_kf.o(.data)
    v_q                                      0x2000b344   Data           4  alt_kf.o(.data)
    v_bais                                   0x2000b348   Data           4  alt_kf.o(.data)
    s_bais                                   0x2000b34c   Data           4  alt_kf.o(.data)
    ALT_STATE_POS1                           0x2000b350   Data           4  alt_kf.o(.data)
    ALT_STATE_VEL1                           0x2000b354   Data           4  alt_kf.o(.data)
    ALT_STATE_BIAS1                          0x2000b358   Data           4  alt_kf.o(.data)
    ALT_NOISE_BIAS1                          0x2000b35c   Data           4  alt_kf.o(.data)
    ALT_NOISE_VEL1                           0x2000b360   Data           4  alt_kf.o(.data)
    ALT_STATE_POS_GPS                        0x2000b364   Data           4  alt_kf.o(.data)
    ALT_STATE_VEL_GPS                        0x2000b368   Data           4  alt_kf.o(.data)
    ALT_STATE_BIAS_GPS                       0x2000b36c   Data           4  alt_kf.o(.data)
    ALT_NOISE_BIAS_GPS                       0x2000b370   Data           4  alt_kf.o(.data)
    ALT_NOISE_VEL_GPS                        0x2000b374   Data           4  alt_kf.o(.data)
    k_flow_devide                            0x2000b3b8   Data           4  flow.o(.data)
    flow_module_offset_y                     0x2000b3bc   Data           4  flow.o(.data)
    flow_module_offset_x                     0x2000b3c0   Data           4  flow.o(.data)
    INNER_TASK_STK                           0x2000b418   Data        1024  ucos_task.o(.bss)
    OUTER_TASK_STK                           0x2000b818   Data        1536  ucos_task.o(.bss)
    EKF_TASK_STK                             0x2000be18   Data       32768  ucos_task.o(.bss)
    fRealGyro                                0x20013e18   Data          12  ucos_task.o(.bss)
    fRealAccel                               0x20013e24   Data          12  ucos_task.o(.bss)
    fRealMag                                 0x20013e30   Data          12  ucos_task.o(.bss)
    fRealQ                                   0x20013e3c   Data          16  ucos_task.o(.bss)
    lQuat                                    0x20013e4c   Data          16  ucos_task.o(.bss)
    fRPY                                     0x20013e5c   Data          12  ucos_task.o(.bss)
    fQ                                       0x20013e68   Data          16  ucos_task.o(.bss)
    reference_v_ekf                          0x20013e78   Data          12  ucos_task.o(.bss)
    BARO_TASK_STK                            0x20013e84   Data        3072  ucos_task.o(.bss)
    SONAR_TASK_STK                           0x20014a84   Data         512  ucos_task.o(.bss)
    FLOW_TASK_STK                            0x20014c84   Data        2048  ucos_task.o(.bss)
    xBuf1                                    0x20015578   Data          12  ucos_task.o(.bss)
    yBuf1                                    0x20015584   Data          12  ucos_task.o(.bss)
    xBuf2                                    0x20015590   Data          12  ucos_task.o(.bss)
    yBuf2                                    0x2001559c   Data          12  ucos_task.o(.bss)
    xBuf3                                    0x200155a8   Data          12  ucos_task.o(.bss)
    yBuf3                                    0x200155b4   Data          12  ucos_task.o(.bss)
    acc_neo                                  0x200155c0   Data          12  ucos_task.o(.bss)
    flow_ground_temp                         0x200155cc   Data          16  ucos_task.o(.bss)
    flow_matlab_data                         0x200155dc   Data          16  ucos_task.o(.bss)
    UART_TASK_STK                            0x200155ec   Data         512  ucos_task.o(.bss)
    ERROR_TASK_STK                           0x200157ec   Data         256  ucos_task.o(.bss)
    START_TASK_STK                           0x20015934   Data         256  main.o(.bss)
    MsgGrp                                   0x20015a34   Data        1024  main.o(.bss)
    mcuID                                    0x20015e34   Data          12  main.o(.bss)
    OSEventTbl                               0x20015e40   Data         200  os_core.o(.bss)
    OSFlagTbl                                0x20015f08   Data          80  os_core.o(.bss)
    OSTaskStatStk                            0x20015f58   Data         512  os_core.o(.bss)
    OSTaskIdleStk                            0x20016158   Data         512  os_core.o(.bss)
    OSTCBPrioTbl                             0x20016358   Data         256  os_core.o(.bss)
    OSTCBTbl                                 0x20016458   Data        1848  os_core.o(.bss)
    OSQTbl                                   0x20016b90   Data         120  os_core.o(.bss)
    OSTmrTbl                                 0x20016c08   Data         640  os_core.o(.bss)
    OSTmrTaskStk                             0x20016e88   Data         512  os_core.o(.bss)
    OSTmrWheelTbl                            0x20017088   Data          64  os_core.o(.bss)
    FLASH_READ_BUF                           0x200170c8   Data         100  flash.o(.bss)
    FLASH_Buffer                             0x2001712c   Data         100  flash.o(.bss)
    W25QXX_BUFFER                            0x20017190   Data        4096  flash_w25.o(.bss)
    Cycle_T                                  0x20018190   Data         240  time.o(.bss)
    qr                                       0x20018280   Data          48  usart_fc.o(.bss)
    color                                    0x200182b0   Data          20  usart_fc.o(.bss)
    HPID                                     0x200182c4   Data          18  usart_fc.o(.bss)
    SPID                                     0x200182d6   Data          18  usart_fc.o(.bss)
    FIX_PID                                  0x200182e8   Data          18  usart_fc.o(.bss)
    NAV_PID                                  0x200182fa   Data          18  usart_fc.o(.bss)
    pid                                      0x2001830c   Data         224  usart_fc.o(.bss)
    Rc_Get                                   0x200183ec   Data          20  usart_fc.o(.bss)
    plane                                    0x20018400   Data         116  usart_fc.o(.bss)
    slam                                     0x20018474   Data          20  usart_fc.o(.bss)
    imu_nav                                  0x20018488   Data         104  usart_fc.o(.bss)
    mode                                     0x200184f0   Data          53  usart_fc.o(.bss)
    flow_debug                               0x20018528   Data          40  usart_fc.o(.bss)
    par                                      0x20018550   Data          48  usart_fc.o(.bss)
    TxBuffer                                 0x20018580   Data         256  usart_fc.o(.bss)
    Rx_Buf                                   0x20018680   Data         256  usart_fc.o(.bss)
    RxBuffer                                 0x20018780   Data          50  usart_fc.o(.bss)
    Tx5Buffer                                0x200187b2   Data         256  usart_fc.o(.bss)
    TxBuffer_u1                              0x200188b2   Data         256  usart_fc.o(.bss)
    Rx_Buf_u1                                0x200189b2   Data         256  usart_fc.o(.bss)
    RxBuffer_u1                              0x20018ab2   Data          50  usart_fc.o(.bss)
    USART3_TX_BUF                            0x20018ae8   Data         800  usart_fc.o(.bss)
    USART3_RX_BUF                            0x20018e08   Data         800  usart_fc.o(.bss)
    USART1_TX_BUF                            0x20019128   Data         800  usart_fc.o(.bss)
    gpsx                                     0x20019448   Data         125  usart_fc.o(.bss)
    buf_imu_dj                               0x200194c5   Data          20  usart_fc.o(.bss)
    angle_imu_dj                             0x200194dc   Data          12  usart_fc.o(.bss)
    RxBuffer11                               0x200194e8   Data          50  usart_fc.o(.bss)
    buf_GNVTG                                0x2001951a   Data          65  usart_fc.o(.bss)
    laser_buf                                0x2001955c   Data         720  usart_fc.o(.bss)
    m100                                     0x20019830   Data          96  usart_fc.o(.bss)
    debug_pi_flow                            0x20019890   Data          80  usart_fc.o(.bss)
    pi_flow                                  0x200198e0   Data         324  usart_fc.o(.bss)
    RxBuffer4_test                           0x20019a24   Data          25  usart_fc.o(.bss)
    RxBuffer4                                0x20019a3d   Data          50  usart_fc.o(.bss)
    Rx_Buf3                                  0x20019a6f   Data         256  usart_fc.o(.bss)
    RxBuffer3                                0x20019b6f   Data          50  usart_fc.o(.bss)
    SendBuff1                                0x20019ba1   Data          64  usart_fc.o(.bss)
    SendBuff2                                0x20019be1   Data         384  usart_fc.o(.bss)
    SendBuff3                                0x20019d61   Data          32  usart_fc.o(.bss)
    SendBuff4                                0x20019d81   Data          64  usart_fc.o(.bss)
    flow                                     0x20019dc8   Data         112  usart_fc.o(.bss)
    flow_rad                                 0x20019e38   Data          48  usart_fc.o(.bss)
    lis3mdl                                  0x20019eb8   Data         284  lis3mdl.o(.bss)
    acc_lsq                                  0x20019fd4   Data         168  lis3mdl.o(.bss)
    sum_temp                                 0x2001a07c   Data          28  lis3mdl.o(.bss)
    sum_temp_3d                              0x2001a098   Data          28  lis3mdl.o(.bss)
    mpu6050                                  0x2001a390   Data         188  mpu6050.o(.bss)
    mpu6050_r                                0x2001a44c   Data         188  mpu6050.o(.bss)
    imu_fushion                              0x2001a508   Data         188  mpu6050.o(.bss)
    mpu6050_buffer                           0x2001a5c4   Data          14  mpu6050.o(.bss)
    mpu6050_tmp                              0x2001a86c   Data          28  mpu6050.o(.bss)
    mpu6050_tmp_acc_circle                   0x2001a888   Data          28  mpu6050.o(.bss)
    mpu_fil_tmp                              0x2001a8a4   Data          28  mpu6050.o(.bss)
    mpu_fil_tmp_acc_circle                   0x2001a8c0   Data          28  mpu6050.o(.bss)
    acc_off                                  0x2001a8dc   Data          12  mpu6050.o(.bss)
    acc_scale                                0x2001a8e8   Data          12  mpu6050.o(.bss)
    HMC5883_FIFO                             0x2001a9e8   Data          66  hml_sample.o(.bss)
    now_dj                                   0x2001aa44   Data          16  ultrasonic.o(.bss)
    lastUpdate_dj                            0x2001aa54   Data          16  ultrasonic.o(.bss)
    Laser_avoid                              0x2001aa64   Data         120  laser.o(.bss)
    med_filter_tmp                           0x2001aadc   Data        6000  fliter.o(.bss)
    med_filter_out                           0x2001c24c   Data         120  fliter.o(.bss)
    med_fil_cnt                              0x2001c2c4   Data          30  fliter.o(.bss)
    firstOrderFilters                        0x2001c2e4   Data         400  fliter.o(.bss)
    q_nav                                    0x2001c478   Data          16  imu.o(.bss)
    reference_v                              0x2001c488   Data          12  imu.o(.bss)
    ref                                      0x2001c494   Data          60  imu.o(.bss)
    reference_vr                             0x2001c4d0   Data          12  imu.o(.bss)
    mag_sim_3d                               0x2001c4dc   Data          12  imu.o(.bss)
    acc_3d_hg                                0x2001c4e8   Data          12  imu.o(.bss)
    acc_ng                                   0x2001c4f4   Data          12  imu.o(.bss)
    acc_ng_offset                            0x2001c500   Data          12  imu.o(.bss)
    yaw_mag_view                             0x2001c50c   Data          20  imu.o(.bss)
    X_kf_yaw                                 0x2001c520   Data          16  imu.o(.bss)
    reference_vr_imd_down                    0x2001c53c   Data          12  imu_m.o(.bss)
    reference_vr_imd_down_fc                 0x2001c548   Data          12  imu_m.o(.bss)
    gps_data                                 0x2001c558   Data          32  ukf_task.o(.bss)
    mag_data                                 0x2001c578   Data          60  ukf_task.o(.bss)
    accel_data                               0x2001c5b4   Data          80  ukf_task.o(.bss)
    gyro_data                                0x2001c604   Data          72  ukf_task.o(.bss)
    attitude_data                            0x2001c64c   Data          16  ukf_task.o(.bss)
    angle_ins                                0x2001c65c   Data          12  ukf_task.o(.bss)
    X_ukf                                    0x2001c668   Data          48  ukf_task.o(.bss)
    X_ukf_baro                               0x2001c698   Data          48  ukf_task.o(.bss)
    X_KF_NAV                                 0x2001c6c8   Data          48  ukf_task.o(.bss)
    P_KF_NAV                                 0x2001c6f8   Data         144  ukf_task.o(.bss)
    state_correct_posx                       0x2001c788   Data          48  ukf_task.o(.bss)
    state_correct_posy                       0x2001c7b8   Data          48  ukf_task.o(.bss)
    X_kf2_x                                  0x2001c7e8   Data          24  ukf_task.o(.bss)
    X_kf2_y                                  0x2001c800   Data          24  ukf_task.o(.bss)
    Distance                                 0x2001c818   Data         100  alt_kf.o(.bss)
    ultra                                    0x2001c888   Data          20  alt_kf.o(.bss)
    sonar_av_arr                             0x2001c89c   Data          20  alt_kf.o(.bss)
    sonar                                    0x2001c8b0   Data          24  alt_kf.o(.bss)
    sonar_fusion                             0x2001c8c8   Data          68  alt_kf.o(.bss)
    sonar_h_arr                              0x2001c90c   Data          44  alt_kf.o(.bss)
    X_kf_baro                                0x2001c938   Data          24  alt_kf.o(.bss)
    X_kf_sonar                               0x2001c950   Data          24  alt_kf.o(.bss)
    acc_z_view                               0x2001c968   Data          12  alt_kf.o(.bss)
    state_correct_baro                       0x2001c978   Data          48  alt_kf.o(.bss)
    Global_GPS_Sensor                        0x2001c9a8   Data          88  alt_kf.o(.bss)
    v_test                                   0x2001ca00   Data          16  alt_kf.o(.bss)
    Last_GPS                                 0x2001ca10   Data          16  alt_kf.o(.bss)
    TAR_GPS                                  0x2001ca20   Data          16  alt_kf.o(.bss)
    flow_per_out                             0x2001ca88   Data          16  flow.o(.bss)
    hml_lsq                                  0x2001cabc   Data         168  cycle_cal_oldx.o(.bss)
    __libspace_start                         0x2001cb64   Data          96  libspace.o(.bss)
    __temporary_stack_top$libspace           0x2001cbc4   Data           0  libspace.o(.bss)



==============================================================================

Memory Map of the image

  Image Entry point : 0x08000189

  Load Region LR_IROM1 (Base: 0x08000000, Size: 0x00033328, Max: 0x00100000, ABSOLUTE, COMPRESSED[0x00028804])

    Execution Region ER_IROM1 (Base: 0x08000000, Size: 0x00027f10, Max: 0x00100000, ABSOLUTE)

    Base Addr    Size         Type   Attr      Idx    E Section Name        Object

    0x08000000   0x00000188   Data   RO          568    RESET               startup_stm32f40_41xxx.o
    0x08000188   0x00000008   Code   RO         2377  * !!!main             c_w.l(__main.o)
    0x08000190   0x00000034   Code   RO         2857    !!!scatter          c_w.l(__scatter.o)
    0x080001c4   0x0000005a   Code   RO         2855    !!dczerorl2         c_w.l(__dczerorl2.o)
    0x0800021e   0x00000002   PAD
    0x08000220   0x0000001c   Code   RO         2859    !!handler_zi        c_w.l(__scatter_zi.o)
    0x0800023c   0x00000002   Code   RO         2786    .ARM.Collect$$libinit$$00000000  c_w.l(libinit.o)
    0x0800023e   0x00000004   Code   RO         2601    .ARM.Collect$$libinit$$00000001  c_w.l(libinit2.o)
    0x08000242   0x00000000   Code   RO         2604    .ARM.Collect$$libinit$$00000004  c_w.l(libinit2.o)
    0x08000242   0x00000000   Code   RO         2607    .ARM.Collect$$libinit$$0000000A  c_w.l(libinit2.o)
    0x08000242   0x00000000   Code   RO         2609    .ARM.Collect$$libinit$$0000000C  c_w.l(libinit2.o)
    0x08000242   0x00000000   Code   RO         2611    .ARM.Collect$$libinit$$0000000E  c_w.l(libinit2.o)
    0x08000242   0x00000000   Code   RO         2614    .ARM.Collect$$libinit$$00000011  c_w.l(libinit2.o)
    0x08000242   0x00000000   Code   RO         2616    .ARM.Collect$$libinit$$00000013  c_w.l(libinit2.o)
    0x08000242   0x00000000   Code   RO         2618    .ARM.Collect$$libinit$$00000015  c_w.l(libinit2.o)
    0x08000242   0x00000000   Code   RO         2620    .ARM.Collect$$libinit$$00000017  c_w.l(libinit2.o)
    0x08000242   0x00000000   Code   RO         2622    .ARM.Collect$$libinit$$00000019  c_w.l(libinit2.o)
    0x08000242   0x00000000   Code   RO         2624    .ARM.Collect$$libinit$$0000001B  c_w.l(libinit2.o)
    0x08000242   0x00000000   Code   RO         2626    .ARM.Collect$$libinit$$0000001D  c_w.l(libinit2.o)
    0x08000242   0x00000000   Code   RO         2628    .ARM.Collect$$libinit$$0000001F  c_w.l(libinit2.o)
    0x08000242   0x00000000   Code   RO         2630    .ARM.Collect$$libinit$$00000021  c_w.l(libinit2.o)
    0x08000242   0x00000000   Code   RO         2632    .ARM.Collect$$libinit$$00000023  c_w.l(libinit2.o)
    0x08000242   0x00000000   Code   RO         2634    .ARM.Collect$$libinit$$00000025  c_w.l(libinit2.o)
    0x08000242   0x00000000   Code   RO         2638    .ARM.Collect$$libinit$$0000002C  c_w.l(libinit2.o)
    0x08000242   0x00000000   Code   RO         2640    .ARM.Collect$$libinit$$0000002E  c_w.l(libinit2.o)
    0x08000242   0x00000000   Code   RO         2642    .ARM.Collect$$libinit$$00000030  c_w.l(libinit2.o)
    0x08000242   0x00000000   Code   RO         2644    .ARM.Collect$$libinit$$00000032  c_w.l(libinit2.o)
    0x08000242   0x00000002   Code   RO         2645    .ARM.Collect$$libinit$$00000033  c_w.l(libinit2.o)
    0x08000244   0x00000002   Code   RO         2852    .ARM.Collect$$libshutdown$$00000000  c_w.l(libshutdown.o)
    0x08000246   0x00000000   Code   RO         2806    .ARM.Collect$$libshutdown$$00000002  c_w.l(libshutdown2.o)
    0x08000246   0x00000000   Code   RO         2808    .ARM.Collect$$libshutdown$$00000004  c_w.l(libshutdown2.o)
    0x08000246   0x00000000   Code   RO         2811    .ARM.Collect$$libshutdown$$00000007  c_w.l(libshutdown2.o)
    0x08000246   0x00000000   Code   RO         2814    .ARM.Collect$$libshutdown$$0000000A  c_w.l(libshutdown2.o)
    0x08000246   0x00000000   Code   RO         2816    .ARM.Collect$$libshutdown$$0000000C  c_w.l(libshutdown2.o)
    0x08000246   0x00000000   Code   RO         2819    .ARM.Collect$$libshutdown$$0000000F  c_w.l(libshutdown2.o)
    0x08000246   0x00000002   Code   RO         2820    .ARM.Collect$$libshutdown$$00000010  c_w.l(libshutdown2.o)
    0x08000248   0x00000000   Code   RO         2569    .ARM.Collect$$rtentry$$00000000  c_w.l(__rtentry.o)
    0x08000248   0x00000000   Code   RO         2716    .ARM.Collect$$rtentry$$00000002  c_w.l(__rtentry2.o)
    0x08000248   0x00000006   Code   RO         2728    .ARM.Collect$$rtentry$$00000004  c_w.l(__rtentry4.o)
    0x0800024e   0x00000000   Code   RO         2718    .ARM.Collect$$rtentry$$00000009  c_w.l(__rtentry2.o)
    0x0800024e   0x00000004   Code   RO         2719    .ARM.Collect$$rtentry$$0000000A  c_w.l(__rtentry2.o)
    0x08000252   0x00000000   Code   RO         2721    .ARM.Collect$$rtentry$$0000000C  c_w.l(__rtentry2.o)
    0x08000252   0x00000008   Code   RO         2722    .ARM.Collect$$rtentry$$0000000D  c_w.l(__rtentry2.o)
    0x0800025a   0x00000002   Code   RO         2791    .ARM.Collect$$rtexit$$00000000  c_w.l(rtexit.o)
    0x0800025c   0x00000000   Code   RO         2826    .ARM.Collect$$rtexit$$00000002  c_w.l(rtexit2.o)
    0x0800025c   0x00000004   Code   RO         2827    .ARM.Collect$$rtexit$$00000003  c_w.l(rtexit2.o)
    0x08000260   0x00000006   Code   RO         2828    .ARM.Collect$$rtexit$$00000004  c_w.l(rtexit2.o)
    0x08000266   0x00000002   PAD
    0x08000268   0x0000215c   Code   RO            3    .text               ucos_task.o
    0x080023c4   0x000002ec   Code   RO          371    .text               main.o
    0x080026b0   0x00000100   Code   RO          433    .text               rt_nonfinite.o
    0x080027b0   0x000000c8   Code   RO          463    .text               rtgetnan.o
    0x08002878   0x00000134   Code   RO          479    .text               rtgetinf.o
    0x080029ac   0x00000016   Code   RO          493    .text               stm32f4xx_it.o
    0x080029c2   0x00000002   PAD
    0x080029c4   0x00000210   Code   RO          542    .text               system_stm32f4xx.o
    0x08002bd4   0x00000040   Code   RO          569    .text               startup_stm32f40_41xxx.o
    0x08002c14   0x00000108   Code   RO          575    .text               delay.o
    0x08002d1c   0x000000e0   Code   RO          615    .text               misc.o
    0x08002dfc   0x00000294   Code   RO          635    .text               stm32f4xx_gpio.o
    0x08003090   0x0000065c   Code   RO          678    .text               stm32f4xx_rcc.o
    0x080036ec   0x00000094   Code   RO          700    .text               stm32f4xx_syscfg.o
    0x08003780   0x00000454   Code   RO          720    .text               stm32f4xx_usart.o
    0x08003bd4   0x00000ca2   Code   RO          740    .text               stm32f4xx_tim.o
    0x08004876   0x00000002   PAD
    0x08004878   0x00000694   Code   RO          760    .text               stm32f4xx_flash.o
    0x08004f0c   0x00000110   Code   RO          780    .text               stm32f4xx_exti.o
    0x0800501c   0x00000480   Code   RO          820    .text               stm32f4xx_spi.o
    0x0800549c   0x000003a8   Code   RO          840    .text               stm32f4xx_dma.o
    0x08005844   0x00000040   Code   RO          880    .text               stm32f4xx_iwdg.o
    0x08005884   0x00000894   Code   RO          920    .text               os_core.o
    0x08006118   0x0000080c   Code   RO          948    .text               os_flag.o
    0x08006924   0x000003cc   Code   RO          968    .text               os_mbox.o
    0x08006cf0   0x000005e8   Code   RO         1022    .text               os_q.o
    0x080072d8   0x0000038c   Code   RO         1042    .text               os_sem.o
    0x08007664   0x000007c4   Code   RO         1062    .text               os_task.o
    0x08007e28   0x000001b0   Code   RO         1082    .text               os_time.o
    0x08007fd8   0x00000634   Code   RO         1102    .text               os_tmr.o
    0x0800860c   0x000000c8   Code   RO         1120    .text               os_cpu_a.o
    0x080086d4   0x000001e8   Code   RO         1125    .text               os_cpu_c.o
    0x080088bc   0x00000424   Code   RO         1155    .text               iic_fc.o
    0x08008ce0   0x00000458   Code   RO         1175    .text               iic1.o
    0x08009138   0x000003e0   Code   RO         1221    .text               iic_sonar.o
    0x08009518   0x000003a8   Code   RO         1247    .text               iic_soft.o
    0x080098c0   0x000006d0   Code   RO         1273    .text               led_fc.o
    0x08009f90   0x00000c24   Code   RO         1302    .text               flash.o
    0x0800abb4   0x00000478   Code   RO         1326    .text               flash_w25.o
    0x0800b02c   0x00000268   Code   RO         1357    .text               time.o
    0x0800b294   0x0000002c   Code   RO         1388    .text               watch_dog.o
    0x0800b2c0   0x000008c8   Code   RO         1408    .text               gps.o
    0x0800bb88   0x000007a8   Code   RO         1432    .text               ublox.o
    0x0800c330   0x000000e8   Code   RO         1458    .text               dma.o
    0x0800c418   0x000063f8   Code   RO         1478    .text               usart_fc.o
    0x08012810   0x00000580   Code   RO         1517    .text               m100.o
    0x08012d90   0x00001c34   Code   RO         1540    .text               lis3mdl.o
    0x080149c4   0x00000be4   Code   RO         1571    .text               mpu6050.o
    0x080155a8   0x000008e8   Code   RO         1599    .text               hml_sample.o
    0x08015e90   0x00000744   Code   RO         1633    .text               ms5611_2.o
    0x080165d4   0x00000b98   Code   RO         1660    .text               ultrasonic.o
    0x0801716c   0x000001a0   Code   RO         1687    .text               laser.o
    0x0801730c   0x00000980   Code   RO         1715    .text               fliter.o
    0x08017c8c   0x00001758   Code   RO         1740    .text               kf_oldx.o
    0x080193e4   0x00001404   Code   RO         1769    .text               kf_oldx_nav.o
    0x0801a7e8   0x00000784   Code   RO         1918    .text               my_math.o
    0x0801af6c   0x000015d8   Code   RO         1968    .text               imu.o
    0x0801c544   0x00002b80   Code   RO         2031    .text               ukf_task.o
    0x0801f0c4   0x00003094   Code   RO         2077    .text               alt_kf.o
    0x08022158   0x00000b54   Code   RO         2154    .text               flow_oldx.lib(flow.o)
    0x08022cac   0x00000a18   Code   RO         2245    .text               cycle_cal_oldx.lib(cycle_cal_oldx.o)
    0x080236c4   0x00000f40   Code   RO         2267    .text               kf_oldx_yaw.lib(kf_oldx_yaw.o)
    0x08024604   0x0000004e   Code   RO         2311    .text               c_w.l(h1_free.o)
    0x08024652   0x00000048   Code   RO         2367    .text               c_w.l(llsdiv.o)
    0x0802469a   0x00000024   Code   RO         2369    .text               c_w.l(strstr.o)
    0x080246be   0x00000064   Code   RO         2371    .text               c_w.l(rt_memcpy_w.o)
    0x08024722   0x0000004e   Code   RO         2373    .text               c_w.l(rt_memclr_w.o)
    0x08024770   0x00000006   Code   RO         2375    .text               c_w.l(heapauxi.o)
    0x08024776   0x00000002   PAD
    0x08024778   0x00000008   Code   RO         2573    .text               c_w.l(rt_heap_descriptor_intlibspace.o)
    0x08024780   0x000000ee   Code   RO         2595    .text               c_w.l(lludivv7m.o)
    0x0802486e   0x00000016   Code   RO         2597    .text               c_w.l(_rserrno.o)
    0x08024884   0x00000008   Code   RO         2712    .text               c_w.l(libspace.o)
    0x0802488c   0x00000008   Code   RO         2737    .text               c_w.l(rt_errno_addr_intlibspace.o)
    0x08024894   0x00000002   Code   RO         2760    .text               c_w.l(use_no_semi.o)
    0x08024896   0x00000000   Code   RO         2762    .text               c_w.l(indicate_semi.o)
    0x08024896   0x0000004a   Code   RO         2763    .text               c_w.l(sys_stackheap_outer.o)
    0x080248e0   0x00000012   Code   RO         2771    .text               c_w.l(exit.o)
    0x080248f2   0x00000002   PAD
    0x080248f4   0x0000000c   Code   RO         2789    .text               c_w.l(sys_exit.o)
    0x08024900   0x00000030   Code   RO         2678    i.__ARM_fpclassify  m_wm.l(fpclassify.o)
    0x08024930   0x00000026   Code   RO         2680    i.__ARM_fpclassifyf  m_wm.l(fpclassifyf.o)
    0x08024956   0x00000002   PAD
    0x08024958   0x00000358   Code   RO         2415    i.__hardfp_acos     m_wm.l(acos.o)
    0x08024cb0   0x00000360   Code   RO         2429    i.__hardfp_asin     m_wm.l(asin.o)
    0x08025010   0x00000250   Code   RO         2481    i.__hardfp_atan2f   m_wm.l(atan2f.o)
    0x08025260   0x000000c8   Code   RO         2493    i.__hardfp_cos      m_wm.l(cos.o)
    0x08025328   0x00000014   Code   RO         2505    i.__hardfp_fabs     m_wm.l(fabs.o)
    0x0802533c   0x00000004   PAD
    0x08025340   0x00000118   Code   RO         2511    i.__hardfp_floor    m_wm.l(floor.o)
    0x08025458   0x00000c50   Code   RO         2517    i.__hardfp_pow      m_wm.l(pow.o)
    0x080260a8   0x000000c8   Code   RO         2531    i.__hardfp_sin      m_wm.l(sin.o)
    0x08026170   0x0000007a   Code   RO         2543    i.__hardfp_sqrt     m_wm.l(sqrt.o)
    0x080261ea   0x00000006   PAD
    0x080261f0   0x00000438   Code   RO         2699    i.__ieee754_rem_pio2  m_wm.l(rred.o)
    0x08026628   0x00000170   Code   RO         2661    i.__kernel_cos      m_wm.l(cos_i.o)
    0x08026798   0x000000f8   Code   RO         2696    i.__kernel_poly     m_wm.l(poly.o)
    0x08026890   0x00000130   Code   RO         2704    i.__kernel_sin      m_wm.l(sin_i.o)
    0x080269c0   0x00000030   Code   RO         2664    i.__mathlib_dbl_divzero  m_wm.l(dunder.o)
    0x080269f0   0x00000014   Code   RO         2665    i.__mathlib_dbl_infnan  m_wm.l(dunder.o)
    0x08026a04   0x00000014   Code   RO         2666    i.__mathlib_dbl_infnan2  m_wm.l(dunder.o)
    0x08026a18   0x00000020   Code   RO         2667    i.__mathlib_dbl_invalid  m_wm.l(dunder.o)
    0x08026a38   0x00000020   Code   RO         2668    i.__mathlib_dbl_overflow  m_wm.l(dunder.o)
    0x08026a58   0x00000020   Code   RO         2670    i.__mathlib_dbl_underflow  m_wm.l(dunder.o)
    0x08026a78   0x00000006   Code   RO         2684    i.__mathlib_flt_infnan2  m_wm.l(funder.o)
    0x08026a7e   0x00000002   PAD
    0x08026a80   0x00000010   Code   RO         2688    i.__mathlib_flt_underflow  m_wm.l(funder.o)
    0x08026a90   0x00000018   Code   RO         2507    i.fabs              m_wm.l(fabs.o)
    0x08026aa8   0x0000006e   Code   RO         2545    i.sqrt              m_wm.l(sqrt.o)
    0x08026b16   0x00000018   Code   RO         2379    x$fpl$basic         fz_wm.l(basic.o)
    0x08026b2e   0x00000002   PAD
    0x08026b30   0x00000062   Code   RO         2381    x$fpl$d2f           fz_wm.l(d2f.o)
    0x08026b92   0x00000002   PAD
    0x08026b94   0x00000150   Code   RO         2383    x$fpl$dadd          fz_wm.l(daddsub_clz.o)
    0x08026ce4   0x00000010   Code   RO         2756    x$fpl$dcheck1       fz_wm.l(dcheck1.o)
    0x08026cf4   0x00000018   Code   RO         2646    x$fpl$dcmpinf       fz_wm.l(dcmpi.o)
    0x08026d0c   0x000002b0   Code   RO         2390    x$fpl$ddiv          fz_wm.l(ddiv.o)
    0x08026fbc   0x00000078   Code   RO         2393    x$fpl$deqf          fz_wm.l(deqf.o)
    0x08027034   0x0000005e   Code   RO         2395    x$fpl$dfix          fz_wm.l(dfix.o)
    0x08027092   0x0000002e   Code   RO         2400    x$fpl$dflt          fz_wm.l(dflt_clz.o)
    0x080270c0   0x00000026   Code   RO         2399    x$fpl$dfltu         fz_wm.l(dflt_clz.o)
    0x080270e6   0x00000002   PAD
    0x080270e8   0x00000078   Code   RO         2405    x$fpl$dleqf         fz_wm.l(dleqf.o)
    0x08027160   0x00000154   Code   RO         2407    x$fpl$dmul          fz_wm.l(dmul.o)
    0x080272b4   0x0000009c   Code   RO         2648    x$fpl$dnaninf       fz_wm.l(dnaninf.o)
    0x08027350   0x0000000c   Code   RO         2650    x$fpl$dretinf       fz_wm.l(dretinf.o)
    0x0802735c   0x0000006c   Code   RO         2409    x$fpl$drleqf        fz_wm.l(drleqf.o)
    0x080273c8   0x00000016   Code   RO         2384    x$fpl$drsb          fz_wm.l(daddsub_clz.o)
    0x080273de   0x00000002   PAD
    0x080273e0   0x00000198   Code   RO         2652    x$fpl$dsqrt         fz_wm.l(dsqrt_umaal.o)
    0x08027578   0x000001d4   Code   RO         2385    x$fpl$dsub          fz_wm.l(daddsub_clz.o)
    0x0802774c   0x00000056   Code   RO         2411    x$fpl$f2d           fz_wm.l(f2d.o)
    0x080277a2   0x00000060   Code   RO         2413    x$fpl$ffltll        fz_wm.l(ffltll_clz.o)
    0x08027802   0x0000008c   Code   RO         2654    x$fpl$fnaninf       fz_wm.l(fnaninf.o)
    0x0802788e   0x0000000a   Code   RO         2758    x$fpl$fpinit        fz_wm.l(fpinit.o)
    0x08027898   0x0000000a   Code   RO         2656    x$fpl$fretinf       fz_wm.l(fretinf.o)
    0x080278a2   0x00000064   Code   RO         2787    x$fpl$retnan        fz_wm.l(retnan.o)
    0x08027906   0x0000005c   Code   RO         2658    x$fpl$scalbn        fz_wm.l(scalbn.o)
    0x08027962   0x00000030   Code   RO         2821    x$fpl$trapveneer    fz_wm.l(trapv.o)
    0x08027992   0x00000000   Code   RO         2660    x$fpl$usenofp       fz_wm.l(usenofp.o)
    0x08027992   0x00000100   Data   RO          922    .constdata          os_core.o
    0x08027a92   0x00000006   PAD
    0x08027a98   0x00000084   Data   RO         1741    .constdata          kf_oldx.o
    0x08027b1c   0x00000004   PAD
    0x08027b20   0x0000003c   Data   RO         1770    .constdata          kf_oldx_nav.o
    0x08027b5c   0x00000004   PAD
    0x08027b60   0x00000090   Data   RO         2033    .constdata          ukf_task.o
    0x08027bf0   0x00000090   Data   RO         2080    .constdata          alt_kf.o
    0x08027c80   0x00000020   Data   RO         2268    .constdata          kf_oldx_yaw.lib(kf_oldx_yaw.o)
    0x08027ca0   0x00000050   Data   RO         2418    .constdata          m_wm.l(acos.o)
    0x08027cf0   0x00000050   Data   RO         2432    .constdata          m_wm.l(asin.o)
    0x08027d40   0x00000088   Data   RO         2520    .constdata          m_wm.l(pow.o)
    0x08027dc8   0x00000030   Data   RO         2662    .constdata          m_wm.l(cos_i.o)
    0x08027df8   0x00000008   Data   RO         2698    .constdata          m_wm.l(qnan.o)
    0x08027e00   0x000000c8   Data   RO         2701    .constdata          m_wm.l(rred.o)
    0x08027ec8   0x00000028   Data   RO         2705    .constdata          m_wm.l(sin_i.o)
    0x08027ef0   0x00000020   Data   RO         2853    Region$$Table       anon$$obj.o


    Execution Region RW_IRAM1 (Base: 0x20000000, Size: 0x0001d1c8, Max: 0x00020000, ABSOLUTE, COMPRESSED[0x000008f4])

    Base Addr    Size         Type   Attr      Idx    E Section Name        Object

    0x20000000   0x000002bc   Data   RW         1433    .ccm                ublox.o
    0x200002bc   0x0000a000   Data   RW         2079    .ccm                alt_kf.o
    0x2000a2bc   0x00000004   PAD
    0x2000a2c0   0x00000132   Data   RW            5    .data               ucos_task.o
    0x2000a3f2   0x00000002   PAD
    0x2000a3f4   0x0000000c   Data   RW          373    .data               main.o
    0x2000a400   0x00000024   Data   RW          434    .data               rt_nonfinite.o
    0x2000a424   0x00000014   Data   RW          543    .data               system_stm32f4xx.o
    0x2000a438   0x00000004   Data   RW          576    .data               delay.o
    0x2000a43c   0x00000010   Data   RW          679    .data               stm32f4xx_rcc.o
    0x2000a44c   0x0000005c   Data   RW          923    .data               os_core.o
    0x2000a4a8   0x00000006   Data   RW         1126    .data               os_cpu_c.o
    0x2000a4ae   0x00000002   Data   RW         1222    .data               iic_sonar.o
    0x2000a4b0   0x00000001   Data   RW         1248    .data               iic_soft.o
    0x2000a4b1   0x00000001   PAD
    0x2000a4b2   0x00000008   Data   RW         1274    .data               led_fc.o
    0x2000a4ba   0x00000002   PAD
    0x2000a4bc   0x00000004   Data   RW         1304    .data               flash.o
    0x2000a4c0   0x00000002   Data   RW         1328    .data               flash_w25.o
    0x2000a4c2   0x00000002   PAD
    0x2000a4c4   0x00000014   Data   RW         1359    .data               time.o
    0x2000a4d8   0x00000008   Data   RW         1410    .data               gps.o
    0x2000a4e0   0x0000022a   Data   RW         1480    .data               usart_fc.o
    0x2000a70a   0x00000002   PAD
    0x2000a70c   0x00000010   Data   RW         1518    .data               m100.o
    0x2000a71c   0x00000004   PAD
    0x2000a720   0x000000eb   Data   RW         1542    .data               lis3mdl.o
    0x2000a80b   0x00000005   PAD
    0x2000a810   0x000000de   Data   RW         1573    .data               mpu6050.o
    0x2000a8ee   0x00000002   PAD
    0x2000a8f0   0x000000cd   Data   RW         1601    .data               hml_sample.o
    0x2000a9bd   0x00000003   PAD
    0x2000a9c0   0x0000007d   Data   RW         1635    .data               ms5611_2.o
    0x2000aa3d   0x00000003   PAD
    0x2000aa40   0x00000090   Data   RW         1662    .data               ultrasonic.o
    0x2000aad0   0x0000000c   Data   RW         1689    .data               laser.o
    0x2000aadc   0x00000041   Data   RW         1717    .data               fliter.o
    0x2000ab1d   0x00000003   PAD
    0x2000ab20   0x00000404   Data   RW         1919    .data               my_math.o
    0x2000af24   0x00000018   Data   RW         1943    .data               error.o
    0x2000af3c   0x00000004   PAD
    0x2000af40   0x000000a2   Data   RW         1970    .data               imu.o
    0x2000afe2   0x00000002   PAD
    0x2000afe4   0x00000064   Data   RW         2006    .data               imu_m.o
    0x2000b048   0x000000ed   Data   RW         2034    .data               ukf_task.o
    0x2000b135   0x00000003   PAD
    0x2000b138   0x0000027a   Data   RW         2081    .data               alt_kf.o
    0x2000b3b2   0x00000002   PAD
    0x2000b3b4   0x00000061   Data   RW         2156    .data               flow_oldx.lib(flow.o)
    0x2000b415   0x00000003   PAD
    0x2000b418   0x0000a51c   Zero   RW            4    .bss                ucos_task.o
    0x20015934   0x0000050c   Zero   RW          372    .bss                main.o
    0x20015e40   0x00001288   Zero   RW          921    .bss                os_core.o
    0x200170c8   0x000000c8   Zero   RW         1303    .bss                flash.o
    0x20017190   0x00001000   Zero   RW         1327    .bss                flash_w25.o
    0x20018190   0x000000f0   Zero   RW         1358    .bss                time.o
    0x20018280   0x00001c34   Zero   RW         1479    .bss                usart_fc.o
    0x20019eb4   0x00000004   PAD
    0x20019eb8   0x000004d8   Zero   RW         1541    .bss                lis3mdl.o
    0x2001a390   0x00000564   Zero   RW         1572    .bss                mpu6050.o
    0x2001a8f4   0x00000004   PAD
    0x2001a8f8   0x00000140   Zero   RW         1600    .bss                hml_sample.o
    0x2001aa38   0x0000000c   Zero   RW         1634    .bss                ms5611_2.o
    0x2001aa44   0x00000020   Zero   RW         1661    .bss                ultrasonic.o
    0x2001aa64   0x00000078   Zero   RW         1688    .bss                laser.o
    0x2001aadc   0x00001998   Zero   RW         1716    .bss                fliter.o
    0x2001c474   0x00000004   PAD
    0x2001c478   0x000000c4   Zero   RW         1969    .bss                imu.o
    0x2001c53c   0x00000018   Zero   RW         2005    .bss                imu_m.o
    0x2001c554   0x00000004   PAD
    0x2001c558   0x000002c0   Zero   RW         2032    .bss                ukf_task.o
    0x2001c818   0x00000218   Zero   RW         2078    .bss                alt_kf.o
    0x2001ca30   0x0000008c   Zero   RW         2155    .bss                flow_oldx.lib(flow.o)
    0x2001cabc   0x000000a8   Zero   RW         2246    .bss                cycle_cal_oldx.lib(cycle_cal_oldx.o)
    0x2001cb64   0x00000060   Zero   RW         2713    .bss                c_w.l(libspace.o)
    0x2001cbc4   0x00000004   PAD
    0x2001cbc8   0x00000200   Zero   RW          567    HEAP                startup_stm32f40_41xxx.o
    0x2001cdc8   0x00000400   Zero   RW          566    STACK               startup_stm32f40_41xxx.o


==============================================================================

Image component sizes


      Code (inc. data)   RO Data    RW Data    ZI Data      Debug   Object Name

     12436        744        144      41594        536      39911   alt_kf.o
       264         18          0          4          0       1391   delay.o
       232          4          0          0          0       1436   dma.o
         0          0          0         24          0       2220   error.o
      3108        130          0          4        200       3443   flash.o
      1144         36          0          2       4096       5236   flash_w25.o
      2432        106          0         65       6552       7863   fliter.o
      2248         80          0          8          0       5661   gps.o
      2280        128          0        205        320       7416   hml_sample.o
      1112         20          0          0          0       5260   iic1.o
      1060         14          0          0          0       4771   iic_fc.o
       936         10          0          1          0       4538   iic_soft.o
       992         18          0          2          0       5031   iic_sonar.o
      5592        402          0        162        196       4530   imu.o
         0          0          0        100         24       9919   imu_m.o
      5976        170        132          0          0       3975   kf_oldx.o
      5124        146         60          0          0       3899   kf_oldx_nav.o
       416         20          0         12        120       1828   laser.o
      1744         96          0          8          0       2256   led_fc.o
      7220        406          0        235       1240      11823   lis3mdl.o
      1408         54          0         16          0       4831   m100.o
       748        146          0         12       1292       2662   main.o
       224         20          0          0          0       1793   misc.o
      3044        196          0        222       1380      17954   mpu6050.o
      1860        162          0        125         12       6116   ms5611_2.o
      1924        108          0       1028          0       6237   my_math.o
      2196        218        256         92       4744      15971   os_core.o
       200         32          0          0          0        312   os_cpu_a.o
       488          8          0          6          0      11763   os_cpu_c.o
      2060         42          0          0          0       7200   os_flag.o
       972         16          0          0          0       4302   os_mbox.o
      1512         30          0          0          0       5761   os_q.o
       908         18          0          0          0       4034   os_sem.o
      1988         70          0          0          0       7877   os_task.o
       432         30          0          0          0       1866   os_time.o
      1588         94          0          0          0       5721   os_tmr.o
       256         26          0         36          0       3832   rt_nonfinite.o
       308         22          0          0          0       1930   rtgetinf.o
       200         18          0          0          0       2068   rtgetnan.o
        64         26        392          0       1536        824   startup_stm32f40_41xxx.o
       936         32          0          0          0       6373   stm32f4xx_dma.o
       272         10          0          0          0       2263   stm32f4xx_exti.o
      1684         28          0          0          0       9398   stm32f4xx_flash.o
       660         44          0          0          0       4137   stm32f4xx_gpio.o
        22          0          0          0          0       1023   stm32f4xx_it.o
        64          6          0          0          0       1333   stm32f4xx_iwdg.o
      1628         52          0         16          0      12996   stm32f4xx_rcc.o
      1152         36          0          0          0       6885   stm32f4xx_spi.o
       148         12          0          0          0       1833   stm32f4xx_syscfg.o
      3234         60          0          0          0      22992   stm32f4xx_tim.o
      1108         34          0          0          0       7860   stm32f4xx_usart.o
       528         46          0         20          0       1743   system_stm32f4xx.o
       616         38          0         20        240      30073   time.o
      1960         60          0        700          0       8209   ublox.o
      8540        812          0        306      42268     341032   ucos_task.o
     11136        762        144        237        704       9935   ukf_task.o
      2968        256          0        144         32       5867   ultrasonic.o
     25592       1066          0        554       7220      38477   usart_fc.o
        44          0          0          0          0        694   watch_dog.o

    ----------------------------------------------------------------------
    138992       7238       1174      46004      72728     758584   Object Totals
         0          0         32          0          0          0   (incl. Generated)
         4          0         14         44         16          0   (incl. Padding)

    ----------------------------------------------------------------------

      Code (inc. data)   RO Data    RW Data    ZI Data      Debug   Library Member Name

        90          0          0          0          0          0   __dczerorl2.o
         8          0          0          0          0         68   __main.o
         0          0          0          0          0          0   __rtentry.o
        12          0          0          0          0          0   __rtentry2.o
         6          0          0          0          0          0   __rtentry4.o
        52          8          0          0          0          0   __scatter.o
        28          0          0          0          0          0   __scatter_zi.o
        22          0          0          0          0        100   _rserrno.o
        18          0          0          0          0         80   exit.o
        78          0          0          0          0         80   h1_free.o
         6          0          0          0          0        152   heapauxi.o
         0          0          0          0          0          0   indicate_semi.o
         2          0          0          0          0          0   libinit.o
         6          0          0          0          0          0   libinit2.o
         2          0          0          0          0          0   libshutdown.o
         2          0          0          0          0          0   libshutdown2.o
         8          4          0          0         96         68   libspace.o
        72          0          0          0          0         76   llsdiv.o
       238          0          0          0          0        100   lludivv7m.o
         8          4          0          0          0         68   rt_errno_addr_intlibspace.o
         8          4          0          0          0         68   rt_heap_descriptor_intlibspace.o
        78          0          0          0          0         80   rt_memclr_w.o
       100          0          0          0          0         80   rt_memcpy_w.o
         2          0          0          0          0          0   rtexit.o
        10          0          0          0          0          0   rtexit2.o
        36          0          0          0          0         80   strstr.o
        12          4          0          0          0         68   sys_exit.o
        74          0          0          0          0         80   sys_stackheap_outer.o
         2          0          0          0          0         68   use_no_semi.o
      2584         12          0          0        168       4813   cycle_cal_oldx.o
      2900        124          0         97        140     220042   flow.o
        24          0          0          0          0        164   basic.o
        98          4          0          0          0        140   d2f.o
       826         16          0          0          0        492   daddsub_clz.o
        16          4          0          0          0        116   dcheck1.o
        24          0          0          0          0        116   dcmpi.o
       688        140          0          0          0        256   ddiv.o
       120          4          0          0          0        140   deqf.o
        94          4          0          0          0        140   dfix.o
        84          0          0          0          0        232   dflt_clz.o
       120          4          0          0          0        140   dleqf.o
       340         12          0          0          0        152   dmul.o
       156          4          0          0          0        140   dnaninf.o
        12          0          0          0          0        116   dretinf.o
       108          0          0          0          0        128   drleqf.o
       408         56          0          0          0        168   dsqrt_umaal.o
        86          4          0          0          0        132   f2d.o
        96          0          0          0          0        132   ffltll_clz.o
       140          4          0          0          0        132   fnaninf.o
        10          0          0          0          0        116   fpinit.o
        10          0          0          0          0        116   fretinf.o
       100          0          0          0          0        116   retnan.o
        92          0          0          0          0        116   scalbn.o
        48          0          0          0          0        116   trapv.o
         0          0          0          0          0          0   usenofp.o
      3904         80         32          0          0       2735   kf_oldx_yaw.o
       856        118         80          0          0        288   acos.o
       864         94         80          0          0        280   asin.o
       592         90          0          0          0        184   atan2f.o
       200         20          0          0          0        164   cos.o
       368         46         48          0          0        200   cos_i.o
       184         44          0          0          0        744   dunder.o
        44          0          0          0          0        248   fabs.o
       280         28          0          0          0        156   floor.o
        48          0          0          0          0        124   fpclassify.o
        38          0          0          0          0        116   fpclassifyf.o
        22          6          0          0          0        232   funder.o
       248          0          0          0          0        152   poly.o
      3152        296        136          0          0        352   pow.o
         0          0          8          0          0          0   qnan.o
      1080        142        200          0          0        188   rred.o
       200         20          0          0          0        164   sin.o
       304         24         40          0          0        208   sin_i.o
       232          0          0          0          0        296   sqrt.o

    ----------------------------------------------------------------------
     22810       1424        624        100        408     236618   Library Totals
        30          0          0          3          4          0   (incl. Padding)

    ----------------------------------------------------------------------

      Code (inc. data)   RO Data    RW Data    ZI Data      Debug   Library Name

       980         24          0          0         96       1316   c_w.l
      2584         12          0          0        168       4813   cycle_cal_oldx.lib
      2900        124          0         97        140     220042   flow_oldx.lib
      3700        256          0          0          0       3616   fz_wm.l
      3904         80         32          0          0       2735   kf_oldx_yaw.lib
      8712        928        592          0          0       4096   m_wm.l

    ----------------------------------------------------------------------
     22810       1424        624        100        408     236618   Library Totals

    ----------------------------------------------------------------------

==============================================================================


      Code (inc. data)   RO Data    RW Data    ZI Data      Debug   

    161802       8662       1798      46104      73136     976878   Grand Totals
    161802       8662       1798       2292      73136     976878   ELF Image Totals (compressed)
    161802       8662       1798       2292          0          0   ROM Totals

==============================================================================

    Total RO  Size (Code + RO Data)               163600 ( 159.77kB)
    Total RW  Size (RW Data + ZI Data)            119240 ( 116.45kB)
    Total ROM Size (Code + RO Data + RW Data)     165892 ( 162.00kB)

==============================================================================

