Component: ARM Compiler 5.06 update 2 (build 183) Tool: armlink [4d35b7]

==============================================================================

Section Cross References

    ucos_task.o(.text) refers to time.o(.text) for Get_Cycle_T
    ucos_task.o(.text) refers to f2d.o(x$fpl$f2d) for __aeabi_f2d
    ucos_task.o(.text) refers to dleqf.o(x$fpl$dleqf) for __aeabi_cdcmple
    ucos_task.o(.text) refers to lis3mdl.o(.text) for LSM6_readAcc
    ucos_task.o(.text) refers to mpu6050.o(.text) for MPU6050_Data_Prepare
    ucos_task.o(.text) refers to ukf_task.o(.text) for ukf_pos_task_qr
    ucos_task.o(.text) refers to my_math.o(.text) for To_180_degrees
    ucos_task.o(.text) refers to watch_dog.o(.text) for IWDG_Feed
    ucos_task.o(.text) refers to delay.o(.text) for delay_ms
    ucos_task.o(.text) refers to ucos_task.o(.data) for inner_loop_time_time
    ucos_task.o(.text) refers to lis3mdl.o(.bss) for lis3mdl
    ucos_task.o(.text) refers to ucos_task.o(.bss) for flow_matlab_data
    ucos_task.o(.text) refers to imu.o(.data) for Yaw
    ucos_task.o(.text) refers to nav_ukf.o(.bss) for navUkfData
    ucos_task.o(.text) refers to imu_m.o(.data) for ref_q_imd_down
    ucos_task.o(.text) refers to imu.o(.bss) for q_nav
    ucos_task.o(.text) refers to imu_m.o(.bss) for reference_vr_imd_down
    ucos_task.o(.text) refers to usart_fc.o(.data) for imu_feed_dog
    ucos_task.o(.text) refers to mpu6050.o(.bss) for imu_fushion
    ucos_task.o(.text) refers to imu_m.o(.text) for madgwick_update_new
    ucos_task.o(.text) refers to fabs.o(i.__hardfp_fabs) for __hardfp_fabs
    ucos_task.o(.text) refers to drleqf.o(x$fpl$drleqf) for __aeabi_cdrcmple
    ucos_task.o(.text) refers to usart_fc.o(.bss) for pi_flow
    ucos_task.o(.text) refers to main.o(.bss) for module
    ucos_task.o(.text) refers to alt_kf.o(.text) for altUkfProcess
    ucos_task.o(.text) refers to ultrasonic.o(.text) for Ultra_Duty
    ucos_task.o(.text) refers to dflt_clz.o(x$fpl$dfltu) for __aeabi_ui2d
    ucos_task.o(.text) refers to basic.o(x$fpl$basic) for __aeabi_dneg
    ucos_task.o(.text) refers to d2f.o(x$fpl$d2f) for __aeabi_d2f
    ucos_task.o(.text) refers to flow.o(.text) for flow_pertreatment_oldx
    ucos_task.o(.text) refers to fliter.o(.text) for firstOrderFilter
    ucos_task.o(.text) refers to ddiv.o(x$fpl$ddiv) for __aeabi_ddiv
    ucos_task.o(.text) refers to ultrasonic.o(.data) for ultra_ok
    ucos_task.o(.text) refers to alt_kf.o(.data) for ALT_POS_SONAR3
    ucos_task.o(.text) refers to flow.o(.bss) for flow_per_out
    ucos_task.o(.text) refers to flow.o(.data) for k_flow_devide
    ucos_task.o(.text) refers to fliter.o(.bss) for firstOrderFilters
    ucos_task.o(.text) refers to dmul.o(x$fpl$dmul) for __aeabi_dmul
    ucos_task.o(.text) refers to daddsub_clz.o(x$fpl$dadd) for __aeabi_dadd
    ucos_task.o(.text) refers to nav_ukf.o(.text) for navUkfRotateVectorByQuat
    ucos_task.o(.text) refers to os_core.o(.text) for OSIntEnter
    ucos_task.o(.text) refers to stm32f4xx_tim.o(.text) for TIM_GetITStatus
    ucos_task.o(.text) refers to usart_fc.o(.text) for Send_TO_FLOW_NAV_GPS
    ucos_task.o(.text) refers to stm32f4xx_dma.o(.text) for DMA_GetFlagStatus
    ucos_task.o(.text) refers to stm32f4xx_usart.o(.text) for USART_DMACmd
    ucos_task.o(.text) refers to dma.o(.text) for MYDMA_Enable
    ucos_task.o(.text) refers to dfix.o(x$fpl$dfix) for __aeabi_d2iz
    ucos_task.o(.text) refers to alt_kf.o(.bss) for acc_z_view
    ucos_task.o(.text) refers to ms5611_2.o(.data) for baroAlt
    ucos_task.o(.text) refers to ukf_task.o(.bss) for X_ukf
    ucos_task.o(.text) refers to ukf_task.o(.data) for K_spd_flow
    ucos_task.o(.text) refers to led_fc.o(.text) for LEDRGB_STATE
    ucos_task.o(.text) refers to os_core.o(.data) for OSCPUUsage
    main.o(.text) refers to os_mbox.o(.text) for OSMboxCreate
    main.o(.text) refers to os_q.o(.text) for OSQCreate
    main.o(.text) refers to os_flag.o(.text) for OSFlagCreate
    main.o(.text) refers to os_core.o(.text) for OSStatInit
    main.o(.text) refers to os_tmr.o(.text) for OSTmrCreate
    main.o(.text) refers to os_cpu_a.o(.text) for OS_CPU_SR_Save
    main.o(.text) refers to os_task.o(.text) for OSTaskCreate
    main.o(.text) refers to misc.o(.text) for NVIC_PriorityGroupConfig
    main.o(.text) refers to delay.o(.text) for delay_init
    main.o(.text) refers to time.o(.text) for Initial_Timer_SYS
    main.o(.text) refers to iic_soft.o(.text) for I2c_Soft_Init
    main.o(.text) refers to iic1.o(.text) for IIC_IMU1_Init
    main.o(.text) refers to lis3mdl.o(.text) for LIS3MDL_enableDefault
    main.o(.text) refers to alt_kf.o(.text) for altUkfInit
    main.o(.text) refers to led_fc.o(.text) for LED_Init
    main.o(.text) refers to usart_fc.o(.text) for Usart1_Init
    main.o(.text) refers to dma.o(.text) for MYDMA_Config
    main.o(.text) refers to flash_w25.o(.text) for W25QXX_Init
    main.o(.text) refers to flash.o(.text) for READ_PARM
[...]
    __hardfp_sqrt                            0x08028759   Thumb Code   122  sqrt.o(i.__hardfp_sqrt)
    __ieee754_rem_pio2                       0x080287d9   Thumb Code   938  rred.o(i.__ieee754_rem_pio2)
    __kernel_cos                             0x08028c11   Thumb Code   322  cos_i.o(i.__kernel_cos)
    __kernel_poly                            0x08028d81   Thumb Code   248  poly.o(i.__kernel_poly)
    __kernel_sin                             0x08028e79   Thumb Code   280  sin_i.o(i.__kernel_sin)
    __mathlib_dbl_divzero                    0x08028fa9   Thumb Code    28  dunder.o(i.__mathlib_dbl_divzero)
    __mathlib_dbl_infnan                     0x08028fd9   Thumb Code    20  dunder.o(i.__mathlib_dbl_infnan)
    __mathlib_dbl_infnan2                    0x08028fed   Thumb Code    20  dunder.o(i.__mathlib_dbl_infnan2)
    __mathlib_dbl_invalid                    0x08029001   Thumb Code    24  dunder.o(i.__mathlib_dbl_invalid)
    __mathlib_dbl_overflow                   0x08029021   Thumb Code    24  dunder.o(i.__mathlib_dbl_overflow)
    __mathlib_dbl_underflow                  0x08029041   Thumb Code    24  dunder.o(i.__mathlib_dbl_underflow)
    __mathlib_flt_divzero                    0x08029061   Thumb Code    14  funder.o(i.__mathlib_flt_divzero)
    __mathlib_flt_infnan                     0x08029075   Thumb Code     6  funder.o(i.__mathlib_flt_infnan)
    __mathlib_flt_infnan2                    0x0802907b   Thumb Code     6  funder.o(i.__mathlib_flt_infnan2)
    __mathlib_flt_invalid                    0x08029081   Thumb Code    10  funder.o(i.__mathlib_flt_invalid)
    __mathlib_flt_overflow                   0x08029091   Thumb Code    10  funder.o(i.__mathlib_flt_overflow)
    __mathlib_flt_underflow                  0x080290a1   Thumb Code    10  funder.o(i.__mathlib_flt_underflow)
    __mathlib_rredf2                         0x080290b1   Thumb Code   316  rredf.o(i.__mathlib_rredf2)
    fabs                                     0x08029205   Thumb Code    24  fabs.o(i.fabs)
    sqrt                                     0x0802921d   Thumb Code   110  sqrt.o(i.sqrt)
    sqrtf                                    0x0802928b   Thumb Code    62  sqrtf.o(i.sqrtf)
    __aeabi_dneg                             0x080292c9   Thumb Code     0  basic.o(x$fpl$basic)
    _dneg                                    0x080292c9   Thumb Code     6  basic.o(x$fpl$basic)
    __aeabi_fneg                             0x080292cf   Thumb Code     0  basic.o(x$fpl$basic)
    _fneg                                    0x080292cf   Thumb Code     6  basic.o(x$fpl$basic)
    _dabs                                    0x080292d5   Thumb Code     6  basic.o(x$fpl$basic)
    _fabs                                    0x080292db   Thumb Code     6  basic.o(x$fpl$basic)
    __aeabi_d2f                              0x080292e1   Thumb Code     0  d2f.o(x$fpl$d2f)
    _d2f                                     0x080292e1   Thumb Code    98  d2f.o(x$fpl$d2f)
    __aeabi_dadd                             0x08029345   Thumb Code     0  daddsub_clz.o(x$fpl$dadd)
    _dadd                                    0x08029345   Thumb Code   332  daddsub_clz.o(x$fpl$dadd)
    __fpl_dcheck_NaN1                        0x08029495   Thumb Code    10  dcheck1.o(x$fpl$dcheck1)
    __fpl_dcmp_Inf                           0x080294a5   Thumb Code    24  dcmpi.o(x$fpl$dcmpinf)
    __aeabi_ddiv                             0x080294bd   Thumb Code     0  ddiv.o(x$fpl$ddiv)
    _ddiv                                    0x080294bd   Thumb Code   552  ddiv.o(x$fpl$ddiv)
    __aeabi_cdcmpeq                          0x0802976d   Thumb Code     0  deqf.o(x$fpl$deqf)
    _dcmpeq                                  0x0802976d   Thumb Code   120  deqf.o(x$fpl$deqf)
    __aeabi_d2iz                             0x080297e5   Thumb Code     0  dfix.o(x$fpl$dfix)
    _dfix                                    0x080297e5   Thumb Code    94  dfix.o(x$fpl$dfix)
    __aeabi_i2d                              0x08029843   Thumb Code     0  dflt_clz.o(x$fpl$dflt)
    _dflt                                    0x08029843   Thumb Code    46  dflt_clz.o(x$fpl$dflt)
    __aeabi_ui2d                             0x08029871   Thumb Code     0  dflt_clz.o(x$fpl$dfltu)
    _dfltu                                   0x08029871   Thumb Code    38  dflt_clz.o(x$fpl$dfltu)
    __aeabi_cdcmple                          0x08029899   Thumb Code     0  dleqf.o(x$fpl$dleqf)
    _dcmple                                  0x08029899   Thumb Code   120  dleqf.o(x$fpl$dleqf)
    __fpl_dcmple_InfNaN                      0x080298fb   Thumb Code     0  dleqf.o(x$fpl$dleqf)
    __aeabi_dmul                             0x08029911   Thumb Code     0  dmul.o(x$fpl$dmul)
    _dmul                                    0x08029911   Thumb Code   332  dmul.o(x$fpl$dmul)
    __fpl_dnaninf                            0x08029a65   Thumb Code   156  dnaninf.o(x$fpl$dnaninf)
    __fpl_dretinf                            0x08029b01   Thumb Code    12  dretinf.o(x$fpl$dretinf)
    __aeabi_cdrcmple                         0x08029b0d   Thumb Code     0  drleqf.o(x$fpl$drleqf)
    _drcmple                                 0x08029b0d   Thumb Code   108  drleqf.o(x$fpl$drleqf)
    __aeabi_drsub                            0x08029b79   Thumb Code     0  daddsub_clz.o(x$fpl$drsb)
    _drsb                                    0x08029b79   Thumb Code    22  daddsub_clz.o(x$fpl$drsb)
    _dsqrt                                   0x08029b91   Thumb Code   404  dsqrt_umaal.o(x$fpl$dsqrt)
    __aeabi_dsub                             0x08029d29   Thumb Code     0  daddsub_clz.o(x$fpl$dsub)
    _dsub                                    0x08029d29   Thumb Code   464  daddsub_clz.o(x$fpl$dsub)
    __aeabi_f2d                              0x08029efd   Thumb Code     0  f2d.o(x$fpl$f2d)
    _f2d                                     0x08029efd   Thumb Code    86  f2d.o(x$fpl$f2d)
    __fpl_fnaninf                            0x08029f53   Thumb Code   140  fnaninf.o(x$fpl$fnaninf)
    _fp_init                                 0x08029fdf   Thumb Code    10  fpinit.o(x$fpl$fpinit)
    __fplib_config_fpu_vfp                   0x08029fe7   Thumb Code     0  fpinit.o(x$fpl$fpinit)
    __fplib_config_pureend_doubles           0x08029fe7   Thumb Code     0  fpinit.o(x$fpl$fpinit)
    __fpl_fretinf                            0x08029fe9   Thumb Code    10  fretinf.o(x$fpl$fretinf)
    __fpl_return_NaN                         0x08029ff3   Thumb Code   100  retnan.o(x$fpl$retnan)
    __ARM_scalbn                             0x0802a057   Thumb Code    92  scalbn.o(x$fpl$scalbn)
    __fpl_cmpreturn                          0x0802a0b3   Thumb Code    48  trapv.o(x$fpl$trapveneer)
    OSUnMapTbl                               0x0802a0e2   Data         256  os_core.o(.constdata)
    __I$use$fp                               0x0802a0e2   Number         0  usenofp.o(x$fpl$usenofp)
    __mathlib_zero                           0x0802a588   Data           8  qnan.o(.constdata)
    Region$$Table$$Base                      0x0802a6a0   Number         0  anon$$obj.o(Region$$Table)
    Region$$Table$$Limit                     0x0802a6c0   Number         0  anon$$obj.o(Region$$Table)
    ccmHeap                                  0x20000000   Data       40960  alt_kf.o(.ccm)
    fly_ready                                0x2000a000   Data           1  ucos_task.o(.data)
    inner_loop_time_time                     0x2000a004   Data           4  ucos_task.o(.data)
    inner_loop_time_time_int                 0x2000a008   Data           4  ucos_task.o(.data)
    GOL_LINK_BUSY                            0x2000a00c   Data           2  ucos_task.o(.data)
    cnt_time                                 0x2000a00e   Data           4  ucos_task.o(.data)
    YawR                                     0x2000a014   Data           4  ucos_task.o(.data)
    PitchR                                   0x2000a018   Data           4  ucos_task.o(.data)
    RollR                                    0x2000a01c   Data           4  ucos_task.o(.data)
    YawRm                                    0x2000a020   Data           4  ucos_task.o(.data)
    PitchRm                                  0x2000a024   Data           4  ucos_task.o(.data)
    RollRm                                   0x2000a028   Data           4  ucos_task.o(.data)
    outer_loop_time                          0x2000a02c   Data           4  ucos_task.o(.data)
    k_gyro_z                                 0x2000a030   Data           4  ucos_task.o(.data)
    ekf_loop_time                            0x2000a034   Data           4  ucos_task.o(.data)
    focal_length_px                          0x2000a038   Data           4  ucos_task.o(.data)
    accumulated_flow_x                       0x2000a03c   Data           4  ucos_task.o(.data)
    accumulated_flow_y                       0x2000a040   Data           4  ucos_task.o(.data)
    accumulated_gyro_x                       0x2000a044   Data           4  ucos_task.o(.data)
    accumulated_gyro_y                       0x2000a048   Data           4  ucos_task.o(.data)
    accumulated_gyro_z                       0x2000a04c   Data           4  ucos_task.o(.data)
    accumulated_framecount                   0x2000a050   Data           2  ucos_task.o(.data)
    accumulated_quality                      0x2000a052   Data           2  ucos_task.o(.data)
    integration_timespan                     0x2000a054   Data           4  ucos_task.o(.data)
    k_flow_acc                               0x2000a058   Data           8  ucos_task.o(.data)
    k_gro_acc                                0x2000a060   Data           4  ucos_task.o(.data)
    flt_gro                                  0x2000a064   Data           4  ucos_task.o(.data)
    k_time_use                               0x2000a068   Data           4  ucos_task.o(.data)
    imu_board_test                           0x2000a06c   Data           1  ucos_task.o(.data)
    MID_CNT_SPD                              0x2000a06d   Data           1  ucos_task.o(.data)
    k_flp                                    0x2000a070   Data           4  ucos_task.o(.data)
    b                                        0x2000a0c8   Data          12  ucos_task.o(.data)
    a                                        0x2000a0d4   Data          12  ucos_task.o(.data)
    baro_matlab_data                         0x2000a0e0   Data           8  ucos_task.o(.data)
    flow_loop_time                           0x2000a0e8   Data           4  ucos_task.o(.data)
    k_flow_devide_pi                         0x2000a0ec   Data           4  ucos_task.o(.data)
    UART_UP_LOAD_SEL                         0x2000a0f0   Data           1  ucos_task.o(.data)
    time_uart                                0x2000a0f4   Data           4  ucos_task.o(.data)
    tmr1                                     0x2000a0f8   Data           4  ucos_task.o(.data)
    tmr2                                     0x2000a0fc   Data           4  ucos_task.o(.data)
    tmr3                                     0x2000a100   Data           4  ucos_task.o(.data)
    cpuusage                                 0x2000a104   Data           2  ucos_task.o(.data)
    msg_key                                  0x2000a134   Data           4  main.o(.data)
    q_msg                                    0x2000a138   Data           4  main.o(.data)
    flags_key                                0x2000a13c   Data           4  main.o(.data)
    ekf_loop_time1                           0x2000a140   Data           4  main.o(.data)
    ero                                      0x2000a144   Data           4  error.o(.data)
    sys                                      0x2000a148   Data           8  error.o(.data)
    rtInf                                    0x2000a160   Data           8  rt_nonfinite.o(.data)
    rtMinusInf                               0x2000a168   Data           8  rt_nonfinite.o(.data)
    rtNaN                                    0x2000a170   Data           8  rt_nonfinite.o(.data)
    rtInfF                                   0x2000a178   Data           4  rt_nonfinite.o(.data)
    rtMinusInfF                              0x2000a17c   Data           4  rt_nonfinite.o(.data)
    rtNaNF                                   0x2000a180   Data           4  rt_nonfinite.o(.data)
    SystemCoreClock                          0x2000a184   Data           4  system_stm32f4xx.o(.data)
    AHBPrescTable                            0x2000a188   Data          16  system_stm32f4xx.o(.data)
    OSCtxSwCtr                               0x2000a1ac   Data           4  os_core.o(.data)
    OSEventFreeList                          0x2000a1b0   Data           4  os_core.o(.data)
    OSFlagFreeList                           0x2000a1b4   Data           4  os_core.o(.data)
    OSCPUUsage                               0x2000a1b8   Data           1  os_core.o(.data)
    OSIdleCtrMax                             0x2000a1bc   Data           4  os_core.o(.data)
    OSIdleCtrRun                             0x2000a1c0   Data           4  os_core.o(.data)
    OSStatRdy                                0x2000a1c4   Data           1  os_core.o(.data)
    OSIntNesting                             0x2000a1c5   Data           1  os_core.o(.data)
    OSLockNesting                            0x2000a1c6   Data           1  os_core.o(.data)
    OSPrioCur                                0x2000a1c7   Data           1  os_core.o(.data)
    OSPrioHighRdy                            0x2000a1c8   Data           1  os_core.o(.data)
    OSRdyGrp                                 0x2000a1c9   Data           1  os_core.o(.data)
    OSRdyTbl                                 0x2000a1ca   Data           8  os_core.o(.data)
    OSRunning                                0x2000a1d2   Data           1  os_core.o(.data)
    OSTaskCtr                                0x2000a1d3   Data           1  os_core.o(.data)
    OSIdleCtr                                0x2000a1d4   Data           4  os_core.o(.data)
    OSTCBCur                                 0x2000a1d8   Data           4  os_core.o(.data)
    OSTCBFreeList                            0x2000a1dc   Data           4  os_core.o(.data)
    OSTCBHighRdy                             0x2000a1e0   Data           4  os_core.o(.data)
    OSTCBList                                0x2000a1e4   Data           4  os_core.o(.data)
    OSTickStepState                          0x2000a1e8   Data           1  os_core.o(.data)
    OSQFreeList                              0x2000a1ec   Data           4  os_core.o(.data)
    OSTime                                   0x2000a1f0   Data           4  os_core.o(.data)
    OSTmrFree                                0x2000a1f4   Data           2  os_core.o(.data)
    OSTmrUsed                                0x2000a1f6   Data           2  os_core.o(.data)
    OSTmrTime                                0x2000a1f8   Data           4  os_core.o(.data)
    OSTmrSem                                 0x2000a1fc   Data           4  os_core.o(.data)
    OSTmrSemSignal                           0x2000a200   Data           4  os_core.o(.data)
    OSTmrFreeList                            0x2000a204   Data           4  os_core.o(.data)
    OSInterrputSum                           0x2000a208   Data           4  os_cpu_c.o(.data)
    I2C_FastMode                             0x2000a20e   Data           1  iic_soft.o(.data)
    FLASH_SIZE                               0x2000a218   Data           4  flash.o(.data)
    W25QXX_TYPE                              0x2000a21c   Data           2  flash_w25.o(.data)
    GPS_SEL1                                 0x2000a220   Data           1  gps.o(.data)
    gps_dt                                   0x2000a224   Data           4  gps.o(.data)
    dt_flow_rx                               0x2000a228   Data           4  usart_fc.o(.data)
    data_rate_gol_link                       0x2000a22c   Data           2  usart_fc.o(.data)
    LOCK                                     0x2000a22e   Data           1  usart_fc.o(.data)
    KEY                                      0x2000a22f   Data           8  usart_fc.o(.data)
    KEY_SEL                                  0x2000a237   Data           4  usart_fc.o(.data)
    NAV_BOARD_CONNECT                        0x2000a23b   Data           1  usart_fc.o(.data)
    force_fly_ready                          0x2000a23c   Data           1  usart_fc.o(.data)
    k_flow_opencv                            0x2000a240   Data           4  usart_fc.o(.data)
    sonar_fc                                 0x2000a244   Data           4  usart_fc.o(.data)
    baroAlt_fc                               0x2000a248   Data           4  usart_fc.o(.data)
    fc_rx_time                               0x2000a24c   Data           4  usart_fc.o(.data)
    flow_module_set_yaw                      0x2000a250   Data           4  usart_fc.o(.data)
    acc_3d_step                              0x2000a254   Data           1  usart_fc.o(.data)
    imu_feed_dog                             0x2000a255   Data           1  usart_fc.o(.data)
    FC_CONNECT                               0x2000a256   Data           1  usart_fc.o(.data)
    fc_loss_cnt                              0x2000a258   Data           2  usart_fc.o(.data)
    fly_ready_force_zero                     0x2000a25a   Data           1  usart_fc.o(.data)
    TxCounter                                0x2000a25b   Data           1  usart_fc.o(.data)
    count                                    0x2000a25c   Data           1  usart_fc.o(.data)
    RxState                                  0x2000a25d   Data           1  usart_fc.o(.data)
    RxBufferNum                              0x2000a25e   Data           1  usart_fc.o(.data)
    RxBufferCnt                              0x2000a25f   Data           1  usart_fc.o(.data)
    RxLen                                    0x2000a260   Data           1  usart_fc.o(.data)
    com_data                                 0x2000a261   Data           1  usart_fc.o(.data)
    sd_save_sel                              0x2000a264   Data           1  usart_fc.o(.data)
    nrf_uart_cnt                             0x2000a266   Data           2  usart_fc.o(.data)
    Tx5Counter                               0x2000a268   Data           1  usart_fc.o(.data)
    count5                                   0x2000a269   Data           1  usart_fc.o(.data)
    dlf_odroid                               0x2000a26c   Data           4  usart_fc.o(.data)
    TxCounter_u1                             0x2000a270   Data           1  usart_fc.o(.data)
    count_u1                                 0x2000a271   Data           1  usart_fc.o(.data)
    RxState_u1                               0x2000a272   Data           1  usart_fc.o(.data)
    RxBufferNum_u1                           0x2000a273   Data           1  usart_fc.o(.data)
    RxBufferCnt_u1                           0x2000a274   Data           1  usart_fc.o(.data)
    RxLen_u1                                 0x2000a275   Data           1  usart_fc.o(.data)
    USART3_RX_STA                            0x2000a278   Data           2  usart_fc.o(.data)
    buf_GPRMC                                0x2000a27a   Data         100  usart_fc.o(.data)
    buf_GPRMCt                               0x2000a2de   Data         100  usart_fc.o(.data)
    buf_GPGGA                                0x2000a342   Data         100  usart_fc.o(.data)
    buf_GPGGAt                               0x2000a3a6   Data         100  usart_fc.o(.data)
    gps_good                                 0x2000a40a   Data           1  usart_fc.o(.data)
    gps_loss_cnt                             0x2000a40c   Data           2  usart_fc.o(.data)
    k_gps_dow_spd                            0x2000a410   Data           4  usart_fc.o(.data)
    gpsData_lastPosUpdate                    0x2000a414   Data           4  usart_fc.o(.data)
    gpsData_lastVelUpdate                    0x2000a418   Data           4  usart_fc.o(.data)
    gps_update                               0x2000a41c   Data           4  usart_fc.o(.data)
    RxState11                                0x2000a420   Data           1  usart_fc.o(.data)
    RxBufferNum11                            0x2000a421   Data           1  usart_fc.o(.data)
    RxBufferCnt11                            0x2000a422   Data           1  usart_fc.o(.data)
    RxLen11                                  0x2000a423   Data           1  usart_fc.o(.data)
    _data_cnt11                              0x2000a424   Data           2  usart_fc.o(.data)
    _data_len11                              0x2000a426   Data           2  usart_fc.o(.data)
    RxBuffer4_test_cnt                       0x2000a428   Data           1  usart_fc.o(.data)
    RxState4                                 0x2000a429   Data           1  usart_fc.o(.data)
    RxBufferNum4                             0x2000a42a   Data           1  usart_fc.o(.data)
    RxBufferCnt4                             0x2000a42b   Data           1  usart_fc.o(.data)
    RxLen4                                   0x2000a42c   Data           1  usart_fc.o(.data)
    en_px4_mapper                            0x2000a42f   Data           1  usart_fc.o(.data)
    rate_gps_board                           0x2000a430   Data           4  usart_fc.o(.data)
    RxState3                                 0x2000a434   Data           1  usart_fc.o(.data)
    RxBufferNum3                             0x2000a435   Data           1  usart_fc.o(.data)
    RxBufferCnt3                             0x2000a436   Data           1  usart_fc.o(.data)
    RxLen3                                   0x2000a437   Data           1  usart_fc.o(.data)
    Angle_Yun                                0x2000a43c   Data           8  usart_fc.o(.data)
    en_ble_debug                             0x2000a444   Data           1  usart_fc.o(.data)
    IMU1_Fast                                0x2000a488   Data           1  lis3mdl.o(.data)
    id                                       0x2000a489   Data           3  lis3mdl.o(.data)
    sum_temp_att                             0x2000a48c   Data           8  lis3mdl.o(.data)
    acc_sum_cnt                              0x2000a494   Data           2  lis3mdl.o(.data)
    acc_sum_cnt_3d                           0x2000a496   Data           2  lis3mdl.o(.data)
    acc_smple_cnt_3d                         0x2000a498   Data           2  lis3mdl.o(.data)
    gyro_sum_cnt                             0x2000a49a   Data           2  lis3mdl.o(.data)
    acc_tempFilter                           0x2000a6b4   Data           8  lis3mdl.o(.data)
    paOffsetNum                              0x2000a710   Data           8  ms5611_2.o(.data)
    paInitCnt                                0x2000a718   Data           2  ms5611_2.o(.data)
    paOffsetInited                           0x2000a71a   Data           1  ms5611_2.o(.data)
    Baro_ALT_Updated                         0x2000a71b   Data           1  ms5611_2.o(.data)
    MS5611_Temperature                       0x2000a71c   Data           4  ms5611_2.o(.data)
    MS5611_Pressure                          0x2000a720   Data           4  ms5611_2.o(.data)
    MS5611_Altitude                          0x2000a724   Data           4  ms5611_2.o(.data)
    MS5611_VerticalSpeed                     0x2000a728   Data           4  ms5611_2.o(.data)
    MS5611_Delay_us                          0x2000a72c   Data          36  ms5611_2.o(.data)
    for_fly_ready                            0x2000a75e   Data           1  ms5611_2.o(.data)
    baroAlt                                  0x2000a760   Data           4  ms5611_2.o(.data)
    baro_set                                 0x2000a764   Data           1  ms5611_2.o(.data)
    T_sonar                                  0x2000a790   Data           4  ultrasonic.o(.data)
    ultra_start_f                            0x2000a794   Data           1  ultrasonic.o(.data)
    ultra_time                               0x2000a795   Data           1  ultrasonic.o(.data)
    ultra_ok                                 0x2000a796   Data           1  ultrasonic.o(.data)
    x_pred                                   0x2000a798   Data           8  ultrasonic.o(.data)
    v_pred                                   0x2000a7a0   Data           8  ultrasonic.o(.data)
    x_post                                   0x2000a7a8   Data           8  ultrasonic.o(.data)
    v_post                                   0x2000a7b0   Data           8  ultrasonic.o(.data)
    sonar_raw                                0x2000a7b8   Data           4  ultrasonic.o(.data)
    scale_kal_sonar_v                        0x2000a7bc   Data           4  ultrasonic.o(.data)
    x_pred_bmp                               0x2000a7c0   Data           8  ultrasonic.o(.data)
    v_pred_bmp                               0x2000a7c8   Data           8  ultrasonic.o(.data)
    x_post_bmp                               0x2000a7d0   Data           8  ultrasonic.o(.data)
    v_post_bmp                               0x2000a7d8   Data           8  ultrasonic.o(.data)
    state_dj                                 0x2000a7e0   Data           5  ultrasonic.o(.data)
    state_dj_rx                              0x2000a7e5   Data           5  ultrasonic.o(.data)
    IO_STATE                                 0x2000a7ea   Data           5  ultrasonic.o(.data)
    IO_STATER                                0x2000a7ef   Data           5  ultrasonic.o(.data)
    TEMP_SONAR                               0x2000a7f4   Data           4  ultrasonic.o(.data)
    cnt_sample1                              0x2000a7f8   Data           4  ultrasonic.o(.data)
    ultra_distance                           0x2000a7fc   Data           4  ultrasonic.o(.data)
    ultra_distance_r                         0x2000a800   Data           4  ultrasonic.o(.data)
    ultra_delta                              0x2000a804   Data           4  ultrasonic.o(.data)
    ak8975                                   0x2000a81c   Data          48  hml_sample.o(.data)
    fast_atan_table                          0x2000a84c   Data        1028  my_math.o(.data)
    UKF_VEL_DELAY                            0x2000ac50   Data           4  nav_ukf.o(.data)
    UKF_POS_DELAY_UBM                        0x2000ac54   Data           4  nav_ukf.o(.data)
    UKF_POS_DELAY                            0x2000ac58   Data           4  nav_ukf.o(.data)
    k_acc_ukf1                               0x2000ac5c   Data           4  nav_ukf.o(.data)
    k_m_ukf                                  0x2000ac60   Data           4  nav_ukf.o(.data)
    IMU_MAG_DECL                             0x2000ac64   Data           4  nav_ukf.o(.data)
    IMU_MAG_INCL                             0x2000ac68   Data           4  nav_ukf.o(.data)
    UKF_GPS_POS_N_TEMP                       0x2000ac6c   Data           4  nav_ukf.o(.data)
    UKF_GPS_POS_N_TEMPD                      0x2000ac70   Data           4  nav_ukf.o(.data)
    NOISE_PRESS                              0x2000ac74   Data           4  nav_ukf.o(.data)
    UKF_GPS_VEL_N_TEMP                       0x2000ac78   Data           4  nav_ukf.o(.data)
    UKF_GPS_VD_N_TEMP                        0x2000ac7c   Data           4  nav_ukf.o(.data)
    UKF_GPS_VEL_N_TEMP_FLOW                  0x2000ac80   Data           4  nav_ukf.o(.data)
    UKF_GPS_VD_N_TEMP_FLOW                   0x2000ac84   Data           4  nav_ukf.o(.data)
    UKF_MAG_N_TEMP                           0x2000ac88   Data           4  nav_ukf.o(.data)
    en_dop_gps                               0x2000ac8c   Data           1  nav_ukf.o(.data)
    en_z_bais                                0x2000ac8d   Data           1  nav_ukf.o(.data)
    en_bias_gz                               0x2000ac8e   Data           1  nav_ukf.o(.data)
    dImuData_lastUpdate                      0x2000ac90   Data           4  nav_ukf.o(.data)
    navData_presAltOffset                    0x2000ac94   Data           4  nav_ukf.o(.data)
    time_update                              0x2000ad48   Data           4  nav_ukf.o(.data)
    Kp                                       0x2000ad60   Data           4  imu.o(.data)
    Ki                                       0x2000ad64   Data           4  imu.o(.data)
    Roll                                     0x2000ad68   Data           4  imu.o(.data)
    Pitch                                    0x2000ad6c   Data           4  imu.o(.data)
    Yaw                                      0x2000ad70   Data           4  imu.o(.data)
    Roll_mid_down                            0x2000ad74   Data           4  imu.o(.data)
    Pitch_mid_down                           0x2000ad78   Data           4  imu.o(.data)
    Yaw_mid_down                             0x2000ad7c   Data           4  imu.o(.data)
    ref_q                                    0x2000ad80   Data          16  imu.o(.data)
    norm_acc                                 0x2000ad90   Data           4  imu.o(.data)
    norm_q                                   0x2000ad94   Data           4  imu.o(.data)
    norm_acc_lpf                             0x2000ad98   Data           4  imu.o(.data)
    test_flag                                0x2000ad9c   Data          12  imu.o(.data)
    mag_norm                                 0x2000ada8   Data           4  imu.o(.data)
    mag_norm_xyz                             0x2000adac   Data           4  imu.o(.data)
    gh_yaw                                   0x2000adb0   Data           4  imu.o(.data)
    ga_yaw                                   0x2000adb4   Data           4  imu.o(.data)
    gw_yaw                                   0x2000adb8   Data           4  imu.o(.data)
    yaw_kf                                   0x2000adbc   Data           4  imu.o(.data)
    P_kf_yaw                                 0x2000adc0   Data          32  imu.o(.data)
    k_kf_z                                   0x2000ade0   Data           4  imu.o(.data)
    yaw_cross                                0x2000ade4   Data           1  imu.o(.data)
    yaw_qr_off                               0x2000ade8   Data           4  imu.o(.data)
    dis_angle_lock                           0x2000adec   Data           1  imu.o(.data)
    yaw_cal_by_qr                            0x2000aded   Data           1  imu.o(.data)
    yaw_qr_off_local                         0x2000adf0   Data           4  imu.o(.data)
    yaw_off_earth                            0x2000adf4   Data           4  imu.o(.data)
    ref_q_imd_down                           0x2000ae08   Data          16  imu_m.o(.data)
    beta                                     0x2000ae18   Data           4  imu_m.o(.data)
    q0_m                                     0x2000ae1c   Data           4  imu_m.o(.data)
    q1_m                                     0x2000ae20   Data           4  imu_m.o(.data)
    q2_m                                     0x2000ae24   Data           4  imu_m.o(.data)
    q3_m                                     0x2000ae28   Data           4  imu_m.o(.data)
    q0                                       0x2000ae2c   Data           4  imu_m.o(.data)
    q1                                       0x2000ae30   Data           4  imu_m.o(.data)
    q2                                       0x2000ae34   Data           4  imu_m.o(.data)
    q3                                       0x2000ae38   Data           4  imu_m.o(.data)
    q0_fc                                    0x2000ae3c   Data           4  imu_m.o(.data)
    q1_fc                                    0x2000ae40   Data           4  imu_m.o(.data)
    q2_fc                                    0x2000ae44   Data           4  imu_m.o(.data)
    q3_fc                                    0x2000ae48   Data           4  imu_m.o(.data)
    init_q                                   0x2000ae4c   Data           1  imu_m.o(.data)
    beta_start                               0x2000ae50   Data           4  imu_m.o(.data)
    beta_end                                 0x2000ae54   Data           4  imu_m.o(.data)
    beta_step                                0x2000ae58   Data           4  imu_m.o(.data)
    accConfidenceDecay                       0x2000ae5c   Data           4  imu_m.o(.data)
    hmlConfidenceDecay                       0x2000ae60   Data           4  imu_m.o(.data)
    accConfidence                            0x2000ae64   Data           4  imu_m.o(.data)
    hmlConfidence                            0x2000ae68   Data           4  imu_m.o(.data)
    norm_hml_view                            0x2000ae6c   Data           4  imu_m.o(.data)
    hmlOneMAG                                0x2000ae70   Data           4  imu_m.o(.data)
    init_hml_norm                            0x2000ae74   Data           1  imu_m.o(.data)
    init_hml_norm_cnt                        0x2000ae76   Data           2  imu_m.o(.data)
    test_k                                   0x2000ae88   Data          12  ukf_task.o(.data)
    q_flow                                   0x2000ae94   Data          12  ukf_task.o(.data)
    r_flow                                   0x2000aea0   Data          12  ukf_task.o(.data)
    flow_gain                                0x2000aeac   Data           4  ukf_task.o(.data)
    acc_flag_flow                            0x2000aeb0   Data           8  ukf_task.o(.data)
    X_ukf_Pos                                0x2000aeb8   Data           8  ukf_task.o(.data)
    r1                                       0x2000aec0   Data           4  ukf_task.o(.data)
    r2                                       0x2000aec4   Data           4  ukf_task.o(.data)
    posNorth                                 0x2000aec8   Data           4  ukf_task.o(.data)
    posEast                                  0x2000aecc   Data           4  ukf_task.o(.data)
    local_Lat                                0x2000aed0   Data           8  ukf_task.o(.data)
    local_Lon                                0x2000aed8   Data           8  ukf_task.o(.data)
    velEast                                  0x2000aee0   Data           4  ukf_task.o(.data)
    velNorth                                 0x2000aee4   Data           4  ukf_task.o(.data)
    GPS_J_F                                  0x2000aee8   Data           4  ukf_task.o(.data)
    GPS_W_F                                  0x2000aeec   Data           4  ukf_task.o(.data)
    kf_data_sel                              0x2000aef0   Data           1  ukf_task.o(.data)
    P_KF_NAV                                 0x2000aef8   Data         144  ukf_task.o(.data)
    ga_nav                                   0x2000af88   Data           4  ukf_task.o(.data)
    gwa_nav                                  0x2000af8c   Data           4  ukf_task.o(.data)
    g_pos_flow                               0x2000af90   Data           4  ukf_task.o(.data)
    g_spd_flow                               0x2000af94   Data           4  ukf_task.o(.data)
    K_pos_qr                                 0x2000af98   Data           4  ukf_task.o(.data)
    K_spd_flow                               0x2000af9c   Data           4  ukf_task.o(.data)
    K_acc_gps                                0x2000afa0   Data           4  ukf_task.o(.data)
    K_pos_gps                                0x2000afa4   Data           4  ukf_task.o(.data)
    K_spd_gps                                0x2000afa8   Data           4  ukf_task.o(.data)
    g_pos_gps                                0x2000afac   Data           4  ukf_task.o(.data)
    g_spd_gps                                0x2000afb0   Data           4  ukf_task.o(.data)
    g_pos_use                                0x2000afb4   Data           4  ukf_task.o(.data)
    g_spd_use                                0x2000afb8   Data           4  ukf_task.o(.data)
    velNorth_gps                             0x2000afbc   Data           4  ukf_task.o(.data)
    velEast_gps                              0x2000afc0   Data           4  ukf_task.o(.data)
    flag_kf1                                 0x2000afc4   Data           8  ukf_task.o(.data)
    force_test                               0x2000afcc   Data           1  ukf_task.o(.data)
    Posx                                     0x2000afd0   Data           4  ukf_task.o(.data)
    Posy                                     0x2000afd4   Data           4  ukf_task.o(.data)
    gps_data_vaild                           0x2000afd8   Data           1  ukf_task.o(.data)
    gps_init                                 0x2000afd9   Data           1  ukf_task.o(.data)
    r_flow_new                               0x2000afdc   Data          16  ukf_task.o(.data)
    r_gps_new                                0x2000afec   Data          16  ukf_task.o(.data)
    altUkfData                               0x2000b030   Data           8  alt_kf.o(.data)
    altUkfData_sonar                         0x2000b038   Data           8  alt_kf.o(.data)
    altUkfData_bmp                           0x2000b040   Data           8  alt_kf.o(.data)
    flowUkfData_x                            0x2000b048   Data           8  alt_kf.o(.data)
    flowUkfData_y                            0x2000b050   Data           8  alt_kf.o(.data)
    gpsUkfData_e                             0x2000b058   Data           8  alt_kf.o(.data)
    gpsUkfData_n                             0x2000b060   Data           8  alt_kf.o(.data)
    heapUsed                                 0x2000b068   Data           4  alt_kf.o(.data)
    heapHighWater                            0x2000b06c   Data           4  alt_kf.o(.data)
    dataSramUsed                             0x2000b070   Data           4  alt_kf.o(.data)
    FLOW_NOISE                               0x2000b074   Data           4  alt_kf.o(.data)
    flow_pos                                 0x2000b078   Data           8  alt_kf.o(.data)
    measure_num                              0x2000b080   Data           1  alt_kf.o(.data)
    k_acc                                    0x2000b088   Data           4  alt_kf.o(.data)
    sonar_av_cnt                             0x2000b08c   Data           2  alt_kf.o(.data)
    sonar_f_set                              0x2000b090   Data          24  alt_kf.o(.data)
    ALT_PRES_NOISE                           0x2000b0a8   Data           4  alt_kf.o(.data)
    ALT_PRES_NOISE_SONAR                     0x2000b0ac   Data           4  alt_kf.o(.data)
    ALT_POS_SONAR2                           0x2000b0b0   Data           4  alt_kf.o(.data)
    ALT_POS_SONAR3                           0x2000b0b4   Data           4  alt_kf.o(.data)
    sonar_h_cnt                              0x2000b0b8   Data           4  alt_kf.o(.data)
    sonar_temp                               0x2000b0bc   Data           4  alt_kf.o(.data)
    K_SONAR                                  0x2000b0c0   Data           4  alt_kf.o(.data)
    test_1                                   0x2000b0c4   Data           2  alt_kf.o(.data)
    en_1                                     0x2000b0c6   Data           1  alt_kf.o(.data)
    NOISE                                    0x2000b0c8   Data          12  alt_kf.o(.data)
    X_apo_height1                            0x2000b0d4   Data           8  alt_kf.o(.data)
    P_apo_k_height1                          0x2000b0dc   Data          16  alt_kf.o(.data)
    r_baro1                                  0x2000b0ec   Data           4  alt_kf.o(.data)
    r_acc1                                   0x2000b0f0   Data           4  alt_kf.o(.data)
    k_spd                                    0x2000b0f4   Data           4  alt_kf.o(.data)
    gh                                       0x2000b0f8   Data           4  alt_kf.o(.data)
    gh_sonar                                 0x2000b0fc   Data           4  alt_kf.o(.data)
    ga                                       0x2000b100   Data           4  alt_kf.o(.data)
    gwa                                      0x2000b104   Data           4  alt_kf.o(.data)
    P_kf_baro                                0x2000b108   Data          72  alt_kf.o(.data)
    P_kf_sonar                               0x2000b150   Data          72  alt_kf.o(.data)
    X_apo_height                             0x2000b198   Data           8  alt_kf.o(.data)
    P_apo_k_height                           0x2000b1a0   Data          16  alt_kf.o(.data)
    k_bais                                   0x2000b1b0   Data           4  alt_kf.o(.data)
    k_bais2                                  0x2000b1b4   Data           4  alt_kf.o(.data)
    r_baro                                   0x2000b1b8   Data           4  alt_kf.o(.data)
    r_acc                                    0x2000b1bc   Data           4  alt_kf.o(.data)
    gro_z_dead                               0x2000b1c0   Data           4  alt_kf.o(.data)
    dead_accz                                0x2000b1c4   Data           4  alt_kf.o(.data)
    acc_off_baro                             0x2000b1c8   Data           4  alt_kf.o(.data)
    k_hcc                                    0x2000b1cc   Data           4  alt_kf.o(.data)
    k_hcc_fix                                0x2000b1d0   Data           4  alt_kf.o(.data)
    hc_acc_i_bmp                             0x2000b1d4   Data           4  alt_kf.o(.data)
    accz                                     0x2000b1d8   Data           4  alt_kf.o(.data)
    accz_bmp                                 0x2000b1dc   Data           4  alt_kf.o(.data)
    acc_scale_bmp                            0x2000b1e0   Data           4  alt_kf.o(.data)
    acc_mask                                 0x2000b1e4   Data           1  alt_kf.o(.data)
    acc_mask_cnt_max                         0x2000b1e6   Data           2  alt_kf.o(.data)
    baro_ukf_dt                              0x2000b1e8   Data           4  alt_kf.o(.data)
    baro_ekf_dt                              0x2000b1ec   Data           4  alt_kf.o(.data)
    k_flt_accz                               0x2000b1f0   Data           4  alt_kf.o(.data)
    acc_est                                  0x2000b1f4   Data           4  alt_kf.o(.data)
    acc_est_imu                              0x2000b1f8   Data           4  alt_kf.o(.data)
    baro_ekf_ero                             0x2000b1fc   Data           1  alt_kf.o(.data)
    ALT_VEL_BMP_UNION                        0x2000b200   Data           4  alt_kf.o(.data)
    ALT_POS_BMP_UNION                        0x2000b204   Data           4  alt_kf.o(.data)
    baroAlt_sel                              0x2000b208   Data           1  alt_kf.o(.data)
    r_baro_new                               0x2000b20c   Data          16  alt_kf.o(.data)
    g_baro_h                                 0x2000b21c   Data           4  alt_kf.o(.data)
    g_baro_spd                               0x2000b220   Data           4  alt_kf.o(.data)
    acc_flag                                 0x2000b224   Data           8  alt_kf.o(.data)
    k_acc_ukf                                0x2000b22c   Data           4  alt_kf.o(.data)
    MAX_ACC_NEO                              0x2000b230   Data           4  alt_kf.o(.data)
    flow_dt                                  0x2000b234   Data           4  alt_kf.o(.data)
    GPS_NOISE                                0x2000b238   Data           4  alt_kf.o(.data)
    k_acc_fpl_gps                            0x2000b23c   Data           4  alt_kf.o(.data)
    q_pos                                    0x2000b240   Data           4  alt_kf.o(.data)
    v_q                                      0x2000b244   Data           4  alt_kf.o(.data)
    v_bais                                   0x2000b248   Data           4  alt_kf.o(.data)
    s_bais                                   0x2000b24c   Data           4  alt_kf.o(.data)
    ALT_STATE_POS1                           0x2000b250   Data           4  alt_kf.o(.data)
    ALT_STATE_VEL1                           0x2000b254   Data           4  alt_kf.o(.data)
    ALT_STATE_BIAS1                          0x2000b258   Data           4  alt_kf.o(.data)
    ALT_NOISE_BIAS1                          0x2000b25c   Data           4  alt_kf.o(.data)
    ALT_NOISE_VEL1                           0x2000b260   Data           4  alt_kf.o(.data)
    ALT_STATE_POS_GPS                        0x2000b264   Data           4  alt_kf.o(.data)
    ALT_STATE_VEL_GPS                        0x2000b268   Data           4  alt_kf.o(.data)
    ALT_STATE_BIAS_GPS                       0x2000b26c   Data           4  alt_kf.o(.data)
    ALT_NOISE_BIAS_GPS                       0x2000b270   Data           4  alt_kf.o(.data)
    ALT_NOISE_VEL_GPS                        0x2000b274   Data           4  alt_kf.o(.data)
    k_flow_devide                            0x2000b2b8   Data           4  flow.o(.data)
    flow_module_offset_y                     0x2000b2bc   Data           4  flow.o(.data)
    flow_module_offset_x                     0x2000b2c0   Data           4  flow.o(.data)
    INNER_TASK_STK                           0x2000b318   Data        1536  ucos_task.o(.bss)
    OUTER_TASK_STK                           0x2000b918   Data        1024  ucos_task.o(.bss)
    EKF_TASK_STK                             0x2000bd18   Data       41472  ucos_task.o(.bss)
    BARO_TASK_STK                            0x20015f18   Data        3072  ucos_task.o(.bss)
    SONAR_TASK_STK                           0x20016b18   Data         512  ucos_task.o(.bss)
    FLOW_TASK_STK                            0x20016d18   Data        1280  ucos_task.o(.bss)
    xBuf1                                    0x20017308   Data          12  ucos_task.o(.bss)
    yBuf1                                    0x20017314   Data          12  ucos_task.o(.bss)
    xBuf2                                    0x20017320   Data          12  ucos_task.o(.bss)
    yBuf2                                    0x2001732c   Data          12  ucos_task.o(.bss)
    xBuf3                                    0x20017338   Data          12  ucos_task.o(.bss)
    yBuf3                                    0x20017344   Data          12  ucos_task.o(.bss)
    acc_neo                                  0x20017350   Data          12  ucos_task.o(.bss)
    flow_ground_temp                         0x2001735c   Data          16  ucos_task.o(.bss)
    flow_matlab_data                         0x2001736c   Data          16  ucos_task.o(.bss)
    ERROR_TASK_STK                           0x2001737c   Data         256  ucos_task.o(.bss)
    START_TASK_STK                           0x200174c4   Data         256  main.o(.bss)
    MsgGrp                                   0x200175c4   Data        1024  main.o(.bss)
    module                                   0x200179c4   Data          11  main.o(.bss)
    mcuID                                    0x200179d0   Data          12  main.o(.bss)
    OSEventTbl                               0x200179dc   Data         200  os_core.o(.bss)
    OSFlagTbl                                0x20017aa4   Data          80  os_core.o(.bss)
    OSTaskStatStk                            0x20017af4   Data         512  os_core.o(.bss)
    OSTaskIdleStk                            0x20017cf4   Data         512  os_core.o(.bss)
    OSTCBPrioTbl                             0x20017ef4   Data         256  os_core.o(.bss)
    OSTCBTbl                                 0x20017ff4   Data        1848  os_core.o(.bss)
    OSQTbl                                   0x2001872c   Data         120  os_core.o(.bss)
    OSTmrTbl                                 0x200187a4   Data         640  os_core.o(.bss)
    OSTmrTaskStk                             0x20018a24   Data         512  os_core.o(.bss)
    OSTmrWheelTbl                            0x20018c24   Data          64  os_core.o(.bss)
    FLASH_READ_BUF                           0x20018c64   Data         100  flash.o(.bss)
    FLASH_Buffer                             0x20018cc8   Data         100  flash.o(.bss)
    W25QXX_BUFFER                            0x20018d2c   Data        4096  flash_w25.o(.bss)
    Cycle_T                                  0x20019d2c   Data         360  time.o(.bss)
    qr                                       0x20019e98   Data          60  usart_fc.o(.bss)
    color                                    0x20019ed4   Data          20  usart_fc.o(.bss)
    HPID                                     0x20019ee8   Data          18  usart_fc.o(.bss)
    SPID                                     0x20019efa   Data          18  usart_fc.o(.bss)
    FIX_PID                                  0x20019f0c   Data          18  usart_fc.o(.bss)
    NAV_PID                                  0x20019f1e   Data          18  usart_fc.o(.bss)
    pid                                      0x20019f30   Data         224  usart_fc.o(.bss)
    Rc_Get                                   0x2001a010   Data          20  usart_fc.o(.bss)
    plane                                    0x2001a024   Data         116  usart_fc.o(.bss)
    slam                                     0x2001a098   Data          20  usart_fc.o(.bss)
    imu_nav                                  0x2001a0ac   Data         104  usart_fc.o(.bss)
    mode                                     0x2001a114   Data          53  usart_fc.o(.bss)
    flow_debug                               0x2001a14c   Data          40  usart_fc.o(.bss)
    par                                      0x2001a174   Data          48  usart_fc.o(.bss)
    TxBuffer                                 0x2001a1a4   Data         256  usart_fc.o(.bss)
    Rx_Buf                                   0x2001a2a4   Data         256  usart_fc.o(.bss)
    RxBuffer                                 0x2001a3a4   Data          50  usart_fc.o(.bss)
    sd_save                                  0x2001a3d8   Data          80  usart_fc.o(.bss)
    flow_5a                                  0x2001a428   Data          16  usart_fc.o(.bss)
    Tx5Buffer                                0x2001a438   Data         256  usart_fc.o(.bss)
    TxBuffer_u1                              0x2001a538   Data         256  usart_fc.o(.bss)
    Rx_Buf_u1                                0x2001a638   Data         256  usart_fc.o(.bss)
    RxBuffer_u1                              0x2001a738   Data          50  usart_fc.o(.bss)
    USART3_TX_BUF                            0x2001a770   Data         800  usart_fc.o(.bss)
    USART3_RX_BUF                            0x2001aa90   Data         800  usart_fc.o(.bss)
    USART1_TX_BUF                            0x2001adb0   Data         800  usart_fc.o(.bss)
    gpsx                                     0x2001b0d0   Data         323  usart_fc.o(.bss)
    buf_imu_dj                               0x2001b213   Data          20  usart_fc.o(.bss)
    angle_imu_dj                             0x2001b228   Data          12  usart_fc.o(.bss)
    RxBuffer11                               0x2001b234   Data          50  usart_fc.o(.bss)
    buf_GNVTG                                0x2001b266   Data          65  usart_fc.o(.bss)
    laser_buf                                0x2001b2a8   Data         720  usart_fc.o(.bss)
    m100                                     0x2001b578   Data          96  usart_fc.o(.bss)
    debug_pi_flow                            0x2001b5d8   Data          80  usart_fc.o(.bss)
    pi_flow                                  0x2001b628   Data         340  usart_fc.o(.bss)
    RxBuffer4_test                           0x2001b77c   Data          25  usart_fc.o(.bss)
    RxBuffer4                                0x2001b795   Data          50  usart_fc.o(.bss)
    Rx_Buf3                                  0x2001b7c7   Data         256  usart_fc.o(.bss)
    RxBuffer3                                0x2001b8c7   Data          50  usart_fc.o(.bss)
    SendBuff1                                0x2001b8f9   Data          64  usart_fc.o(.bss)
    SendBuff2                                0x2001b939   Data         384  usart_fc.o(.bss)
    SendBuff3                                0x2001bab9   Data          32  usart_fc.o(.bss)
    SendBuff4                                0x2001bad9   Data          64  usart_fc.o(.bss)
    flow                                     0x2001bb20   Data         112  usart_fc.o(.bss)
    flow_rad                                 0x2001bb90   Data          48  usart_fc.o(.bss)
    lis3mdl                                  0x2001bd30   Data         292  lis3mdl.o(.bss)
    acc_lsq                                  0x2001be54   Data         168  lis3mdl.o(.bss)
    sum_temp                                 0x2001befc   Data          28  lis3mdl.o(.bss)
    sum_temp_3d                              0x2001bf18   Data          28  lis3mdl.o(.bss)
    mpu6050                                  0x2001c660   Data         188  mpu6050.o(.bss)
    mpu6050_r                                0x2001c71c   Data         188  mpu6050.o(.bss)
    imu_fushion                              0x2001c7d8   Data         188  mpu6050.o(.bss)
    med_filter_tmp                           0x2001c894   Data        2800  fliter.o(.bss)
    med_filter_out                           0x2001d384   Data         140  fliter.o(.bss)
    med_fil_cnt                              0x2001d410   Data          35  fliter.o(.bss)
    firstOrderFilters                        0x2001d434   Data         400  fliter.o(.bss)
    LF_20Hz                                  0x2001d5c4   Data          24  fliter.o(.bss)
    Acc_20Hz                                 0x2001d5dc   Data          72  fliter.o(.bss)
    now_dj                                   0x2001d624   Data          16  ultrasonic.o(.bss)
    lastUpdate_dj                            0x2001d634   Data          16  ultrasonic.o(.bss)
    navUkfData                               0x2001d648   Data        2080  nav_ukf.o(.bss)
    runData                                  0x2001e078   Data         328  nav_ukf.o(.bss)
    q_nav                                    0x2001e1f0   Data          16  imu.o(.bss)
    reference_v                              0x2001e200   Data          12  imu.o(.bss)
    ref                                      0x2001e20c   Data          60  imu.o(.bss)
    reference_vr                             0x2001e248   Data          12  imu.o(.bss)
    mag_sim_3d                               0x2001e254   Data          12  imu.o(.bss)
    acc_3d_hg                                0x2001e260   Data          12  imu.o(.bss)
    acc_ng                                   0x2001e26c   Data          12  imu.o(.bss)
    acc_ng_offset                            0x2001e278   Data          12  imu.o(.bss)
    yaw_mag_view                             0x2001e284   Data          20  imu.o(.bss)
    X_kf_yaw                                 0x2001e298   Data          16  imu.o(.bss)
    reference_vr_imd_down                    0x2001e2b4   Data          12  imu_m.o(.bss)
    reference_vr_imd_down_fc                 0x2001e2c0   Data          12  imu_m.o(.bss)
    X_ukf                                    0x2001e2d0   Data          48  ukf_task.o(.bss)
    X_ukf_global                             0x2001e300   Data          48  ukf_task.o(.bss)
    X_ukf_baro                               0x2001e330   Data          48  ukf_task.o(.bss)
    X_KF_NAV                                 0x2001e4a0   Data          48  ukf_task.o(.bss)
    X_KF_NAV_HB                              0x2001e4d0   Data          48  ukf_task.o(.bss)
    state_correct_posx                       0x2001e500   Data          48  ukf_task.o(.bss)
    state_correct_posy                       0x2001e530   Data          48  ukf_task.o(.bss)
    X_kf2_x                                  0x2001e560   Data          24  ukf_task.o(.bss)
    X_kf2_y                                  0x2001e578   Data          24  ukf_task.o(.bss)
    X_f                                      0x2001e590   Data          12  ukf_task.o(.bss)
    P_f                                      0x2001e59c   Data          36  ukf_task.o(.bss)
    Distance                                 0x2001e5c0   Data         100  alt_kf.o(.bss)
    ultra                                    0x2001e630   Data          20  alt_kf.o(.bss)
    sonar_av_arr                             0x2001e644   Data          20  alt_kf.o(.bss)
    sonar                                    0x2001e658   Data          24  alt_kf.o(.bss)
    sonar_fusion                             0x2001e670   Data          68  alt_kf.o(.bss)
    sonar_h_arr                              0x2001e6b4   Data          44  alt_kf.o(.bss)
    X_kf_baro                                0x2001e6e0   Data          24  alt_kf.o(.bss)
    X_kf_baro_temp                           0x2001e6f8   Data          24  alt_kf.o(.bss)
    X_kf_sonar                               0x2001e710   Data          24  alt_kf.o(.bss)
    acc_z_view                               0x2001e7c8   Data          12  alt_kf.o(.bss)
    state_correct_baro                       0x2001e7d8   Data          48  alt_kf.o(.bss)
    Global_GPS_Sensor                        0x2001e808   Data         208  alt_kf.o(.bss)
    v_test                                   0x2001e8d8   Data          16  alt_kf.o(.bss)
    Last_GPS                                 0x2001e8e8   Data          16  alt_kf.o(.bss)
    TAR_GPS                                  0x2001e8f8   Data          16  alt_kf.o(.bss)
    hml_lsq                                  0x2001e908   Data         168  cycle_cal_oldx.o(.bss)
    flow_per_out                             0x2001ea08   Data          16  flow.o(.bss)
    __libspace_start                         0x2001ea3c   Data          96  libspace.o(.bss)
    __temporary_stack_top$libspace           0x2001ea9c   Data           0  libspace.o(.bss)



==============================================================================

Memory Map of the image

  Image Entry point : 0x08000189

  Load Region LR_IROM1 (Base: 0x08000000, Size: 0x000359d8, Max: 0x00100000, ABSOLUTE, COMPRESSED[0x0002b12c])

    Execution Region ER_IROM1 (Base: 0x08000000, Size: 0x0002a6c0, Max: 0x00100000, ABSOLUTE)

    Base Addr    Size         Type   Attr      Idx    E Section Name        Object

    0x08000000   0x00000188   Data   RO          613    RESET               startup_stm32f40_41xxx.o
    0x08000188   0x00000008   Code   RO         2235  * !!!main             c_w.l(__main.o)
    0x08000190   0x00000034   Code   RO         2750    !!!scatter          c_w.l(__scatter.o)
    0x080001c4   0x0000005a   Code   RO         2748    !!dczerorl2         c_w.l(__dczerorl2.o)
    0x0800021e   0x00000002   PAD
    0x08000220   0x0000001c   Code   RO         2752    !!handler_zi        c_w.l(__scatter_zi.o)
    0x0800023c   0x00000002   Code   RO         2670    .ARM.Collect$$libinit$$00000000  c_w.l(libinit.o)
    0x0800023e   0x00000004   Code   RO         2598    .ARM.Collect$$libinit$$00000001  c_w.l(libinit2.o)
    0x08000242   0x00000000   Code   RO         2601    .ARM.Collect$$libinit$$00000004  c_w.l(libinit2.o)
    0x08000242   0x00000000   Code   RO         2604    .ARM.Collect$$libinit$$0000000A  c_w.l(libinit2.o)
    0x08000242   0x00000000   Code   RO         2606    .ARM.Collect$$libinit$$0000000C  c_w.l(libinit2.o)
    0x08000242   0x00000000   Code   RO         2608    .ARM.Collect$$libinit$$0000000E  c_w.l(libinit2.o)
    0x08000242   0x00000000   Code   RO         2611    .ARM.Collect$$libinit$$00000011  c_w.l(libinit2.o)
    0x08000242   0x00000000   Code   RO         2613    .ARM.Collect$$libinit$$00000013  c_w.l(libinit2.o)
    0x08000242   0x00000000   Code   RO         2615    .ARM.Collect$$libinit$$00000015  c_w.l(libinit2.o)
    0x08000242   0x00000000   Code   RO         2617    .ARM.Collect$$libinit$$00000017  c_w.l(libinit2.o)
    0x08000242   0x00000000   Code   RO         2619    .ARM.Collect$$libinit$$00000019  c_w.l(libinit2.o)
    0x08000242   0x00000000   Code   RO         2621    .ARM.Collect$$libinit$$0000001B  c_w.l(libinit2.o)
    0x08000242   0x00000000   Code   RO         2623    .ARM.Collect$$libinit$$0000001D  c_w.l(libinit2.o)
    0x08000242   0x00000000   Code   RO         2625    .ARM.Collect$$libinit$$0000001F  c_w.l(libinit2.o)
    0x08000242   0x00000000   Code   RO         2627    .ARM.Collect$$libinit$$00000021  c_w.l(libinit2.o)
    0x08000242   0x00000000   Code   RO         2629    .ARM.Collect$$libinit$$00000023  c_w.l(libinit2.o)
    0x08000242   0x00000000   Code   RO         2631    .ARM.Collect$$libinit$$00000025  c_w.l(libinit2.o)
    0x08000242   0x00000000   Code   RO         2635    .ARM.Collect$$libinit$$0000002C  c_w.l(libinit2.o)
    0x08000242   0x00000000   Code   RO         2637    .ARM.Collect$$libinit$$0000002E  c_w.l(libinit2.o)
    0x08000242   0x00000000   Code   RO         2639    .ARM.Collect$$libinit$$00000030  c_w.l(libinit2.o)
    0x08000242   0x00000000   Code   RO         2641    .ARM.Collect$$libinit$$00000032  c_w.l(libinit2.o)
    0x08000242   0x00000002   Code   RO         2642    .ARM.Collect$$libinit$$00000033  c_w.l(libinit2.o)
    0x08000244   0x00000002   Code   RO         2745    .ARM.Collect$$libshutdown$$00000000  c_w.l(libshutdown.o)
    0x08000246   0x00000000   Code   RO         2699    .ARM.Collect$$libshutdown$$00000002  c_w.l(libshutdown2.o)
    0x08000246   0x00000000   Code   RO         2701    .ARM.Collect$$libshutdown$$00000004  c_w.l(libshutdown2.o)
    0x08000246   0x00000000   Code   RO         2704    .ARM.Collect$$libshutdown$$00000007  c_w.l(libshutdown2.o)
    0x08000246   0x00000000   Code   RO         2707    .ARM.Collect$$libshutdown$$0000000A  c_w.l(libshutdown2.o)
    0x08000246   0x00000000   Code   RO         2709    .ARM.Collect$$libshutdown$$0000000C  c_w.l(libshutdown2.o)
    0x08000246   0x00000000   Code   RO         2712    .ARM.Collect$$libshutdown$$0000000F  c_w.l(libshutdown2.o)
    0x08000246   0x00000002   Code   RO         2713    .ARM.Collect$$libshutdown$$00000010  c_w.l(libshutdown2.o)
    0x08000248   0x00000000   Code   RO         2439    .ARM.Collect$$rtentry$$00000000  c_w.l(__rtentry.o)
    0x08000248   0x00000000   Code   RO         2556    .ARM.Collect$$rtentry$$00000002  c_w.l(__rtentry2.o)
    0x08000248   0x00000006   Code   RO         2568    .ARM.Collect$$rtentry$$00000004  c_w.l(__rtentry4.o)
    0x0800024e   0x00000000   Code   RO         2558    .ARM.Collect$$rtentry$$00000009  c_w.l(__rtentry2.o)
    0x0800024e   0x00000004   Code   RO         2559    .ARM.Collect$$rtentry$$0000000A  c_w.l(__rtentry2.o)
    0x08000252   0x00000000   Code   RO         2561    .ARM.Collect$$rtentry$$0000000C  c_w.l(__rtentry2.o)
    0x08000252   0x00000008   Code   RO         2562    .ARM.Collect$$rtentry$$0000000D  c_w.l(__rtentry2.o)
    0x0800025a   0x00000002   Code   RO         2680    .ARM.Collect$$rtexit$$00000000  c_w.l(rtexit.o)
    0x0800025c   0x00000000   Code   RO         2719    .ARM.Collect$$rtexit$$00000002  c_w.l(rtexit2.o)
    0x0800025c   0x00000004   Code   RO         2720    .ARM.Collect$$rtexit$$00000003  c_w.l(rtexit2.o)
    0x08000260   0x00000006   Code   RO         2721    .ARM.Collect$$rtexit$$00000004  c_w.l(rtexit2.o)
    0x08000266   0x00000002   PAD
    0x08000268   0x00002c1c   Code   RO            3    .text               ucos_task.o
    0x08002e84   0x00000290   Code   RO          375    .text               main.o
    0x08003114   0x00000100   Code   RO          478    .text               rt_nonfinite.o
    0x08003214   0x000000c8   Code   RO          508    .text               rtgetnan.o
    0x080032dc   0x00000134   Code   RO          524    .text               rtgetinf.o
    0x08003410   0x00000016   Code   RO          538    .text               stm32f4xx_it.o
    0x08003426   0x00000002   PAD
    0x08003428   0x00000210   Code   RO          587    .text               system_stm32f4xx.o
    0x08003638   0x00000040   Code   RO          614    .text               startup_stm32f40_41xxx.o
    0x08003678   0x00000108   Code   RO          620    .text               delay.o
    0x08003780   0x000000e0   Code   RO          660    .text               misc.o
    0x08003860   0x00000294   Code   RO          680    .text               stm32f4xx_gpio.o
    0x08003af4   0x0000065c   Code   RO          723    .text               stm32f4xx_rcc.o
    0x08004150   0x00000094   Code   RO          745    .text               stm32f4xx_syscfg.o
    0x080041e4   0x00000454   Code   RO          765    .text               stm32f4xx_usart.o
    0x08004638   0x00000ca2   Code   RO          785    .text               stm32f4xx_tim.o
    0x080052da   0x00000002   PAD
    0x080052dc   0x00000694   Code   RO          805    .text               stm32f4xx_flash.o
    0x08005970   0x00000110   Code   RO          825    .text               stm32f4xx_exti.o
    0x08005a80   0x00000480   Code   RO          865    .text               stm32f4xx_spi.o
    0x08005f00   0x000003a8   Code   RO          885    .text               stm32f4xx_dma.o
    0x080062a8   0x00000040   Code   RO          925    .text               stm32f4xx_iwdg.o
    0x080062e8   0x00000894   Code   RO          965    .text               os_core.o
    0x08006b7c   0x0000080c   Code   RO          993    .text               os_flag.o
    0x08007388   0x000003cc   Code   RO         1013    .text               os_mbox.o
    0x08007754   0x000005e8   Code   RO         1067    .text               os_q.o
    0x08007d3c   0x0000038c   Code   RO         1087    .text               os_sem.o
    0x080080c8   0x000007c4   Code   RO         1107    .text               os_task.o
    0x0800888c   0x000001b0   Code   RO         1127    .text               os_time.o
    0x08008a3c   0x00000634   Code   RO         1147    .text               os_tmr.o
    0x08009070   0x000000c8   Code   RO         1165    .text               os_cpu_a.o
    0x08009138   0x000001e8   Code   RO         1170    .text               os_cpu_c.o
    0x08009320   0x00000458   Code   RO         1220    .text               iic1.o
    0x08009778   0x000003a8   Code   RO         1266    .text               iic_soft.o
    0x08009b20   0x000006d4   Code   RO         1292    .text               led_fc.o
    0x0800a1f4   0x00000f24   Code   RO         1321    .text               flash.o
    0x0800b118   0x00000478   Code   RO         1345    .text               flash_w25.o
    0x0800b590   0x00000268   Code   RO         1376    .text               time.o
    0x0800b7f8   0x000000e8   Code   RO         1407    .text               dma.o
    0x0800b8e0   0x0000002c   Code   RO         1427    .text               watch_dog.o
    0x0800b90c   0x00000904   Code   RO         1447    .text               gps.o
    0x0800c210   0x0000842c   Code   RO         1471    .text               usart_fc.o
    0x0801463c   0x000020a0   Code   RO         1533    .text               lis3mdl.o
    0x080166dc   0x000000a8   Code   RO         1564    .text               mpu6050.o
    0x08016784   0x00000960   Code   RO         1618    .text               fliter.o
    0x080170e4   0x000009d0   Code   RO         1649    .text               ultrasonic.o
    0x08017ab4   0x00000598   Code   RO         1698    .text               matlib.o
    0x0801804c   0x00000784   Code   RO         1735    .text               my_math.o
    0x080187d0   0x00001404   Code   RO         1756    .text               kf_oldx_nav.o
    0x08019bd4   0x00004344   Code   RO         1787    .text               nav_ukf.o
    0x0801df18   0x00001000   Code   RO         1855    .text               imu_m.o
    0x0801ef18   0x00002be0   Code   RO         1887    .text               ukf_task.o
    0x08021af8   0x00002fe8   Code   RO         1943    .text               alt_kf.o
    0x08024ae0   0x00000100   Code   RO         2010    .text               arm_cortexM4lf_math.lib(arm_std_f32.o)
    0x08024be0   0x00000a18   Code   RO         2054    .text               cycle_cal_oldx.lib(cycle_cal_oldx.o)
    0x080255f8   0x00000b54   Code   RO         2145    .text               flow_oldx.lib(flow.o)
    0x0802614c   0x0000004e   Code   RO         2171    .text               c_w.l(h1_free.o)
    0x0802619a   0x00000024   Code   RO         2227    .text               c_w.l(strstr.o)
    0x080261be   0x00000064   Code   RO         2229    .text               c_w.l(rt_memcpy_w.o)
    0x08026222   0x0000004e   Code   RO         2231    .text               c_w.l(rt_memclr_w.o)
    0x08026270   0x00000006   Code   RO         2233    .text               c_w.l(heapauxi.o)
    0x08026276   0x00000002   PAD
    0x08026278   0x00000008   Code   RO         2443    .text               c_w.l(rt_heap_descriptor_intlibspace.o)
    0x08026280   0x00000016   Code   RO         2469    .text               c_w.l(_rserrno.o)
    0x08026296   0x00000002   PAD
    0x08026298   0x00000008   Code   RO         2552    .text               c_w.l(libspace.o)
    0x080262a0   0x00000008   Code   RO         2577    .text               c_w.l(rt_errno_addr_intlibspace.o)
    0x080262a8   0x0000004a   Code   RO         2647    .text               c_w.l(sys_stackheap_outer.o)
    0x080262f2   0x00000012   Code   RO         2657    .text               c_w.l(exit.o)
    0x08026304   0x0000000c   Code   RO         2675    .text               c_w.l(sys_exit.o)
    0x08026310   0x00000002   Code   RO         2677    .text               c_w.l(use_no_semi.o)
    0x08026312   0x00000000   Code   RO         2679    .text               c_w.l(indicate_semi.o)
    0x08026312   0x00000030   Code   RO         2505    i.__ARM_fpclassify  m_wm.l(fpclassify.o)
    0x08026342   0x00000026   Code   RO         2507    i.__ARM_fpclassifyf  m_wm.l(fpclassifyf.o)
    0x08026368   0x00000358   Code   RO         2273    i.__hardfp_acos     m_wm.l(acos.o)
    0x080266c0   0x00000360   Code   RO         2287    i.__hardfp_asin     m_wm.l(asin.o)
    0x08026a20   0x0000012c   Code   RO         2301    i.__hardfp_asinf    m_wm.l(asinf.o)
    0x08026b4c   0x00000250   Code   RO         2313    i.__hardfp_atan2f   m_wm.l(atan2f.o)
    0x08026d9c   0x00000160   Code   RO         2325    i.__hardfp_atanf    m_wm.l(atanf.o)
    0x08026efc   0x00000004   PAD
    0x08026f00   0x000000c8   Code   RO         2337    i.__hardfp_cos      m_wm.l(cos.o)
    0x08026fc8   0x00000150   Code   RO         2349    i.__hardfp_cosf     m_wm.l(cosf.o)
    0x08027118   0x00000014   Code   RO         2361    i.__hardfp_fabs     m_wm.l(fabs.o)
    0x0802712c   0x00000004   PAD
    0x08027130   0x00000118   Code   RO         2367    i.__hardfp_floor    m_wm.l(floor.o)
    0x08027248   0x00000c50   Code   RO         2373    i.__hardfp_pow      m_wm.l(pow.o)
    0x08027e98   0x00000664   Code   RO         2387    i.__hardfp_powf     m_wm.l(powf.o)
    0x080284fc   0x00000004   PAD
    0x08028500   0x000000c8   Code   RO         2401    i.__hardfp_sin      m_wm.l(sin.o)
    0x080285c8   0x00000190   Code   RO         2413    i.__hardfp_sinf     m_wm.l(sinf.o)
    0x08028758   0x0000007a   Code   RO         2425    i.__hardfp_sqrt     m_wm.l(sqrt.o)
    0x080287d2   0x00000006   PAD
    0x080287d8   0x00000438   Code   RO         2526    i.__ieee754_rem_pio2  m_wm.l(rred.o)
    0x08028c10   0x00000170   Code   RO         2488    i.__kernel_cos      m_wm.l(cos_i.o)
    0x08028d80   0x000000f8   Code   RO         2523    i.__kernel_poly     m_wm.l(poly.o)
    0x08028e78   0x00000130   Code   RO         2534    i.__kernel_sin      m_wm.l(sin_i.o)
    0x08028fa8   0x00000030   Code   RO         2491    i.__mathlib_dbl_divzero  m_wm.l(dunder.o)
    0x08028fd8   0x00000014   Code   RO         2492    i.__mathlib_dbl_infnan  m_wm.l(dunder.o)
    0x08028fec   0x00000014   Code   RO         2493    i.__mathlib_dbl_infnan2  m_wm.l(dunder.o)
    0x08029000   0x00000020   Code   RO         2494    i.__mathlib_dbl_invalid  m_wm.l(dunder.o)
    0x08029020   0x00000020   Code   RO         2495    i.__mathlib_dbl_overflow  m_wm.l(dunder.o)
    0x08029040   0x00000020   Code   RO         2497    i.__mathlib_dbl_underflow  m_wm.l(dunder.o)
    0x08029060   0x00000014   Code   RO         2509    i.__mathlib_flt_divzero  m_wm.l(funder.o)
    0x08029074   0x00000006   Code   RO         2510    i.__mathlib_flt_infnan  m_wm.l(funder.o)
    0x0802907a   0x00000006   Code   RO         2511    i.__mathlib_flt_infnan2  m_wm.l(funder.o)
    0x08029080   0x00000010   Code   RO         2512    i.__mathlib_flt_invalid  m_wm.l(funder.o)
    0x08029090   0x00000010   Code   RO         2513    i.__mathlib_flt_overflow  m_wm.l(funder.o)
    0x080290a0   0x00000010   Code   RO         2515    i.__mathlib_flt_underflow  m_wm.l(funder.o)
    0x080290b0   0x00000154   Code   RO         2531    i.__mathlib_rredf2  m_wm.l(rredf.o)
    0x08029204   0x00000018   Code   RO         2363    i.fabs              m_wm.l(fabs.o)
    0x0802921c   0x0000006e   Code   RO         2427    i.sqrt              m_wm.l(sqrt.o)
    0x0802928a   0x0000003e   Code   RO         2542    i.sqrtf             m_wm.l(sqrtf.o)
    0x080292c8   0x00000018   Code   RO         2237    x$fpl$basic         fz_wm.l(basic.o)
    0x080292e0   0x00000062   Code   RO         2239    x$fpl$d2f           fz_wm.l(d2f.o)
    0x08029342   0x00000002   PAD
    0x08029344   0x00000150   Code   RO         2241    x$fpl$dadd          fz_wm.l(daddsub_clz.o)
    0x08029494   0x00000010   Code   RO         2643    x$fpl$dcheck1       fz_wm.l(dcheck1.o)
    0x080294a4   0x00000018   Code   RO         2471    x$fpl$dcmpinf       fz_wm.l(dcmpi.o)
    0x080294bc   0x000002b0   Code   RO         2248    x$fpl$ddiv          fz_wm.l(ddiv.o)
    0x0802976c   0x00000078   Code   RO         2251    x$fpl$deqf          fz_wm.l(deqf.o)
    0x080297e4   0x0000005e   Code   RO         2253    x$fpl$dfix          fz_wm.l(dfix.o)
    0x08029842   0x0000002e   Code   RO         2258    x$fpl$dflt          fz_wm.l(dflt_clz.o)
    0x08029870   0x00000026   Code   RO         2257    x$fpl$dfltu         fz_wm.l(dflt_clz.o)
    0x08029896   0x00000002   PAD
    0x08029898   0x00000078   Code   RO         2263    x$fpl$dleqf         fz_wm.l(dleqf.o)
    0x08029910   0x00000154   Code   RO         2265    x$fpl$dmul          fz_wm.l(dmul.o)
    0x08029a64   0x0000009c   Code   RO         2473    x$fpl$dnaninf       fz_wm.l(dnaninf.o)
    0x08029b00   0x0000000c   Code   RO         2475    x$fpl$dretinf       fz_wm.l(dretinf.o)
    0x08029b0c   0x0000006c   Code   RO         2267    x$fpl$drleqf        fz_wm.l(drleqf.o)
    0x08029b78   0x00000016   Code   RO         2242    x$fpl$drsb          fz_wm.l(daddsub_clz.o)
    0x08029b8e   0x00000002   PAD
    0x08029b90   0x00000198   Code   RO         2477    x$fpl$dsqrt         fz_wm.l(dsqrt_umaal.o)
    0x08029d28   0x000001d4   Code   RO         2243    x$fpl$dsub          fz_wm.l(daddsub_clz.o)
    0x08029efc   0x00000056   Code   RO         2269    x$fpl$f2d           fz_wm.l(f2d.o)
    0x08029f52   0x0000008c   Code   RO         2479    x$fpl$fnaninf       fz_wm.l(fnaninf.o)
    0x08029fde   0x0000000a   Code   RO         2671    x$fpl$fpinit        fz_wm.l(fpinit.o)
    0x08029fe8   0x0000000a   Code   RO         2481    x$fpl$fretinf       fz_wm.l(fretinf.o)
    0x08029ff2   0x00000064   Code   RO         2673    x$fpl$retnan        fz_wm.l(retnan.o)
    0x0802a056   0x0000005c   Code   RO         2485    x$fpl$scalbn        fz_wm.l(scalbn.o)
    0x0802a0b2   0x00000030   Code   RO         2714    x$fpl$trapveneer    fz_wm.l(trapv.o)
    0x0802a0e2   0x00000000   Code   RO         2487    x$fpl$usenofp       fz_wm.l(usenofp.o)
    0x0802a0e2   0x00000100   Data   RO          967    .constdata          os_core.o
    0x0802a1e2   0x00000006   PAD
    0x0802a1e8   0x0000003c   Data   RO         1757    .constdata          kf_oldx_nav.o
    0x0802a224   0x00000004   PAD
    0x0802a228   0x000000c8   Data   RO         1889    .constdata          ukf_task.o
    0x0802a2f0   0x00000050   Data   RO         2276    .constdata          m_wm.l(acos.o)
    0x0802a340   0x00000050   Data   RO         2290    .constdata          m_wm.l(asin.o)
    0x0802a390   0x00000088   Data   RO         2376    .constdata          m_wm.l(pow.o)
    0x0802a418   0x00000140   Data   RO         2390    .constdata          m_wm.l(powf.o)
    0x0802a558   0x00000030   Data   RO         2489    .constdata          m_wm.l(cos_i.o)
    0x0802a588   0x00000008   Data   RO         2525    .constdata          m_wm.l(qnan.o)
    0x0802a590   0x000000c8   Data   RO         2528    .constdata          m_wm.l(rred.o)
    0x0802a658   0x00000020   Data   RO         2532    .constdata          m_wm.l(rredf.o)
    0x0802a678   0x00000028   Data   RO         2535    .constdata          m_wm.l(sin_i.o)
    0x0802a6a0   0x00000020   Data   RO         2746    Region$$Table       anon$$obj.o


    Execution Region RW_IRAM1 (Base: 0x20000000, Size: 0x0001f0a0, Max: 0x00020000, ABSOLUTE, COMPRESSED[0x00000a6c])

    Base Addr    Size         Type   Attr      Idx    E Section Name        Object

    0x20000000   0x0000a000   Data   RW         1945    .ccm                alt_kf.o
    0x2000a000   0x00000134   Data   RW            5    .data               ucos_task.o
    0x2000a134   0x00000010   Data   RW          377    .data               main.o
    0x2000a144   0x00000018   Data   RW          452    .data               error.o
    0x2000a15c   0x00000004   PAD
    0x2000a160   0x00000024   Data   RW          479    .data               rt_nonfinite.o
    0x2000a184   0x00000014   Data   RW          588    .data               system_stm32f4xx.o
    0x2000a198   0x00000004   Data   RW          621    .data               delay.o
    0x2000a19c   0x00000010   Data   RW          724    .data               stm32f4xx_rcc.o
    0x2000a1ac   0x0000005c   Data   RW          968    .data               os_core.o
    0x2000a208   0x00000006   Data   RW         1171    .data               os_cpu_c.o
    0x2000a20e   0x00000001   Data   RW         1267    .data               iic_soft.o
    0x2000a20f   0x00000001   PAD
    0x2000a210   0x00000008   Data   RW         1293    .data               led_fc.o
    0x2000a218   0x00000004   Data   RW         1323    .data               flash.o
    0x2000a21c   0x00000002   Data   RW         1347    .data               flash_w25.o
    0x2000a21e   0x00000002   PAD
    0x2000a220   0x00000008   Data   RW         1449    .data               gps.o
    0x2000a228   0x0000025e   Data   RW         1473    .data               usart_fc.o
    0x2000a486   0x00000002   PAD
    0x2000a488   0x0000026f   Data   RW         1535    .data               lis3mdl.o
    0x2000a6f7   0x00000001   PAD
    0x2000a6f8   0x0000007d   Data   RW         1593    .data               ms5611_2.o
    0x2000a775   0x00000003   PAD
    0x2000a778   0x00000014   Data   RW         1620    .data               fliter.o
    0x2000a78c   0x00000004   PAD
    0x2000a790   0x0000008c   Data   RW         1651    .data               ultrasonic.o
    0x2000a81c   0x00000030   Data   RW         1679    .data               hml_sample.o
    0x2000a84c   0x00000404   Data   RW         1736    .data               my_math.o
    0x2000ac50   0x0000010f   Data   RW         1789    .data               nav_ukf.o
    0x2000ad5f   0x00000001   PAD
    0x2000ad60   0x000000a6   Data   RW         1816    .data               imu.o
    0x2000ae06   0x00000002   PAD
    0x2000ae08   0x00000079   Data   RW         1857    .data               imu_m.o
    0x2000ae81   0x00000007   PAD
    0x2000ae88   0x000001a5   Data   RW         1890    .data               ukf_task.o
    0x2000b02d   0x00000003   PAD
    0x2000b030   0x00000282   Data   RW         1946    .data               alt_kf.o
    0x2000b2b2   0x00000002   PAD
    0x2000b2b4   0x00000061   Data   RW         2147    .data               flow_oldx.lib(flow.o)
    0x2000b315   0x00000003   PAD
    0x2000b318   0x0000c1ac   Zero   RW            4    .bss                ucos_task.o
    0x200174c4   0x00000518   Zero   RW          376    .bss                main.o
    0x200179dc   0x00001288   Zero   RW          966    .bss                os_core.o
    0x20018c64   0x000000c8   Zero   RW         1322    .bss                flash.o
    0x20018d2c   0x00001000   Zero   RW         1346    .bss                flash_w25.o
    0x20019d2c   0x00000168   Zero   RW         1377    .bss                time.o
    0x20019e94   0x00000004   PAD
    0x20019e98   0x00001e94   Zero   RW         1472    .bss                usart_fc.o
    0x2001bd2c   0x00000004   PAD
    0x2001bd30   0x00000930   Zero   RW         1534    .bss                lis3mdl.o
    0x2001c660   0x00000234   Zero   RW         1565    .bss                mpu6050.o
    0x2001c894   0x00000d90   Zero   RW         1619    .bss                fliter.o
    0x2001d624   0x00000020   Zero   RW         1650    .bss                ultrasonic.o
    0x2001d644   0x00000004   PAD
    0x2001d648   0x00000ba8   Zero   RW         1788    .bss                nav_ukf.o
    0x2001e1f0   0x000000c4   Zero   RW         1815    .bss                imu.o
    0x2001e2b4   0x00000018   Zero   RW         1856    .bss                imu_m.o
    0x2001e2cc   0x00000004   PAD
    0x2001e2d0   0x000002f0   Zero   RW         1888    .bss                ukf_task.o
    0x2001e5c0   0x00000348   Zero   RW         1944    .bss                alt_kf.o
    0x2001e908   0x000000a8   Zero   RW         2055    .bss                cycle_cal_oldx.lib(cycle_cal_oldx.o)
    0x2001e9b0   0x0000008c   Zero   RW         2146    .bss                flow_oldx.lib(flow.o)
    0x2001ea3c   0x00000060   Zero   RW         2553    .bss                c_w.l(libspace.o)
    0x2001ea9c   0x00000004   PAD
    0x2001eaa0   0x00000200   Zero   RW          612    HEAP                startup_stm32f40_41xxx.o
    0x2001eca0   0x00000400   Zero   RW          611    STACK               startup_stm32f40_41xxx.o


==============================================================================

Image component sizes


      Code (inc. data)   RO Data    RW Data    ZI Data      Debug   Object Name

     12264        696          0      41602        840      40811   alt_kf.o
       264         18          0          4          0       1391   delay.o
       232          4          0          0          0       1436   dma.o
         0          0          0         24          0       2220   error.o
      3876        166          0          4        200       3579   flash.o
      1144         36          0          2       4096       5236   flash_w25.o
      2400        112          0         20       3472      15205   fliter.o
      2308         82          0          8          0       5789   gps.o
         0          0          0         48          0        993   hml_sample.o
      1112         20          0          0          0       5260   iic1.o
       936         10          0          1          0       4538   iic_soft.o
         0          0          0        166        196       4494   imu.o
      4096        216          0        121         24       6172   imu_m.o
      5124        146         60          0          0       3899   kf_oldx_nav.o
      1748         94          0          8          0       2268   led_fc.o
      8352        528          0        623       2352      12470   lis3mdl.o
       656        116          0         16       1304      11579   main.o
      1432         28          0          0          0       4795   matlib.o
       224         20          0          0          0       1793   misc.o
       168         10          0          0        564      11954   mpu6050.o
         0          0          0        125          0       5288   ms5611_2.o
      1924        108          0       1028          0       6237   my_math.o
     17220        944          0        271       2984      24086   nav_ukf.o
      2196        218        256         92       4744      15971   os_core.o
       200         32          0          0          0        312   os_cpu_a.o
       488          8          0          6          0      11763   os_cpu_c.o
      2060         42          0          0          0       7200   os_flag.o
       972         16          0          0          0       4302   os_mbox.o
      1512         30          0          0          0       5761   os_q.o
       908         18          0          0          0       4034   os_sem.o
      1988         70          0          0          0       7877   os_task.o
       432         30          0          0          0       1866   os_time.o
      1588         94          0          0          0       5721   os_tmr.o
       256         26          0         36          0       3832   rt_nonfinite.o
       308         22          0          0          0       1930   rtgetinf.o
       200         18          0          0          0       2068   rtgetnan.o
        64         26        392          0       1536        824   startup_stm32f40_41xxx.o
       936         32          0          0          0       6373   stm32f4xx_dma.o
       272         10          0          0          0       2263   stm32f4xx_exti.o
      1684         28          0          0          0       9398   stm32f4xx_flash.o
       660         44          0          0          0       4137   stm32f4xx_gpio.o
        22          0          0          0          0       1023   stm32f4xx_it.o
        64          6          0          0          0       1333   stm32f4xx_iwdg.o
      1628         52          0         16          0      12996   stm32f4xx_rcc.o
      1152         36          0          0          0       6885   stm32f4xx_spi.o
       148         12          0          0          0       1833   stm32f4xx_syscfg.o
      3234         60          0          0          0      22992   stm32f4xx_tim.o
      1108         34          0          0          0       7860   stm32f4xx_usart.o
       528         46          0         20          0       1743   system_stm32f4xx.o
       616         38          0          0        360      30073   time.o
     11292       1088          0        308      49580     355102   ucos_task.o
     11232        744        200        421        752      10658   ukf_task.o
      2512        218          0        140         32       5476   ultrasonic.o
     33836       1576          0        606       7828      45829   usart_fc.o
        44          0          0          0          0        694   watch_dog.o

    ----------------------------------------------------------------------
    149624       8028        950      45748      80880     781622   Object Totals
         0          0         32          0          0          0   (incl. Generated)
         4          0         10         32         16          0   (incl. Padding)

    ----------------------------------------------------------------------

      Code (inc. data)   RO Data    RW Data    ZI Data      Debug   Library Member Name

       256          6          0          0          0      16158   arm_std_f32.o
        90          0          0          0          0          0   __dczerorl2.o
         8          0          0          0          0         68   __main.o
         0          0          0          0          0          0   __rtentry.o
        12          0          0          0          0          0   __rtentry2.o
         6          0          0          0          0          0   __rtentry4.o
        52          8          0          0          0          0   __scatter.o
        28          0          0          0          0          0   __scatter_zi.o
        22          0          0          0          0        100   _rserrno.o
        18          0          0          0          0         80   exit.o
        78          0          0          0          0         80   h1_free.o
         6          0          0          0          0        152   heapauxi.o
         0          0          0          0          0          0   indicate_semi.o
         2          0          0          0          0          0   libinit.o
         6          0          0          0          0          0   libinit2.o
         2          0          0          0          0          0   libshutdown.o
         2          0          0          0          0          0   libshutdown2.o
         8          4          0          0         96         68   libspace.o
         8          4          0          0          0         68   rt_errno_addr_intlibspace.o
         8          4          0          0          0         68   rt_heap_descriptor_intlibspace.o
        78          0          0          0          0         80   rt_memclr_w.o
       100          0          0          0          0         80   rt_memcpy_w.o
         2          0          0          0          0          0   rtexit.o
        10          0          0          0          0          0   rtexit2.o
        36          0          0          0          0         80   strstr.o
        12          4          0          0          0         68   sys_exit.o
        74          0          0          0          0         80   sys_stackheap_outer.o
         2          0          0          0          0         68   use_no_semi.o
      2584         12          0          0        168     220285   cycle_cal_oldx.o
      2900        124          0         97        140       4570   flow.o
        24          0          0          0          0        164   basic.o
        98          4          0          0          0        140   d2f.o
       826         16          0          0          0        492   daddsub_clz.o
        16          4          0          0          0        116   dcheck1.o
        24          0          0          0          0        116   dcmpi.o
       688        140          0          0          0        256   ddiv.o
       120          4          0          0          0        140   deqf.o
        94          4          0          0          0        140   dfix.o
        84          0          0          0          0        232   dflt_clz.o
       120          4          0          0          0        140   dleqf.o
       340         12          0          0          0        152   dmul.o
       156          4          0          0          0        140   dnaninf.o
        12          0          0          0          0        116   dretinf.o
       108          0          0          0          0        128   drleqf.o
       408         56          0          0          0        168   dsqrt_umaal.o
        86          4          0          0          0        132   f2d.o
       140          4          0          0          0        132   fnaninf.o
        10          0          0          0          0        116   fpinit.o
        10          0          0          0          0        116   fretinf.o
       100          0          0          0          0        116   retnan.o
        92          0          0          0          0        116   scalbn.o
        48          0          0          0          0        116   trapv.o
         0          0          0          0          0          0   usenofp.o
       856        118         80          0          0        288   acos.o
       864         94         80          0          0        280   asin.o
       300         42          0          0          0        176   asinf.o
       592         90          0          0          0        184   atan2f.o
       352         56          0          0          0        172   atanf.o
       200         20          0          0          0        164   cos.o
       368         46         48          0          0        200   cos_i.o
       336         56          0          0          0        136   cosf.o
       184         44          0          0          0        744   dunder.o
        44          0          0          0          0        248   fabs.o
       280         28          0          0          0        156   floor.o
        48          0          0          0          0        124   fpclassify.o
        38          0          0          0          0        116   fpclassifyf.o
        80         24          0          0          0        696   funder.o
       248          0          0          0          0        152   poly.o
      3152        296        136          0          0        352   pow.o
      1636        110        320          0          0        372   powf.o
         0          0          8          0          0          0   qnan.o
      1080        142        200          0          0        188   rred.o
       340         24         32          0          0        160   rredf.o
       200         20          0          0          0        164   sin.o
       304         24         40          0          0        208   sin_i.o
       400         56          0          0          0        212   sinf.o
       232          0          0          0          0        296   sqrt.o
        62          0          0          0          0        136   sqrtf.o

    ----------------------------------------------------------------------
     22242       1720        944        100        408     251561   Library Totals
        32          8          0          3          4          0   (incl. Padding)

    ----------------------------------------------------------------------

      Code (inc. data)   RO Data    RW Data    ZI Data      Debug   Library Name

       256          6          0          0          0      16158   arm_cortexM4lf_math.lib
       670         24          0          0         96       1140   c_w.l
      2584         12          0          0        168     220285   cycle_cal_oldx.lib
      2900        124          0         97        140       4570   flow_oldx.lib
      3604        256          0          0          0       3484   fz_wm.l
     12196       1290        944          0          0       5924   m_wm.l

    ----------------------------------------------------------------------
     22242       1720        944        100        408     251561   Library Totals

    ----------------------------------------------------------------------

==============================================================================


      Code (inc. data)   RO Data    RW Data    ZI Data      Debug   

    171866       9748       1894      45848      81288    1013863   Grand Totals
    171866       9748       1894       2668      81288    1013863   ELF Image Totals (compressed)
    171866       9748       1894       2668          0          0   ROM Totals

==============================================================================

    Total RO  Size (Code + RO Data)               173760 ( 169.69kB)
    Total RW  Size (RW Data + ZI Data)            127136 ( 124.16kB)
    Total ROM Size (Code + RO Data + RW Data)     176428 ( 172.29kB)

==============================================================================

