Component: ARM Compiler 5.06 update 2 (build 183) Tool: armlink [4d35b7]

==============================================================================

Section Cross References

    ucos_task.o(.text) refers to time.o(.text) for Get_Cycle_T
    ucos_task.o(.text) refers to f2d.o(x$fpl$f2d) for __aeabi_f2d
    ucos_task.o(.text) refers to dleqf.o(x$fpl$dleqf) for __aeabi_cdcmple
    ucos_task.o(.text) refers to mpu6050.o(.text) for MPU6050_Read
    ucos_task.o(.text) refers to hml_sample.o(.text) for ANO_AK8975_Read
    ucos_task.o(.text) refers to ms5611_2.o(.text) for MS5611_ThreadNew
    ucos_task.o(.text) refers to lis3mdl.o(.text) for LSM6_readAcc
    ucos_task.o(.text) refers to delay.o(.text) for delay_ms
    ucos_task.o(.text) refers to my_math.o(.text) for my_deathzoom_2
    ucos_task.o(.text) refers to imu.o(.text) for IMUupdate
    ucos_task.o(.text) refers to ddiv.o(x$fpl$ddiv) for __aeabi_ddiv
    ucos_task.o(.text) refers to d2f.o(x$fpl$d2f) for __aeabi_d2f
    ucos_task.o(.text) refers to imu_m.o(.text) for MadgwickAHRSupdate
    ucos_task.o(.text) refers to watch_dog.o(.text) for IWDG_Feed
    ucos_task.o(.text) refers to ucos_task.o(.data) for inner_loop_time_time
    ucos_task.o(.text) refers to mpu6050.o(.bss) for mpu6050
    ucos_task.o(.text) refers to usart_fc.o(.bss) for mode
    ucos_task.o(.text) refers to imu.o(.data) for Yaw
    ucos_task.o(.text) refers to ucos_task.o(.bss) for flow_matlab_data
    ucos_task.o(.text) refers to ukf_task.o(.text) for ukf_pos_task_qr
    ucos_task.o(.text) refers to alt_kf.o(.text) for altUkfProcess
    ucos_task.o(.text) refers to laser.o(.text) for Laser_cal
    ucos_task.o(.text) refers to ultrasonic.o(.text) for Ultra_Duty
    ucos_task.o(.text) refers to fabs.o(i.__hardfp_fabs) for __hardfp_fabs
    ucos_task.o(.text) refers to basic.o(x$fpl$basic) for __aeabi_dneg
    ucos_task.o(.text) refers to drleqf.o(x$fpl$drleqf) for __aeabi_cdrcmple
    ucos_task.o(.text) refers to usart_fc.o(.data) for en_ble_debug
    ucos_task.o(.text) refers to dmul.o(x$fpl$dmul) for __aeabi_dmul
    ucos_task.o(.text) refers to alt_kf.o(.data) for ALT_POS_SONAR2
    ucos_task.o(.text) refers to daddsub_clz.o(x$fpl$dsub) for __aeabi_dsub
    ucos_task.o(.text) refers to daddsub_clz.o(x$fpl$dadd) for __aeabi_dadd
    ucos_task.o(.text) refers to fliter.o(.text) for Moving_Median
    ucos_task.o(.text) refers to os_core.o(.text) for OSIntEnter
    ucos_task.o(.text) refers to stm32f4xx_tim.o(.text) for TIM_GetITStatus
    ucos_task.o(.text) refers to stm32f4xx_dma.o(.text) for DMA_GetFlagStatus
    ucos_task.o(.text) refers to usart_fc.o(.text) for clear_nrf_uart
    ucos_task.o(.text) refers to stm32f4xx_usart.o(.text) for USART_DMACmd
    ucos_task.o(.text) refers to dma.o(.text) for MYDMA_Enable
    ucos_task.o(.text) refers to imu.o(.bss) for reference_vr
    ucos_task.o(.text) refers to dfix.o(x$fpl$dfix) for __aeabi_d2iz
    ucos_task.o(.text) refers to alt_kf.o(.bss) for acc_z_view
    ucos_task.o(.text) refers to ms5611_2.o(.data) for baroAlt
    ucos_task.o(.text) refers to ukf_task.o(.bss) for X_ukf
    ucos_task.o(.text) refers to ukf_task.o(.data) for K_spd_flow
    ucos_task.o(.text) refers to laser.o(.bss) for Laser_avoid
    ucos_task.o(.text) refers to ultrasonic.o(.data) for ultra_distance
    ucos_task.o(.text) refers to dflt_clz.o(x$fpl$dfltu) for __aeabi_ui2d
    ucos_task.o(.text) refers to led_fc.o(.text) for LEDRGB_STATE
    ucos_task.o(.text) refers to lis3mdl.o(.bss) for lis3mdl
    ucos_task.o(.text) refers to os_core.o(.data) for OSCPUUsage
    main.o(.text) refers to os_mbox.o(.text) for OSMboxCreate
    main.o(.text) refers to os_q.o(.text) for OSQCreate
    main.o(.text) refers to os_flag.o(.text) for OSFlagCreate
    main.o(.text) refers to os_core.o(.text) for OSStatInit
    main.o(.text) refers to os_tmr.o(.text) for OSTmrCreate
    main.o(.text) refers to os_cpu_a.o(.text) for OS_CPU_SR_Save
    main.o(.text) refers to os_task.o(.text) for OSTaskCreate
    main.o(.text) refers to misc.o(.text) for NVIC_PriorityGroupConfig
    main.o(.text) refers to delay.o(.text) for delay_init
    main.o(.text) refers to time.o(.text) for Initial_Timer_SYS
    main.o(.text) refers to iic_soft.o(.text) for I2c_Soft_Init
    main.o(.text) refers to iic1.o(.text) for IIC_IMU1_Init
    main.o(.text) refers to hml_sample.o(.text) for HMC5883L_SetUp
    main.o(.text) refers to ms5611_2.o(.text) for MS5611_Init
    main.o(.text) refers to mpu6050.o(.text) for MPU6050_Init
    main.o(.text) refers to lis3mdl.o(.text) for LIS3MDL_enableDefault
    main.o(.text) refers to alt_kf.o(.text) for altUkfInit
    main.o(.text) refers to led_fc.o(.text) for LED_Init
    main.o(.text) refers to usart_fc.o(.text) for Usart1_Init
    main.o(.text) refers to dma.o(.text) for MYDMA_Config
    main.o(.text) refers to flash_w25.o(.text) for W25QXX_Init
    main.o(.text) refers to flash.o(.text) for READ_PARM
[...]
    __user_setup_stackheap                   0x08029f07   Thumb Code    74  sys_stackheap_outer.o(.text)
    exit                                     0x08029f51   Thumb Code    18  exit.o(.text)
    _sys_exit                                0x08029f65   Thumb Code     8  sys_exit.o(.text)
    __ARM_fpclassify                         0x08029f71   Thumb Code    48  fpclassify.o(i.__ARM_fpclassify)
    __ARM_fpclassifyf                        0x08029fa1   Thumb Code    38  fpclassifyf.o(i.__ARM_fpclassifyf)
    __hardfp_acos                            0x08029fc9   Thumb Code   738  acos.o(i.__hardfp_acos)
    __hardfp_asin                            0x0802a321   Thumb Code   770  asin.o(i.__hardfp_asin)
    __hardfp_atan                            0x0802a681   Thumb Code   622  atan.o(i.__hardfp_atan)
    __hardfp_atan2                           0x0802a959   Thumb Code   432  atan2.o(i.__hardfp_atan2)
    __hardfp_atan2f                          0x0802ab49   Thumb Code   502  atan2f.o(i.__hardfp_atan2f)
    __hardfp_cos                             0x0802ad99   Thumb Code   180  cos.o(i.__hardfp_cos)
    __hardfp_fabs                            0x0802ae61   Thumb Code    20  fabs.o(i.__hardfp_fabs)
    __hardfp_floor                           0x0802ae79   Thumb Code   252  floor.o(i.__hardfp_floor)
    __hardfp_pow                             0x0802af91   Thumb Code  3072  pow.o(i.__hardfp_pow)
    __hardfp_sin                             0x0802bbe1   Thumb Code   180  sin.o(i.__hardfp_sin)
    __hardfp_sqrt                            0x0802bca9   Thumb Code   122  sqrt.o(i.__hardfp_sqrt)
    __ieee754_rem_pio2                       0x0802bd29   Thumb Code   938  rred.o(i.__ieee754_rem_pio2)
    __kernel_cos                             0x0802c161   Thumb Code   322  cos_i.o(i.__kernel_cos)
    __kernel_poly                            0x0802c2d1   Thumb Code   248  poly.o(i.__kernel_poly)
    __kernel_sin                             0x0802c3c9   Thumb Code   280  sin_i.o(i.__kernel_sin)
    __mathlib_dbl_divzero                    0x0802c4f9   Thumb Code    28  dunder.o(i.__mathlib_dbl_divzero)
    __mathlib_dbl_infnan                     0x0802c529   Thumb Code    20  dunder.o(i.__mathlib_dbl_infnan)
    __mathlib_dbl_infnan2                    0x0802c53d   Thumb Code    20  dunder.o(i.__mathlib_dbl_infnan2)
    __mathlib_dbl_invalid                    0x0802c551   Thumb Code    24  dunder.o(i.__mathlib_dbl_invalid)
    __mathlib_dbl_overflow                   0x0802c571   Thumb Code    24  dunder.o(i.__mathlib_dbl_overflow)
    __mathlib_dbl_underflow                  0x0802c591   Thumb Code    24  dunder.o(i.__mathlib_dbl_underflow)
    __mathlib_flt_infnan2                    0x0802c5b1   Thumb Code     6  funder.o(i.__mathlib_flt_infnan2)
    __mathlib_flt_underflow                  0x0802c5b9   Thumb Code    10  funder.o(i.__mathlib_flt_underflow)
    atan                                     0x0802c5c9   Thumb Code    16  atan.o(i.atan)
    fabs                                     0x0802c5d9   Thumb Code    24  fabs.o(i.fabs)
    sqrt                                     0x0802c5f1   Thumb Code   110  sqrt.o(i.sqrt)
    __aeabi_dneg                             0x0802c65f   Thumb Code     0  basic.o(x$fpl$basic)
    _dneg                                    0x0802c65f   Thumb Code     6  basic.o(x$fpl$basic)
    __aeabi_fneg                             0x0802c665   Thumb Code     0  basic.o(x$fpl$basic)
    _fneg                                    0x0802c665   Thumb Code     6  basic.o(x$fpl$basic)
    _dabs                                    0x0802c66b   Thumb Code     6  basic.o(x$fpl$basic)
    _fabs                                    0x0802c671   Thumb Code     6  basic.o(x$fpl$basic)
    __aeabi_d2f                              0x0802c679   Thumb Code     0  d2f.o(x$fpl$d2f)
    _d2f                                     0x0802c679   Thumb Code    98  d2f.o(x$fpl$d2f)
    __aeabi_dadd                             0x0802c6dd   Thumb Code     0  daddsub_clz.o(x$fpl$dadd)
    _dadd                                    0x0802c6dd   Thumb Code   332  daddsub_clz.o(x$fpl$dadd)
    __fpl_dcheck_NaN1                        0x0802c82d   Thumb Code    10  dcheck1.o(x$fpl$dcheck1)
    __fpl_dcmp_Inf                           0x0802c83d   Thumb Code    24  dcmpi.o(x$fpl$dcmpinf)
    __aeabi_ddiv                             0x0802c855   Thumb Code     0  ddiv.o(x$fpl$ddiv)
    _ddiv                                    0x0802c855   Thumb Code   552  ddiv.o(x$fpl$ddiv)
    __aeabi_cdcmpeq                          0x0802cb05   Thumb Code     0  deqf.o(x$fpl$deqf)
    _dcmpeq                                  0x0802cb05   Thumb Code   120  deqf.o(x$fpl$deqf)
    __aeabi_d2iz                             0x0802cb7d   Thumb Code     0  dfix.o(x$fpl$dfix)
    _dfix                                    0x0802cb7d   Thumb Code    94  dfix.o(x$fpl$dfix)
    __aeabi_i2d                              0x0802cbdb   Thumb Code     0  dflt_clz.o(x$fpl$dflt)
    _dflt                                    0x0802cbdb   Thumb Code    46  dflt_clz.o(x$fpl$dflt)
    __aeabi_ui2d                             0x0802cc09   Thumb Code     0  dflt_clz.o(x$fpl$dfltu)
    _dfltu                                   0x0802cc09   Thumb Code    38  dflt_clz.o(x$fpl$dfltu)
    __aeabi_cdcmple                          0x0802cc31   Thumb Code     0  dleqf.o(x$fpl$dleqf)
    _dcmple                                  0x0802cc31   Thumb Code   120  dleqf.o(x$fpl$dleqf)
    __fpl_dcmple_InfNaN                      0x0802cc93   Thumb Code     0  dleqf.o(x$fpl$dleqf)
    __aeabi_dmul                             0x0802cca9   Thumb Code     0  dmul.o(x$fpl$dmul)
    _dmul                                    0x0802cca9   Thumb Code   332  dmul.o(x$fpl$dmul)
    __fpl_dnaninf                            0x0802cdfd   Thumb Code   156  dnaninf.o(x$fpl$dnaninf)
    __fpl_dretinf                            0x0802ce99   Thumb Code    12  dretinf.o(x$fpl$dretinf)
    __aeabi_cdrcmple                         0x0802cea5   Thumb Code     0  drleqf.o(x$fpl$drleqf)
    _drcmple                                 0x0802cea5   Thumb Code   108  drleqf.o(x$fpl$drleqf)
    __aeabi_drsub                            0x0802cf11   Thumb Code     0  daddsub_clz.o(x$fpl$drsb)
    _drsb                                    0x0802cf11   Thumb Code    22  daddsub_clz.o(x$fpl$drsb)
    _dsqrt                                   0x0802cf29   Thumb Code   404  dsqrt_umaal.o(x$fpl$dsqrt)
    __aeabi_dsub                             0x0802d0c1   Thumb Code     0  daddsub_clz.o(x$fpl$dsub)
    _dsub                                    0x0802d0c1   Thumb Code   464  daddsub_clz.o(x$fpl$dsub)
    __aeabi_f2d                              0x0802d295   Thumb Code     0  f2d.o(x$fpl$f2d)
    _f2d                                     0x0802d295   Thumb Code    86  f2d.o(x$fpl$f2d)
    __aeabi_ul2f                             0x0802d2eb   Thumb Code     0  ffltll_clz.o(x$fpl$ffltll)
    _ll_uto_f                                0x0802d2eb   Thumb Code     6  ffltll_clz.o(x$fpl$ffltll)
    __aeabi_l2f                              0x0802d2f1   Thumb Code     0  ffltll_clz.o(x$fpl$ffltll)
    _ll_sto_f                                0x0802d2f1   Thumb Code    90  ffltll_clz.o(x$fpl$ffltll)
    __fpl_fnaninf                            0x0802d34b   Thumb Code   140  fnaninf.o(x$fpl$fnaninf)
    _fp_init                                 0x0802d3d7   Thumb Code    10  fpinit.o(x$fpl$fpinit)
    __fplib_config_fpu_vfp                   0x0802d3df   Thumb Code     0  fpinit.o(x$fpl$fpinit)
    __fplib_config_pureend_doubles           0x0802d3df   Thumb Code     0  fpinit.o(x$fpl$fpinit)
    __fpl_fretinf                            0x0802d3e1   Thumb Code    10  fretinf.o(x$fpl$fretinf)
    __fpl_return_NaN                         0x0802d3eb   Thumb Code   100  retnan.o(x$fpl$retnan)
    __ARM_scalbn                             0x0802d44f   Thumb Code    92  scalbn.o(x$fpl$scalbn)
    __fpl_cmpreturn                          0x0802d4ab   Thumb Code    48  trapv.o(x$fpl$trapveneer)
    OSUnMapTbl                               0x0802d4da   Data         256  os_core.o(.constdata)
    __I$use$fp                               0x0802d4da   Number         0  usenofp.o(x$fpl$usenofp)
    __mathlib_zero                           0x0802d998   Data           8  qnan.o(.constdata)
    Region$$Table$$Base                      0x0802da90   Number         0  anon$$obj.o(Region$$Table)
    Region$$Table$$Limit                     0x0802dab0   Number         0  anon$$obj.o(Region$$Table)
    gpsData                                  0x20000000   Data         152  ublox.o(.ccm)
    ubloxData                                0x20000098   Data         548  ublox.o(.ccm)
    ccmHeap                                  0x200002bc   Data       40960  alt_kf.o(.ccm)
    fly_ready                                0x2000a2c0   Data           1  ucos_task.o(.data)
    inner_loop_time_time                     0x2000a2c4   Data           4  ucos_task.o(.data)
    inner_loop_time_time_int                 0x2000a2c8   Data           4  ucos_task.o(.data)
    GOL_LINK_BUSY                            0x2000a2cc   Data           2  ucos_task.o(.data)
    YawR                                     0x2000a2d0   Data           4  ucos_task.o(.data)
    PitchR                                   0x2000a2d4   Data           4  ucos_task.o(.data)
    RollR                                    0x2000a2d8   Data           4  ucos_task.o(.data)
    outer_loop_time                          0x2000a2dc   Data           4  ucos_task.o(.data)
    ekf_loop_time                            0x2000a2e0   Data           4  ucos_task.o(.data)
    flag_mag                                 0x2000a2e4   Data          12  ucos_task.o(.data)
    Kp_ekf                                   0x2000a2f0   Data           4  ucos_task.o(.data)
    Kp_ekf_pr                                0x2000a2f4   Data           4  ucos_task.o(.data)
    focal_length_px                          0x2000a2f8   Data           4  ucos_task.o(.data)
    accumulated_flow_x                       0x2000a2fc   Data           4  ucos_task.o(.data)
    accumulated_flow_y                       0x2000a300   Data           4  ucos_task.o(.data)
    accumulated_gyro_x                       0x2000a304   Data           4  ucos_task.o(.data)
    accumulated_gyro_y                       0x2000a308   Data           4  ucos_task.o(.data)
    accumulated_gyro_z                       0x2000a30c   Data           4  ucos_task.o(.data)
    accumulated_framecount                   0x2000a310   Data           2  ucos_task.o(.data)
    accumulated_quality                      0x2000a312   Data           2  ucos_task.o(.data)
    integration_timespan                     0x2000a314   Data           4  ucos_task.o(.data)
    k_flow_acc                               0x2000a318   Data           8  ucos_task.o(.data)
    k_gro_acc                                0x2000a320   Data           4  ucos_task.o(.data)
    flt_gro                                  0x2000a324   Data           4  ucos_task.o(.data)
    k_time_use                               0x2000a328   Data           4  ucos_task.o(.data)
    flow_rad_fix_k                           0x2000a32c   Data           8  ucos_task.o(.data)
    flow_rad_fix_k2                          0x2000a334   Data           4  ucos_task.o(.data)
    dead_rad_fix                             0x2000a338   Data           8  ucos_task.o(.data)
    flow_height_fliter                       0x2000a340   Data           4  ucos_task.o(.data)
    wz_speed_flow                            0x2000a344   Data           8  ucos_task.o(.data)
    w_acc_spd                                0x2000a34c   Data           4  ucos_task.o(.data)
    w_acc_fix                                0x2000a350   Data           4  ucos_task.o(.data)
    k_scale_pix                              0x2000a354   Data           4  ucos_task.o(.data)
    scale_pix                                0x2000a358   Data           4  ucos_task.o(.data)
    k_acc_forward                            0x2000a35c   Data           4  ucos_task.o(.data)
    MID_CNT_SPD                              0x2000a360   Data           1  ucos_task.o(.data)
    k_flp                                    0x2000a364   Data           4  ucos_task.o(.data)
    rate_threshold                           0x2000a368   Data           8  ucos_task.o(.data)
    flow_k                                   0x2000a370   Data           4  ucos_task.o(.data)
    k_gro_off                                0x2000a374   Data           4  ucos_task.o(.data)
    flow_module_offset_y                     0x2000a378   Data           4  ucos_task.o(.data)
    flow_module_offset_x                     0x2000a37c   Data           4  ucos_task.o(.data)
    flow_px_sel                              0x2000a380   Data           1  ucos_task.o(.data)
    scale_px4_flow                           0x2000a384   Data           4  ucos_task.o(.data)
    x_flow_orign_temp                        0x2000a388   Data           4  ucos_task.o(.data)
    y_flow_orign_temp                        0x2000a38c   Data           4  ucos_task.o(.data)
    baro_matlab_data                         0x2000a390   Data           8  ucos_task.o(.data)
    flow_loop_time                           0x2000a398   Data           4  ucos_task.o(.data)
    flow_rad_sel                             0x2000a39c   Data           1  ucos_task.o(.data)
    en_imu_debug                             0x2000a39d   Data           1  ucos_task.o(.data)
    force_imu_debug                          0x2000a39e   Data           1  ucos_task.o(.data)
    UART_UP_LOAD_SEL                         0x2000a39f   Data           1  ucos_task.o(.data)
    time_uart                                0x2000a3a0   Data           4  ucos_task.o(.data)
    tmr1                                     0x2000a3a4   Data           4  ucos_task.o(.data)
    tmr2                                     0x2000a3a8   Data           4  ucos_task.o(.data)
    tmr3                                     0x2000a3ac   Data           4  ucos_task.o(.data)
    cpuusage                                 0x2000a3b0   Data           2  ucos_task.o(.data)
    msg_key                                  0x2000a3d8   Data           4  main.o(.data)
    q_msg                                    0x2000a3dc   Data           4  main.o(.data)
    flags_key                                0x2000a3e0   Data           4  main.o(.data)
    SystemCoreClock                          0x2000a3e4   Data           4  system_stm32f4xx.o(.data)
    AHBPrescTable                            0x2000a3e8   Data          16  system_stm32f4xx.o(.data)
    OSCtxSwCtr                               0x2000a40c   Data           4  os_core.o(.data)
    OSEventFreeList                          0x2000a410   Data           4  os_core.o(.data)
    OSFlagFreeList                           0x2000a414   Data           4  os_core.o(.data)
    OSCPUUsage                               0x2000a418   Data           1  os_core.o(.data)
    OSIdleCtrMax                             0x2000a41c   Data           4  os_core.o(.data)
    OSIdleCtrRun                             0x2000a420   Data           4  os_core.o(.data)
    OSStatRdy                                0x2000a424   Data           1  os_core.o(.data)
    OSIntNesting                             0x2000a425   Data           1  os_core.o(.data)
    OSLockNesting                            0x2000a426   Data           1  os_core.o(.data)
    OSPrioCur                                0x2000a427   Data           1  os_core.o(.data)
    OSPrioHighRdy                            0x2000a428   Data           1  os_core.o(.data)
    OSRdyGrp                                 0x2000a429   Data           1  os_core.o(.data)
    OSRdyTbl                                 0x2000a42a   Data           8  os_core.o(.data)
    OSRunning                                0x2000a432   Data           1  os_core.o(.data)
    OSTaskCtr                                0x2000a433   Data           1  os_core.o(.data)
    OSIdleCtr                                0x2000a434   Data           4  os_core.o(.data)
    OSTCBCur                                 0x2000a438   Data           4  os_core.o(.data)
    OSTCBFreeList                            0x2000a43c   Data           4  os_core.o(.data)
    OSTCBHighRdy                             0x2000a440   Data           4  os_core.o(.data)
    OSTCBList                                0x2000a444   Data           4  os_core.o(.data)
    OSTickStepState                          0x2000a448   Data           1  os_core.o(.data)
    OSQFreeList                              0x2000a44c   Data           4  os_core.o(.data)
    OSTime                                   0x2000a450   Data           4  os_core.o(.data)
    OSTmrFree                                0x2000a454   Data           2  os_core.o(.data)
    OSTmrUsed                                0x2000a456   Data           2  os_core.o(.data)
    OSTmrTime                                0x2000a458   Data           4  os_core.o(.data)
    OSTmrSem                                 0x2000a45c   Data           4  os_core.o(.data)
    OSTmrSemSignal                           0x2000a460   Data           4  os_core.o(.data)
    OSTmrFreeList                            0x2000a464   Data           4  os_core.o(.data)
    OSInterrputSum                           0x2000a468   Data           4  os_cpu_c.o(.data)
    GPS_SEL1                                 0x2000a470   Data           1  gps.o(.data)
    gps_dt                                   0x2000a474   Data           4  gps.o(.data)
    sum                                      0x2000a478   Data           2  iic_sonar.o(.data)
    I2C_FastMode                             0x2000a47a   Data           1  iic_soft.o(.data)
    FLASH_SIZE                               0x2000a484   Data           4  flash.o(.data)
    W25QXX_TYPE                              0x2000a488   Data           2  flash_w25.o(.data)
    sysTickUptime                            0x2000a48c   Data           4  time.o(.data)
    time_1h                                  0x2000a490   Data           4  time.o(.data)
    time_1m                                  0x2000a494   Data           4  time.o(.data)
    time_1s                                  0x2000a498   Data           4  time.o(.data)
    time_1ms                                 0x2000a49c   Data           4  time.o(.data)
    dt_flow_rx                               0x2000a4a0   Data           4  usart_fc.o(.data)
    data_rate_gol_link                       0x2000a4a4   Data           2  usart_fc.o(.data)
    LOCK                                     0x2000a4a6   Data           1  usart_fc.o(.data)
    KEY                                      0x2000a4a7   Data           8  usart_fc.o(.data)
    KEY_SEL                                  0x2000a4af   Data           4  usart_fc.o(.data)
    NAV_BOARD_CONNECT                        0x2000a4b3   Data           1  usart_fc.o(.data)
    force_fly_ready                          0x2000a4b4   Data           1  usart_fc.o(.data)
    k_flow_opencv                            0x2000a4b8   Data           4  usart_fc.o(.data)
    TxCounter                                0x2000a4bc   Data           1  usart_fc.o(.data)
    count                                    0x2000a4bd   Data           1  usart_fc.o(.data)
    RxState                                  0x2000a4be   Data           1  usart_fc.o(.data)
    RxBufferNum                              0x2000a4bf   Data           1  usart_fc.o(.data)
    RxBufferCnt                              0x2000a4c0   Data           1  usart_fc.o(.data)
    RxLen                                    0x2000a4c1   Data           1  usart_fc.o(.data)
    com_data                                 0x2000a4c2   Data           1  usart_fc.o(.data)
    nrf_uart_cnt                             0x2000a4c6   Data           2  usart_fc.o(.data)
    Tx5Counter                               0x2000a4c8   Data           1  usart_fc.o(.data)
    count5                                   0x2000a4c9   Data           1  usart_fc.o(.data)
    dlf_odroid                               0x2000a4cc   Data           4  usart_fc.o(.data)
    TxCounter_u1                             0x2000a4d0   Data           1  usart_fc.o(.data)
    count_u1                                 0x2000a4d1   Data           1  usart_fc.o(.data)
    RxState_u1                               0x2000a4d2   Data           1  usart_fc.o(.data)
    RxBufferNum_u1                           0x2000a4d3   Data           1  usart_fc.o(.data)
    RxBufferCnt_u1                           0x2000a4d4   Data           1  usart_fc.o(.data)
    RxLen_u1                                 0x2000a4d5   Data           1  usart_fc.o(.data)
    USART3_RX_STA                            0x2000a4d8   Data           2  usart_fc.o(.data)
    buf_GPRMC                                0x2000a4da   Data         100  usart_fc.o(.data)
    buf_GPRMCt                               0x2000a53e   Data         100  usart_fc.o(.data)
    buf_GPGGA                                0x2000a5a2   Data         100  usart_fc.o(.data)
    buf_GPGGAt                               0x2000a606   Data         100  usart_fc.o(.data)
    gps_good                                 0x2000a66a   Data           1  usart_fc.o(.data)
    gps_loss_cnt                             0x2000a66c   Data           2  usart_fc.o(.data)
    rate_gps_board                           0x2000a670   Data           4  usart_fc.o(.data)
    RxState3                                 0x2000a674   Data           1  usart_fc.o(.data)
    RxBufferNum3                             0x2000a675   Data           1  usart_fc.o(.data)
    RxBufferCnt3                             0x2000a676   Data           1  usart_fc.o(.data)
    RxLen3                                   0x2000a677   Data           1  usart_fc.o(.data)
    Angle_Yun                                0x2000a67c   Data           8  usart_fc.o(.data)
    en_ble_debug                             0x2000a684   Data           1  usart_fc.o(.data)
    mav_flow_sel                             0x2000a685   Data           1  usart_fc.o(.data)
    FLOW_STATE                               0x2000a686   Data           4  usart_fc.o(.data)
    IMU1_Fast                                0x2000a6b0   Data           1  lis3mdl.o(.data)
    id                                       0x2000a6b1   Data           3  lis3mdl.o(.data)
    mpu6050_ok                               0x2000a790   Data           1  mpu6050.o(.data)
    test_ang                                 0x2000a83c   Data           4  mpu6050.o(.data)
    test_ang_old                             0x2000a840   Data           4  mpu6050.o(.data)
    test_ang_d                               0x2000a844   Data           4  mpu6050.o(.data)
    test_fli_a                               0x2000a848   Data           4  mpu6050.o(.data)
    test_i                                   0x2000a84c   Data           4  mpu6050.o(.data)
    acc_max                                  0x2000a850   Data          12  mpu6050.o(.data)
    acc_min                                  0x2000a85c   Data          12  mpu6050.o(.data)
    EN_TUO_ACC_FIX                           0x2000a868   Data           1  mpu6050.o(.data)
    ak8975                                   0x2000a870   Data          48  hml_sample.o(.data)
    ak8975_ok                                0x2000a8f0   Data           1  hml_sample.o(.data)
    Mag_CALIBRATED                           0x2000a8f1   Data           1  hml_sample.o(.data)
    Mag_CALIBRATED_R                         0x2000a8f2   Data           1  hml_sample.o(.data)
    HMC5883_lastx                            0x2000a8f4   Data           4  hml_sample.o(.data)
    HMC5883_lasty                            0x2000a8f8   Data           4  hml_sample.o(.data)
    HMC5883_lastz                            0x2000a8fc   Data           4  hml_sample.o(.data)
    HMC5883_maxx                             0x2000a900   Data           2  hml_sample.o(.data)
    HMC5883_maxy                             0x2000a902   Data           2  hml_sample.o(.data)
    HMC5883_maxz                             0x2000a904   Data           2  hml_sample.o(.data)
    HMC5883_minx                             0x2000a906   Data           2  hml_sample.o(.data)
    HMC5883_miny                             0x2000a908   Data           2  hml_sample.o(.data)
    HMC5883_minz                             0x2000a90a   Data           2  hml_sample.o(.data)
    paOffsetNum                              0x2000a958   Data           8  ms5611_2.o(.data)
    paInitCnt                                0x2000a960   Data           2  ms5611_2.o(.data)
    paOffsetInited                           0x2000a962   Data           1  ms5611_2.o(.data)
    Baro_ALT_Updated                         0x2000a963   Data           1  ms5611_2.o(.data)
    MS5611_Temperature                       0x2000a964   Data           4  ms5611_2.o(.data)
    MS5611_Pressure                          0x2000a968   Data           4  ms5611_2.o(.data)
    MS5611_Altitude                          0x2000a96c   Data           4  ms5611_2.o(.data)
    MS5611_VerticalSpeed                     0x2000a970   Data           4  ms5611_2.o(.data)
    MS5611_Delay_us                          0x2000a974   Data          36  ms5611_2.o(.data)
    for_fly_ready                            0x2000a9a6   Data           1  ms5611_2.o(.data)
    baroAlt                                  0x2000a9a8   Data           4  ms5611_2.o(.data)
    baro_set                                 0x2000a9ac   Data           1  ms5611_2.o(.data)
    T_sonar                                  0x2000a9c0   Data           4  ultrasonic.o(.data)
    ultra_start_f                            0x2000a9c4   Data           1  ultrasonic.o(.data)
    ultra_time                               0x2000a9c5   Data           1  ultrasonic.o(.data)
    ultra_ok                                 0x2000a9c6   Data           1  ultrasonic.o(.data)
    x_pred                                   0x2000a9c8   Data           8  ultrasonic.o(.data)
    v_pred                                   0x2000a9d0   Data           8  ultrasonic.o(.data)
    x_post                                   0x2000a9d8   Data           8  ultrasonic.o(.data)
    v_post                                   0x2000a9e0   Data           8  ultrasonic.o(.data)
    sonar_raw                                0x2000a9e8   Data           4  ultrasonic.o(.data)
    scale_kal_sonar_v                        0x2000a9ec   Data           4  ultrasonic.o(.data)
    x_pred_bmp                               0x2000a9f0   Data           8  ultrasonic.o(.data)
    v_pred_bmp                               0x2000a9f8   Data           8  ultrasonic.o(.data)
    x_post_bmp                               0x2000aa00   Data           8  ultrasonic.o(.data)
    v_post_bmp                               0x2000aa08   Data           8  ultrasonic.o(.data)
    state_dj                                 0x2000aa10   Data           5  ultrasonic.o(.data)
    state_dj_rx                              0x2000aa15   Data           5  ultrasonic.o(.data)
    IO_STATE                                 0x2000aa1a   Data           5  ultrasonic.o(.data)
    IO_STATER                                0x2000aa1f   Data           5  ultrasonic.o(.data)
    TEMP_SONAR                               0x2000aa24   Data           4  ultrasonic.o(.data)
    cnt_sample1                              0x2000aa28   Data           4  ultrasonic.o(.data)
    ultra_distance                           0x2000aa2c   Data           4  ultrasonic.o(.data)
    ultra_distance_r                         0x2000aa30   Data           4  ultrasonic.o(.data)
    ultra_delta                              0x2000aa34   Data           4  ultrasonic.o(.data)
    flt_laser                                0x2000aa50   Data           4  laser.o(.data)
    rate_use                                 0x2000aa54   Data           8  laser.o(.data)
    altUkfData                               0x2000aa60   Data           8  alt_kf.o(.data)
    altUkfData_sonar                         0x2000aa68   Data           8  alt_kf.o(.data)
    altUkfData_bmp                           0x2000aa70   Data           8  alt_kf.o(.data)
    flowUkfData_x                            0x2000aa78   Data           8  alt_kf.o(.data)
    flowUkfData_y                            0x2000aa80   Data           8  alt_kf.o(.data)
    gpsUkfData_e                             0x2000aa88   Data           8  alt_kf.o(.data)
    gpsUkfData_n                             0x2000aa90   Data           8  alt_kf.o(.data)
    heapUsed                                 0x2000aa98   Data           4  alt_kf.o(.data)
    heapHighWater                            0x2000aa9c   Data           4  alt_kf.o(.data)
    dataSramUsed                             0x2000aaa0   Data           4  alt_kf.o(.data)
    FLOW_NOISE                               0x2000aaa4   Data           4  alt_kf.o(.data)
    flow_pos                                 0x2000aaa8   Data           8  alt_kf.o(.data)
    measure_num                              0x2000aab0   Data           1  alt_kf.o(.data)
    k_acc                                    0x2000aab4   Data           4  alt_kf.o(.data)
    sonar_av_cnt                             0x2000aab8   Data           2  alt_kf.o(.data)
    sonar_f_set                              0x2000aabc   Data          24  alt_kf.o(.data)
    ALT_PRES_NOISE                           0x2000aad4   Data           4  alt_kf.o(.data)
    ALT_PRES_NOISE_SONAR                     0x2000aad8   Data           4  alt_kf.o(.data)
    ALT_POS_SONAR2                           0x2000aadc   Data           4  alt_kf.o(.data)
    ALT_POS_SONAR3                           0x2000aae0   Data           4  alt_kf.o(.data)
    sonar_h_cnt                              0x2000aae4   Data           4  alt_kf.o(.data)
    sonar_temp                               0x2000aae8   Data           4  alt_kf.o(.data)
    K_SONAR                                  0x2000aaec   Data           4  alt_kf.o(.data)
    test_1                                   0x2000aaf0   Data           2  alt_kf.o(.data)
    en_1                                     0x2000aaf2   Data           1  alt_kf.o(.data)
    NOISE                                    0x2000aaf4   Data          12  alt_kf.o(.data)
    X_apo_height1                            0x2000ab00   Data           8  alt_kf.o(.data)
    P_apo_k_height1                          0x2000ab08   Data          16  alt_kf.o(.data)
    r_baro1                                  0x2000ab18   Data           4  alt_kf.o(.data)
    r_acc1                                   0x2000ab1c   Data           4  alt_kf.o(.data)
    k_spd                                    0x2000ab20   Data           4  alt_kf.o(.data)
    gh                                       0x2000ab24   Data           4  alt_kf.o(.data)
    gh_sonar                                 0x2000ab28   Data           4  alt_kf.o(.data)
    ga                                       0x2000ab2c   Data           4  alt_kf.o(.data)
    gwa                                      0x2000ab30   Data           4  alt_kf.o(.data)
    P_kf_baro                                0x2000ab38   Data          72  alt_kf.o(.data)
    P_kf_sonar                               0x2000ab80   Data          72  alt_kf.o(.data)
    X_apo_height                             0x2000abc8   Data           8  alt_kf.o(.data)
    P_apo_k_height                           0x2000abd0   Data          16  alt_kf.o(.data)
    k_bais                                   0x2000abe0   Data           4  alt_kf.o(.data)
    k_bais2                                  0x2000abe4   Data           4  alt_kf.o(.data)
    r_baro                                   0x2000abe8   Data           4  alt_kf.o(.data)
    r_acc                                    0x2000abec   Data           4  alt_kf.o(.data)
    gro_z_dead                               0x2000abf0   Data           4  alt_kf.o(.data)
    dead_accz                                0x2000abf4   Data           4  alt_kf.o(.data)
    acc_off_baro                             0x2000abf8   Data           4  alt_kf.o(.data)
    k_hcc                                    0x2000abfc   Data           4  alt_kf.o(.data)
    k_hcc_fix                                0x2000ac00   Data           4  alt_kf.o(.data)
    hc_acc_i_bmp                             0x2000ac04   Data           4  alt_kf.o(.data)
    accz                                     0x2000ac08   Data           4  alt_kf.o(.data)
    accz_bmp                                 0x2000ac0c   Data           4  alt_kf.o(.data)
    acc_scale_bmp                            0x2000ac10   Data           4  alt_kf.o(.data)
    acc_mask                                 0x2000ac14   Data           1  alt_kf.o(.data)
    acc_mask_cnt_max                         0x2000ac16   Data           2  alt_kf.o(.data)
    baro_ukf_dt                              0x2000ac18   Data           4  alt_kf.o(.data)
    baro_ekf_dt                              0x2000ac1c   Data           4  alt_kf.o(.data)
    k_flt_accz                               0x2000ac20   Data           4  alt_kf.o(.data)
    acc_est                                  0x2000ac24   Data           4  alt_kf.o(.data)
    acc_est_imu                              0x2000ac28   Data           4  alt_kf.o(.data)
    baro_ekf_ero                             0x2000ac2c   Data           1  alt_kf.o(.data)
    ALT_VEL_BMP_UNION                        0x2000ac30   Data           4  alt_kf.o(.data)
    ALT_POS_BMP_UNION                        0x2000ac34   Data           4  alt_kf.o(.data)
    baroAlt_sel                              0x2000ac38   Data           1  alt_kf.o(.data)
    acc_flag                                 0x2000ac3c   Data           8  alt_kf.o(.data)
    k_acc_ukf                                0x2000ac44   Data           4  alt_kf.o(.data)
    MAX_ACC_NEO                              0x2000ac48   Data           4  alt_kf.o(.data)
    flow_dt                                  0x2000ac4c   Data           4  alt_kf.o(.data)
    GPS_NOISE                                0x2000ac50   Data           4  alt_kf.o(.data)
    k_acc_fpl_gps                            0x2000ac54   Data           4  alt_kf.o(.data)
    q_pos                                    0x2000ac58   Data           4  alt_kf.o(.data)
    v_q                                      0x2000ac5c   Data           4  alt_kf.o(.data)
    v_bais                                   0x2000ac60   Data           4  alt_kf.o(.data)
    s_bais                                   0x2000ac64   Data           4  alt_kf.o(.data)
    ALT_STATE_POS1                           0x2000ac68   Data           4  alt_kf.o(.data)
    ALT_STATE_VEL1                           0x2000ac6c   Data           4  alt_kf.o(.data)
    ALT_STATE_BIAS1                          0x2000ac70   Data           4  alt_kf.o(.data)
    ALT_NOISE_BIAS1                          0x2000ac74   Data           4  alt_kf.o(.data)
    ALT_NOISE_VEL1                           0x2000ac78   Data           4  alt_kf.o(.data)
    ALT_STATE_POS_GPS                        0x2000ac7c   Data           4  alt_kf.o(.data)
    ALT_STATE_VEL_GPS                        0x2000ac80   Data           4  alt_kf.o(.data)
    ALT_STATE_BIAS_GPS                       0x2000ac84   Data           4  alt_kf.o(.data)
    ALT_NOISE_BIAS_GPS                       0x2000ac88   Data           4  alt_kf.o(.data)
    ALT_NOISE_VEL_GPS                        0x2000ac8c   Data           4  alt_kf.o(.data)
    fast_atan_table                          0x2000acd8   Data        1028  my_math.o(.data)
    ero                                      0x2000b0dc   Data           4  error.o(.data)
    sys                                      0x2000b0e0   Data           8  error.o(.data)
    Kp                                       0x2000b0f8   Data           4  imu.o(.data)
    Ki                                       0x2000b0fc   Data           4  imu.o(.data)
    Roll                                     0x2000b100   Data           4  imu.o(.data)
    Pitch                                    0x2000b104   Data           4  imu.o(.data)
    Yaw                                      0x2000b108   Data           4  imu.o(.data)
    Roll_mid_down                            0x2000b10c   Data           4  imu.o(.data)
    Pitch_mid_down                           0x2000b110   Data           4  imu.o(.data)
    Yaw_mid_down                             0x2000b114   Data           4  imu.o(.data)
    ref_q                                    0x2000b118   Data          16  imu.o(.data)
    norm_acc                                 0x2000b128   Data           4  imu.o(.data)
    norm_q                                   0x2000b12c   Data           4  imu.o(.data)
    norm_acc_lpf                             0x2000b130   Data           4  imu.o(.data)
    test_flag                                0x2000b134   Data          12  imu.o(.data)
    mag_norm                                 0x2000b140   Data           4  imu.o(.data)
    mag_norm_xyz                             0x2000b144   Data           4  imu.o(.data)
    gh_yaw                                   0x2000b148   Data           4  imu.o(.data)
    ga_yaw                                   0x2000b14c   Data           4  imu.o(.data)
    gw_yaw                                   0x2000b150   Data           4  imu.o(.data)
    yaw_kf                                   0x2000b154   Data           4  imu.o(.data)
    P_kf_yaw                                 0x2000b158   Data          32  imu.o(.data)
    k_kf_z                                   0x2000b178   Data           4  imu.o(.data)
    yaw_cross                                0x2000b17c   Data           1  imu.o(.data)
    yaw_qr_off                               0x2000b180   Data           4  imu.o(.data)
    dis_angle_lock                           0x2000b184   Data           1  imu.o(.data)
    yaw_cal_by_qr                            0x2000b185   Data           1  imu.o(.data)
    yaw_qr_off_local                         0x2000b188   Data           4  imu.o(.data)
    ref_q_imd_down                           0x2000b19c   Data          16  imu_m.o(.data)
    beta                                     0x2000b1ac   Data           4  imu_m.o(.data)
    q0_m                                     0x2000b1b0   Data           4  imu_m.o(.data)
    q1_m                                     0x2000b1b4   Data           4  imu_m.o(.data)
    q2_m                                     0x2000b1b8   Data           4  imu_m.o(.data)
    q3_m                                     0x2000b1bc   Data           4  imu_m.o(.data)
    q0                                       0x2000b1c0   Data           4  imu_m.o(.data)
    q1                                       0x2000b1c4   Data           4  imu_m.o(.data)
    q2                                       0x2000b1c8   Data           4  imu_m.o(.data)
    q3                                       0x2000b1cc   Data           4  imu_m.o(.data)
    q0_fc                                    0x2000b1d0   Data           4  imu_m.o(.data)
    q1_fc                                    0x2000b1d4   Data           4  imu_m.o(.data)
    q2_fc                                    0x2000b1d8   Data           4  imu_m.o(.data)
    q3_fc                                    0x2000b1dc   Data           4  imu_m.o(.data)
    init_q                                   0x2000b1e0   Data           1  imu_m.o(.data)
    twoKp                                    0x2000b1e4   Data           4  imu_m.o(.data)
    twoKi                                    0x2000b1e8   Data           4  imu_m.o(.data)
    twoKp_s                                  0x2000b1ec   Data           4  imu_m.o(.data)
    integralFBx                              0x2000b1f0   Data           4  imu_m.o(.data)
    integralFBy                              0x2000b1f4   Data           4  imu_m.o(.data)
    integralFBz                              0x2000b1f8   Data           4  imu_m.o(.data)
    ekf_hml_flag                             0x2000b200   Data          12  ukf_task.o(.data)
    q_flow                                   0x2000b20c   Data          12  ukf_task.o(.data)
    r_flow                                   0x2000b218   Data          12  ukf_task.o(.data)
    flow_gain                                0x2000b224   Data           4  ukf_task.o(.data)
    acc_flag_flow                            0x2000b228   Data           8  ukf_task.o(.data)
    X_ukf_Pos                                0x2000b230   Data           8  ukf_task.o(.data)
    r1                                       0x2000b238   Data           4  ukf_task.o(.data)
    r2                                       0x2000b23c   Data           4  ukf_task.o(.data)
    posNorth                                 0x2000b240   Data           4  ukf_task.o(.data)
    posEast                                  0x2000b244   Data           4  ukf_task.o(.data)
    local_Lat                                0x2000b248   Data           4  ukf_task.o(.data)
    local_Lon                                0x2000b24c   Data           4  ukf_task.o(.data)
    velEast                                  0x2000b250   Data           4  ukf_task.o(.data)
    velNorth                                 0x2000b254   Data           4  ukf_task.o(.data)
    GPS_J_F                                  0x2000b258   Data           4  ukf_task.o(.data)
    GPS_W_F                                  0x2000b25c   Data           4  ukf_task.o(.data)
    kf_data_sel                              0x2000b260   Data           1  ukf_task.o(.data)
    ga_nav                                   0x2000b264   Data           4  ukf_task.o(.data)
    gwa_nav                                  0x2000b268   Data           4  ukf_task.o(.data)
    g_pos_flow                               0x2000b26c   Data           4  ukf_task.o(.data)
    g_spd_flow                               0x2000b270   Data           4  ukf_task.o(.data)
    K_pos_qr                                 0x2000b274   Data           4  ukf_task.o(.data)
    K_spd_flow                               0x2000b278   Data           4  ukf_task.o(.data)
    K_acc_gps                                0x2000b27c   Data           4  ukf_task.o(.data)
    K_pos_gps                                0x2000b280   Data           4  ukf_task.o(.data)
    K_spd_gps                                0x2000b284   Data           4  ukf_task.o(.data)
    g_pos_gps                                0x2000b288   Data           4  ukf_task.o(.data)
    g_spd_gps                                0x2000b28c   Data           4  ukf_task.o(.data)
    velNorth_gps                             0x2000b290   Data           4  ukf_task.o(.data)
    velEast_gps                              0x2000b294   Data           4  ukf_task.o(.data)
    force_test                               0x2000b298   Data           1  ukf_task.o(.data)
    rtInf                                    0x2000b2d0   Data           8  rt_nonfinite.o(.data)
    rtMinusInf                               0x2000b2d8   Data           8  rt_nonfinite.o(.data)
    rtNaN                                    0x2000b2e0   Data           8  rt_nonfinite.o(.data)
    rtInfF                                   0x2000b2e8   Data           4  rt_nonfinite.o(.data)
    rtMinusInfF                              0x2000b2ec   Data           4  rt_nonfinite.o(.data)
    rtNaNF                                   0x2000b2f0   Data           4  rt_nonfinite.o(.data)
    INNER_TASK_STK                           0x2000b2f4   Data        1024  ucos_task.o(.bss)
    OUTER_TASK_STK                           0x2000b6f4   Data        1536  ucos_task.o(.bss)
    EKF_TASK_STK                             0x2000bcf4   Data       32768  ucos_task.o(.bss)
    fRealGyro                                0x20013cf4   Data          12  ucos_task.o(.bss)
    fRealAccel                               0x20013d00   Data          12  ucos_task.o(.bss)
    fRealMag                                 0x20013d0c   Data          12  ucos_task.o(.bss)
    fRealQ                                   0x20013d18   Data          16  ucos_task.o(.bss)
    lQuat                                    0x20013d28   Data          16  ucos_task.o(.bss)
    fRPY                                     0x20013d38   Data          12  ucos_task.o(.bss)
    fQ                                       0x20013d44   Data          16  ucos_task.o(.bss)
    reference_v_ekf                          0x20013d54   Data          12  ucos_task.o(.bss)
    BARO_TASK_STK                            0x20013d60   Data        3072  ucos_task.o(.bss)
    SONAR_TASK_STK                           0x20014960   Data         512  ucos_task.o(.bss)
    FLOW_TASK_STK                            0x20014b60   Data        2048  ucos_task.o(.bss)
    acc_neo                                  0x20015360   Data          12  ucos_task.o(.bss)
    flow_ground_temp                         0x2001536c   Data          16  ucos_task.o(.bss)
    flow_filter                              0x2001537c   Data          16  ucos_task.o(.bss)
    flow_rad_fix                             0x2001538c   Data          16  ucos_task.o(.bss)
    flow_m                                   0x2001539c   Data          12  ucos_task.o(.bss)
    flow_gyrospeed                           0x200153a8   Data          12  ucos_task.o(.bss)
    flow_matlab_data                         0x200153b4   Data          16  ucos_task.o(.bss)
    UART_TASK_STK                            0x200153c4   Data         512  ucos_task.o(.bss)
    ERROR_TASK_STK                           0x200155c4   Data         256  ucos_task.o(.bss)
    START_TASK_STK                           0x200156e8   Data         256  main.o(.bss)
    MsgGrp                                   0x200157e8   Data        1024  main.o(.bss)
    mcuID                                    0x20015be8   Data          12  main.o(.bss)
    OSEventTbl                               0x20015bf4   Data         200  os_core.o(.bss)
    OSFlagTbl                                0x20015cbc   Data          80  os_core.o(.bss)
    OSTaskStatStk                            0x20015d0c   Data         512  os_core.o(.bss)
    OSTaskIdleStk                            0x20015f0c   Data         512  os_core.o(.bss)
    OSTCBPrioTbl                             0x2001610c   Data         256  os_core.o(.bss)
    OSTCBTbl                                 0x2001620c   Data        1848  os_core.o(.bss)
    OSQTbl                                   0x20016944   Data         120  os_core.o(.bss)
    OSTmrTbl                                 0x200169bc   Data         640  os_core.o(.bss)
    OSTmrTaskStk                             0x20016c3c   Data         512  os_core.o(.bss)
    OSTmrWheelTbl                            0x20016e3c   Data          64  os_core.o(.bss)
    FLASH_READ_BUF                           0x20016e7c   Data          50  flash.o(.bss)
    FLASH_Buffer                             0x20016eae   Data          50  flash.o(.bss)
    W25QXX_BUFFER                            0x20016ee0   Data        4096  flash_w25.o(.bss)
    Cycle_T                                  0x20017ee0   Data         180  time.o(.bss)
    qr                                       0x20017f98   Data          44  usart_fc.o(.bss)
    color                                    0x20017fc4   Data          20  usart_fc.o(.bss)
    HPID                                     0x20017fd8   Data          18  usart_fc.o(.bss)
    SPID                                     0x20017fea   Data          18  usart_fc.o(.bss)
    FIX_PID                                  0x20017ffc   Data          18  usart_fc.o(.bss)
    NAV_PID                                  0x2001800e   Data          18  usart_fc.o(.bss)
    pid                                      0x20018020   Data         224  usart_fc.o(.bss)
    Rc_Get                                   0x20018100   Data          20  usart_fc.o(.bss)
    plane                                    0x20018114   Data         116  usart_fc.o(.bss)
    slam                                     0x20018188   Data          20  usart_fc.o(.bss)
    imu_nav                                  0x2001819c   Data         104  usart_fc.o(.bss)
    mode                                     0x20018204   Data          53  usart_fc.o(.bss)
    flow_debug                               0x2001823c   Data          40  usart_fc.o(.bss)
    par                                      0x20018264   Data          48  usart_fc.o(.bss)
    TxBuffer                                 0x20018294   Data         256  usart_fc.o(.bss)
    Rx_Buf                                   0x20018394   Data         256  usart_fc.o(.bss)
    RxBuffer                                 0x20018494   Data          50  usart_fc.o(.bss)
    Tx5Buffer                                0x200184c6   Data         256  usart_fc.o(.bss)
    TxBuffer_u1                              0x200185c6   Data         256  usart_fc.o(.bss)
    Rx_Buf_u1                                0x200186c6   Data         256  usart_fc.o(.bss)
    RxBuffer_u1                              0x200187c6   Data          50  usart_fc.o(.bss)
    USART3_TX_BUF                            0x200187f8   Data         800  usart_fc.o(.bss)
    USART3_RX_BUF                            0x20018b18   Data         800  usart_fc.o(.bss)
    USART1_TX_BUF                            0x20018e38   Data         800  usart_fc.o(.bss)
    gpsx                                     0x20019158   Data         125  usart_fc.o(.bss)
    buf_imu_dj                               0x200191d5   Data          20  usart_fc.o(.bss)
    angle_imu_dj                             0x200191ec   Data          12  usart_fc.o(.bss)
    buf_GNVTG                                0x200191f8   Data          65  usart_fc.o(.bss)
    laser_buf                                0x2001923a   Data         720  usart_fc.o(.bss)
    Rx_Buf3                                  0x2001950a   Data         256  usart_fc.o(.bss)
    RxBuffer3                                0x2001960a   Data          50  usart_fc.o(.bss)
    SendBuff1                                0x2001963c   Data          64  usart_fc.o(.bss)
    SendBuff2                                0x2001967c   Data         256  usart_fc.o(.bss)
    SendBuff3                                0x2001977c   Data          32  usart_fc.o(.bss)
    SendBuff4                                0x2001979c   Data          64  usart_fc.o(.bss)
    flow                                     0x200197e0   Data         112  usart_fc.o(.bss)
    flow_rad                                 0x20019850   Data          48  usart_fc.o(.bss)
    flow_rad_mine                            0x20019880   Data          48  usart_fc.o(.bss)
    flow_buf                                 0x200198b0   Data          27  usart_fc.o(.bss)
    flow_buf_rad                             0x200198cb   Data          45  usart_fc.o(.bss)
    lis3mdl                                  0x20019930   Data         224  lis3mdl.o(.bss)
    mpu6050                                  0x20019cf0   Data         188  mpu6050.o(.bss)
    mpu6050_r                                0x20019dac   Data         188  mpu6050.o(.bss)
    imu_fushion                              0x20019e68   Data         188  mpu6050.o(.bss)
    mpu6050_buffer                           0x20019f24   Data          14  mpu6050.o(.bss)
    mpu6050_tmp                              0x2001a1cc   Data          28  mpu6050.o(.bss)
    mpu6050_tmp_acc_circle                   0x2001a1e8   Data          28  mpu6050.o(.bss)
    mpu_fil_tmp                              0x2001a204   Data          28  mpu6050.o(.bss)
    mpu_fil_tmp_acc_circle                   0x2001a220   Data          28  mpu6050.o(.bss)
    acc_off                                  0x2001a23c   Data          12  mpu6050.o(.bss)
    acc_scale                                0x2001a248   Data          12  mpu6050.o(.bss)
    HMC5883_FIFO                             0x2001a348   Data          66  hml_sample.o(.bss)
    now_dj                                   0x2001a3a4   Data          16  ultrasonic.o(.bss)
    lastUpdate_dj                            0x2001a3b4   Data          16  ultrasonic.o(.bss)
    Laser_avoid                              0x2001a3c4   Data         120  laser.o(.bss)
    Distance                                 0x2001a440   Data         100  alt_kf.o(.bss)
    ultra                                    0x2001a4a4   Data          20  alt_kf.o(.bss)
    sonar_av_arr                             0x2001a4b8   Data          20  alt_kf.o(.bss)
    sonar                                    0x2001a4cc   Data          24  alt_kf.o(.bss)
    sonar_fusion                             0x2001a4e4   Data          68  alt_kf.o(.bss)
    sonar_h_arr                              0x2001a528   Data          44  alt_kf.o(.bss)
    X_kf_baro                                0x2001a558   Data          24  alt_kf.o(.bss)
    X_kf_sonar                               0x2001a570   Data          24  alt_kf.o(.bss)
    acc_z_view                               0x2001a588   Data          12  alt_kf.o(.bss)
    Global_GPS_Sensor                        0x2001a598   Data          64  alt_kf.o(.bss)
    v_test                                   0x2001a5d8   Data          16  alt_kf.o(.bss)
    Last_GPS                                 0x2001a5e8   Data          16  alt_kf.o(.bss)
    TAR_GPS                                  0x2001a5f8   Data          16  alt_kf.o(.bss)
    med_filter_tmp                           0x2001a608   Data        6000  fliter.o(.bss)
    med_filter_out                           0x2001bd78   Data         120  fliter.o(.bss)
    med_fil_cnt                              0x2001bdf0   Data          30  fliter.o(.bss)
    q_nav                                    0x2001be10   Data          16  imu.o(.bss)
    reference_v                              0x2001be20   Data          12  imu.o(.bss)
    ref                                      0x2001be2c   Data          60  imu.o(.bss)
    reference_vr                             0x2001be68   Data          12  imu.o(.bss)
    mag_sim_3d                               0x2001be74   Data          12  imu.o(.bss)
    acc_3d_hg                                0x2001be80   Data          12  imu.o(.bss)
    acc_ng                                   0x2001be8c   Data          12  imu.o(.bss)
    acc_ng_offset                            0x2001be98   Data          12  imu.o(.bss)
    yaw_mag_view                             0x2001bea4   Data          20  imu.o(.bss)
    X_kf_yaw                                 0x2001beb8   Data          16  imu.o(.bss)
    reference_vr_imd_down                    0x2001bed4   Data          12  imu_m.o(.bss)
    reference_vr_imd_down_fc                 0x2001bee0   Data          12  imu_m.o(.bss)
    F                                        0x2001beec   Data         676  insgps13state.o(.bss)
    G                                        0x2001c190   Data         468  insgps13state.o(.bss)
    H                                        0x2001c364   Data         520  insgps13state.o(.bss)
    Be                                       0x2001c56c   Data          12  insgps13state.o(.bss)
    P                                        0x2001c578   Data         676  insgps13state.o(.bss)
    X                                        0x2001c81c   Data          52  insgps13state.o(.bss)
    Q                                        0x2001c850   Data          36  insgps13state.o(.bss)
    R                                        0x2001c874   Data          40  insgps13state.o(.bss)
    K                                        0x2001c89c   Data         520  insgps13state.o(.bss)
    zeros                                    0x2001caa4   Data          12  insgps13state.o(.bss)
    Nav                                      0x2001cab0   Data          64  ukf_task.o(.bss)
    gps_data                                 0x2001caf0   Data          28  ukf_task.o(.bss)
    mag_data                                 0x2001cb0c   Data          60  ukf_task.o(.bss)
    accel_data                               0x2001cb48   Data          80  ukf_task.o(.bss)
    gyro_data                                0x2001cb98   Data          72  ukf_task.o(.bss)
    attitude_data                            0x2001cbe0   Data          16  ukf_task.o(.bss)
    angle_ins                                0x2001cbf0   Data          12  ukf_task.o(.bss)
    X_ukf                                    0x2001cc00   Data          48  ukf_task.o(.bss)
    X_ukf_baro                               0x2001cc30   Data          48  ukf_task.o(.bss)
    X_KF_NAV                                 0x2001cc60   Data          48  ukf_task.o(.bss)
    P_KF_NAV                                 0x2001cc90   Data         144  ukf_task.o(.bss)
    __libspace_start                         0x2001cd20   Data          96  libspace.o(.bss)
    __temporary_stack_top$libspace           0x2001cd80   Data           0  libspace.o(.bss)



==============================================================================

Memory Map of the image

  Image Entry point : 0x08000189

  Load Region LR_IROM1 (Base: 0x08000000, Size: 0x00038da4, Max: 0x00100000, ABSOLUTE, COMPRESSED[0x0002e31c])

    Execution Region ER_IROM1 (Base: 0x08000000, Size: 0x0002dab0, Max: 0x00100000, ABSOLUTE)

    Base Addr    Size         Type   Attr      Idx    E Section Name        Object

    0x08000000   0x00000188   Data   RO          576    RESET               startup_stm32f40_41xxx.o
    0x08000188   0x00000008   Code   RO         2599  * !!!main             c_w.l(__main.o)
    0x08000190   0x00000034   Code   RO         3079    !!!scatter          c_w.l(__scatter.o)
    0x080001c4   0x0000005a   Code   RO         3077    !!dczerorl2         c_w.l(__dczerorl2.o)
    0x0800021e   0x00000002   PAD
    0x08000220   0x0000001c   Code   RO         3081    !!handler_zi        c_w.l(__scatter_zi.o)
    0x0800023c   0x00000002   Code   RO         3008    .ARM.Collect$$libinit$$00000000  c_w.l(libinit.o)
    0x0800023e   0x00000004   Code   RO         2811    .ARM.Collect$$libinit$$00000001  c_w.l(libinit2.o)
    0x08000242   0x00000000   Code   RO         2814    .ARM.Collect$$libinit$$00000004  c_w.l(libinit2.o)
    0x08000242   0x00000000   Code   RO         2817    .ARM.Collect$$libinit$$0000000A  c_w.l(libinit2.o)
    0x08000242   0x00000000   Code   RO         2819    .ARM.Collect$$libinit$$0000000C  c_w.l(libinit2.o)
    0x08000242   0x00000000   Code   RO         2821    .ARM.Collect$$libinit$$0000000E  c_w.l(libinit2.o)
    0x08000242   0x00000000   Code   RO         2824    .ARM.Collect$$libinit$$00000011  c_w.l(libinit2.o)
    0x08000242   0x00000000   Code   RO         2826    .ARM.Collect$$libinit$$00000013  c_w.l(libinit2.o)
    0x08000242   0x00000000   Code   RO         2828    .ARM.Collect$$libinit$$00000015  c_w.l(libinit2.o)
    0x08000242   0x00000000   Code   RO         2830    .ARM.Collect$$libinit$$00000017  c_w.l(libinit2.o)
    0x08000242   0x00000000   Code   RO         2832    .ARM.Collect$$libinit$$00000019  c_w.l(libinit2.o)
    0x08000242   0x00000000   Code   RO         2834    .ARM.Collect$$libinit$$0000001B  c_w.l(libinit2.o)
    0x08000242   0x00000000   Code   RO         2836    .ARM.Collect$$libinit$$0000001D  c_w.l(libinit2.o)
    0x08000242   0x00000000   Code   RO         2838    .ARM.Collect$$libinit$$0000001F  c_w.l(libinit2.o)
    0x08000242   0x00000000   Code   RO         2840    .ARM.Collect$$libinit$$00000021  c_w.l(libinit2.o)
    0x08000242   0x00000000   Code   RO         2842    .ARM.Collect$$libinit$$00000023  c_w.l(libinit2.o)
    0x08000242   0x00000000   Code   RO         2844    .ARM.Collect$$libinit$$00000025  c_w.l(libinit2.o)
    0x08000242   0x00000000   Code   RO         2848    .ARM.Collect$$libinit$$0000002C  c_w.l(libinit2.o)
    0x08000242   0x00000000   Code   RO         2850    .ARM.Collect$$libinit$$0000002E  c_w.l(libinit2.o)
    0x08000242   0x00000000   Code   RO         2852    .ARM.Collect$$libinit$$00000030  c_w.l(libinit2.o)
    0x08000242   0x00000000   Code   RO         2854    .ARM.Collect$$libinit$$00000032  c_w.l(libinit2.o)
    0x08000242   0x00000002   Code   RO         2855    .ARM.Collect$$libinit$$00000033  c_w.l(libinit2.o)
    0x08000244   0x00000002   Code   RO         3074    .ARM.Collect$$libshutdown$$00000000  c_w.l(libshutdown.o)
    0x08000246   0x00000000   Code   RO         3028    .ARM.Collect$$libshutdown$$00000002  c_w.l(libshutdown2.o)
    0x08000246   0x00000000   Code   RO         3030    .ARM.Collect$$libshutdown$$00000004  c_w.l(libshutdown2.o)
    0x08000246   0x00000000   Code   RO         3033    .ARM.Collect$$libshutdown$$00000007  c_w.l(libshutdown2.o)
    0x08000246   0x00000000   Code   RO         3036    .ARM.Collect$$libshutdown$$0000000A  c_w.l(libshutdown2.o)
    0x08000246   0x00000000   Code   RO         3038    .ARM.Collect$$libshutdown$$0000000C  c_w.l(libshutdown2.o)
    0x08000246   0x00000000   Code   RO         3041    .ARM.Collect$$libshutdown$$0000000F  c_w.l(libshutdown2.o)
    0x08000246   0x00000002   Code   RO         3042    .ARM.Collect$$libshutdown$$00000010  c_w.l(libshutdown2.o)
    0x08000248   0x00000000   Code   RO         2779    .ARM.Collect$$rtentry$$00000000  c_w.l(__rtentry.o)
    0x08000248   0x00000000   Code   RO         2938    .ARM.Collect$$rtentry$$00000002  c_w.l(__rtentry2.o)
    0x08000248   0x00000006   Code   RO         2950    .ARM.Collect$$rtentry$$00000004  c_w.l(__rtentry4.o)
    0x0800024e   0x00000000   Code   RO         2940    .ARM.Collect$$rtentry$$00000009  c_w.l(__rtentry2.o)
    0x0800024e   0x00000004   Code   RO         2941    .ARM.Collect$$rtentry$$0000000A  c_w.l(__rtentry2.o)
    0x08000252   0x00000000   Code   RO         2943    .ARM.Collect$$rtentry$$0000000C  c_w.l(__rtentry2.o)
    0x08000252   0x00000008   Code   RO         2944    .ARM.Collect$$rtentry$$0000000D  c_w.l(__rtentry2.o)
    0x0800025a   0x00000002   Code   RO         3013    .ARM.Collect$$rtexit$$00000000  c_w.l(rtexit.o)
    0x0800025c   0x00000000   Code   RO         3048    .ARM.Collect$$rtexit$$00000002  c_w.l(rtexit2.o)
    0x0800025c   0x00000004   Code   RO         3049    .ARM.Collect$$rtexit$$00000003  c_w.l(rtexit2.o)
    0x08000260   0x00000006   Code   RO         3050    .ARM.Collect$$rtexit$$00000004  c_w.l(rtexit2.o)
    0x08000266   0x00000002   PAD
    0x08000268   0x00002510   Code   RO            3    .text               ucos_task.o
    0x08002778   0x000002f4   Code   RO          362    .text               main.o
    0x08002a6c   0x00000016   Code   RO          426    .text               stm32f4xx_it.o
    0x08002a82   0x00000002   PAD
    0x08002a84   0x00000210   Code   RO          550    .text               system_stm32f4xx.o
    0x08002c94   0x00000040   Code   RO          577    .text               startup_stm32f40_41xxx.o
    0x08002cd4   0x00000108   Code   RO          583    .text               delay.o
    0x08002ddc   0x000000e0   Code   RO          669    .text               misc.o
    0x08002ebc   0x00000294   Code   RO          689    .text               stm32f4xx_gpio.o
    0x08003150   0x0000065c   Code   RO          732    .text               stm32f4xx_rcc.o
    0x080037ac   0x00000094   Code   RO          754    .text               stm32f4xx_syscfg.o
    0x08003840   0x00000454   Code   RO          774    .text               stm32f4xx_usart.o
    0x08003c94   0x00000ca2   Code   RO          794    .text               stm32f4xx_tim.o
    0x08004936   0x00000002   PAD
    0x08004938   0x00000694   Code   RO          814    .text               stm32f4xx_flash.o
    0x08004fcc   0x00000110   Code   RO          834    .text               stm32f4xx_exti.o
    0x080050dc   0x00000480   Code   RO          874    .text               stm32f4xx_spi.o
    0x0800555c   0x000003a8   Code   RO          894    .text               stm32f4xx_dma.o
    0x08005904   0x00000040   Code   RO          934    .text               stm32f4xx_iwdg.o
    0x08005944   0x00000894   Code   RO          974    .text               os_core.o
    0x080061d8   0x0000080c   Code   RO         1002    .text               os_flag.o
    0x080069e4   0x000003cc   Code   RO         1022    .text               os_mbox.o
    0x08006db0   0x000005e8   Code   RO         1076    .text               os_q.o
    0x08007398   0x0000038c   Code   RO         1096    .text               os_sem.o
    0x08007724   0x000007c4   Code   RO         1116    .text               os_task.o
    0x08007ee8   0x000001b0   Code   RO         1136    .text               os_time.o
    0x08008098   0x00000634   Code   RO         1156    .text               os_tmr.o
    0x080086cc   0x000000c8   Code   RO         1174    .text               os_cpu_a.o
    0x08008794   0x000001e8   Code   RO         1179    .text               os_cpu_c.o
    0x0800897c   0x000008c8   Code   RO         1209    .text               gps.o
    0x08009244   0x000007a8   Code   RO         1237    .text               ublox.o
    0x080099ec   0x00000424   Code   RO         1263    .text               iic_fc.o
    0x08009e10   0x00000454   Code   RO         1283    .text               iic1.o
    0x0800a264   0x000003e0   Code   RO         1333    .text               iic_sonar.o
    0x0800a644   0x000003a8   Code   RO         1359    .text               iic_soft.o
    0x0800a9ec   0x00000618   Code   RO         1385    .text               led_fc.o
    0x0800b004   0x000009c8   Code   RO         1418    .text               flash.o
    0x0800b9cc   0x00000478   Code   RO         1442    .text               flash_w25.o
    0x0800be44   0x00000268   Code   RO         1469    .text               time.o
    0x0800c0ac   0x0000002c   Code   RO         1500    .text               watch_dog.o
    0x0800c0d8   0x000000e8   Code   RO         1523    .text               dma.o
    0x0800c1c0   0x00005440   Code   RO         1546    .text               usart_fc.o
    0x08011600   0x000012fc   Code   RO         1593    .text               lis3mdl.o
    0x080128fc   0x00000be0   Code   RO         1620    .text               mpu6050.o
    0x080134dc   0x00000900   Code   RO         1648    .text               hml_sample.o
    0x08013ddc   0x00000744   Code   RO         1682    .text               ms5611_2.o
    0x08014520   0x00000b98   Code   RO         1709    .text               ultrasonic.o
    0x080150b8   0x000001a0   Code   RO         1831    .text               laser.o
    0x08015258   0x00002db4   Code   RO         1859    .text               alt_kf.o
    0x0801800c   0x0000072c   Code   RO         1915    .text               fliter.o
    0x08018738   0x00000784   Code   RO         1939    .text               my_math.o
    0x08018ebc   0x000015d8   Code   RO         1989    .text               imu.o
    0x0801a494   0x0000275c   Code   RO         2025    .text               imu_m.o
    0x0801cbf0   0x00001758   Code   RO         2183    .text               kf_oldx.o
    0x0801e348   0x00006650   Code   RO         2243    .text               insgps13state.o
    0x08024998   0x00002c9c   Code   RO         2264    .text               ukf_task.o
    0x08027634   0x00001404   Code   RO         2343    .text               kf_oldx_nav.o
    0x08028a38   0x00000100   Code   RO         2369    .text               rt_nonfinite.o
    0x08028b38   0x00000134   Code   RO         2393    .text               rtgetinf.o
    0x08028c6c   0x000000c8   Code   RO         2405    .text               rtgetnan.o
    0x08028d34   0x00000f40   Code   RO         2453    .text               kf_oldx_yaw.lib(kf_oldx_yaw.o)
    0x08029c74   0x0000004e   Code   RO         2533    .text               c_w.l(h1_free.o)
    0x08029cc2   0x00000048   Code   RO         2589    .text               c_w.l(llsdiv.o)
    0x08029d0a   0x00000024   Code   RO         2591    .text               c_w.l(strstr.o)
    0x08029d2e   0x00000064   Code   RO         2593    .text               c_w.l(rt_memcpy_w.o)
    0x08029d92   0x0000004e   Code   RO         2595    .text               c_w.l(rt_memclr_w.o)
    0x08029de0   0x00000006   Code   RO         2597    .text               c_w.l(heapauxi.o)
    0x08029de6   0x00000002   PAD
    0x08029de8   0x00000008   Code   RO         2783    .text               c_w.l(rt_heap_descriptor_intlibspace.o)
    0x08029df0   0x000000ee   Code   RO         2805    .text               c_w.l(lludivv7m.o)
    0x08029ede   0x00000016   Code   RO         2807    .text               c_w.l(_rserrno.o)
    0x08029ef4   0x00000008   Code   RO         2934    .text               c_w.l(libspace.o)
    0x08029efc   0x00000008   Code   RO         2959    .text               c_w.l(rt_errno_addr_intlibspace.o)
    0x08029f04   0x00000002   Code   RO         2982    .text               c_w.l(use_no_semi.o)
    0x08029f06   0x00000000   Code   RO         2984    .text               c_w.l(indicate_semi.o)
    0x08029f06   0x0000004a   Code   RO         2985    .text               c_w.l(sys_stackheap_outer.o)
    0x08029f50   0x00000012   Code   RO         2993    .text               c_w.l(exit.o)
    0x08029f62   0x00000002   PAD
    0x08029f64   0x0000000c   Code   RO         3011    .text               c_w.l(sys_exit.o)
    0x08029f70   0x00000030   Code   RO         2888    i.__ARM_fpclassify  m_wm.l(fpclassify.o)
    0x08029fa0   0x00000026   Code   RO         2890    i.__ARM_fpclassifyf  m_wm.l(fpclassifyf.o)
    0x08029fc6   0x00000002   PAD
    0x08029fc8   0x00000358   Code   RO         2637    i.__hardfp_acos     m_wm.l(acos.o)
    0x0802a320   0x00000360   Code   RO         2651    i.__hardfp_asin     m_wm.l(asin.o)
    0x0802a680   0x000002d8   Code   RO         2677    i.__hardfp_atan     m_wm.l(atan.o)
    0x0802a958   0x000001f0   Code   RO         2691    i.__hardfp_atan2    m_wm.l(atan2.o)
    0x0802ab48   0x00000250   Code   RO         2703    i.__hardfp_atan2f   m_wm.l(atan2f.o)
    0x0802ad98   0x000000c8   Code   RO         2715    i.__hardfp_cos      m_wm.l(cos.o)
    0x0802ae60   0x00000014   Code   RO         2727    i.__hardfp_fabs     m_wm.l(fabs.o)
    0x0802ae74   0x00000004   PAD
    0x0802ae78   0x00000118   Code   RO         2733    i.__hardfp_floor    m_wm.l(floor.o)
    0x0802af90   0x00000c50   Code   RO         2739    i.__hardfp_pow      m_wm.l(pow.o)
    0x0802bbe0   0x000000c8   Code   RO         2753    i.__hardfp_sin      m_wm.l(sin.o)
    0x0802bca8   0x0000007a   Code   RO         2765    i.__hardfp_sqrt     m_wm.l(sqrt.o)
    0x0802bd22   0x00000006   PAD
    0x0802bd28   0x00000438   Code   RO         2909    i.__ieee754_rem_pio2  m_wm.l(rred.o)
    0x0802c160   0x00000170   Code   RO         2871    i.__kernel_cos      m_wm.l(cos_i.o)
    0x0802c2d0   0x000000f8   Code   RO         2906    i.__kernel_poly     m_wm.l(poly.o)
    0x0802c3c8   0x00000130   Code   RO         2914    i.__kernel_sin      m_wm.l(sin_i.o)
    0x0802c4f8   0x00000030   Code   RO         2874    i.__mathlib_dbl_divzero  m_wm.l(dunder.o)
    0x0802c528   0x00000014   Code   RO         2875    i.__mathlib_dbl_infnan  m_wm.l(dunder.o)
    0x0802c53c   0x00000014   Code   RO         2876    i.__mathlib_dbl_infnan2  m_wm.l(dunder.o)
    0x0802c550   0x00000020   Code   RO         2877    i.__mathlib_dbl_invalid  m_wm.l(dunder.o)
    0x0802c570   0x00000020   Code   RO         2878    i.__mathlib_dbl_overflow  m_wm.l(dunder.o)
    0x0802c590   0x00000020   Code   RO         2880    i.__mathlib_dbl_underflow  m_wm.l(dunder.o)
    0x0802c5b0   0x00000006   Code   RO         2894    i.__mathlib_flt_infnan2  m_wm.l(funder.o)
    0x0802c5b6   0x00000002   PAD
    0x0802c5b8   0x00000010   Code   RO         2898    i.__mathlib_flt_underflow  m_wm.l(funder.o)
    0x0802c5c8   0x00000010   Code   RO         2679    i.atan              m_wm.l(atan.o)
    0x0802c5d8   0x00000018   Code   RO         2729    i.fabs              m_wm.l(fabs.o)
    0x0802c5f0   0x0000006e   Code   RO         2767    i.sqrt              m_wm.l(sqrt.o)
    0x0802c65e   0x00000018   Code   RO         2601    x$fpl$basic         fz_wm.l(basic.o)
    0x0802c676   0x00000002   PAD
    0x0802c678   0x00000062   Code   RO         2603    x$fpl$d2f           fz_wm.l(d2f.o)
    0x0802c6da   0x00000002   PAD
    0x0802c6dc   0x00000150   Code   RO         2605    x$fpl$dadd          fz_wm.l(daddsub_clz.o)
    0x0802c82c   0x00000010   Code   RO         2978    x$fpl$dcheck1       fz_wm.l(dcheck1.o)
    0x0802c83c   0x00000018   Code   RO         2856    x$fpl$dcmpinf       fz_wm.l(dcmpi.o)
    0x0802c854   0x000002b0   Code   RO         2612    x$fpl$ddiv          fz_wm.l(ddiv.o)
    0x0802cb04   0x00000078   Code   RO         2615    x$fpl$deqf          fz_wm.l(deqf.o)
    0x0802cb7c   0x0000005e   Code   RO         2617    x$fpl$dfix          fz_wm.l(dfix.o)
    0x0802cbda   0x0000002e   Code   RO         2622    x$fpl$dflt          fz_wm.l(dflt_clz.o)
    0x0802cc08   0x00000026   Code   RO         2621    x$fpl$dfltu         fz_wm.l(dflt_clz.o)
    0x0802cc2e   0x00000002   PAD
    0x0802cc30   0x00000078   Code   RO         2627    x$fpl$dleqf         fz_wm.l(dleqf.o)
    0x0802cca8   0x00000154   Code   RO         2629    x$fpl$dmul          fz_wm.l(dmul.o)
    0x0802cdfc   0x0000009c   Code   RO         2858    x$fpl$dnaninf       fz_wm.l(dnaninf.o)
    0x0802ce98   0x0000000c   Code   RO         2860    x$fpl$dretinf       fz_wm.l(dretinf.o)
    0x0802cea4   0x0000006c   Code   RO         2631    x$fpl$drleqf        fz_wm.l(drleqf.o)
    0x0802cf10   0x00000016   Code   RO         2606    x$fpl$drsb          fz_wm.l(daddsub_clz.o)
    0x0802cf26   0x00000002   PAD
    0x0802cf28   0x00000198   Code   RO         2862    x$fpl$dsqrt         fz_wm.l(dsqrt_umaal.o)
    0x0802d0c0   0x000001d4   Code   RO         2607    x$fpl$dsub          fz_wm.l(daddsub_clz.o)
    0x0802d294   0x00000056   Code   RO         2633    x$fpl$f2d           fz_wm.l(f2d.o)
    0x0802d2ea   0x00000060   Code   RO         2635    x$fpl$ffltll        fz_wm.l(ffltll_clz.o)
    0x0802d34a   0x0000008c   Code   RO         2864    x$fpl$fnaninf       fz_wm.l(fnaninf.o)
    0x0802d3d6   0x0000000a   Code   RO         2980    x$fpl$fpinit        fz_wm.l(fpinit.o)
    0x0802d3e0   0x0000000a   Code   RO         2866    x$fpl$fretinf       fz_wm.l(fretinf.o)
    0x0802d3ea   0x00000064   Code   RO         3009    x$fpl$retnan        fz_wm.l(retnan.o)
    0x0802d44e   0x0000005c   Code   RO         2868    x$fpl$scalbn        fz_wm.l(scalbn.o)
    0x0802d4aa   0x00000030   Code   RO         3043    x$fpl$trapveneer    fz_wm.l(trapv.o)
    0x0802d4da   0x00000000   Code   RO         2870    x$fpl$usenofp       fz_wm.l(usenofp.o)
    0x0802d4da   0x00000100   Data   RO          976    .constdata          os_core.o
    0x0802d5da   0x00000006   PAD
    0x0802d5e0   0x00000084   Data   RO         2184    .constdata          kf_oldx.o
    0x0802d664   0x00000004   PAD
    0x0802d668   0x000000e0   Data   RO         2266    .constdata          ukf_task.o
    0x0802d748   0x0000003c   Data   RO         2344    .constdata          kf_oldx_nav.o
    0x0802d784   0x00000020   Data   RO         2454    .constdata          kf_oldx_yaw.lib(kf_oldx_yaw.o)
    0x0802d7a4   0x00000004   PAD
    0x0802d7a8   0x00000050   Data   RO         2640    .constdata          m_wm.l(acos.o)
    0x0802d7f8   0x00000050   Data   RO         2654    .constdata          m_wm.l(asin.o)
    0x0802d848   0x00000098   Data   RO         2680    .constdata          m_wm.l(atan.o)
    0x0802d8e0   0x00000088   Data   RO         2742    .constdata          m_wm.l(pow.o)
    0x0802d968   0x00000030   Data   RO         2872    .constdata          m_wm.l(cos_i.o)
    0x0802d998   0x00000008   Data   RO         2908    .constdata          m_wm.l(qnan.o)
    0x0802d9a0   0x000000c8   Data   RO         2911    .constdata          m_wm.l(rred.o)
    0x0802da68   0x00000028   Data   RO         2915    .constdata          m_wm.l(sin_i.o)
    0x0802da90   0x00000020   Data   RO         3075    Region$$Table       anon$$obj.o


    Execution Region RW_IRAM1 (Base: 0x20000000, Size: 0x0001d380, Max: 0x00020000, ABSOLUTE, COMPRESSED[0x0000086c])

    Base Addr    Size         Type   Attr      Idx    E Section Name        Object

    0x20000000   0x000002bc   Data   RW         1238    .ccm                ublox.o
    0x200002bc   0x0000a000   Data   RW         1861    .ccm                alt_kf.o
    0x2000a2bc   0x00000004   PAD
    0x2000a2c0   0x00000118   Data   RW            5    .data               ucos_task.o
    0x2000a3d8   0x0000000c   Data   RW          364    .data               main.o
    0x2000a3e4   0x00000014   Data   RW          551    .data               system_stm32f4xx.o
    0x2000a3f8   0x00000004   Data   RW          584    .data               delay.o
    0x2000a3fc   0x00000010   Data   RW          733    .data               stm32f4xx_rcc.o
    0x2000a40c   0x0000005c   Data   RW          977    .data               os_core.o
    0x2000a468   0x00000006   Data   RW         1180    .data               os_cpu_c.o
    0x2000a46e   0x00000002   PAD
    0x2000a470   0x00000008   Data   RW         1211    .data               gps.o
    0x2000a478   0x00000002   Data   RW         1334    .data               iic_sonar.o
    0x2000a47a   0x00000001   Data   RW         1360    .data               iic_soft.o
    0x2000a47b   0x00000001   PAD
    0x2000a47c   0x00000008   Data   RW         1386    .data               led_fc.o
    0x2000a484   0x00000004   Data   RW         1420    .data               flash.o
    0x2000a488   0x00000002   Data   RW         1444    .data               flash_w25.o
    0x2000a48a   0x00000002   PAD
    0x2000a48c   0x00000014   Data   RW         1471    .data               time.o
    0x2000a4a0   0x00000210   Data   RW         1548    .data               usart_fc.o
    0x2000a6b0   0x000000d9   Data   RW         1595    .data               lis3mdl.o
    0x2000a789   0x00000007   PAD
    0x2000a790   0x000000de   Data   RW         1622    .data               mpu6050.o
    0x2000a86e   0x00000002   PAD
    0x2000a870   0x000000cd   Data   RW         1650    .data               hml_sample.o
    0x2000a93d   0x00000003   PAD
    0x2000a940   0x0000007d   Data   RW         1684    .data               ms5611_2.o
    0x2000a9bd   0x00000003   PAD
    0x2000a9c0   0x00000090   Data   RW         1711    .data               ultrasonic.o
    0x2000aa50   0x0000000c   Data   RW         1833    .data               laser.o
    0x2000aa5c   0x00000004   PAD
    0x2000aa60   0x0000026a   Data   RW         1862    .data               alt_kf.o
    0x2000acca   0x00000002   PAD
    0x2000accc   0x0000000c   Data   RW         1917    .data               fliter.o
    0x2000acd8   0x00000404   Data   RW         1940    .data               my_math.o
    0x2000b0dc   0x00000018   Data   RW         1964    .data               error.o
    0x2000b0f4   0x00000004   PAD
    0x2000b0f8   0x000000a2   Data   RW         1991    .data               imu.o
    0x2000b19a   0x00000002   PAD
    0x2000b19c   0x00000064   Data   RW         2027    .data               imu_m.o
    0x2000b200   0x000000c9   Data   RW         2267    .data               ukf_task.o
    0x2000b2c9   0x00000007   PAD
    0x2000b2d0   0x00000024   Data   RW         2370    .data               rt_nonfinite.o
    0x2000b2f4   0x0000a3f4   Zero   RW            4    .bss                ucos_task.o
    0x200156e8   0x0000050c   Zero   RW          363    .bss                main.o
    0x20015bf4   0x00001288   Zero   RW          975    .bss                os_core.o
    0x20016e7c   0x00000064   Zero   RW         1419    .bss                flash.o
    0x20016ee0   0x00001000   Zero   RW         1443    .bss                flash_w25.o
    0x20017ee0   0x000000b4   Zero   RW         1470    .bss                time.o
    0x20017f94   0x00000004   PAD
    0x20017f98   0x00001991   Zero   RW         1547    .bss                usart_fc.o
    0x20019929   0x00000007   PAD
    0x20019930   0x000003c0   Zero   RW         1594    .bss                lis3mdl.o
    0x20019cf0   0x00000564   Zero   RW         1621    .bss                mpu6050.o
    0x2001a254   0x00000004   PAD
    0x2001a258   0x00000140   Zero   RW         1649    .bss                hml_sample.o
    0x2001a398   0x0000000c   Zero   RW         1683    .bss                ms5611_2.o
    0x2001a3a4   0x00000020   Zero   RW         1710    .bss                ultrasonic.o
    0x2001a3c4   0x00000078   Zero   RW         1832    .bss                laser.o
    0x2001a43c   0x00000004   PAD
    0x2001a440   0x000001c8   Zero   RW         1860    .bss                alt_kf.o
    0x2001a608   0x00001806   Zero   RW         1916    .bss                fliter.o
    0x2001be0e   0x00000002   PAD
    0x2001be10   0x000000c4   Zero   RW         1990    .bss                imu.o
    0x2001bed4   0x00000018   Zero   RW         2026    .bss                imu_m.o
    0x2001beec   0x00000bc4   Zero   RW         2244    .bss                insgps13state.o
    0x2001cab0   0x00000270   Zero   RW         2265    .bss                ukf_task.o
    0x2001cd20   0x00000060   Zero   RW         2935    .bss                c_w.l(libspace.o)
    0x2001cd80   0x00000200   Zero   RW          575    HEAP                startup_stm32f40_41xxx.o
    0x2001cf80   0x00000400   Zero   RW          574    STACK               startup_stm32f40_41xxx.o


==============================================================================

Image component sizes


      Code (inc. data)   RO Data    RW Data    ZI Data      Debug   Object Name

     11700        788          0      41578        456      37838   alt_kf.o
       264         18          0          4          0     241720   delay.o
       232          4          0          0          0       1440   dma.o
         0          0          0         24          0       2220   error.o
      2504        114          0          4        100       3347   flash.o
      1144         36          0          2       4096       5236   flash_w25.o
      1836         50          0         12       6150       5530   fliter.o
      2248         80          0          8          0       5661   gps.o
      2304        130          0        205        320       7603   hml_sample.o
      1108         16          0          0          0       5260   iic1.o
      1060         14          0          0          0       4771   iic_fc.o
       936         10          0          1          0       4542   iic_soft.o
       992         18          0          2          0       5035   iic_sonar.o
      5592        402          0        162        196       4530   imu.o
     10076        364          0        100         24      10631   imu_m.o
     26192        146          0          0       3012      11982   insgps13state.o
      5976        170        132          0          0       4503   kf_oldx.o
      5124        146         60          0          0       3903   kf_oldx_nav.o
       416         20          0         12        120       1828   laser.o
      1560         88          0          8          0       2148   led_fc.o
      4860        254          0        217        960       9606   lis3mdl.o
       756        144          0         12       1292       2658   main.o
       224         20          0          0          0       1797   misc.o
      3040        192          0        222       1380      17954   mpu6050.o
      1860        162          0        125         12       6116   ms5611_2.o
      1924        108          0       1028          0       6237   my_math.o
      2196        218        256         92       4744      15971   os_core.o
       200         32          0          0          0        312   os_cpu_a.o
       488          8          0          6          0      11767   os_cpu_c.o
      2060         42          0          0          0       7200   os_flag.o
       972         16          0          0          0       4302   os_mbox.o
      1512         30          0          0          0       5765   os_q.o
       908         18          0          0          0       4038   os_sem.o
      1988         70          0          0          0       7877   os_task.o
       432         30          0          0          0       1870   os_time.o
      1588         94          0          0          0       5729   os_tmr.o
       256         26          0         36          0       1972   rt_nonfinite.o
       308         22          0          0          0       1930   rtgetinf.o
       200         18          0          0          0       1305   rtgetnan.o
        64         26        392          0       1536        824   startup_stm32f40_41xxx.o
       936         32          0          0          0       6373   stm32f4xx_dma.o
       272         10          0          0          0       2263   stm32f4xx_exti.o
      1684         28          0          0          0       9398   stm32f4xx_flash.o
       660         44          0          0          0       4137   stm32f4xx_gpio.o
        22          0          0          0          0      78487   stm32f4xx_it.o
        64          6          0          0          0       1333   stm32f4xx_iwdg.o
      1628         52          0         16          0      13004   stm32f4xx_rcc.o
      1152         36          0          0          0       6885   stm32f4xx_spi.o
       148         12          0          0          0       1833   stm32f4xx_syscfg.o
      3234         60          0          0          0      22992   stm32f4xx_tim.o
      1108         34          0          0          0       7860   stm32f4xx_usart.o
       528         46          0         20          0       1747   system_stm32f4xx.o
       616         38          0         20        180      30073   time.o
      1960         60          0        700          0       8213   ublox.o
      9488        892          0        280      41972     333294   ucos_task.o
         0          0          0          0          0       2103   ukf_oldx.o
     11420        742        224        201        624      10230   ukf_task.o
      2968        256          0        144         32       5867   ultrasonic.o
     21568        830          0        528       6545      35763   usart_fc.o
        44          0          0          0          0        694   watch_dog.o

    ----------------------------------------------------------------------
    166604       7322       1106      45812      73772    1067507   Object Totals
         0          0         32          0          0          0   (incl. Generated)
         4          0         10         43         21          0   (incl. Padding)

    ----------------------------------------------------------------------

      Code (inc. data)   RO Data    RW Data    ZI Data      Debug   Library Member Name

        90          0          0          0          0          0   __dczerorl2.o
         8          0          0          0          0         68   __main.o
         0          0          0          0          0          0   __rtentry.o
        12          0          0          0          0          0   __rtentry2.o
         6          0          0          0          0          0   __rtentry4.o
        52          8          0          0          0          0   __scatter.o
        28          0          0          0          0          0   __scatter_zi.o
        22          0          0          0          0        100   _rserrno.o
        18          0          0          0          0         80   exit.o
        78          0          0          0          0         80   h1_free.o
         6          0          0          0          0        152   heapauxi.o
         0          0          0          0          0          0   indicate_semi.o
         2          0          0          0          0          0   libinit.o
         6          0          0          0          0          0   libinit2.o
         2          0          0          0          0          0   libshutdown.o
         2          0          0          0          0          0   libshutdown2.o
         8          4          0          0         96         68   libspace.o
        72          0          0          0          0         76   llsdiv.o
       238          0          0          0          0        100   lludivv7m.o
         8          4          0          0          0         68   rt_errno_addr_intlibspace.o
         8          4          0          0          0         68   rt_heap_descriptor_intlibspace.o
        78          0          0          0          0         80   rt_memclr_w.o
       100          0          0          0          0         80   rt_memcpy_w.o
         2          0          0          0          0          0   rtexit.o
        10          0          0          0          0          0   rtexit2.o
        36          0          0          0          0         80   strstr.o
        12          4          0          0          0         68   sys_exit.o
        74          0          0          0          0         80   sys_stackheap_outer.o
         2          0          0          0          0         68   use_no_semi.o
        24          0          0          0          0        164   basic.o
        98          4          0          0          0        140   d2f.o
       826         16          0          0          0        492   daddsub_clz.o
        16          4          0          0          0        116   dcheck1.o
        24          0          0          0          0        116   dcmpi.o
       688        140          0          0          0        256   ddiv.o
       120          4          0          0          0        140   deqf.o
        94          4          0          0          0        140   dfix.o
        84          0          0          0          0        232   dflt_clz.o
       120          4          0          0          0        140   dleqf.o
       340         12          0          0          0        152   dmul.o
       156          4          0          0          0        140   dnaninf.o
        12          0          0          0          0        116   dretinf.o
       108          0          0          0          0        128   drleqf.o
       408         56          0          0          0        168   dsqrt_umaal.o
        86          4          0          0          0        132   f2d.o
        96          0          0          0          0        132   ffltll_clz.o
       140          4          0          0          0        132   fnaninf.o
        10          0          0          0          0        116   fpinit.o
        10          0          0          0          0        116   fretinf.o
       100          0          0          0          0        116   retnan.o
        92          0          0          0          0        116   scalbn.o
        48          0          0          0          0        116   trapv.o
         0          0          0          0          0          0   usenofp.o
      3904         80         32          0          0       2735   kf_oldx_yaw.o
       856        118         80          0          0        288   acos.o
       864         94         80          0          0        280   asin.o
       744        106        152          0          0        352   atan.o
       496         64          0          0          0        192   atan2.o
       592         90          0          0          0        184   atan2f.o
       200         20          0          0          0        164   cos.o
       368         46         48          0          0        200   cos_i.o
       184         44          0          0          0        744   dunder.o
        44          0          0          0          0        248   fabs.o
       280         28          0          0          0        156   floor.o
        48          0          0          0          0        124   fpclassify.o
        38          0          0          0          0        116   fpclassifyf.o
        22          6          0          0          0        232   funder.o
       248          0          0          0          0        152   poly.o
      3152        296        136          0          0        352   pow.o
         0          0          8          0          0          0   qnan.o
      1080        142        200          0          0        188   rred.o
       200         20          0          0          0        164   sin.o
       304         24         40          0          0        208   sin_i.o
       232          0          0          0          0        296   sqrt.o

    ----------------------------------------------------------------------
     18566       1458        780          0         96      12307   Library Totals
        30          0          4          0          0          0   (incl. Padding)

    ----------------------------------------------------------------------

      Code (inc. data)   RO Data    RW Data    ZI Data      Debug   Library Name

       980         24          0          0         96       1316   c_w.l
      3700        256          0          0          0       3616   fz_wm.l
      3904         80         32          0          0       2735   kf_oldx_yaw.lib
      9952       1098        744          0          0       4640   m_wm.l

    ----------------------------------------------------------------------
     18566       1458        780          0         96      12307   Library Totals

    ----------------------------------------------------------------------

==============================================================================


      Code (inc. data)   RO Data    RW Data    ZI Data      Debug   

    185170       8780       1886      45812      73868    1060990   Grand Totals
    185170       8780       1886       2156      73868    1060990   ELF Image Totals (compressed)
    185170       8780       1886       2156          0          0   ROM Totals

==============================================================================

    Total RO  Size (Code + RO Data)               187056 ( 182.67kB)
    Total RW  Size (RW Data + ZI Data)            119680 ( 116.88kB)
    Total ROM Size (Code + RO Data + RW Data)     189212 ( 184.78kB)

==============================================================================

