Component: ARM Compiler 5.06 update 2 (build 183) Tool: armlink [4d35b7]

==============================================================================

Section Cross References

    ucos_task.o(.text) refers to time.o(.text) for Get_Cycle_T
    ucos_task.o(.text) refers to f2d.o(x$fpl$f2d) for __aeabi_f2d
    ucos_task.o(.text) refers to dleqf.o(x$fpl$dleqf) for __aeabi_cdcmple
    ucos_task.o(.text) refers to mpu6050.o(.text) for MPU6050_Read
    ucos_task.o(.text) refers to hml_sample.o(.text) for ANO_AK8975_Read
    ucos_task.o(.text) refers to ms5611_2.o(.text) for MS5611_ThreadNew
    ucos_task.o(.text) refers to lis3mdl.o(.text) for LSM6_readAcc
    ucos_task.o(.text) refers to delay.o(.text) for delay_ms
    ucos_task.o(.text) refers to my_math.o(.text) for my_deathzoom_2
    ucos_task.o(.text) refers to imu_m.o(.text) for madgwick_update_new
    ucos_task.o(.text) refers to fabs.o(i.__hardfp_fabs) for __hardfp_fabs
    ucos_task.o(.text) refers to drleqf.o(x$fpl$drleqf) for __aeabi_cdrcmple
    ucos_task.o(.text) refers to watch_dog.o(.text) for IWDG_Feed
    ucos_task.o(.text) refers to ucos_task.o(.data) for inner_loop_time_time
    ucos_task.o(.text) refers to mpu6050.o(.bss) for mpu6050
    ucos_task.o(.text) refers to imu_m.o(.bss) for reference_vr_imd_down
    ucos_task.o(.text) refers to imu.o(.bss) for reference_vr
    ucos_task.o(.text) refers to imu_m.o(.data) for ref_q_imd_down
    ucos_task.o(.text) refers to imu.o(.data) for ref_q
    ucos_task.o(.text) refers to usart_fc.o(.bss) for pi_flow
    ucos_task.o(.text) refers to main.o(.bss) for module
    ucos_task.o(.text) refers to usart_fc.o(.data) for imu_feed_dog
    ucos_task.o(.text) refers to ukf_task.o(.text) for ukf_pos_task_qr
    ucos_task.o(.text) refers to alt_kf.o(.text) for altUkfProcess
    ucos_task.o(.text) refers to laser.o(.text) for Laser_cal
    ucos_task.o(.text) refers to ultrasonic.o(.text) for Ultra_Duty
    ucos_task.o(.text) refers to dflt_clz.o(x$fpl$dfltu) for __aeabi_ui2d
    ucos_task.o(.text) refers to basic.o(x$fpl$basic) for __aeabi_dneg
    ucos_task.o(.text) refers to lis3mdl.o(.bss) for lis3mdl
    ucos_task.o(.text) refers to ucos_task.o(.bss) for flow_matlab_data
    ucos_task.o(.text) refers to nav_ukf.o(.bss) for navUkfData
    ucos_task.o(.text) refers to d2f.o(x$fpl$d2f) for __aeabi_d2f
    ucos_task.o(.text) refers to ultrasonic.o(.data) for ultra_ok
    ucos_task.o(.text) refers to alt_kf.o(.data) for ALT_POS_SONAR3
    ucos_task.o(.text) refers to flow.o(.text) for flow_pertreatment_oldx
    ucos_task.o(.text) refers to ddiv.o(x$fpl$ddiv) for __aeabi_ddiv
    ucos_task.o(.text) refers to dmul.o(x$fpl$dmul) for __aeabi_dmul
    ucos_task.o(.text) refers to daddsub_clz.o(x$fpl$dadd) for __aeabi_dadd
    ucos_task.o(.text) refers to flow.o(.bss) for flow_per_out
    ucos_task.o(.text) refers to flow.o(.data) for k_flow_devide
    ucos_task.o(.text) refers to fliter.o(.text) for Moving_Median
    ucos_task.o(.text) refers to os_core.o(.text) for OSIntEnter
    ucos_task.o(.text) refers to stm32f4xx_tim.o(.text) for TIM_GetITStatus
    ucos_task.o(.text) refers to usart_fc.o(.text) for Send_TO_FLOW_NAV_GPS
    ucos_task.o(.text) refers to stm32f4xx_dma.o(.text) for DMA_GetFlagStatus
    ucos_task.o(.text) refers to stm32f4xx_usart.o(.text) for USART_DMACmd
    ucos_task.o(.text) refers to dma.o(.text) for MYDMA_Enable
    ucos_task.o(.text) refers to fliter.o(.bss) for firstOrderFilters
    ucos_task.o(.text) refers to dfix.o(x$fpl$dfix) for __aeabi_d2iz
    ucos_task.o(.text) refers to alt_kf.o(.bss) for acc_z_view
    ucos_task.o(.text) refers to ms5611_2.o(.data) for baroAlt
    ucos_task.o(.text) refers to ukf_task.o(.bss) for X_ukf
    ucos_task.o(.text) refers to ukf_task.o(.data) for K_spd_flow
    ucos_task.o(.text) refers to laser.o(.bss) for Laser_avoid
    ucos_task.o(.text) refers to led_fc.o(.text) for LEDRGB_STATE
    ucos_task.o(.text) refers to os_core.o(.data) for OSCPUUsage
    main.o(.text) refers to os_mbox.o(.text) for OSMboxCreate
    main.o(.text) refers to os_q.o(.text) for OSQCreate
    main.o(.text) refers to os_flag.o(.text) for OSFlagCreate
    main.o(.text) refers to os_core.o(.text) for OSStatInit
    main.o(.text) refers to os_tmr.o(.text) for OSTmrCreate
    main.o(.text) refers to os_cpu_a.o(.text) for OS_CPU_SR_Save
    main.o(.text) refers to os_task.o(.text) for OSTaskCreate
    main.o(.text) refers to misc.o(.text) for NVIC_PriorityGroupConfig
    main.o(.text) refers to delay.o(.text) for delay_init
    main.o(.text) refers to time.o(.text) for Initial_Timer_SYS
    main.o(.text) refers to iic_soft.o(.text) for I2c_Soft_Init
    main.o(.text) refers to iic1.o(.text) for IIC_IMU1_Init
    main.o(.text) refers to hml_sample.o(.text) for HMC5883L_SetUp
    main.o(.text) refers to ms5611_2.o(.text) for MS5611_Init
    main.o(.text) refers to mpu6050.o(.text) for MPU6050_Init
    main.o(.text) refers to lis3mdl.o(.text) for LIS3MDL_enableDefault
[...]
    _ddiv                                    0x08027a0d   Thumb Code   552  ddiv.o(x$fpl$ddiv)
    __aeabi_cdcmpeq                          0x08027cbd   Thumb Code     0  deqf.o(x$fpl$deqf)
    _dcmpeq                                  0x08027cbd   Thumb Code   120  deqf.o(x$fpl$deqf)
    __aeabi_d2iz                             0x08027d35   Thumb Code     0  dfix.o(x$fpl$dfix)
    _dfix                                    0x08027d35   Thumb Code    94  dfix.o(x$fpl$dfix)
    __aeabi_i2d                              0x08027d93   Thumb Code     0  dflt_clz.o(x$fpl$dflt)
    _dflt                                    0x08027d93   Thumb Code    46  dflt_clz.o(x$fpl$dflt)
    __aeabi_ui2d                             0x08027dc1   Thumb Code     0  dflt_clz.o(x$fpl$dfltu)
    _dfltu                                   0x08027dc1   Thumb Code    38  dflt_clz.o(x$fpl$dfltu)
    __aeabi_cdcmple                          0x08027de9   Thumb Code     0  dleqf.o(x$fpl$dleqf)
    _dcmple                                  0x08027de9   Thumb Code   120  dleqf.o(x$fpl$dleqf)
    __fpl_dcmple_InfNaN                      0x08027e4b   Thumb Code     0  dleqf.o(x$fpl$dleqf)
    __aeabi_dmul                             0x08027e61   Thumb Code     0  dmul.o(x$fpl$dmul)
    _dmul                                    0x08027e61   Thumb Code   332  dmul.o(x$fpl$dmul)
    __fpl_dnaninf                            0x08027fb5   Thumb Code   156  dnaninf.o(x$fpl$dnaninf)
    __fpl_dretinf                            0x08028051   Thumb Code    12  dretinf.o(x$fpl$dretinf)
    __aeabi_cdrcmple                         0x0802805d   Thumb Code     0  drleqf.o(x$fpl$drleqf)
    _drcmple                                 0x0802805d   Thumb Code   108  drleqf.o(x$fpl$drleqf)
    __aeabi_drsub                            0x080280c9   Thumb Code     0  daddsub_clz.o(x$fpl$drsb)
    _drsb                                    0x080280c9   Thumb Code    22  daddsub_clz.o(x$fpl$drsb)
    _dsqrt                                   0x080280e1   Thumb Code   404  dsqrt_umaal.o(x$fpl$dsqrt)
    __aeabi_dsub                             0x08028279   Thumb Code     0  daddsub_clz.o(x$fpl$dsub)
    _dsub                                    0x08028279   Thumb Code   464  daddsub_clz.o(x$fpl$dsub)
    __aeabi_f2d                              0x0802844d   Thumb Code     0  f2d.o(x$fpl$f2d)
    _f2d                                     0x0802844d   Thumb Code    86  f2d.o(x$fpl$f2d)
    __aeabi_ul2f                             0x080284a3   Thumb Code     0  ffltll_clz.o(x$fpl$ffltll)
    _ll_uto_f                                0x080284a3   Thumb Code     6  ffltll_clz.o(x$fpl$ffltll)
    __aeabi_l2f                              0x080284a9   Thumb Code     0  ffltll_clz.o(x$fpl$ffltll)
    _ll_sto_f                                0x080284a9   Thumb Code    90  ffltll_clz.o(x$fpl$ffltll)
    __fpl_fnaninf                            0x08028503   Thumb Code   140  fnaninf.o(x$fpl$fnaninf)
    _fp_init                                 0x0802858f   Thumb Code    10  fpinit.o(x$fpl$fpinit)
    __fplib_config_fpu_vfp                   0x08028597   Thumb Code     0  fpinit.o(x$fpl$fpinit)
    __fplib_config_pureend_doubles           0x08028597   Thumb Code     0  fpinit.o(x$fpl$fpinit)
    __fpl_fretinf                            0x08028599   Thumb Code    10  fretinf.o(x$fpl$fretinf)
    __fpl_return_NaN                         0x080285a3   Thumb Code   100  retnan.o(x$fpl$retnan)
    __ARM_scalbn                             0x08028607   Thumb Code    92  scalbn.o(x$fpl$scalbn)
    __fpl_cmpreturn                          0x08028663   Thumb Code    48  trapv.o(x$fpl$trapveneer)
    OSUnMapTbl                               0x08028692   Data         256  os_core.o(.constdata)
    __I$use$fp                               0x08028692   Number         0  usenofp.o(x$fpl$usenofp)
    __mathlib_zero                           0x08028b90   Data           8  qnan.o(.constdata)
    Region$$Table$$Base                      0x08028ca8   Number         0  anon$$obj.o(Region$$Table)
    Region$$Table$$Limit                     0x08028cc8   Number         0  anon$$obj.o(Region$$Table)
    ccmHeap                                  0x20000000   Data       40960  alt_kf.o(.ccm)
    fly_ready                                0x2000a000   Data           1  ucos_task.o(.data)
    inner_loop_time_time                     0x2000a004   Data           4  ucos_task.o(.data)
    inner_loop_time_time_int                 0x2000a008   Data           4  ucos_task.o(.data)
    GOL_LINK_BUSY                            0x2000a00c   Data           2  ucos_task.o(.data)
    YawR                                     0x2000a010   Data           4  ucos_task.o(.data)
    PitchR                                   0x2000a014   Data           4  ucos_task.o(.data)
    RollR                                    0x2000a018   Data           4  ucos_task.o(.data)
    YawRm                                    0x2000a01c   Data           4  ucos_task.o(.data)
    PitchRm                                  0x2000a020   Data           4  ucos_task.o(.data)
    RollRm                                   0x2000a024   Data           4  ucos_task.o(.data)
    outer_loop_time                          0x2000a028   Data           4  ucos_task.o(.data)
    k_gyro_z                                 0x2000a02c   Data           4  ucos_task.o(.data)
    ekf_loop_time                            0x2000a030   Data           4  ucos_task.o(.data)
    focal_length_px                          0x2000a034   Data           4  ucos_task.o(.data)
    accumulated_flow_x                       0x2000a038   Data           4  ucos_task.o(.data)
    accumulated_flow_y                       0x2000a03c   Data           4  ucos_task.o(.data)
    accumulated_gyro_x                       0x2000a040   Data           4  ucos_task.o(.data)
    accumulated_gyro_y                       0x2000a044   Data           4  ucos_task.o(.data)
    accumulated_gyro_z                       0x2000a048   Data           4  ucos_task.o(.data)
    accumulated_framecount                   0x2000a04c   Data           2  ucos_task.o(.data)
    accumulated_quality                      0x2000a04e   Data           2  ucos_task.o(.data)
    integration_timespan                     0x2000a050   Data           4  ucos_task.o(.data)
    k_flow_acc                               0x2000a054   Data           8  ucos_task.o(.data)
    k_gro_acc                                0x2000a05c   Data           4  ucos_task.o(.data)
    flt_gro                                  0x2000a060   Data           4  ucos_task.o(.data)
    k_time_use                               0x2000a064   Data           4  ucos_task.o(.data)
    imu_board_test                           0x2000a068   Data           1  ucos_task.o(.data)
    MID_CNT_SPD                              0x2000a069   Data           1  ucos_task.o(.data)
    k_flp                                    0x2000a06c   Data           4  ucos_task.o(.data)
    b                                        0x2000a0c0   Data          12  ucos_task.o(.data)
    a                                        0x2000a0cc   Data          12  ucos_task.o(.data)
    baro_matlab_data                         0x2000a0d8   Data           8  ucos_task.o(.data)
    flow_loop_time                           0x2000a0e0   Data           4  ucos_task.o(.data)
    en_imu_debug                             0x2000a0e4   Data           1  ucos_task.o(.data)
    force_imu_debug                          0x2000a0e5   Data           1  ucos_task.o(.data)
    UART_UP_LOAD_SEL                         0x2000a0e6   Data           1  ucos_task.o(.data)
    time_uart                                0x2000a0e8   Data           4  ucos_task.o(.data)
    tmr1                                     0x2000a0ec   Data           4  ucos_task.o(.data)
    tmr2                                     0x2000a0f0   Data           4  ucos_task.o(.data)
    tmr3                                     0x2000a0f4   Data           4  ucos_task.o(.data)
    cpuusage                                 0x2000a0f8   Data           2  ucos_task.o(.data)
    msg_key                                  0x2000a12c   Data           4  main.o(.data)
    q_msg                                    0x2000a130   Data           4  main.o(.data)
    flags_key                                0x2000a134   Data           4  main.o(.data)
    ero                                      0x2000a138   Data           4  error.o(.data)
    sys                                      0x2000a13c   Data           8  error.o(.data)
    rtInf                                    0x2000a150   Data           8  rt_nonfinite.o(.data)
    rtMinusInf                               0x2000a158   Data           8  rt_nonfinite.o(.data)
    rtNaN                                    0x2000a160   Data           8  rt_nonfinite.o(.data)
    rtInfF                                   0x2000a168   Data           4  rt_nonfinite.o(.data)
    rtMinusInfF                              0x2000a16c   Data           4  rt_nonfinite.o(.data)
    rtNaNF                                   0x2000a170   Data           4  rt_nonfinite.o(.data)
    SystemCoreClock                          0x2000a174   Data           4  system_stm32f4xx.o(.data)
    AHBPrescTable                            0x2000a178   Data          16  system_stm32f4xx.o(.data)
    OSCtxSwCtr                               0x2000a19c   Data           4  os_core.o(.data)
    OSEventFreeList                          0x2000a1a0   Data           4  os_core.o(.data)
    OSFlagFreeList                           0x2000a1a4   Data           4  os_core.o(.data)
    OSCPUUsage                               0x2000a1a8   Data           1  os_core.o(.data)
    OSIdleCtrMax                             0x2000a1ac   Data           4  os_core.o(.data)
    OSIdleCtrRun                             0x2000a1b0   Data           4  os_core.o(.data)
    OSStatRdy                                0x2000a1b4   Data           1  os_core.o(.data)
    OSIntNesting                             0x2000a1b5   Data           1  os_core.o(.data)
    OSLockNesting                            0x2000a1b6   Data           1  os_core.o(.data)
    OSPrioCur                                0x2000a1b7   Data           1  os_core.o(.data)
    OSPrioHighRdy                            0x2000a1b8   Data           1  os_core.o(.data)
    OSRdyGrp                                 0x2000a1b9   Data           1  os_core.o(.data)
    OSRdyTbl                                 0x2000a1ba   Data           8  os_core.o(.data)
    OSRunning                                0x2000a1c2   Data           1  os_core.o(.data)
    OSTaskCtr                                0x2000a1c3   Data           1  os_core.o(.data)
    OSIdleCtr                                0x2000a1c4   Data           4  os_core.o(.data)
    OSTCBCur                                 0x2000a1c8   Data           4  os_core.o(.data)
    OSTCBFreeList                            0x2000a1cc   Data           4  os_core.o(.data)
    OSTCBHighRdy                             0x2000a1d0   Data           4  os_core.o(.data)
    OSTCBList                                0x2000a1d4   Data           4  os_core.o(.data)
    OSTickStepState                          0x2000a1d8   Data           1  os_core.o(.data)
    OSQFreeList                              0x2000a1dc   Data           4  os_core.o(.data)
    OSTime                                   0x2000a1e0   Data           4  os_core.o(.data)
    OSTmrFree                                0x2000a1e4   Data           2  os_core.o(.data)
    OSTmrUsed                                0x2000a1e6   Data           2  os_core.o(.data)
    OSTmrTime                                0x2000a1e8   Data           4  os_core.o(.data)
    OSTmrSem                                 0x2000a1ec   Data           4  os_core.o(.data)
    OSTmrSemSignal                           0x2000a1f0   Data           4  os_core.o(.data)
    OSTmrFreeList                            0x2000a1f4   Data           4  os_core.o(.data)
    OSInterrputSum                           0x2000a1f8   Data           4  os_cpu_c.o(.data)
    I2C_FastMode                             0x2000a1fe   Data           1  iic_soft.o(.data)
    FLASH_SIZE                               0x2000a208   Data           4  flash.o(.data)
    W25QXX_TYPE                              0x2000a20c   Data           2  flash_w25.o(.data)
    sysTickUptime                            0x2000a210   Data           4  time.o(.data)
    time_1h                                  0x2000a214   Data           4  time.o(.data)
    time_1m                                  0x2000a218   Data           4  time.o(.data)
    time_1s                                  0x2000a21c   Data           4  time.o(.data)
    time_1ms                                 0x2000a220   Data           4  time.o(.data)
    GPS_SEL1                                 0x2000a224   Data           1  gps.o(.data)
    gps_dt                                   0x2000a228   Data           4  gps.o(.data)
    dt_flow_rx                               0x2000a22c   Data           4  usart_fc.o(.data)
    data_rate_gol_link                       0x2000a230   Data           2  usart_fc.o(.data)
    LOCK                                     0x2000a232   Data           1  usart_fc.o(.data)
    KEY                                      0x2000a233   Data           8  usart_fc.o(.data)
    KEY_SEL                                  0x2000a23b   Data           4  usart_fc.o(.data)
    NAV_BOARD_CONNECT                        0x2000a23f   Data           1  usart_fc.o(.data)
    force_fly_ready                          0x2000a240   Data           1  usart_fc.o(.data)
    k_flow_opencv                            0x2000a244   Data           4  usart_fc.o(.data)
    sonar_fc                                 0x2000a248   Data           4  usart_fc.o(.data)
    baroAlt_fc                               0x2000a24c   Data           4  usart_fc.o(.data)
    fc_rx_time                               0x2000a250   Data           4  usart_fc.o(.data)
    flow_module_set_yaw                      0x2000a254   Data           4  usart_fc.o(.data)
    acc_3d_step                              0x2000a258   Data           1  usart_fc.o(.data)
    imu_feed_dog                             0x2000a259   Data           1  usart_fc.o(.data)
    FC_CONNECT                               0x2000a25a   Data           1  usart_fc.o(.data)
    fc_loss_cnt                              0x2000a25c   Data           2  usart_fc.o(.data)
    fly_ready_force_zero                     0x2000a25e   Data           1  usart_fc.o(.data)
    TxCounter                                0x2000a25f   Data           1  usart_fc.o(.data)
    count                                    0x2000a260   Data           1  usart_fc.o(.data)
    RxState                                  0x2000a261   Data           1  usart_fc.o(.data)
    RxBufferNum                              0x2000a262   Data           1  usart_fc.o(.data)
    RxBufferCnt                              0x2000a263   Data           1  usart_fc.o(.data)
    RxLen                                    0x2000a264   Data           1  usart_fc.o(.data)
    com_data                                 0x2000a265   Data           1  usart_fc.o(.data)
    nrf_uart_cnt                             0x2000a268   Data           2  usart_fc.o(.data)
    Tx5Counter                               0x2000a26a   Data           1  usart_fc.o(.data)
    count5                                   0x2000a26b   Data           1  usart_fc.o(.data)
    dlf_odroid                               0x2000a26c   Data           4  usart_fc.o(.data)
    TxCounter_u1                             0x2000a270   Data           1  usart_fc.o(.data)
    count_u1                                 0x2000a271   Data           1  usart_fc.o(.data)
    RxState_u1                               0x2000a272   Data           1  usart_fc.o(.data)
    RxBufferNum_u1                           0x2000a273   Data           1  usart_fc.o(.data)
    RxBufferCnt_u1                           0x2000a274   Data           1  usart_fc.o(.data)
    RxLen_u1                                 0x2000a275   Data           1  usart_fc.o(.data)
    USART3_RX_STA                            0x2000a278   Data           2  usart_fc.o(.data)
    buf_GPRMC                                0x2000a27a   Data         100  usart_fc.o(.data)
    buf_GPRMCt                               0x2000a2de   Data         100  usart_fc.o(.data)
    buf_GPGGA                                0x2000a342   Data         100  usart_fc.o(.data)
    buf_GPGGAt                               0x2000a3a6   Data         100  usart_fc.o(.data)
    gps_good                                 0x2000a40a   Data           1  usart_fc.o(.data)
    gps_loss_cnt                             0x2000a40c   Data           2  usart_fc.o(.data)
    gpsData_lastPosUpdate                    0x2000a410   Data           4  usart_fc.o(.data)
    gpsData_lastVelUpdate                    0x2000a414   Data           4  usart_fc.o(.data)
    gps_update                               0x2000a418   Data           4  usart_fc.o(.data)
    RxState11                                0x2000a41c   Data           1  usart_fc.o(.data)
    RxBufferNum11                            0x2000a41d   Data           1  usart_fc.o(.data)
    RxBufferCnt11                            0x2000a41e   Data           1  usart_fc.o(.data)
    RxLen11                                  0x2000a41f   Data           1  usart_fc.o(.data)
    _data_cnt11                              0x2000a420   Data           2  usart_fc.o(.data)
    _data_len11                              0x2000a422   Data           2  usart_fc.o(.data)
    RxBuffer4_test_cnt                       0x2000a424   Data           1  usart_fc.o(.data)
    RxState4                                 0x2000a425   Data           1  usart_fc.o(.data)
    RxBufferNum4                             0x2000a426   Data           1  usart_fc.o(.data)
    RxBufferCnt4                             0x2000a427   Data           1  usart_fc.o(.data)
    RxLen4                                   0x2000a428   Data           1  usart_fc.o(.data)
    en_px4_mapper                            0x2000a42b   Data           1  usart_fc.o(.data)
    rate_gps_board                           0x2000a42c   Data           4  usart_fc.o(.data)
    RxState3                                 0x2000a430   Data           1  usart_fc.o(.data)
    RxBufferNum3                             0x2000a431   Data           1  usart_fc.o(.data)
    RxBufferCnt3                             0x2000a432   Data           1  usart_fc.o(.data)
    RxLen3                                   0x2000a433   Data           1  usart_fc.o(.data)
    Angle_Yun                                0x2000a438   Data           8  usart_fc.o(.data)
    en_ble_debug                             0x2000a440   Data           1  usart_fc.o(.data)
    IMU1_Fast                                0x2000a478   Data           1  lis3mdl.o(.data)
    id                                       0x2000a479   Data           3  lis3mdl.o(.data)
    sum_temp_att                             0x2000a47c   Data           8  lis3mdl.o(.data)
    acc_sum_cnt                              0x2000a484   Data           2  lis3mdl.o(.data)
    acc_sum_cnt_3d                           0x2000a486   Data           2  lis3mdl.o(.data)
    acc_smple_cnt_3d                         0x2000a488   Data           2  lis3mdl.o(.data)
    gyro_sum_cnt                             0x2000a48a   Data           2  lis3mdl.o(.data)
    mpu6050_ok                               0x2000a568   Data           1  mpu6050.o(.data)
    test_ang                                 0x2000a614   Data           4  mpu6050.o(.data)
    test_ang_old                             0x2000a618   Data           4  mpu6050.o(.data)
    test_ang_d                               0x2000a61c   Data           4  mpu6050.o(.data)
    test_fli_a                               0x2000a620   Data           4  mpu6050.o(.data)
    test_i                                   0x2000a624   Data           4  mpu6050.o(.data)
    acc_max                                  0x2000a628   Data          12  mpu6050.o(.data)
    acc_min                                  0x2000a634   Data          12  mpu6050.o(.data)
    EN_TUO_ACC_FIX                           0x2000a640   Data           1  mpu6050.o(.data)
    ak8975                                   0x2000a648   Data          48  hml_sample.o(.data)
    ak8975_ok                                0x2000a6c8   Data           1  hml_sample.o(.data)
    Mag_CALIBRATED                           0x2000a6c9   Data           1  hml_sample.o(.data)
    Mag_CALIBRATED_R                         0x2000a6ca   Data           1  hml_sample.o(.data)
    HMC5883_lastx                            0x2000a6cc   Data           4  hml_sample.o(.data)
    HMC5883_lasty                            0x2000a6d0   Data           4  hml_sample.o(.data)
    HMC5883_lastz                            0x2000a6d4   Data           4  hml_sample.o(.data)
    HMC5883_maxx                             0x2000a6d8   Data           2  hml_sample.o(.data)
    HMC5883_maxy                             0x2000a6da   Data           2  hml_sample.o(.data)
    HMC5883_maxz                             0x2000a6dc   Data           2  hml_sample.o(.data)
    HMC5883_minx                             0x2000a6de   Data           2  hml_sample.o(.data)
    HMC5883_miny                             0x2000a6e0   Data           2  hml_sample.o(.data)
    HMC5883_minz                             0x2000a6e2   Data           2  hml_sample.o(.data)
    paOffsetNum                              0x2000a730   Data           8  ms5611_2.o(.data)
    paInitCnt                                0x2000a738   Data           2  ms5611_2.o(.data)
    paOffsetInited                           0x2000a73a   Data           1  ms5611_2.o(.data)
    Baro_ALT_Updated                         0x2000a73b   Data           1  ms5611_2.o(.data)
    MS5611_Temperature                       0x2000a73c   Data           4  ms5611_2.o(.data)
    MS5611_Pressure                          0x2000a740   Data           4  ms5611_2.o(.data)
    MS5611_Altitude                          0x2000a744   Data           4  ms5611_2.o(.data)
    MS5611_VerticalSpeed                     0x2000a748   Data           4  ms5611_2.o(.data)
    MS5611_Delay_us                          0x2000a74c   Data          36  ms5611_2.o(.data)
    for_fly_ready                            0x2000a77e   Data           1  ms5611_2.o(.data)
    baroAlt                                  0x2000a780   Data           4  ms5611_2.o(.data)
    baro_set                                 0x2000a784   Data           1  ms5611_2.o(.data)
    T_sonar                                  0x2000a798   Data           4  ultrasonic.o(.data)
    ultra_start_f                            0x2000a79c   Data           1  ultrasonic.o(.data)
    ultra_time                               0x2000a79d   Data           1  ultrasonic.o(.data)
    ultra_ok                                 0x2000a79e   Data           1  ultrasonic.o(.data)
    x_pred                                   0x2000a7a0   Data           8  ultrasonic.o(.data)
    v_pred                                   0x2000a7a8   Data           8  ultrasonic.o(.data)
    x_post                                   0x2000a7b0   Data           8  ultrasonic.o(.data)
    v_post                                   0x2000a7b8   Data           8  ultrasonic.o(.data)
    sonar_raw                                0x2000a7c0   Data           4  ultrasonic.o(.data)
    scale_kal_sonar_v                        0x2000a7c4   Data           4  ultrasonic.o(.data)
    x_pred_bmp                               0x2000a7c8   Data           8  ultrasonic.o(.data)
    v_pred_bmp                               0x2000a7d0   Data           8  ultrasonic.o(.data)
    x_post_bmp                               0x2000a7d8   Data           8  ultrasonic.o(.data)
    v_post_bmp                               0x2000a7e0   Data           8  ultrasonic.o(.data)
    state_dj                                 0x2000a7e8   Data           5  ultrasonic.o(.data)
    state_dj_rx                              0x2000a7ed   Data           5  ultrasonic.o(.data)
    IO_STATE                                 0x2000a7f2   Data           5  ultrasonic.o(.data)
    IO_STATER                                0x2000a7f7   Data           5  ultrasonic.o(.data)
    TEMP_SONAR                               0x2000a7fc   Data           4  ultrasonic.o(.data)
    cnt_sample1                              0x2000a800   Data           4  ultrasonic.o(.data)
    ultra_distance                           0x2000a804   Data           4  ultrasonic.o(.data)
    ultra_distance_r                         0x2000a808   Data           4  ultrasonic.o(.data)
    ultra_delta                              0x2000a80c   Data           4  ultrasonic.o(.data)
    flt_laser                                0x2000a824   Data           4  laser.o(.data)
    rate_use                                 0x2000a828   Data           8  laser.o(.data)
    ACC_HIGHPASS_TAU                         0x2000a830   Data           4  fliter.o(.data)
    ACC_LOWPASS_TAU                          0x2000a834   Data           4  fliter.o(.data)
    ACC_LOWPASS_SAMPLE_TIME                  0x2000a838   Data           4  fliter.o(.data)
    ACC_LOWPASS_A                            0x2000a83c   Data           4  fliter.o(.data)
    ACC_LOWPASS_GX1                          0x2000a840   Data           4  fliter.o(.data)
    ACC_LOWPASS_GX2                          0x2000a844   Data           4  fliter.o(.data)
    ACC_LOWPASS_GX3                          0x2000a848   Data           4  fliter.o(.data)
    HML_LOWPASS_TAU                          0x2000a84c   Data           4  fliter.o(.data)
    HML_LOWPASS_SAMPLE_TIME                  0x2000a850   Data           4  fliter.o(.data)
    HML_LOWPASS_A                            0x2000a854   Data           4  fliter.o(.data)
    HML_LOWPASS_GX1                          0x2000a858   Data           4  fliter.o(.data)
    HML_LOWPASS_GX2                          0x2000a85c   Data           4  fliter.o(.data)
    HML_LOWPASS_GX3                          0x2000a860   Data           4  fliter.o(.data)
    fast_atan_table                          0x2000a874   Data        1028  my_math.o(.data)
    Kp                                       0x2000ac78   Data           4  imu.o(.data)
    Ki                                       0x2000ac7c   Data           4  imu.o(.data)
    Roll                                     0x2000ac80   Data           4  imu.o(.data)
    Pitch                                    0x2000ac84   Data           4  imu.o(.data)
    Yaw                                      0x2000ac88   Data           4  imu.o(.data)
    Roll_mid_down                            0x2000ac8c   Data           4  imu.o(.data)
    Pitch_mid_down                           0x2000ac90   Data           4  imu.o(.data)
    Yaw_mid_down                             0x2000ac94   Data           4  imu.o(.data)
    ref_q                                    0x2000ac98   Data          16  imu.o(.data)
    norm_acc                                 0x2000aca8   Data           4  imu.o(.data)
    norm_q                                   0x2000acac   Data           4  imu.o(.data)
    norm_acc_lpf                             0x2000acb0   Data           4  imu.o(.data)
    test_flag                                0x2000acb4   Data          12  imu.o(.data)
    mag_norm                                 0x2000acc0   Data           4  imu.o(.data)
    mag_norm_xyz                             0x2000acc4   Data           4  imu.o(.data)
    gh_yaw                                   0x2000acc8   Data           4  imu.o(.data)
    ga_yaw                                   0x2000accc   Data           4  imu.o(.data)
    gw_yaw                                   0x2000acd0   Data           4  imu.o(.data)
    yaw_kf                                   0x2000acd4   Data           4  imu.o(.data)
    P_kf_yaw                                 0x2000acd8   Data          32  imu.o(.data)
    k_kf_z                                   0x2000acf8   Data           4  imu.o(.data)
    yaw_cross                                0x2000acfc   Data           1  imu.o(.data)
    yaw_qr_off                               0x2000ad00   Data           4  imu.o(.data)
    dis_angle_lock                           0x2000ad04   Data           1  imu.o(.data)
    yaw_cal_by_qr                            0x2000ad05   Data           1  imu.o(.data)
    yaw_qr_off_local                         0x2000ad08   Data           4  imu.o(.data)
    yaw_off_earth                            0x2000ad0c   Data           4  imu.o(.data)
    ref_q_imd_down                           0x2000ad20   Data          16  imu_m.o(.data)
    beta                                     0x2000ad30   Data           4  imu_m.o(.data)
    q0_m                                     0x2000ad34   Data           4  imu_m.o(.data)
    q1_m                                     0x2000ad38   Data           4  imu_m.o(.data)
    q2_m                                     0x2000ad3c   Data           4  imu_m.o(.data)
    q3_m                                     0x2000ad40   Data           4  imu_m.o(.data)
    q0                                       0x2000ad44   Data           4  imu_m.o(.data)
    q1                                       0x2000ad48   Data           4  imu_m.o(.data)
    q2                                       0x2000ad4c   Data           4  imu_m.o(.data)
    q3                                       0x2000ad50   Data           4  imu_m.o(.data)
    q0_fc                                    0x2000ad54   Data           4  imu_m.o(.data)
    q1_fc                                    0x2000ad58   Data           4  imu_m.o(.data)
    q2_fc                                    0x2000ad5c   Data           4  imu_m.o(.data)
    q3_fc                                    0x2000ad60   Data           4  imu_m.o(.data)
    init_q                                   0x2000ad64   Data           1  imu_m.o(.data)
    beta_start                               0x2000ad68   Data           4  imu_m.o(.data)
    beta_end                                 0x2000ad6c   Data           4  imu_m.o(.data)
    beta_step                                0x2000ad70   Data           4  imu_m.o(.data)
    accConfidenceDecay                       0x2000ad74   Data           4  imu_m.o(.data)
    hmlConfidenceDecay                       0x2000ad78   Data           4  imu_m.o(.data)
    accConfidence                            0x2000ad7c   Data           4  imu_m.o(.data)
    hmlConfidence                            0x2000ad80   Data           4  imu_m.o(.data)
    norm_hml_view                            0x2000ad84   Data           4  imu_m.o(.data)
    hmlOneMAG                                0x2000ad88   Data           4  imu_m.o(.data)
    init_hml_norm                            0x2000ad8c   Data           1  imu_m.o(.data)
    init_hml_norm_cnt                        0x2000ad8e   Data           2  imu_m.o(.data)
    dImuData_lastUpdate                      0x2000ad9c   Data           4  nav_ukf.o(.data)
    UKF_MAG_N_TEMP                           0x2000ada0   Data           4  nav_ukf.o(.data)
    IMU_MAG_DECL                             0x2000ada4   Data           4  nav_ukf.o(.data)
    IMU_MAG_INCL                             0x2000ada8   Data           4  nav_ukf.o(.data)
    q_flow                                   0x2000adb8   Data          12  ukf_task.o(.data)
    r_flow                                   0x2000adc4   Data          12  ukf_task.o(.data)
    flow_gain                                0x2000add0   Data           4  ukf_task.o(.data)
    acc_flag_flow                            0x2000add4   Data           8  ukf_task.o(.data)
    X_ukf_Pos                                0x2000addc   Data           8  ukf_task.o(.data)
    r1                                       0x2000ade4   Data           4  ukf_task.o(.data)
    r2                                       0x2000ade8   Data           4  ukf_task.o(.data)
    posNorth                                 0x2000adec   Data           4  ukf_task.o(.data)
    posEast                                  0x2000adf0   Data           4  ukf_task.o(.data)
    local_Lat                                0x2000adf4   Data           4  ukf_task.o(.data)
    local_Lon                                0x2000adf8   Data           4  ukf_task.o(.data)
    velEast                                  0x2000adfc   Data           4  ukf_task.o(.data)
    velNorth                                 0x2000ae00   Data           4  ukf_task.o(.data)
    GPS_J_F                                  0x2000ae04   Data           4  ukf_task.o(.data)
    GPS_W_F                                  0x2000ae08   Data           4  ukf_task.o(.data)
    kf_data_sel                              0x2000ae0c   Data           1  ukf_task.o(.data)
    ga_nav                                   0x2000ae10   Data           4  ukf_task.o(.data)
    gwa_nav                                  0x2000ae14   Data           4  ukf_task.o(.data)
    g_pos_flow                               0x2000ae18   Data           4  ukf_task.o(.data)
    g_spd_flow                               0x2000ae1c   Data           4  ukf_task.o(.data)
    K_pos_qr                                 0x2000ae20   Data           4  ukf_task.o(.data)
    K_spd_flow                               0x2000ae24   Data           4  ukf_task.o(.data)
    K_acc_gps                                0x2000ae28   Data           4  ukf_task.o(.data)
    K_pos_gps                                0x2000ae2c   Data           4  ukf_task.o(.data)
    K_spd_gps                                0x2000ae30   Data           4  ukf_task.o(.data)
    g_pos_gps                                0x2000ae34   Data           4  ukf_task.o(.data)
    g_spd_gps                                0x2000ae38   Data           4  ukf_task.o(.data)
    velNorth_gps                             0x2000ae3c   Data           4  ukf_task.o(.data)
    velEast_gps                              0x2000ae40   Data           4  ukf_task.o(.data)
    flag_kf1                                 0x2000ae44   Data           8  ukf_task.o(.data)
    force_test                               0x2000ae4c   Data           1  ukf_task.o(.data)
    Posx                                     0x2000ae50   Data           4  ukf_task.o(.data)
    Posy                                     0x2000ae54   Data           4  ukf_task.o(.data)
    gps_data_vaild                           0x2000ae58   Data           1  ukf_task.o(.data)
    gps_init                                 0x2000ae59   Data           1  ukf_task.o(.data)
    r_gps_new                                0x2000ae5c   Data          16  ukf_task.o(.data)
    altUkfData                               0x2000aea0   Data           8  alt_kf.o(.data)
    altUkfData_sonar                         0x2000aea8   Data           8  alt_kf.o(.data)
    altUkfData_bmp                           0x2000aeb0   Data           8  alt_kf.o(.data)
    flowUkfData_x                            0x2000aeb8   Data           8  alt_kf.o(.data)
    flowUkfData_y                            0x2000aec0   Data           8  alt_kf.o(.data)
    gpsUkfData_e                             0x2000aec8   Data           8  alt_kf.o(.data)
    gpsUkfData_n                             0x2000aed0   Data           8  alt_kf.o(.data)
    heapUsed                                 0x2000aed8   Data           4  alt_kf.o(.data)
    heapHighWater                            0x2000aedc   Data           4  alt_kf.o(.data)
    dataSramUsed                             0x2000aee0   Data           4  alt_kf.o(.data)
    FLOW_NOISE                               0x2000aee4   Data           4  alt_kf.o(.data)
    flow_pos                                 0x2000aee8   Data           8  alt_kf.o(.data)
    measure_num                              0x2000aef0   Data           1  alt_kf.o(.data)
    k_acc                                    0x2000aef8   Data           4  alt_kf.o(.data)
    sonar_av_cnt                             0x2000aefc   Data           2  alt_kf.o(.data)
    sonar_f_set                              0x2000af00   Data          24  alt_kf.o(.data)
    ALT_PRES_NOISE                           0x2000af18   Data           4  alt_kf.o(.data)
    ALT_PRES_NOISE_SONAR                     0x2000af1c   Data           4  alt_kf.o(.data)
    ALT_POS_SONAR2                           0x2000af20   Data           4  alt_kf.o(.data)
    ALT_POS_SONAR3                           0x2000af24   Data           4  alt_kf.o(.data)
    sonar_h_cnt                              0x2000af28   Data           4  alt_kf.o(.data)
    sonar_temp                               0x2000af2c   Data           4  alt_kf.o(.data)
    K_SONAR                                  0x2000af30   Data           4  alt_kf.o(.data)
    test_1                                   0x2000af34   Data           2  alt_kf.o(.data)
    en_1                                     0x2000af36   Data           1  alt_kf.o(.data)
    NOISE                                    0x2000af38   Data          12  alt_kf.o(.data)
    X_apo_height1                            0x2000af44   Data           8  alt_kf.o(.data)
    P_apo_k_height1                          0x2000af4c   Data          16  alt_kf.o(.data)
    r_baro1                                  0x2000af5c   Data           4  alt_kf.o(.data)
    r_acc1                                   0x2000af60   Data           4  alt_kf.o(.data)
    k_spd                                    0x2000af64   Data           4  alt_kf.o(.data)
    gh                                       0x2000af68   Data           4  alt_kf.o(.data)
    gh_sonar                                 0x2000af6c   Data           4  alt_kf.o(.data)
    ga                                       0x2000af70   Data           4  alt_kf.o(.data)
    gwa                                      0x2000af74   Data           4  alt_kf.o(.data)
    P_kf_baro                                0x2000af78   Data          72  alt_kf.o(.data)
    P_kf_sonar                               0x2000afc0   Data          72  alt_kf.o(.data)
    X_apo_height                             0x2000b008   Data           8  alt_kf.o(.data)
    P_apo_k_height                           0x2000b010   Data          16  alt_kf.o(.data)
    k_bais                                   0x2000b020   Data           4  alt_kf.o(.data)
    k_bais2                                  0x2000b024   Data           4  alt_kf.o(.data)
    r_baro                                   0x2000b028   Data           4  alt_kf.o(.data)
    r_acc                                    0x2000b02c   Data           4  alt_kf.o(.data)
    gro_z_dead                               0x2000b030   Data           4  alt_kf.o(.data)
    dead_accz                                0x2000b034   Data           4  alt_kf.o(.data)
    acc_off_baro                             0x2000b038   Data           4  alt_kf.o(.data)
    k_hcc                                    0x2000b03c   Data           4  alt_kf.o(.data)
    k_hcc_fix                                0x2000b040   Data           4  alt_kf.o(.data)
    hc_acc_i_bmp                             0x2000b044   Data           4  alt_kf.o(.data)
    accz                                     0x2000b048   Data           4  alt_kf.o(.data)
    accz_bmp                                 0x2000b04c   Data           4  alt_kf.o(.data)
    acc_scale_bmp                            0x2000b050   Data           4  alt_kf.o(.data)
    acc_mask                                 0x2000b054   Data           1  alt_kf.o(.data)
    acc_mask_cnt_max                         0x2000b056   Data           2  alt_kf.o(.data)
    baro_ukf_dt                              0x2000b058   Data           4  alt_kf.o(.data)
    baro_ekf_dt                              0x2000b05c   Data           4  alt_kf.o(.data)
    k_flt_accz                               0x2000b060   Data           4  alt_kf.o(.data)
    acc_est                                  0x2000b064   Data           4  alt_kf.o(.data)
    acc_est_imu                              0x2000b068   Data           4  alt_kf.o(.data)
    baro_ekf_ero                             0x2000b06c   Data           1  alt_kf.o(.data)
    ALT_VEL_BMP_UNION                        0x2000b070   Data           4  alt_kf.o(.data)
    ALT_POS_BMP_UNION                        0x2000b074   Data           4  alt_kf.o(.data)
    baroAlt_sel                              0x2000b078   Data           1  alt_kf.o(.data)
    r_baro_new                               0x2000b07c   Data          16  alt_kf.o(.data)
    g_baro_h                                 0x2000b08c   Data           4  alt_kf.o(.data)
    g_baro_spd                               0x2000b090   Data           4  alt_kf.o(.data)
    acc_flag                                 0x2000b094   Data           8  alt_kf.o(.data)
    k_acc_ukf                                0x2000b09c   Data           4  alt_kf.o(.data)
    MAX_ACC_NEO                              0x2000b0a0   Data           4  alt_kf.o(.data)
    flow_dt                                  0x2000b0a4   Data           4  alt_kf.o(.data)
    GPS_NOISE                                0x2000b0a8   Data           4  alt_kf.o(.data)
    k_acc_fpl_gps                            0x2000b0ac   Data           4  alt_kf.o(.data)
    q_pos                                    0x2000b0b0   Data           4  alt_kf.o(.data)
    v_q                                      0x2000b0b4   Data           4  alt_kf.o(.data)
    v_bais                                   0x2000b0b8   Data           4  alt_kf.o(.data)
    s_bais                                   0x2000b0bc   Data           4  alt_kf.o(.data)
    ALT_STATE_POS1                           0x2000b0c0   Data           4  alt_kf.o(.data)
    ALT_STATE_VEL1                           0x2000b0c4   Data           4  alt_kf.o(.data)
    ALT_STATE_BIAS1                          0x2000b0c8   Data           4  alt_kf.o(.data)
    ALT_NOISE_BIAS1                          0x2000b0cc   Data           4  alt_kf.o(.data)
    ALT_NOISE_VEL1                           0x2000b0d0   Data           4  alt_kf.o(.data)
    ALT_STATE_POS_GPS                        0x2000b0d4   Data           4  alt_kf.o(.data)
    ALT_STATE_VEL_GPS                        0x2000b0d8   Data           4  alt_kf.o(.data)
    ALT_STATE_BIAS_GPS                       0x2000b0dc   Data           4  alt_kf.o(.data)
    ALT_NOISE_BIAS_GPS                       0x2000b0e0   Data           4  alt_kf.o(.data)
    ALT_NOISE_VEL_GPS                        0x2000b0e4   Data           4  alt_kf.o(.data)
    k_flow_devide                            0x2000b12c   Data           4  flow.o(.data)
    flow_module_offset_y                     0x2000b130   Data           4  flow.o(.data)
    flow_module_offset_x                     0x2000b134   Data           4  flow.o(.data)
    INNER_TASK_STK                           0x2000b190   Data        1536  ucos_task.o(.bss)
    OUTER_TASK_STK                           0x2000b790   Data        1024  ucos_task.o(.bss)
    EKF_TASK_STK                             0x2000bb90   Data       36864  ucos_task.o(.bss)
    BARO_TASK_STK                            0x20014b90   Data        3072  ucos_task.o(.bss)
    SONAR_TASK_STK                           0x20015790   Data         512  ucos_task.o(.bss)
    FLOW_TASK_STK                            0x20015990   Data        1024  ucos_task.o(.bss)
    xBuf1                                    0x20015e80   Data          12  ucos_task.o(.bss)
    yBuf1                                    0x20015e8c   Data          12  ucos_task.o(.bss)
    xBuf2                                    0x20015e98   Data          12  ucos_task.o(.bss)
    yBuf2                                    0x20015ea4   Data          12  ucos_task.o(.bss)
    xBuf3                                    0x20015eb0   Data          12  ucos_task.o(.bss)
    yBuf3                                    0x20015ebc   Data          12  ucos_task.o(.bss)
    acc_neo                                  0x20015ec8   Data          12  ucos_task.o(.bss)
    flow_ground_temp                         0x20015ed4   Data          16  ucos_task.o(.bss)
    flow_matlab_data                         0x20015ee4   Data          16  ucos_task.o(.bss)
    UART_TASK_STK                            0x20015ef4   Data         512  ucos_task.o(.bss)
    ERROR_TASK_STK                           0x200160f4   Data         256  ucos_task.o(.bss)
    START_TASK_STK                           0x2001623c   Data         256  main.o(.bss)
    MsgGrp                                   0x2001633c   Data        1024  main.o(.bss)
    module                                   0x2001673c   Data          11  main.o(.bss)
    mcuID                                    0x20016748   Data          12  main.o(.bss)
    OSEventTbl                               0x20016754   Data         200  os_core.o(.bss)
    OSFlagTbl                                0x2001681c   Data          80  os_core.o(.bss)
    OSTaskStatStk                            0x2001686c   Data         512  os_core.o(.bss)
    OSTaskIdleStk                            0x20016a6c   Data         512  os_core.o(.bss)
    OSTCBPrioTbl                             0x20016c6c   Data         256  os_core.o(.bss)
    OSTCBTbl                                 0x20016d6c   Data        1848  os_core.o(.bss)
    OSQTbl                                   0x200174a4   Data         120  os_core.o(.bss)
    OSTmrTbl                                 0x2001751c   Data         640  os_core.o(.bss)
    OSTmrTaskStk                             0x2001779c   Data         512  os_core.o(.bss)
    OSTmrWheelTbl                            0x2001799c   Data          64  os_core.o(.bss)
    FLASH_READ_BUF                           0x200179dc   Data         100  flash.o(.bss)
    FLASH_Buffer                             0x20017a40   Data         100  flash.o(.bss)
    W25QXX_BUFFER                            0x20017aa4   Data        4096  flash_w25.o(.bss)
    Cycle_T                                  0x20018aa4   Data         240  time.o(.bss)
    qr                                       0x20018b98   Data          48  usart_fc.o(.bss)
    color                                    0x20018bc8   Data          20  usart_fc.o(.bss)
    HPID                                     0x20018bdc   Data          18  usart_fc.o(.bss)
    SPID                                     0x20018bee   Data          18  usart_fc.o(.bss)
    FIX_PID                                  0x20018c00   Data          18  usart_fc.o(.bss)
    NAV_PID                                  0x20018c12   Data          18  usart_fc.o(.bss)
    pid                                      0x20018c24   Data         224  usart_fc.o(.bss)
    Rc_Get                                   0x20018d04   Data          20  usart_fc.o(.bss)
    plane                                    0x20018d18   Data         116  usart_fc.o(.bss)
    slam                                     0x20018d8c   Data          20  usart_fc.o(.bss)
    imu_nav                                  0x20018da0   Data         104  usart_fc.o(.bss)
    mode                                     0x20018e08   Data          53  usart_fc.o(.bss)
    flow_debug                               0x20018e40   Data          40  usart_fc.o(.bss)
    par                                      0x20018e68   Data          48  usart_fc.o(.bss)
    TxBuffer                                 0x20018e98   Data         256  usart_fc.o(.bss)
    Rx_Buf                                   0x20018f98   Data         256  usart_fc.o(.bss)
    RxBuffer                                 0x20019098   Data          50  usart_fc.o(.bss)
    Tx5Buffer                                0x200190ca   Data         256  usart_fc.o(.bss)
    TxBuffer_u1                              0x200191ca   Data         256  usart_fc.o(.bss)
    Rx_Buf_u1                                0x200192ca   Data         256  usart_fc.o(.bss)
    RxBuffer_u1                              0x200193ca   Data          50  usart_fc.o(.bss)
    USART3_TX_BUF                            0x20019400   Data         800  usart_fc.o(.bss)
    USART3_RX_BUF                            0x20019720   Data         800  usart_fc.o(.bss)
    USART1_TX_BUF                            0x20019a40   Data         800  usart_fc.o(.bss)
    gpsx                                     0x20019d60   Data         195  usart_fc.o(.bss)
    buf_imu_dj                               0x20019e23   Data          20  usart_fc.o(.bss)
    angle_imu_dj                             0x20019e38   Data          12  usart_fc.o(.bss)
    RxBuffer11                               0x20019e44   Data          50  usart_fc.o(.bss)
    buf_GNVTG                                0x20019e76   Data          65  usart_fc.o(.bss)
    laser_buf                                0x20019eb8   Data         720  usart_fc.o(.bss)
    m100                                     0x2001a188   Data          96  usart_fc.o(.bss)
    debug_pi_flow                            0x2001a1e8   Data          80  usart_fc.o(.bss)
    pi_flow                                  0x2001a238   Data         324  usart_fc.o(.bss)
    RxBuffer4_test                           0x2001a37c   Data          25  usart_fc.o(.bss)
    RxBuffer4                                0x2001a395   Data          50  usart_fc.o(.bss)
    Rx_Buf3                                  0x2001a3c7   Data         256  usart_fc.o(.bss)
    RxBuffer3                                0x2001a4c7   Data          50  usart_fc.o(.bss)
    SendBuff1                                0x2001a4f9   Data          64  usart_fc.o(.bss)
    SendBuff2                                0x2001a539   Data         384  usart_fc.o(.bss)
    SendBuff3                                0x2001a6b9   Data          32  usart_fc.o(.bss)
    SendBuff4                                0x2001a6d9   Data          64  usart_fc.o(.bss)
    flow                                     0x2001a720   Data         112  usart_fc.o(.bss)
    flow_rad                                 0x2001a790   Data          48  usart_fc.o(.bss)
    lis3mdl                                  0x2001a8a8   Data         292  lis3mdl.o(.bss)
    acc_lsq                                  0x2001a9cc   Data         168  lis3mdl.o(.bss)
    sum_temp                                 0x2001aa74   Data          28  lis3mdl.o(.bss)
    sum_temp_3d                              0x2001aa90   Data          28  lis3mdl.o(.bss)
    mpu6050                                  0x2001ad88   Data         188  mpu6050.o(.bss)
    mpu6050_r                                0x2001ae44   Data         188  mpu6050.o(.bss)
    imu_fushion                              0x2001af00   Data         188  mpu6050.o(.bss)
    mpu6050_buffer                           0x2001afbc   Data          14  mpu6050.o(.bss)
    mpu6050_tmp                              0x2001b264   Data          28  mpu6050.o(.bss)
    mpu6050_tmp_acc_circle                   0x2001b280   Data          28  mpu6050.o(.bss)
    mpu_fil_tmp                              0x2001b29c   Data          28  mpu6050.o(.bss)
    mpu_fil_tmp_acc_circle                   0x2001b2b8   Data          28  mpu6050.o(.bss)
    acc_off                                  0x2001b2d4   Data          12  mpu6050.o(.bss)
    acc_scale                                0x2001b2e0   Data          12  mpu6050.o(.bss)
    HMC5883_FIFO                             0x2001b3e0   Data          66  hml_sample.o(.bss)
    now_dj                                   0x2001b43c   Data          16  ultrasonic.o(.bss)
    lastUpdate_dj                            0x2001b44c   Data          16  ultrasonic.o(.bss)
    Laser_avoid                              0x2001b45c   Data         120  laser.o(.bss)
    med_filter_tmp                           0x2001b4d4   Data        6000  fliter.o(.bss)
    med_filter_out                           0x2001cc44   Data         120  fliter.o(.bss)
    med_fil_cnt                              0x2001ccbc   Data          30  fliter.o(.bss)
    firstOrderFilters                        0x2001ccdc   Data         400  fliter.o(.bss)
    q_nav                                    0x2001ce70   Data          16  imu.o(.bss)
    reference_v                              0x2001ce80   Data          12  imu.o(.bss)
    ref                                      0x2001ce8c   Data          60  imu.o(.bss)
    reference_vr                             0x2001cec8   Data          12  imu.o(.bss)
    mag_sim_3d                               0x2001ced4   Data          12  imu.o(.bss)
    acc_3d_hg                                0x2001cee0   Data          12  imu.o(.bss)
    acc_ng                                   0x2001ceec   Data          12  imu.o(.bss)
    acc_ng_offset                            0x2001cef8   Data          12  imu.o(.bss)
    yaw_mag_view                             0x2001cf04   Data          20  imu.o(.bss)
    X_kf_yaw                                 0x2001cf18   Data          16  imu.o(.bss)
    reference_vr_imd_down                    0x2001cf34   Data          12  imu_m.o(.bss)
    reference_vr_imd_down_fc                 0x2001cf40   Data          12  imu_m.o(.bss)
    navUkfData                               0x2001cf50   Data        1120  nav_ukf.o(.bss)
    runData                                  0x2001d3b0   Data         328  nav_ukf.o(.bss)
    X_ukf                                    0x2001d4f8   Data          48  ukf_task.o(.bss)
    X_ukf_baro                               0x2001d528   Data          48  ukf_task.o(.bss)
    X_KF_NAV                                 0x2001d698   Data          48  ukf_task.o(.bss)
    P_KF_NAV                                 0x2001d6c8   Data         144  ukf_task.o(.bss)
    state_correct_posx                       0x2001d758   Data          48  ukf_task.o(.bss)
    state_correct_posy                       0x2001d788   Data          48  ukf_task.o(.bss)
    X_kf2_x                                  0x2001d7b8   Data          24  ukf_task.o(.bss)
    X_kf2_y                                  0x2001d7d0   Data          24  ukf_task.o(.bss)
    Distance                                 0x2001d7e8   Data         100  alt_kf.o(.bss)
    ultra                                    0x2001d858   Data          20  alt_kf.o(.bss)
    sonar_av_arr                             0x2001d86c   Data          20  alt_kf.o(.bss)
    sonar                                    0x2001d880   Data          24  alt_kf.o(.bss)
    sonar_fusion                             0x2001d898   Data          68  alt_kf.o(.bss)
    sonar_h_arr                              0x2001d8dc   Data          44  alt_kf.o(.bss)
    X_kf_baro                                0x2001d908   Data          24  alt_kf.o(.bss)
    X_kf_baro_temp                           0x2001d920   Data          24  alt_kf.o(.bss)
    X_kf_sonar                               0x2001d938   Data          24  alt_kf.o(.bss)
    acc_z_view                               0x2001d9f0   Data          12  alt_kf.o(.bss)
    state_correct_baro                       0x2001da00   Data          48  alt_kf.o(.bss)
    Global_GPS_Sensor                        0x2001da30   Data          88  alt_kf.o(.bss)
    v_test                                   0x2001da88   Data          16  alt_kf.o(.bss)
    Last_GPS                                 0x2001da98   Data          16  alt_kf.o(.bss)
    TAR_GPS                                  0x2001daa8   Data          16  alt_kf.o(.bss)
    hml_lsq                                  0x2001dab8   Data         168  cycle_cal_oldx.o(.bss)
    flow_per_out                             0x2001dbb8   Data          16  flow.o(.bss)
    __libspace_start                         0x2001dbec   Data          96  libspace.o(.bss)
    __temporary_stack_top$libspace           0x2001dc4c   Data           0  libspace.o(.bss)



==============================================================================

Memory Map of the image

  Image Entry point : 0x08000189

  Load Region LR_IROM1 (Base: 0x08000000, Size: 0x00033e54, Max: 0x00100000, ABSOLUTE, COMPRESSED[0x000295c8])

    Execution Region ER_IROM1 (Base: 0x08000000, Size: 0x00028cc8, Max: 0x00100000, ABSOLUTE)

    Base Addr    Size         Type   Attr      Idx    E Section Name        Object

    0x08000000   0x00000188   Data   RO          610    RESET               startup_stm32f40_41xxx.o
    0x08000188   0x00000008   Code   RO         2294  * !!!main             c_w.l(__main.o)
    0x08000190   0x00000034   Code   RO         2809    !!!scatter          c_w.l(__scatter.o)
    0x080001c4   0x0000005a   Code   RO         2807    !!dczerorl2         c_w.l(__dczerorl2.o)
    0x0800021e   0x00000002   PAD
    0x08000220   0x0000001c   Code   RO         2811    !!handler_zi        c_w.l(__scatter_zi.o)
    0x0800023c   0x00000002   Code   RO         2729    .ARM.Collect$$libinit$$00000000  c_w.l(libinit.o)
    0x0800023e   0x00000004   Code   RO         2657    .ARM.Collect$$libinit$$00000001  c_w.l(libinit2.o)
    0x08000242   0x00000000   Code   RO         2660    .ARM.Collect$$libinit$$00000004  c_w.l(libinit2.o)
    0x08000242   0x00000000   Code   RO         2663    .ARM.Collect$$libinit$$0000000A  c_w.l(libinit2.o)
    0x08000242   0x00000000   Code   RO         2665    .ARM.Collect$$libinit$$0000000C  c_w.l(libinit2.o)
    0x08000242   0x00000000   Code   RO         2667    .ARM.Collect$$libinit$$0000000E  c_w.l(libinit2.o)
    0x08000242   0x00000000   Code   RO         2670    .ARM.Collect$$libinit$$00000011  c_w.l(libinit2.o)
    0x08000242   0x00000000   Code   RO         2672    .ARM.Collect$$libinit$$00000013  c_w.l(libinit2.o)
    0x08000242   0x00000000   Code   RO         2674    .ARM.Collect$$libinit$$00000015  c_w.l(libinit2.o)
    0x08000242   0x00000000   Code   RO         2676    .ARM.Collect$$libinit$$00000017  c_w.l(libinit2.o)
    0x08000242   0x00000000   Code   RO         2678    .ARM.Collect$$libinit$$00000019  c_w.l(libinit2.o)
    0x08000242   0x00000000   Code   RO         2680    .ARM.Collect$$libinit$$0000001B  c_w.l(libinit2.o)
    0x08000242   0x00000000   Code   RO         2682    .ARM.Collect$$libinit$$0000001D  c_w.l(libinit2.o)
    0x08000242   0x00000000   Code   RO         2684    .ARM.Collect$$libinit$$0000001F  c_w.l(libinit2.o)
    0x08000242   0x00000000   Code   RO         2686    .ARM.Collect$$libinit$$00000021  c_w.l(libinit2.o)
    0x08000242   0x00000000   Code   RO         2688    .ARM.Collect$$libinit$$00000023  c_w.l(libinit2.o)
    0x08000242   0x00000000   Code   RO         2690    .ARM.Collect$$libinit$$00000025  c_w.l(libinit2.o)
    0x08000242   0x00000000   Code   RO         2694    .ARM.Collect$$libinit$$0000002C  c_w.l(libinit2.o)
    0x08000242   0x00000000   Code   RO         2696    .ARM.Collect$$libinit$$0000002E  c_w.l(libinit2.o)
    0x08000242   0x00000000   Code   RO         2698    .ARM.Collect$$libinit$$00000030  c_w.l(libinit2.o)
    0x08000242   0x00000000   Code   RO         2700    .ARM.Collect$$libinit$$00000032  c_w.l(libinit2.o)
    0x08000242   0x00000002   Code   RO         2701    .ARM.Collect$$libinit$$00000033  c_w.l(libinit2.o)
    0x08000244   0x00000002   Code   RO         2804    .ARM.Collect$$libshutdown$$00000000  c_w.l(libshutdown.o)
    0x08000246   0x00000000   Code   RO         2758    .ARM.Collect$$libshutdown$$00000002  c_w.l(libshutdown2.o)
    0x08000246   0x00000000   Code   RO         2760    .ARM.Collect$$libshutdown$$00000004  c_w.l(libshutdown2.o)
    0x08000246   0x00000000   Code   RO         2763    .ARM.Collect$$libshutdown$$00000007  c_w.l(libshutdown2.o)
    0x08000246   0x00000000   Code   RO         2766    .ARM.Collect$$libshutdown$$0000000A  c_w.l(libshutdown2.o)
    0x08000246   0x00000000   Code   RO         2768    .ARM.Collect$$libshutdown$$0000000C  c_w.l(libshutdown2.o)
    0x08000246   0x00000000   Code   RO         2771    .ARM.Collect$$libshutdown$$0000000F  c_w.l(libshutdown2.o)
    0x08000246   0x00000002   Code   RO         2772    .ARM.Collect$$libshutdown$$00000010  c_w.l(libshutdown2.o)
    0x08000248   0x00000000   Code   RO         2498    .ARM.Collect$$rtentry$$00000000  c_w.l(__rtentry.o)
    0x08000248   0x00000000   Code   RO         2615    .ARM.Collect$$rtentry$$00000002  c_w.l(__rtentry2.o)
    0x08000248   0x00000006   Code   RO         2627    .ARM.Collect$$rtentry$$00000004  c_w.l(__rtentry4.o)
    0x0800024e   0x00000000   Code   RO         2617    .ARM.Collect$$rtentry$$00000009  c_w.l(__rtentry2.o)
    0x0800024e   0x00000004   Code   RO         2618    .ARM.Collect$$rtentry$$0000000A  c_w.l(__rtentry2.o)
    0x08000252   0x00000000   Code   RO         2620    .ARM.Collect$$rtentry$$0000000C  c_w.l(__rtentry2.o)
    0x08000252   0x00000008   Code   RO         2621    .ARM.Collect$$rtentry$$0000000D  c_w.l(__rtentry2.o)
    0x0800025a   0x00000002   Code   RO         2739    .ARM.Collect$$rtexit$$00000000  c_w.l(rtexit.o)
    0x0800025c   0x00000000   Code   RO         2778    .ARM.Collect$$rtexit$$00000002  c_w.l(rtexit2.o)
    0x0800025c   0x00000004   Code   RO         2779    .ARM.Collect$$rtexit$$00000003  c_w.l(rtexit2.o)
    0x08000260   0x00000006   Code   RO         2780    .ARM.Collect$$rtexit$$00000004  c_w.l(rtexit2.o)
    0x08000266   0x00000002   PAD
    0x08000268   0x0000253c   Code   RO            3    .text               ucos_task.o
    0x080027a4   0x000002e4   Code   RO          375    .text               main.o
    0x08002a88   0x00000100   Code   RO          475    .text               rt_nonfinite.o
    0x08002b88   0x000000c8   Code   RO          505    .text               rtgetnan.o
    0x08002c50   0x00000134   Code   RO          521    .text               rtgetinf.o
    0x08002d84   0x00000016   Code   RO          535    .text               stm32f4xx_it.o
    0x08002d9a   0x00000002   PAD
    0x08002d9c   0x00000210   Code   RO          584    .text               system_stm32f4xx.o
    0x08002fac   0x00000040   Code   RO          611    .text               startup_stm32f40_41xxx.o
    0x08002fec   0x00000108   Code   RO          617    .text               delay.o
    0x080030f4   0x000000e0   Code   RO          657    .text               misc.o
    0x080031d4   0x00000294   Code   RO          677    .text               stm32f4xx_gpio.o
    0x08003468   0x0000065c   Code   RO          720    .text               stm32f4xx_rcc.o
    0x08003ac4   0x00000094   Code   RO          742    .text               stm32f4xx_syscfg.o
    0x08003b58   0x00000454   Code   RO          762    .text               stm32f4xx_usart.o
    0x08003fac   0x00000ca2   Code   RO          782    .text               stm32f4xx_tim.o
    0x08004c4e   0x00000002   PAD
    0x08004c50   0x00000694   Code   RO          802    .text               stm32f4xx_flash.o
    0x080052e4   0x00000110   Code   RO          822    .text               stm32f4xx_exti.o
    0x080053f4   0x00000480   Code   RO          862    .text               stm32f4xx_spi.o
    0x08005874   0x000003a8   Code   RO          882    .text               stm32f4xx_dma.o
    0x08005c1c   0x00000040   Code   RO          922    .text               stm32f4xx_iwdg.o
    0x08005c5c   0x00000894   Code   RO          962    .text               os_core.o
    0x080064f0   0x0000080c   Code   RO          990    .text               os_flag.o
    0x08006cfc   0x000003cc   Code   RO         1010    .text               os_mbox.o
    0x080070c8   0x000005e8   Code   RO         1064    .text               os_q.o
    0x080076b0   0x0000038c   Code   RO         1084    .text               os_sem.o
    0x08007a3c   0x000007c4   Code   RO         1104    .text               os_task.o
    0x08008200   0x000001b0   Code   RO         1124    .text               os_time.o
    0x080083b0   0x00000634   Code   RO         1144    .text               os_tmr.o
    0x080089e4   0x000000c8   Code   RO         1162    .text               os_cpu_a.o
    0x08008aac   0x000001e8   Code   RO         1167    .text               os_cpu_c.o
    0x08008c94   0x00000424   Code   RO         1197    .text               iic_fc.o
    0x080090b8   0x00000458   Code   RO         1217    .text               iic1.o
    0x08009510   0x000003a8   Code   RO         1263    .text               iic_soft.o
    0x080098b8   0x000006d4   Code   RO         1289    .text               led_fc.o
    0x08009f8c   0x00000f24   Code   RO         1318    .text               flash.o
    0x0800aeb0   0x00000478   Code   RO         1342    .text               flash_w25.o
    0x0800b328   0x00000268   Code   RO         1373    .text               time.o
    0x0800b590   0x0000002c   Code   RO         1404    .text               watch_dog.o
    0x0800b5bc   0x00000904   Code   RO         1424    .text               gps.o
    0x0800bec0   0x000000e8   Code   RO         1474    .text               dma.o
    0x0800bfa8   0x00006fc0   Code   RO         1494    .text               usart_fc.o
    0x08012f68   0x00001e28   Code   RO         1556    .text               lis3mdl.o
    0x08014d90   0x00000be0   Code   RO         1587    .text               mpu6050.o
    0x08015970   0x000008e8   Code   RO         1615    .text               hml_sample.o
    0x08016258   0x00000744   Code   RO         1649    .text               ms5611_2.o
    0x0801699c   0x000009d0   Code   RO         1676    .text               ultrasonic.o
    0x0801736c   0x000001a0   Code   RO         1706    .text               laser.o
    0x0801750c   0x00000980   Code   RO         1734    .text               fliter.o
    0x08017e8c   0x00000784   Code   RO         1780    .text               my_math.o
    0x08018610   0x00001404   Code   RO         1801    .text               kf_oldx_nav.o
    0x08019a14   0x00001000   Code   RO         1873    .text               imu_m.o
    0x0801aa14   0x00002d70   Code   RO         1905    .text               nav_ukf.o
    0x0801d784   0x0000245c   Code   RO         1932    .text               ukf_task.o
    0x0801fbe0   0x0000331c   Code   RO         1978    .text               alt_kf.o
    0x08022efc   0x00000100   Code   RO         2069    .text               arm_cortexM4lf_math.lib(arm_std_f32.o)
    0x08022ffc   0x00000a18   Code   RO         2113    .text               cycle_cal_oldx.lib(cycle_cal_oldx.o)
    0x08023a14   0x00000b54   Code   RO         2204    .text               flow_oldx.lib(flow.o)
    0x08024568   0x0000004e   Code   RO         2230    .text               c_w.l(h1_free.o)
    0x080245b6   0x00000048   Code   RO         2284    .text               c_w.l(llsdiv.o)
    0x080245fe   0x00000024   Code   RO         2286    .text               c_w.l(strstr.o)
    0x08024622   0x00000064   Code   RO         2288    .text               c_w.l(rt_memcpy_w.o)
    0x08024686   0x0000004e   Code   RO         2290    .text               c_w.l(rt_memclr_w.o)
    0x080246d4   0x00000006   Code   RO         2292    .text               c_w.l(heapauxi.o)
    0x080246da   0x00000002   PAD
    0x080246dc   0x00000008   Code   RO         2502    .text               c_w.l(rt_heap_descriptor_intlibspace.o)
    0x080246e4   0x000000ee   Code   RO         2526    .text               c_w.l(lludivv7m.o)
    0x080247d2   0x00000016   Code   RO         2528    .text               c_w.l(_rserrno.o)
    0x080247e8   0x00000008   Code   RO         2611    .text               c_w.l(libspace.o)
    0x080247f0   0x00000008   Code   RO         2636    .text               c_w.l(rt_errno_addr_intlibspace.o)
    0x080247f8   0x0000004a   Code   RO         2706    .text               c_w.l(sys_stackheap_outer.o)
    0x08024842   0x00000012   Code   RO         2716    .text               c_w.l(exit.o)
    0x08024854   0x0000000c   Code   RO         2734    .text               c_w.l(sys_exit.o)
    0x08024860   0x00000002   Code   RO         2736    .text               c_w.l(use_no_semi.o)
    0x08024862   0x00000000   Code   RO         2738    .text               c_w.l(indicate_semi.o)
    0x08024862   0x00000030   Code   RO         2564    i.__ARM_fpclassify  m_wm.l(fpclassify.o)
    0x08024892   0x00000026   Code   RO         2566    i.__ARM_fpclassifyf  m_wm.l(fpclassifyf.o)
    0x080248b8   0x00000358   Code   RO         2332    i.__hardfp_acos     m_wm.l(acos.o)
    0x08024c10   0x00000360   Code   RO         2346    i.__hardfp_asin     m_wm.l(asin.o)
    0x08024f70   0x0000012c   Code   RO         2360    i.__hardfp_asinf    m_wm.l(asinf.o)
    0x0802509c   0x00000250   Code   RO         2372    i.__hardfp_atan2f   m_wm.l(atan2f.o)
    0x080252ec   0x00000160   Code   RO         2384    i.__hardfp_atanf    m_wm.l(atanf.o)
    0x0802544c   0x00000004   PAD
    0x08025450   0x000000c8   Code   RO         2396    i.__hardfp_cos      m_wm.l(cos.o)
    0x08025518   0x00000150   Code   RO         2408    i.__hardfp_cosf     m_wm.l(cosf.o)
    0x08025668   0x00000014   Code   RO         2420    i.__hardfp_fabs     m_wm.l(fabs.o)
    0x0802567c   0x00000004   PAD
    0x08025680   0x00000118   Code   RO         2426    i.__hardfp_floor    m_wm.l(floor.o)
    0x08025798   0x00000c50   Code   RO         2432    i.__hardfp_pow      m_wm.l(pow.o)
    0x080263e8   0x00000664   Code   RO         2446    i.__hardfp_powf     m_wm.l(powf.o)
    0x08026a4c   0x00000004   PAD
    0x08026a50   0x000000c8   Code   RO         2460    i.__hardfp_sin      m_wm.l(sin.o)
    0x08026b18   0x00000190   Code   RO         2472    i.__hardfp_sinf     m_wm.l(sinf.o)
    0x08026ca8   0x0000007a   Code   RO         2484    i.__hardfp_sqrt     m_wm.l(sqrt.o)
    0x08026d22   0x00000006   PAD
    0x08026d28   0x00000438   Code   RO         2585    i.__ieee754_rem_pio2  m_wm.l(rred.o)
    0x08027160   0x00000170   Code   RO         2547    i.__kernel_cos      m_wm.l(cos_i.o)
    0x080272d0   0x000000f8   Code   RO         2582    i.__kernel_poly     m_wm.l(poly.o)
    0x080273c8   0x00000130   Code   RO         2593    i.__kernel_sin      m_wm.l(sin_i.o)
    0x080274f8   0x00000030   Code   RO         2550    i.__mathlib_dbl_divzero  m_wm.l(dunder.o)
    0x08027528   0x00000014   Code   RO         2551    i.__mathlib_dbl_infnan  m_wm.l(dunder.o)
    0x0802753c   0x00000014   Code   RO         2552    i.__mathlib_dbl_infnan2  m_wm.l(dunder.o)
    0x08027550   0x00000020   Code   RO         2553    i.__mathlib_dbl_invalid  m_wm.l(dunder.o)
    0x08027570   0x00000020   Code   RO         2554    i.__mathlib_dbl_overflow  m_wm.l(dunder.o)
    0x08027590   0x00000020   Code   RO         2556    i.__mathlib_dbl_underflow  m_wm.l(dunder.o)
    0x080275b0   0x00000014   Code   RO         2568    i.__mathlib_flt_divzero  m_wm.l(funder.o)
    0x080275c4   0x00000006   Code   RO         2569    i.__mathlib_flt_infnan  m_wm.l(funder.o)
    0x080275ca   0x00000006   Code   RO         2570    i.__mathlib_flt_infnan2  m_wm.l(funder.o)
    0x080275d0   0x00000010   Code   RO         2571    i.__mathlib_flt_invalid  m_wm.l(funder.o)
    0x080275e0   0x00000010   Code   RO         2572    i.__mathlib_flt_overflow  m_wm.l(funder.o)
    0x080275f0   0x00000010   Code   RO         2574    i.__mathlib_flt_underflow  m_wm.l(funder.o)
    0x08027600   0x00000154   Code   RO         2590    i.__mathlib_rredf2  m_wm.l(rredf.o)
    0x08027754   0x00000018   Code   RO         2422    i.fabs              m_wm.l(fabs.o)
    0x0802776c   0x0000006e   Code   RO         2486    i.sqrt              m_wm.l(sqrt.o)
    0x080277da   0x0000003e   Code   RO         2601    i.sqrtf             m_wm.l(sqrtf.o)
    0x08027818   0x00000018   Code   RO         2296    x$fpl$basic         fz_wm.l(basic.o)
    0x08027830   0x00000062   Code   RO         2298    x$fpl$d2f           fz_wm.l(d2f.o)
    0x08027892   0x00000002   PAD
    0x08027894   0x00000150   Code   RO         2300    x$fpl$dadd          fz_wm.l(daddsub_clz.o)
    0x080279e4   0x00000010   Code   RO         2702    x$fpl$dcheck1       fz_wm.l(dcheck1.o)
    0x080279f4   0x00000018   Code   RO         2530    x$fpl$dcmpinf       fz_wm.l(dcmpi.o)
    0x08027a0c   0x000002b0   Code   RO         2307    x$fpl$ddiv          fz_wm.l(ddiv.o)
    0x08027cbc   0x00000078   Code   RO         2310    x$fpl$deqf          fz_wm.l(deqf.o)
    0x08027d34   0x0000005e   Code   RO         2312    x$fpl$dfix          fz_wm.l(dfix.o)
    0x08027d92   0x0000002e   Code   RO         2317    x$fpl$dflt          fz_wm.l(dflt_clz.o)
    0x08027dc0   0x00000026   Code   RO         2316    x$fpl$dfltu         fz_wm.l(dflt_clz.o)
    0x08027de6   0x00000002   PAD
    0x08027de8   0x00000078   Code   RO         2322    x$fpl$dleqf         fz_wm.l(dleqf.o)
    0x08027e60   0x00000154   Code   RO         2324    x$fpl$dmul          fz_wm.l(dmul.o)
    0x08027fb4   0x0000009c   Code   RO         2532    x$fpl$dnaninf       fz_wm.l(dnaninf.o)
    0x08028050   0x0000000c   Code   RO         2534    x$fpl$dretinf       fz_wm.l(dretinf.o)
    0x0802805c   0x0000006c   Code   RO         2326    x$fpl$drleqf        fz_wm.l(drleqf.o)
    0x080280c8   0x00000016   Code   RO         2301    x$fpl$drsb          fz_wm.l(daddsub_clz.o)
    0x080280de   0x00000002   PAD
    0x080280e0   0x00000198   Code   RO         2536    x$fpl$dsqrt         fz_wm.l(dsqrt_umaal.o)
    0x08028278   0x000001d4   Code   RO         2302    x$fpl$dsub          fz_wm.l(daddsub_clz.o)
    0x0802844c   0x00000056   Code   RO         2328    x$fpl$f2d           fz_wm.l(f2d.o)
    0x080284a2   0x00000060   Code   RO         2330    x$fpl$ffltll        fz_wm.l(ffltll_clz.o)
    0x08028502   0x0000008c   Code   RO         2538    x$fpl$fnaninf       fz_wm.l(fnaninf.o)
    0x0802858e   0x0000000a   Code   RO         2730    x$fpl$fpinit        fz_wm.l(fpinit.o)
    0x08028598   0x0000000a   Code   RO         2540    x$fpl$fretinf       fz_wm.l(fretinf.o)
    0x080285a2   0x00000064   Code   RO         2732    x$fpl$retnan        fz_wm.l(retnan.o)
    0x08028606   0x0000005c   Code   RO         2544    x$fpl$scalbn        fz_wm.l(scalbn.o)
    0x08028662   0x00000030   Code   RO         2773    x$fpl$trapveneer    fz_wm.l(trapv.o)
    0x08028692   0x00000000   Code   RO         2546    x$fpl$usenofp       fz_wm.l(usenofp.o)
    0x08028692   0x00000100   Data   RO          964    .constdata          os_core.o
    0x08028792   0x00000006   PAD
    0x08028798   0x0000003c   Data   RO         1802    .constdata          kf_oldx_nav.o
    0x080287d4   0x00000004   PAD
    0x080287d8   0x00000090   Data   RO         1934    .constdata          ukf_task.o
    0x08028868   0x00000090   Data   RO         1981    .constdata          alt_kf.o
    0x080288f8   0x00000050   Data   RO         2335    .constdata          m_wm.l(acos.o)
    0x08028948   0x00000050   Data   RO         2349    .constdata          m_wm.l(asin.o)
    0x08028998   0x00000088   Data   RO         2435    .constdata          m_wm.l(pow.o)
    0x08028a20   0x00000140   Data   RO         2449    .constdata          m_wm.l(powf.o)
    0x08028b60   0x00000030   Data   RO         2548    .constdata          m_wm.l(cos_i.o)
    0x08028b90   0x00000008   Data   RO         2584    .constdata          m_wm.l(qnan.o)
    0x08028b98   0x000000c8   Data   RO         2587    .constdata          m_wm.l(rred.o)
    0x08028c60   0x00000020   Data   RO         2591    .constdata          m_wm.l(rredf.o)
    0x08028c80   0x00000028   Data   RO         2594    .constdata          m_wm.l(sin_i.o)
    0x08028ca8   0x00000020   Data   RO         2805    Region$$Table       anon$$obj.o


    Execution Region RW_IRAM1 (Base: 0x20000000, Size: 0x0001e250, Max: 0x00020000, ABSOLUTE, COMPRESSED[0x00000900])

    Base Addr    Size         Type   Attr      Idx    E Section Name        Object

    0x20000000   0x0000a000   Data   RW         1980    .ccm                alt_kf.o
    0x2000a000   0x0000012c   Data   RW            5    .data               ucos_task.o
    0x2000a12c   0x0000000c   Data   RW          377    .data               main.o
    0x2000a138   0x00000018   Data   RW          452    .data               error.o
    0x2000a150   0x00000024   Data   RW          476    .data               rt_nonfinite.o
    0x2000a174   0x00000014   Data   RW          585    .data               system_stm32f4xx.o
    0x2000a188   0x00000004   Data   RW          618    .data               delay.o
    0x2000a18c   0x00000010   Data   RW          721    .data               stm32f4xx_rcc.o
    0x2000a19c   0x0000005c   Data   RW          965    .data               os_core.o
    0x2000a1f8   0x00000006   Data   RW         1168    .data               os_cpu_c.o
    0x2000a1fe   0x00000001   Data   RW         1264    .data               iic_soft.o
    0x2000a1ff   0x00000001   PAD
    0x2000a200   0x00000008   Data   RW         1290    .data               led_fc.o
    0x2000a208   0x00000004   Data   RW         1320    .data               flash.o
    0x2000a20c   0x00000002   Data   RW         1344    .data               flash_w25.o
    0x2000a20e   0x00000002   PAD
    0x2000a210   0x00000014   Data   RW         1375    .data               time.o
    0x2000a224   0x00000008   Data   RW         1426    .data               gps.o
    0x2000a22c   0x00000246   Data   RW         1496    .data               usart_fc.o
    0x2000a472   0x00000006   PAD
    0x2000a478   0x000000ef   Data   RW         1558    .data               lis3mdl.o
    0x2000a567   0x00000001   PAD
    0x2000a568   0x000000de   Data   RW         1589    .data               mpu6050.o
    0x2000a646   0x00000002   PAD
    0x2000a648   0x000000cd   Data   RW         1617    .data               hml_sample.o
    0x2000a715   0x00000003   PAD
    0x2000a718   0x0000007d   Data   RW         1651    .data               ms5611_2.o
    0x2000a795   0x00000003   PAD
    0x2000a798   0x0000008c   Data   RW         1678    .data               ultrasonic.o
    0x2000a824   0x0000000c   Data   RW         1708    .data               laser.o
    0x2000a830   0x00000041   Data   RW         1736    .data               fliter.o
    0x2000a871   0x00000003   PAD
    0x2000a874   0x00000404   Data   RW         1781    .data               my_math.o
    0x2000ac78   0x000000a6   Data   RW         1834    .data               imu.o
    0x2000ad1e   0x00000002   PAD
    0x2000ad20   0x00000079   Data   RW         1875    .data               imu_m.o
    0x2000ad99   0x00000003   PAD
    0x2000ad9c   0x0000001c   Data   RW         1907    .data               nav_ukf.o
    0x2000adb8   0x000000e5   Data   RW         1935    .data               ukf_task.o
    0x2000ae9d   0x00000003   PAD
    0x2000aea0   0x00000286   Data   RW         1982    .data               alt_kf.o
    0x2000b126   0x00000002   PAD
    0x2000b128   0x00000061   Data   RW         2206    .data               flow_oldx.lib(flow.o)
    0x2000b189   0x00000007   PAD
    0x2000b190   0x0000b0ac   Zero   RW            4    .bss                ucos_task.o
    0x2001623c   0x00000518   Zero   RW          376    .bss                main.o
    0x20016754   0x00001288   Zero   RW          963    .bss                os_core.o
    0x200179dc   0x000000c8   Zero   RW         1319    .bss                flash.o
    0x20017aa4   0x00001000   Zero   RW         1343    .bss                flash_w25.o
    0x20018aa4   0x000000f0   Zero   RW         1374    .bss                time.o
    0x20018b94   0x00000004   PAD
    0x20018b98   0x00001d0c   Zero   RW         1495    .bss                usart_fc.o
    0x2001a8a4   0x00000004   PAD
    0x2001a8a8   0x000004e0   Zero   RW         1557    .bss                lis3mdl.o
    0x2001ad88   0x00000564   Zero   RW         1588    .bss                mpu6050.o
    0x2001b2ec   0x00000004   PAD
    0x2001b2f0   0x00000140   Zero   RW         1616    .bss                hml_sample.o
    0x2001b430   0x0000000c   Zero   RW         1650    .bss                ms5611_2.o
    0x2001b43c   0x00000020   Zero   RW         1677    .bss                ultrasonic.o
    0x2001b45c   0x00000078   Zero   RW         1707    .bss                laser.o
    0x2001b4d4   0x00001998   Zero   RW         1735    .bss                fliter.o
    0x2001ce6c   0x00000004   PAD
    0x2001ce70   0x000000c4   Zero   RW         1833    .bss                imu.o
    0x2001cf34   0x00000018   Zero   RW         1874    .bss                imu_m.o
    0x2001cf4c   0x00000004   PAD
    0x2001cf50   0x000005a8   Zero   RW         1906    .bss                nav_ukf.o
    0x2001d4f8   0x000002f0   Zero   RW         1933    .bss                ukf_task.o
    0x2001d7e8   0x000002d0   Zero   RW         1979    .bss                alt_kf.o
    0x2001dab8   0x000000a8   Zero   RW         2114    .bss                cycle_cal_oldx.lib(cycle_cal_oldx.o)
    0x2001db60   0x0000008c   Zero   RW         2205    .bss                flow_oldx.lib(flow.o)
    0x2001dbec   0x00000060   Zero   RW         2612    .bss                c_w.l(libspace.o)
    0x2001dc4c   0x00000004   PAD
    0x2001dc50   0x00000200   Zero   RW          609    HEAP                startup_stm32f40_41xxx.o
    0x2001de50   0x00000400   Zero   RW          608    STACK               startup_stm32f40_41xxx.o


==============================================================================

Image component sizes


      Code (inc. data)   RO Data    RW Data    ZI Data      Debug   Object Name

     13084        794        144      41606        720      40834   alt_kf.o
       264         18          0          4          0       1391   delay.o
       232          4          0          0          0       1436   dma.o
         0          0          0         24          0       2220   error.o
      3876        166          0          4        200       3579   flash.o
      1144         36          0          2       4096       5236   flash_w25.o
      2432        106          0         65       6552       7863   fliter.o
      2308         82          0          8          0       5789   gps.o
      2280        128          0        205        320       7416   hml_sample.o
      1112         20          0          0          0       5260   iic1.o
      1060         14          0          0          0       4771   iic_fc.o
       936         10          0          1          0       4538   iic_soft.o
         0          0          0        166        196       4494   imu.o
      4096        216          0        121         24       6172   imu_m.o
      5124        146         60          0          0       3899   kf_oldx_nav.o
       416         20          0         12        120       1828   laser.o
      1748         94          0          8          0       2268   led_fc.o
      7720        464          0        239       1248      12079   lis3mdl.o
       740        138          0         12       1304      11500   main.o
       224         20          0          0          0       1793   misc.o
      3040        192          0        222       1380      17954   mpu6050.o
      1860        162          0        125         12       6116   ms5611_2.o
      1924        108          0       1028          0       6237   my_math.o
     11632        562          0         28       1448      21753   nav_ukf.o
      2196        218        256         92       4744      15971   os_core.o
       200         32          0          0          0        312   os_cpu_a.o
       488          8          0          6          0      11763   os_cpu_c.o
      2060         42          0          0          0       7200   os_flag.o
       972         16          0          0          0       4302   os_mbox.o
      1512         30          0          0          0       5761   os_q.o
       908         18          0          0          0       4034   os_sem.o
      1988         70          0          0          0       7877   os_task.o
       432         30          0          0          0       1866   os_time.o
      1588         94          0          0          0       5721   os_tmr.o
       256         26          0         36          0       3832   rt_nonfinite.o
       308         22          0          0          0       1930   rtgetinf.o
       200         18          0          0          0       2068   rtgetnan.o
        64         26        392          0       1536        824   startup_stm32f40_41xxx.o
       936         32          0          0          0       6373   stm32f4xx_dma.o
       272         10          0          0          0       2263   stm32f4xx_exti.o
      1684         28          0          0          0       9398   stm32f4xx_flash.o
       660         44          0          0          0       4137   stm32f4xx_gpio.o
        22          0          0          0          0       1023   stm32f4xx_it.o
        64          6          0          0          0       1333   stm32f4xx_iwdg.o
      1628         52          0         16          0      12996   stm32f4xx_rcc.o
      1152         36          0          0          0       6885   stm32f4xx_spi.o
       148         12          0          0          0       1833   stm32f4xx_syscfg.o
      3234         60          0          0          0      22992   stm32f4xx_tim.o
      1108         34          0          0          0       7860   stm32f4xx_usart.o
       528         46          0         20          0       1743   system_stm32f4xx.o
       616         38          0         20        240      30073   time.o
      9532        974          0        300      45228     353964   ucos_task.o
      9308        652        144        229        752       8686   ukf_task.o
      2512        218          0        140         32       5476   ultrasonic.o
     28608       1296          0        582       7436      41721   usart_fc.o
        44          0          0          0          0        694   watch_dog.o

    ----------------------------------------------------------------------
    142484       7688       1038      45352      77608     779337   Object Totals
         0          0         32          0          0          0   (incl. Generated)
         4          0         10         31         20          0   (incl. Padding)

    ----------------------------------------------------------------------

      Code (inc. data)   RO Data    RW Data    ZI Data      Debug   Library Member Name

       256          6          0          0          0      16158   arm_std_f32.o
        90          0          0          0          0          0   __dczerorl2.o
         8          0          0          0          0         68   __main.o
         0          0          0          0          0          0   __rtentry.o
        12          0          0          0          0          0   __rtentry2.o
         6          0          0          0          0          0   __rtentry4.o
        52          8          0          0          0          0   __scatter.o
        28          0          0          0          0          0   __scatter_zi.o
        22          0          0          0          0        100   _rserrno.o
        18          0          0          0          0         80   exit.o
        78          0          0          0          0         80   h1_free.o
         6          0          0          0          0        152   heapauxi.o
         0          0          0          0          0          0   indicate_semi.o
         2          0          0          0          0          0   libinit.o
         6          0          0          0          0          0   libinit2.o
         2          0          0          0          0          0   libshutdown.o
         2          0          0          0          0          0   libshutdown2.o
         8          4          0          0         96         68   libspace.o
        72          0          0          0          0         76   llsdiv.o
       238          0          0          0          0        100   lludivv7m.o
         8          4          0          0          0         68   rt_errno_addr_intlibspace.o
         8          4          0          0          0         68   rt_heap_descriptor_intlibspace.o
        78          0          0          0          0         80   rt_memclr_w.o
       100          0          0          0          0         80   rt_memcpy_w.o
         2          0          0          0          0          0   rtexit.o
        10          0          0          0          0          0   rtexit2.o
        36          0          0          0          0         80   strstr.o
        12          4          0          0          0         68   sys_exit.o
        74          0          0          0          0         80   sys_stackheap_outer.o
         2          0          0          0          0         68   use_no_semi.o
      2584         12          0          0        168     220285   cycle_cal_oldx.o
      2900        124          0         97        140       4570   flow.o
        24          0          0          0          0        164   basic.o
        98          4          0          0          0        140   d2f.o
       826         16          0          0          0        492   daddsub_clz.o
        16          4          0          0          0        116   dcheck1.o
        24          0          0          0          0        116   dcmpi.o
       688        140          0          0          0        256   ddiv.o
       120          4          0          0          0        140   deqf.o
        94          4          0          0          0        140   dfix.o
        84          0          0          0          0        232   dflt_clz.o
       120          4          0          0          0        140   dleqf.o
       340         12          0          0          0        152   dmul.o
       156          4          0          0          0        140   dnaninf.o
        12          0          0          0          0        116   dretinf.o
       108          0          0          0          0        128   drleqf.o
       408         56          0          0          0        168   dsqrt_umaal.o
        86          4          0          0          0        132   f2d.o
        96          0          0          0          0        132   ffltll_clz.o
       140          4          0          0          0        132   fnaninf.o
        10          0          0          0          0        116   fpinit.o
        10          0          0          0          0        116   fretinf.o
       100          0          0          0          0        116   retnan.o
        92          0          0          0          0        116   scalbn.o
        48          0          0          0          0        116   trapv.o
         0          0          0          0          0          0   usenofp.o
       856        118         80          0          0        288   acos.o
       864         94         80          0          0        280   asin.o
       300         42          0          0          0        176   asinf.o
       592         90          0          0          0        184   atan2f.o
       352         56          0          0          0        172   atanf.o
       200         20          0          0          0        164   cos.o
       368         46         48          0          0        200   cos_i.o
       336         56          0          0          0        136   cosf.o
       184         44          0          0          0        744   dunder.o
        44          0          0          0          0        248   fabs.o
       280         28          0          0          0        156   floor.o
        48          0          0          0          0        124   fpclassify.o
        38          0          0          0          0        116   fpclassifyf.o
        80         24          0          0          0        696   funder.o
       248          0          0          0          0        152   poly.o
      3152        296        136          0          0        352   pow.o
      1636        110        320          0          0        372   powf.o
         0          0          8          0          0          0   qnan.o
      1080        142        200          0          0        188   rred.o
       340         24         32          0          0        160   rredf.o
       200         20          0          0          0        164   sin.o
       304         24         40          0          0        208   sin_i.o
       400         56          0          0          0        212   sinf.o
       232          0          0          0          0        296   sqrt.o
        62          0          0          0          0        136   sqrtf.o

    ----------------------------------------------------------------------
     22646       1720        944        100        412     251869   Library Totals
        30          8          0          3          8          0   (incl. Padding)

    ----------------------------------------------------------------------

      Code (inc. data)   RO Data    RW Data    ZI Data      Debug   Library Name

       256          6          0          0          0      16158   arm_cortexM4lf_math.lib
       980         24          0          0         96       1316   c_w.l
      2584         12          0          0        168     220285   cycle_cal_oldx.lib
      2900        124          0         97        140       4570   flow_oldx.lib
      3700        256          0          0          0       3616   fz_wm.l
     12196       1290        944          0          0       5924   m_wm.l

    ----------------------------------------------------------------------
     22646       1720        944        100        412     251869   Library Totals

    ----------------------------------------------------------------------

==============================================================================


      Code (inc. data)   RO Data    RW Data    ZI Data      Debug   

    165130       9408       1982      45452      78020    1011382   Grand Totals
    165130       9408       1982       2304      78020    1011382   ELF Image Totals (compressed)
    165130       9408       1982       2304          0          0   ROM Totals

==============================================================================

    Total RO  Size (Code + RO Data)               167112 ( 163.20kB)
    Total RW  Size (RW Data + ZI Data)            123472 ( 120.58kB)
    Total ROM Size (Code + RO Data + RW Data)     169416 ( 165.45kB)

==============================================================================

