Component: ARM Compiler 5.06 update 2 (build 183) Tool: armlink [4d35b7]

==============================================================================

Section Cross References

    ucos_task.o(.text) refers to time.o(.text) for Get_Cycle_T
    ucos_task.o(.text) refers to f2d.o(x$fpl$f2d) for __aeabi_f2d
    ucos_task.o(.text) refers to dleqf.o(x$fpl$dleqf) for __aeabi_cdcmple
    ucos_task.o(.text) refers to mpu6050.o(.text) for MPU6050_Read
    ucos_task.o(.text) refers to hml_sample.o(.text) for ANO_AK8975_Read
    ucos_task.o(.text) refers to ms5611_2.o(.text) for MS5611_ThreadNew
    ucos_task.o(.text) refers to lis3mdl.o(.text) for LSM6_readAcc
    ucos_task.o(.text) refers to delay.o(.text) for delay_ms
    ucos_task.o(.text) refers to my_math.o(.text) for my_deathzoom_2
    ucos_task.o(.text) refers to imu.o(.text) for IMUupdate
    ucos_task.o(.text) refers to fabs.o(i.__hardfp_fabs) for __hardfp_fabs
    ucos_task.o(.text) refers to drleqf.o(x$fpl$drleqf) for __aeabi_cdrcmple
    ucos_task.o(.text) refers to watch_dog.o(.text) for IWDG_Feed
    ucos_task.o(.text) refers to m100.o(.text) for m100_data
    ucos_task.o(.text) refers to ucos_task.o(.data) for inner_loop_time_time
    ucos_task.o(.text) refers to mpu6050.o(.bss) for mpu6050
    ucos_task.o(.text) refers to usart_fc.o(.bss) for mode
    ucos_task.o(.text) refers to imu.o(.data) for Yaw
    ucos_task.o(.text) refers to ucos_task.o(.bss) for flow_matlab_data
    ucos_task.o(.text) refers to ukf_task.o(.text) for ukf_pos_task_qr
    ucos_task.o(.text) refers to alt_kf.o(.text) for altUkfProcess
    ucos_task.o(.text) refers to laser.o(.text) for Laser_cal
    ucos_task.o(.text) refers to ultrasonic.o(.text) for Ultra_Duty
    ucos_task.o(.text) refers to dflt_clz.o(x$fpl$dfltu) for __aeabi_ui2d
    ucos_task.o(.text) refers to basic.o(x$fpl$basic) for __aeabi_dneg
    ucos_task.o(.text) refers to d2f.o(x$fpl$d2f) for __aeabi_d2f
    ucos_task.o(.text) refers to usart_fc.o(.data) for en_ble_debug
    ucos_task.o(.text) refers to flow.o(.text) for flow_pertreatment_oldx
    ucos_task.o(.text) refers to ddiv.o(x$fpl$ddiv) for __aeabi_ddiv
    ucos_task.o(.text) refers to ultrasonic.o(.data) for ultra_ok
    ucos_task.o(.text) refers to alt_kf.o(.data) for ALT_POS_SONAR3
    ucos_task.o(.text) refers to flow.o(.bss) for flow_per_out
    ucos_task.o(.text) refers to flow.o(.data) for k_flow_devide
    ucos_task.o(.text) refers to imu.o(.bss) for reference_vr
    ucos_task.o(.text) refers to dmul.o(x$fpl$dmul) for __aeabi_dmul
    ucos_task.o(.text) refers to daddsub_clz.o(x$fpl$dadd) for __aeabi_dadd
    ucos_task.o(.text) refers to fliter.o(.text) for Moving_Median
    ucos_task.o(.text) refers to os_core.o(.text) for OSIntEnter
    ucos_task.o(.text) refers to stm32f4xx_tim.o(.text) for TIM_GetITStatus
    ucos_task.o(.text) refers to fliter.o(.bss) for firstOrderFilters
    ucos_task.o(.text) refers to usart_fc.o(.text) for Send_TO_FLOW_PI
    ucos_task.o(.text) refers to stm32f4xx_dma.o(.text) for DMA_GetFlagStatus
    ucos_task.o(.text) refers to stm32f4xx_usart.o(.text) for USART_DMACmd
    ucos_task.o(.text) refers to dma.o(.text) for MYDMA_Enable
    ucos_task.o(.text) refers to dfix.o(x$fpl$dfix) for __aeabi_d2iz
    ucos_task.o(.text) refers to alt_kf.o(.bss) for acc_z_view
    ucos_task.o(.text) refers to ms5611_2.o(.data) for baroAlt
    ucos_task.o(.text) refers to ukf_task.o(.bss) for X_ukf
    ucos_task.o(.text) refers to ukf_task.o(.data) for K_spd_flow
    ucos_task.o(.text) refers to laser.o(.bss) for Laser_avoid
    ucos_task.o(.text) refers to led_fc.o(.text) for LEDRGB_STATE
    ucos_task.o(.text) refers to os_core.o(.data) for OSCPUUsage
    main.o(.text) refers to os_mbox.o(.text) for OSMboxCreate
    main.o(.text) refers to os_q.o(.text) for OSQCreate
    main.o(.text) refers to os_flag.o(.text) for OSFlagCreate
    main.o(.text) refers to os_core.o(.text) for OSStatInit
    main.o(.text) refers to os_tmr.o(.text) for OSTmrCreate
    main.o(.text) refers to os_cpu_a.o(.text) for OS_CPU_SR_Save
    main.o(.text) refers to os_task.o(.text) for OSTaskCreate
    main.o(.text) refers to misc.o(.text) for NVIC_PriorityGroupConfig
    main.o(.text) refers to delay.o(.text) for delay_init
    main.o(.text) refers to time.o(.text) for Initial_Timer_SYS
    main.o(.text) refers to iic_soft.o(.text) for I2c_Soft_Init
    main.o(.text) refers to iic1.o(.text) for IIC_IMU1_Init
    main.o(.text) refers to hml_sample.o(.text) for HMC5883L_SetUp
    main.o(.text) refers to ms5611_2.o(.text) for MS5611_Init
    main.o(.text) refers to mpu6050.o(.text) for MPU6050_Init
    main.o(.text) refers to lis3mdl.o(.text) for LIS3MDL_enableDefault
    main.o(.text) refers to alt_kf.o(.text) for altUkfInit
    main.o(.text) refers to led_fc.o(.text) for LED_Init
    main.o(.text) refers to usart_fc.o(.text) for Usart1_Init
    main.o(.text) refers to dma.o(.text) for MYDMA_Config
    main.o(.text) refers to flash_w25.o(.text) for W25QXX_Init
[...]
    _dneg                                    0x08026c3f   Thumb Code     6  basic.o(x$fpl$basic)
    __aeabi_fneg                             0x08026c45   Thumb Code     0  basic.o(x$fpl$basic)
    _fneg                                    0x08026c45   Thumb Code     6  basic.o(x$fpl$basic)
    _dabs                                    0x08026c4b   Thumb Code     6  basic.o(x$fpl$basic)
    _fabs                                    0x08026c51   Thumb Code     6  basic.o(x$fpl$basic)
    __aeabi_d2f                              0x08026c59   Thumb Code     0  d2f.o(x$fpl$d2f)
    _d2f                                     0x08026c59   Thumb Code    98  d2f.o(x$fpl$d2f)
    __aeabi_dadd                             0x08026cbd   Thumb Code     0  daddsub_clz.o(x$fpl$dadd)
    _dadd                                    0x08026cbd   Thumb Code   332  daddsub_clz.o(x$fpl$dadd)
    __fpl_dcheck_NaN1                        0x08026e0d   Thumb Code    10  dcheck1.o(x$fpl$dcheck1)
    __fpl_dcmp_Inf                           0x08026e1d   Thumb Code    24  dcmpi.o(x$fpl$dcmpinf)
    __aeabi_ddiv                             0x08026e35   Thumb Code     0  ddiv.o(x$fpl$ddiv)
    _ddiv                                    0x08026e35   Thumb Code   552  ddiv.o(x$fpl$ddiv)
    __aeabi_cdcmpeq                          0x080270e5   Thumb Code     0  deqf.o(x$fpl$deqf)
    _dcmpeq                                  0x080270e5   Thumb Code   120  deqf.o(x$fpl$deqf)
    __aeabi_d2iz                             0x0802715d   Thumb Code     0  dfix.o(x$fpl$dfix)
    _dfix                                    0x0802715d   Thumb Code    94  dfix.o(x$fpl$dfix)
    __aeabi_i2d                              0x080271bb   Thumb Code     0  dflt_clz.o(x$fpl$dflt)
    _dflt                                    0x080271bb   Thumb Code    46  dflt_clz.o(x$fpl$dflt)
    __aeabi_ui2d                             0x080271e9   Thumb Code     0  dflt_clz.o(x$fpl$dfltu)
    _dfltu                                   0x080271e9   Thumb Code    38  dflt_clz.o(x$fpl$dfltu)
    __aeabi_cdcmple                          0x08027211   Thumb Code     0  dleqf.o(x$fpl$dleqf)
    _dcmple                                  0x08027211   Thumb Code   120  dleqf.o(x$fpl$dleqf)
    __fpl_dcmple_InfNaN                      0x08027273   Thumb Code     0  dleqf.o(x$fpl$dleqf)
    __aeabi_dmul                             0x08027289   Thumb Code     0  dmul.o(x$fpl$dmul)
    _dmul                                    0x08027289   Thumb Code   332  dmul.o(x$fpl$dmul)
    __fpl_dnaninf                            0x080273dd   Thumb Code   156  dnaninf.o(x$fpl$dnaninf)
    __fpl_dretinf                            0x08027479   Thumb Code    12  dretinf.o(x$fpl$dretinf)
    __aeabi_cdrcmple                         0x08027485   Thumb Code     0  drleqf.o(x$fpl$drleqf)
    _drcmple                                 0x08027485   Thumb Code   108  drleqf.o(x$fpl$drleqf)
    __aeabi_drsub                            0x080274f1   Thumb Code     0  daddsub_clz.o(x$fpl$drsb)
    _drsb                                    0x080274f1   Thumb Code    22  daddsub_clz.o(x$fpl$drsb)
    _dsqrt                                   0x08027509   Thumb Code   404  dsqrt_umaal.o(x$fpl$dsqrt)
    __aeabi_dsub                             0x080276a1   Thumb Code     0  daddsub_clz.o(x$fpl$dsub)
    _dsub                                    0x080276a1   Thumb Code   464  daddsub_clz.o(x$fpl$dsub)
    __aeabi_f2d                              0x08027875   Thumb Code     0  f2d.o(x$fpl$f2d)
    _f2d                                     0x08027875   Thumb Code    86  f2d.o(x$fpl$f2d)
    __aeabi_ul2f                             0x080278cb   Thumb Code     0  ffltll_clz.o(x$fpl$ffltll)
    _ll_uto_f                                0x080278cb   Thumb Code     6  ffltll_clz.o(x$fpl$ffltll)
    __aeabi_l2f                              0x080278d1   Thumb Code     0  ffltll_clz.o(x$fpl$ffltll)
    _ll_sto_f                                0x080278d1   Thumb Code    90  ffltll_clz.o(x$fpl$ffltll)
    __fpl_fnaninf                            0x0802792b   Thumb Code   140  fnaninf.o(x$fpl$fnaninf)
    _fp_init                                 0x080279b7   Thumb Code    10  fpinit.o(x$fpl$fpinit)
    __fplib_config_fpu_vfp                   0x080279bf   Thumb Code     0  fpinit.o(x$fpl$fpinit)
    __fplib_config_pureend_doubles           0x080279bf   Thumb Code     0  fpinit.o(x$fpl$fpinit)
    __fpl_fretinf                            0x080279c1   Thumb Code    10  fretinf.o(x$fpl$fretinf)
    __fpl_return_NaN                         0x080279cb   Thumb Code   100  retnan.o(x$fpl$retnan)
    __ARM_scalbn                             0x08027a2f   Thumb Code    92  scalbn.o(x$fpl$scalbn)
    __fpl_cmpreturn                          0x08027a8b   Thumb Code    48  trapv.o(x$fpl$trapveneer)
    OSUnMapTbl                               0x08027aba   Data         256  os_core.o(.constdata)
    __I$use$fp                               0x08027aba   Number         0  usenofp.o(x$fpl$usenofp)
    __mathlib_zero                           0x08027f20   Data           8  qnan.o(.constdata)
    Region$$Table$$Base                      0x08028018   Number         0  anon$$obj.o(Region$$Table)
    Region$$Table$$Limit                     0x08028038   Number         0  anon$$obj.o(Region$$Table)
    ccmHeap                                  0x20000000   Data       40960  alt_kf.o(.ccm)
    fly_ready                                0x2000a000   Data           1  ucos_task.o(.data)
    inner_loop_time_time                     0x2000a004   Data           4  ucos_task.o(.data)
    inner_loop_time_time_int                 0x2000a008   Data           4  ucos_task.o(.data)
    GOL_LINK_BUSY                            0x2000a00c   Data           2  ucos_task.o(.data)
    YawR                                     0x2000a010   Data           4  ucos_task.o(.data)
    PitchR                                   0x2000a014   Data           4  ucos_task.o(.data)
    RollR                                    0x2000a018   Data           4  ucos_task.o(.data)
    outer_loop_time                          0x2000a01c   Data           4  ucos_task.o(.data)
    ekf_loop_time                            0x2000a020   Data           4  ucos_task.o(.data)
    flag_mag                                 0x2000a024   Data          12  ucos_task.o(.data)
    Kp_ekf                                   0x2000a030   Data           4  ucos_task.o(.data)
    Kp_ekf_pr                                0x2000a034   Data           4  ucos_task.o(.data)
    focal_length_px                          0x2000a038   Data           4  ucos_task.o(.data)
    accumulated_flow_x                       0x2000a03c   Data           4  ucos_task.o(.data)
    accumulated_flow_y                       0x2000a040   Data           4  ucos_task.o(.data)
    accumulated_gyro_x                       0x2000a044   Data           4  ucos_task.o(.data)
    accumulated_gyro_y                       0x2000a048   Data           4  ucos_task.o(.data)
    accumulated_gyro_z                       0x2000a04c   Data           4  ucos_task.o(.data)
    accumulated_framecount                   0x2000a050   Data           2  ucos_task.o(.data)
    accumulated_quality                      0x2000a052   Data           2  ucos_task.o(.data)
    integration_timespan                     0x2000a054   Data           4  ucos_task.o(.data)
    k_flow_acc                               0x2000a058   Data           8  ucos_task.o(.data)
    k_gro_acc                                0x2000a060   Data           4  ucos_task.o(.data)
    flt_gro                                  0x2000a064   Data           4  ucos_task.o(.data)
    k_time_use                               0x2000a068   Data           4  ucos_task.o(.data)
    imu_board_test                           0x2000a06c   Data           1  ucos_task.o(.data)
    MID_CNT_SPD                              0x2000a06d   Data           1  ucos_task.o(.data)
    k_flp                                    0x2000a070   Data           4  ucos_task.o(.data)
    b                                        0x2000a0c8   Data          12  ucos_task.o(.data)
    a                                        0x2000a0d4   Data          12  ucos_task.o(.data)
    baro_matlab_data                         0x2000a0e0   Data           8  ucos_task.o(.data)
    flow_loop_time                           0x2000a0e8   Data           4  ucos_task.o(.data)
    k_flow_1                                 0x2000a0ec   Data           4  ucos_task.o(.data)
    en_imu_debug                             0x2000a0f0   Data           1  ucos_task.o(.data)
    force_imu_debug                          0x2000a0f1   Data           1  ucos_task.o(.data)
    UART_UP_LOAD_SEL                         0x2000a0f2   Data           1  ucos_task.o(.data)
    time_uart                                0x2000a0f4   Data           4  ucos_task.o(.data)
    tmr1                                     0x2000a0f8   Data           4  ucos_task.o(.data)
    tmr2                                     0x2000a0fc   Data           4  ucos_task.o(.data)
    tmr3                                     0x2000a100   Data           4  ucos_task.o(.data)
    cpuusage                                 0x2000a104   Data           2  ucos_task.o(.data)
    msg_key                                  0x2000a138   Data           4  main.o(.data)
    q_msg                                    0x2000a13c   Data           4  main.o(.data)
    flags_key                                0x2000a140   Data           4  main.o(.data)
    ero                                      0x2000a144   Data           4  error.o(.data)
    sys                                      0x2000a148   Data           8  error.o(.data)
    rtInf                                    0x2000a160   Data           8  rt_nonfinite.o(.data)
    rtMinusInf                               0x2000a168   Data           8  rt_nonfinite.o(.data)
    rtNaN                                    0x2000a170   Data           8  rt_nonfinite.o(.data)
    rtInfF                                   0x2000a178   Data           4  rt_nonfinite.o(.data)
    rtMinusInfF                              0x2000a17c   Data           4  rt_nonfinite.o(.data)
    rtNaNF                                   0x2000a180   Data           4  rt_nonfinite.o(.data)
    SystemCoreClock                          0x2000a184   Data           4  system_stm32f4xx.o(.data)
    AHBPrescTable                            0x2000a188   Data          16  system_stm32f4xx.o(.data)
    OSCtxSwCtr                               0x2000a1ac   Data           4  os_core.o(.data)
    OSEventFreeList                          0x2000a1b0   Data           4  os_core.o(.data)
    OSFlagFreeList                           0x2000a1b4   Data           4  os_core.o(.data)
    OSCPUUsage                               0x2000a1b8   Data           1  os_core.o(.data)
    OSIdleCtrMax                             0x2000a1bc   Data           4  os_core.o(.data)
    OSIdleCtrRun                             0x2000a1c0   Data           4  os_core.o(.data)
    OSStatRdy                                0x2000a1c4   Data           1  os_core.o(.data)
    OSIntNesting                             0x2000a1c5   Data           1  os_core.o(.data)
    OSLockNesting                            0x2000a1c6   Data           1  os_core.o(.data)
    OSPrioCur                                0x2000a1c7   Data           1  os_core.o(.data)
    OSPrioHighRdy                            0x2000a1c8   Data           1  os_core.o(.data)
    OSRdyGrp                                 0x2000a1c9   Data           1  os_core.o(.data)
    OSRdyTbl                                 0x2000a1ca   Data           8  os_core.o(.data)
    OSRunning                                0x2000a1d2   Data           1  os_core.o(.data)
    OSTaskCtr                                0x2000a1d3   Data           1  os_core.o(.data)
    OSIdleCtr                                0x2000a1d4   Data           4  os_core.o(.data)
    OSTCBCur                                 0x2000a1d8   Data           4  os_core.o(.data)
    OSTCBFreeList                            0x2000a1dc   Data           4  os_core.o(.data)
    OSTCBHighRdy                             0x2000a1e0   Data           4  os_core.o(.data)
    OSTCBList                                0x2000a1e4   Data           4  os_core.o(.data)
    OSTickStepState                          0x2000a1e8   Data           1  os_core.o(.data)
    OSQFreeList                              0x2000a1ec   Data           4  os_core.o(.data)
    OSTime                                   0x2000a1f0   Data           4  os_core.o(.data)
    OSTmrFree                                0x2000a1f4   Data           2  os_core.o(.data)
    OSTmrUsed                                0x2000a1f6   Data           2  os_core.o(.data)
    OSTmrTime                                0x2000a1f8   Data           4  os_core.o(.data)
    OSTmrSem                                 0x2000a1fc   Data           4  os_core.o(.data)
    OSTmrSemSignal                           0x2000a200   Data           4  os_core.o(.data)
    OSTmrFreeList                            0x2000a204   Data           4  os_core.o(.data)
    OSInterrputSum                           0x2000a208   Data           4  os_cpu_c.o(.data)
    sum                                      0x2000a20e   Data           2  iic_sonar.o(.data)
    I2C_FastMode                             0x2000a210   Data           1  iic_soft.o(.data)
    FLASH_SIZE                               0x2000a21c   Data           4  flash.o(.data)
    W25QXX_TYPE                              0x2000a220   Data           2  flash_w25.o(.data)
    sysTickUptime                            0x2000a224   Data           4  time.o(.data)
    time_1h                                  0x2000a228   Data           4  time.o(.data)
    time_1m                                  0x2000a22c   Data           4  time.o(.data)
    time_1s                                  0x2000a230   Data           4  time.o(.data)
    time_1ms                                 0x2000a234   Data           4  time.o(.data)
    GPS_SEL1                                 0x2000a238   Data           1  gps.o(.data)
    gps_dt                                   0x2000a23c   Data           4  gps.o(.data)
    dt_flow_rx                               0x2000a240   Data           4  usart_fc.o(.data)
    data_rate_gol_link                       0x2000a244   Data           2  usart_fc.o(.data)
    LOCK                                     0x2000a246   Data           1  usart_fc.o(.data)
    KEY                                      0x2000a247   Data           8  usart_fc.o(.data)
    KEY_SEL                                  0x2000a24f   Data           4  usart_fc.o(.data)
    NAV_BOARD_CONNECT                        0x2000a253   Data           1  usart_fc.o(.data)
    force_fly_ready                          0x2000a254   Data           1  usart_fc.o(.data)
    k_flow_opencv                            0x2000a258   Data           4  usart_fc.o(.data)
    sonar_fc                                 0x2000a25c   Data           4  usart_fc.o(.data)
    baroAlt_fc                               0x2000a260   Data           4  usart_fc.o(.data)
    fc_rx_time                               0x2000a264   Data           4  usart_fc.o(.data)
    flow_module_set_yaw                      0x2000a268   Data           4  usart_fc.o(.data)
    acc_3d_step                              0x2000a26c   Data           1  usart_fc.o(.data)
    TxCounter                                0x2000a26d   Data           1  usart_fc.o(.data)
    count                                    0x2000a26e   Data           1  usart_fc.o(.data)
    RxState                                  0x2000a26f   Data           1  usart_fc.o(.data)
    RxBufferNum                              0x2000a270   Data           1  usart_fc.o(.data)
    RxBufferCnt                              0x2000a271   Data           1  usart_fc.o(.data)
    RxLen                                    0x2000a272   Data           1  usart_fc.o(.data)
    com_data                                 0x2000a273   Data           1  usart_fc.o(.data)
    nrf_uart_cnt                             0x2000a276   Data           2  usart_fc.o(.data)
    Tx5Counter                               0x2000a278   Data           1  usart_fc.o(.data)
    count5                                   0x2000a279   Data           1  usart_fc.o(.data)
    dlf_odroid                               0x2000a27c   Data           4  usart_fc.o(.data)
    TxCounter_u1                             0x2000a280   Data           1  usart_fc.o(.data)
    count_u1                                 0x2000a281   Data           1  usart_fc.o(.data)
    RxState_u1                               0x2000a282   Data           1  usart_fc.o(.data)
    RxBufferNum_u1                           0x2000a283   Data           1  usart_fc.o(.data)
    RxBufferCnt_u1                           0x2000a284   Data           1  usart_fc.o(.data)
    RxLen_u1                                 0x2000a285   Data           1  usart_fc.o(.data)
    USART3_RX_STA                            0x2000a288   Data           2  usart_fc.o(.data)
    buf_GPRMC                                0x2000a28a   Data         100  usart_fc.o(.data)
    buf_GPRMCt                               0x2000a2ee   Data         100  usart_fc.o(.data)
    buf_GPGGA                                0x2000a352   Data         100  usart_fc.o(.data)
    buf_GPGGAt                               0x2000a3b6   Data         100  usart_fc.o(.data)
    gps_good                                 0x2000a41a   Data           1  usart_fc.o(.data)
    gps_loss_cnt                             0x2000a41c   Data           2  usart_fc.o(.data)
    RxState11                                0x2000a41e   Data           1  usart_fc.o(.data)
    RxBufferNum11                            0x2000a41f   Data           1  usart_fc.o(.data)
    RxBufferCnt11                            0x2000a420   Data           1  usart_fc.o(.data)
    RxLen11                                  0x2000a421   Data           1  usart_fc.o(.data)
    _data_cnt11                              0x2000a422   Data           2  usart_fc.o(.data)
    _data_len11                              0x2000a424   Data           2  usart_fc.o(.data)
    RxBuffer4_test_cnt                       0x2000a426   Data           1  usart_fc.o(.data)
    RxState4                                 0x2000a427   Data           1  usart_fc.o(.data)
    RxBufferNum4                             0x2000a428   Data           1  usart_fc.o(.data)
    RxBufferCnt4                             0x2000a429   Data           1  usart_fc.o(.data)
    RxLen4                                   0x2000a42a   Data           1  usart_fc.o(.data)
    rate_gps_board                           0x2000a430   Data           4  usart_fc.o(.data)
    RxState3                                 0x2000a434   Data           1  usart_fc.o(.data)
    RxBufferNum3                             0x2000a435   Data           1  usart_fc.o(.data)
    RxBufferCnt3                             0x2000a436   Data           1  usart_fc.o(.data)
    RxLen3                                   0x2000a437   Data           1  usart_fc.o(.data)
    Angle_Yun                                0x2000a43c   Data           8  usart_fc.o(.data)
    en_ble_debug                             0x2000a444   Data           1  usart_fc.o(.data)
    m100_x_g                                 0x2000a47c   Data           4  m100.o(.data)
    m100_y_g                                 0x2000a480   Data           4  m100.o(.data)
    m100_z_g                                 0x2000a484   Data           4  m100.o(.data)
    m100_yaw_g                               0x2000a488   Data           4  m100.o(.data)
    IMU1_Fast                                0x2000a490   Data           1  lis3mdl.o(.data)
    id                                       0x2000a491   Data           3  lis3mdl.o(.data)
    sum_temp_att                             0x2000a494   Data           8  lis3mdl.o(.data)
    acc_sum_cnt                              0x2000a49c   Data           2  lis3mdl.o(.data)
    acc_sum_cnt_3d                           0x2000a49e   Data           2  lis3mdl.o(.data)
    acc_smple_cnt_3d                         0x2000a4a0   Data           2  lis3mdl.o(.data)
    gyro_sum_cnt                             0x2000a4a2   Data           2  lis3mdl.o(.data)
    mpu6050_ok                               0x2000a580   Data           1  mpu6050.o(.data)
    test_ang                                 0x2000a62c   Data           4  mpu6050.o(.data)
    test_ang_old                             0x2000a630   Data           4  mpu6050.o(.data)
    test_ang_d                               0x2000a634   Data           4  mpu6050.o(.data)
    test_fli_a                               0x2000a638   Data           4  mpu6050.o(.data)
    test_i                                   0x2000a63c   Data           4  mpu6050.o(.data)
    acc_max                                  0x2000a640   Data          12  mpu6050.o(.data)
    acc_min                                  0x2000a64c   Data          12  mpu6050.o(.data)
    EN_TUO_ACC_FIX                           0x2000a658   Data           1  mpu6050.o(.data)
    ak8975                                   0x2000a660   Data          48  hml_sample.o(.data)
    ak8975_ok                                0x2000a6e0   Data           1  hml_sample.o(.data)
    Mag_CALIBRATED                           0x2000a6e1   Data           1  hml_sample.o(.data)
    Mag_CALIBRATED_R                         0x2000a6e2   Data           1  hml_sample.o(.data)
    HMC5883_lastx                            0x2000a6e4   Data           4  hml_sample.o(.data)
    HMC5883_lasty                            0x2000a6e8   Data           4  hml_sample.o(.data)
    HMC5883_lastz                            0x2000a6ec   Data           4  hml_sample.o(.data)
    HMC5883_maxx                             0x2000a6f0   Data           2  hml_sample.o(.data)
    HMC5883_maxy                             0x2000a6f2   Data           2  hml_sample.o(.data)
    HMC5883_maxz                             0x2000a6f4   Data           2  hml_sample.o(.data)
    HMC5883_minx                             0x2000a6f6   Data           2  hml_sample.o(.data)
    HMC5883_miny                             0x2000a6f8   Data           2  hml_sample.o(.data)
    HMC5883_minz                             0x2000a6fa   Data           2  hml_sample.o(.data)
    paOffsetNum                              0x2000a748   Data           8  ms5611_2.o(.data)
    paInitCnt                                0x2000a750   Data           2  ms5611_2.o(.data)
    paOffsetInited                           0x2000a752   Data           1  ms5611_2.o(.data)
    Baro_ALT_Updated                         0x2000a753   Data           1  ms5611_2.o(.data)
    MS5611_Temperature                       0x2000a754   Data           4  ms5611_2.o(.data)
    MS5611_Pressure                          0x2000a758   Data           4  ms5611_2.o(.data)
    MS5611_Altitude                          0x2000a75c   Data           4  ms5611_2.o(.data)
    MS5611_VerticalSpeed                     0x2000a760   Data           4  ms5611_2.o(.data)
    MS5611_Delay_us                          0x2000a764   Data          36  ms5611_2.o(.data)
    for_fly_ready                            0x2000a796   Data           1  ms5611_2.o(.data)
    baroAlt                                  0x2000a798   Data           4  ms5611_2.o(.data)
    baro_set                                 0x2000a79c   Data           1  ms5611_2.o(.data)
    T_sonar                                  0x2000a7b0   Data           4  ultrasonic.o(.data)
    ultra_start_f                            0x2000a7b4   Data           1  ultrasonic.o(.data)
    ultra_time                               0x2000a7b5   Data           1  ultrasonic.o(.data)
    ultra_ok                                 0x2000a7b6   Data           1  ultrasonic.o(.data)
    x_pred                                   0x2000a7b8   Data           8  ultrasonic.o(.data)
    v_pred                                   0x2000a7c0   Data           8  ultrasonic.o(.data)
    x_post                                   0x2000a7c8   Data           8  ultrasonic.o(.data)
    v_post                                   0x2000a7d0   Data           8  ultrasonic.o(.data)
    sonar_raw                                0x2000a7d8   Data           4  ultrasonic.o(.data)
    scale_kal_sonar_v                        0x2000a7dc   Data           4  ultrasonic.o(.data)
    x_pred_bmp                               0x2000a7e0   Data           8  ultrasonic.o(.data)
    v_pred_bmp                               0x2000a7e8   Data           8  ultrasonic.o(.data)
    x_post_bmp                               0x2000a7f0   Data           8  ultrasonic.o(.data)
    v_post_bmp                               0x2000a7f8   Data           8  ultrasonic.o(.data)
    state_dj                                 0x2000a800   Data           5  ultrasonic.o(.data)
    state_dj_rx                              0x2000a805   Data           5  ultrasonic.o(.data)
    IO_STATE                                 0x2000a80a   Data           5  ultrasonic.o(.data)
    IO_STATER                                0x2000a80f   Data           5  ultrasonic.o(.data)
    TEMP_SONAR                               0x2000a814   Data           4  ultrasonic.o(.data)
    cnt_sample1                              0x2000a818   Data           4  ultrasonic.o(.data)
    ultra_distance                           0x2000a81c   Data           4  ultrasonic.o(.data)
    ultra_distance_r                         0x2000a820   Data           4  ultrasonic.o(.data)
    ultra_delta                              0x2000a824   Data           4  ultrasonic.o(.data)
    flt_laser                                0x2000a840   Data           4  laser.o(.data)
    rate_use                                 0x2000a844   Data           8  laser.o(.data)
    ACC_HIGHPASS_TAU                         0x2000a84c   Data           4  fliter.o(.data)
    ACC_LOWPASS_TAU                          0x2000a850   Data           4  fliter.o(.data)
    ACC_LOWPASS_SAMPLE_TIME                  0x2000a854   Data           4  fliter.o(.data)
    ACC_LOWPASS_A                            0x2000a858   Data           4  fliter.o(.data)
    ACC_LOWPASS_GX1                          0x2000a85c   Data           4  fliter.o(.data)
    ACC_LOWPASS_GX2                          0x2000a860   Data           4  fliter.o(.data)
    ACC_LOWPASS_GX3                          0x2000a864   Data           4  fliter.o(.data)
    HML_LOWPASS_TAU                          0x2000a868   Data           4  fliter.o(.data)
    HML_LOWPASS_SAMPLE_TIME                  0x2000a86c   Data           4  fliter.o(.data)
    HML_LOWPASS_A                            0x2000a870   Data           4  fliter.o(.data)
    HML_LOWPASS_GX1                          0x2000a874   Data           4  fliter.o(.data)
    HML_LOWPASS_GX2                          0x2000a878   Data           4  fliter.o(.data)
    HML_LOWPASS_GX3                          0x2000a87c   Data           4  fliter.o(.data)
    fast_atan_table                          0x2000a890   Data        1028  my_math.o(.data)
    Kp                                       0x2000ac98   Data           4  imu.o(.data)
    Ki                                       0x2000ac9c   Data           4  imu.o(.data)
    Roll                                     0x2000aca0   Data           4  imu.o(.data)
    Pitch                                    0x2000aca4   Data           4  imu.o(.data)
    Yaw                                      0x2000aca8   Data           4  imu.o(.data)
    Roll_mid_down                            0x2000acac   Data           4  imu.o(.data)
    Pitch_mid_down                           0x2000acb0   Data           4  imu.o(.data)
    Yaw_mid_down                             0x2000acb4   Data           4  imu.o(.data)
    ref_q                                    0x2000acb8   Data          16  imu.o(.data)
    norm_acc                                 0x2000acc8   Data           4  imu.o(.data)
    norm_q                                   0x2000accc   Data           4  imu.o(.data)
    norm_acc_lpf                             0x2000acd0   Data           4  imu.o(.data)
    test_flag                                0x2000acd4   Data          12  imu.o(.data)
    mag_norm                                 0x2000ace0   Data           4  imu.o(.data)
    mag_norm_xyz                             0x2000ace4   Data           4  imu.o(.data)
    gh_yaw                                   0x2000ace8   Data           4  imu.o(.data)
    ga_yaw                                   0x2000acec   Data           4  imu.o(.data)
    gw_yaw                                   0x2000acf0   Data           4  imu.o(.data)
    yaw_kf                                   0x2000acf4   Data           4  imu.o(.data)
    P_kf_yaw                                 0x2000acf8   Data          32  imu.o(.data)
    k_kf_z                                   0x2000ad18   Data           4  imu.o(.data)
    yaw_cross                                0x2000ad1c   Data           1  imu.o(.data)
    yaw_qr_off                               0x2000ad20   Data           4  imu.o(.data)
    dis_angle_lock                           0x2000ad24   Data           1  imu.o(.data)
    yaw_cal_by_qr                            0x2000ad25   Data           1  imu.o(.data)
    yaw_qr_off_local                         0x2000ad28   Data           4  imu.o(.data)
    ref_q_imd_down                           0x2000ad3c   Data          16  imu_m.o(.data)
    beta                                     0x2000ad4c   Data           4  imu_m.o(.data)
    q0_m                                     0x2000ad50   Data           4  imu_m.o(.data)
    q1_m                                     0x2000ad54   Data           4  imu_m.o(.data)
    q2_m                                     0x2000ad58   Data           4  imu_m.o(.data)
    q3_m                                     0x2000ad5c   Data           4  imu_m.o(.data)
    q0                                       0x2000ad60   Data           4  imu_m.o(.data)
    q1                                       0x2000ad64   Data           4  imu_m.o(.data)
    q2                                       0x2000ad68   Data           4  imu_m.o(.data)
    q3                                       0x2000ad6c   Data           4  imu_m.o(.data)
    q0_fc                                    0x2000ad70   Data           4  imu_m.o(.data)
    q1_fc                                    0x2000ad74   Data           4  imu_m.o(.data)
    q2_fc                                    0x2000ad78   Data           4  imu_m.o(.data)
    q3_fc                                    0x2000ad7c   Data           4  imu_m.o(.data)
    init_q                                   0x2000ad80   Data           1  imu_m.o(.data)
    twoKp                                    0x2000ad84   Data           4  imu_m.o(.data)
    twoKi                                    0x2000ad88   Data           4  imu_m.o(.data)
    twoKp_s                                  0x2000ad8c   Data           4  imu_m.o(.data)
    integralFBx                              0x2000ad90   Data           4  imu_m.o(.data)
    integralFBy                              0x2000ad94   Data           4  imu_m.o(.data)
    integralFBz                              0x2000ad98   Data           4  imu_m.o(.data)
    ekf_hml_flag                             0x2000ada0   Data          12  ukf_task.o(.data)
    q_flow                                   0x2000adac   Data          12  ukf_task.o(.data)
    r_flow                                   0x2000adb8   Data          12  ukf_task.o(.data)
    flow_gain                                0x2000adc4   Data           4  ukf_task.o(.data)
    acc_flag_flow                            0x2000adc8   Data           8  ukf_task.o(.data)
    X_ukf_Pos                                0x2000add0   Data           8  ukf_task.o(.data)
    r1                                       0x2000add8   Data           4  ukf_task.o(.data)
    r2                                       0x2000addc   Data           4  ukf_task.o(.data)
    posNorth                                 0x2000ade0   Data           4  ukf_task.o(.data)
    posEast                                  0x2000ade4   Data           4  ukf_task.o(.data)
    local_Lat                                0x2000ade8   Data           4  ukf_task.o(.data)
    local_Lon                                0x2000adec   Data           4  ukf_task.o(.data)
    velEast                                  0x2000adf0   Data           4  ukf_task.o(.data)
    velNorth                                 0x2000adf4   Data           4  ukf_task.o(.data)
    GPS_J_F                                  0x2000adf8   Data           4  ukf_task.o(.data)
    GPS_W_F                                  0x2000adfc   Data           4  ukf_task.o(.data)
    kf_data_sel                              0x2000ae00   Data           1  ukf_task.o(.data)
    ga_nav                                   0x2000ae04   Data           4  ukf_task.o(.data)
    gwa_nav                                  0x2000ae08   Data           4  ukf_task.o(.data)
    g_pos_flow                               0x2000ae0c   Data           4  ukf_task.o(.data)
    g_spd_flow                               0x2000ae10   Data           4  ukf_task.o(.data)
    K_pos_qr                                 0x2000ae14   Data           4  ukf_task.o(.data)
    K_spd_flow                               0x2000ae18   Data           4  ukf_task.o(.data)
    K_acc_gps                                0x2000ae1c   Data           4  ukf_task.o(.data)
    K_pos_gps                                0x2000ae20   Data           4  ukf_task.o(.data)
    K_spd_gps                                0x2000ae24   Data           4  ukf_task.o(.data)
    g_pos_gps                                0x2000ae28   Data           4  ukf_task.o(.data)
    g_spd_gps                                0x2000ae2c   Data           4  ukf_task.o(.data)
    velNorth_gps                             0x2000ae30   Data           4  ukf_task.o(.data)
    velEast_gps                              0x2000ae34   Data           4  ukf_task.o(.data)
    flag_kf1                                 0x2000ae38   Data           8  ukf_task.o(.data)
    force_test                               0x2000ae40   Data           1  ukf_task.o(.data)
    Posx                                     0x2000ae44   Data           4  ukf_task.o(.data)
    Posy                                     0x2000ae48   Data           4  ukf_task.o(.data)
    gps_data_vaild                           0x2000ae4c   Data           1  ukf_task.o(.data)
    r_gps_new                                0x2000ae50   Data          16  ukf_task.o(.data)
    altUkfData                               0x2000ae98   Data           8  alt_kf.o(.data)
    altUkfData_sonar                         0x2000aea0   Data           8  alt_kf.o(.data)
    altUkfData_bmp                           0x2000aea8   Data           8  alt_kf.o(.data)
    flowUkfData_x                            0x2000aeb0   Data           8  alt_kf.o(.data)
    flowUkfData_y                            0x2000aeb8   Data           8  alt_kf.o(.data)
    gpsUkfData_e                             0x2000aec0   Data           8  alt_kf.o(.data)
    gpsUkfData_n                             0x2000aec8   Data           8  alt_kf.o(.data)
    heapUsed                                 0x2000aed0   Data           4  alt_kf.o(.data)
    heapHighWater                            0x2000aed4   Data           4  alt_kf.o(.data)
    dataSramUsed                             0x2000aed8   Data           4  alt_kf.o(.data)
    FLOW_NOISE                               0x2000aedc   Data           4  alt_kf.o(.data)
    flow_pos                                 0x2000aee0   Data           8  alt_kf.o(.data)
    measure_num                              0x2000aee8   Data           1  alt_kf.o(.data)
    k_acc                                    0x2000aef0   Data           4  alt_kf.o(.data)
    sonar_av_cnt                             0x2000aef4   Data           2  alt_kf.o(.data)
    sonar_f_set                              0x2000aef8   Data          24  alt_kf.o(.data)
    ALT_PRES_NOISE                           0x2000af10   Data           4  alt_kf.o(.data)
    ALT_PRES_NOISE_SONAR                     0x2000af14   Data           4  alt_kf.o(.data)
    ALT_POS_SONAR2                           0x2000af18   Data           4  alt_kf.o(.data)
    ALT_POS_SONAR3                           0x2000af1c   Data           4  alt_kf.o(.data)
    sonar_h_cnt                              0x2000af20   Data           4  alt_kf.o(.data)
    sonar_temp                               0x2000af24   Data           4  alt_kf.o(.data)
    K_SONAR                                  0x2000af28   Data           4  alt_kf.o(.data)
    test_1                                   0x2000af2c   Data           2  alt_kf.o(.data)
    en_1                                     0x2000af2e   Data           1  alt_kf.o(.data)
    NOISE                                    0x2000af30   Data          12  alt_kf.o(.data)
    X_apo_height1                            0x2000af3c   Data           8  alt_kf.o(.data)
    P_apo_k_height1                          0x2000af44   Data          16  alt_kf.o(.data)
    r_baro1                                  0x2000af54   Data           4  alt_kf.o(.data)
    r_acc1                                   0x2000af58   Data           4  alt_kf.o(.data)
    k_spd                                    0x2000af5c   Data           4  alt_kf.o(.data)
    gh                                       0x2000af60   Data           4  alt_kf.o(.data)
    gh_sonar                                 0x2000af64   Data           4  alt_kf.o(.data)
    ga                                       0x2000af68   Data           4  alt_kf.o(.data)
    gwa                                      0x2000af6c   Data           4  alt_kf.o(.data)
    P_kf_baro                                0x2000af70   Data          72  alt_kf.o(.data)
    P_kf_sonar                               0x2000afb8   Data          72  alt_kf.o(.data)
    X_apo_height                             0x2000b000   Data           8  alt_kf.o(.data)
    P_apo_k_height                           0x2000b008   Data          16  alt_kf.o(.data)
    k_bais                                   0x2000b018   Data           4  alt_kf.o(.data)
    k_bais2                                  0x2000b01c   Data           4  alt_kf.o(.data)
    r_baro                                   0x2000b020   Data           4  alt_kf.o(.data)
    r_acc                                    0x2000b024   Data           4  alt_kf.o(.data)
    gro_z_dead                               0x2000b028   Data           4  alt_kf.o(.data)
    dead_accz                                0x2000b02c   Data           4  alt_kf.o(.data)
    acc_off_baro                             0x2000b030   Data           4  alt_kf.o(.data)
    k_hcc                                    0x2000b034   Data           4  alt_kf.o(.data)
    k_hcc_fix                                0x2000b038   Data           4  alt_kf.o(.data)
    hc_acc_i_bmp                             0x2000b03c   Data           4  alt_kf.o(.data)
    accz                                     0x2000b040   Data           4  alt_kf.o(.data)
    accz_bmp                                 0x2000b044   Data           4  alt_kf.o(.data)
    acc_scale_bmp                            0x2000b048   Data           4  alt_kf.o(.data)
    acc_mask                                 0x2000b04c   Data           1  alt_kf.o(.data)
    acc_mask_cnt_max                         0x2000b04e   Data           2  alt_kf.o(.data)
    baro_ukf_dt                              0x2000b050   Data           4  alt_kf.o(.data)
    baro_ekf_dt                              0x2000b054   Data           4  alt_kf.o(.data)
    k_flt_accz                               0x2000b058   Data           4  alt_kf.o(.data)
    acc_est                                  0x2000b05c   Data           4  alt_kf.o(.data)
    acc_est_imu                              0x2000b060   Data           4  alt_kf.o(.data)
    baro_ekf_ero                             0x2000b064   Data           1  alt_kf.o(.data)
    ALT_VEL_BMP_UNION                        0x2000b068   Data           4  alt_kf.o(.data)
    ALT_POS_BMP_UNION                        0x2000b06c   Data           4  alt_kf.o(.data)
    baroAlt_sel                              0x2000b070   Data           1  alt_kf.o(.data)
    r_baro_new                               0x2000b074   Data          16  alt_kf.o(.data)
    g_baro_h                                 0x2000b084   Data           4  alt_kf.o(.data)
    g_baro_spd                               0x2000b088   Data           4  alt_kf.o(.data)
    acc_flag                                 0x2000b08c   Data           8  alt_kf.o(.data)
    k_acc_ukf                                0x2000b094   Data           4  alt_kf.o(.data)
    MAX_ACC_NEO                              0x2000b098   Data           4  alt_kf.o(.data)
    flow_dt                                  0x2000b09c   Data           4  alt_kf.o(.data)
    GPS_NOISE                                0x2000b0a0   Data           4  alt_kf.o(.data)
    k_acc_fpl_gps                            0x2000b0a4   Data           4  alt_kf.o(.data)
    q_pos                                    0x2000b0a8   Data           4  alt_kf.o(.data)
    v_q                                      0x2000b0ac   Data           4  alt_kf.o(.data)
    v_bais                                   0x2000b0b0   Data           4  alt_kf.o(.data)
    s_bais                                   0x2000b0b4   Data           4  alt_kf.o(.data)
    ALT_STATE_POS1                           0x2000b0b8   Data           4  alt_kf.o(.data)
    ALT_STATE_VEL1                           0x2000b0bc   Data           4  alt_kf.o(.data)
    ALT_STATE_BIAS1                          0x2000b0c0   Data           4  alt_kf.o(.data)
    ALT_NOISE_BIAS1                          0x2000b0c4   Data           4  alt_kf.o(.data)
    ALT_NOISE_VEL1                           0x2000b0c8   Data           4  alt_kf.o(.data)
    ALT_STATE_POS_GPS                        0x2000b0cc   Data           4  alt_kf.o(.data)
    ALT_STATE_VEL_GPS                        0x2000b0d0   Data           4  alt_kf.o(.data)
    ALT_STATE_BIAS_GPS                       0x2000b0d4   Data           4  alt_kf.o(.data)
    ALT_NOISE_BIAS_GPS                       0x2000b0d8   Data           4  alt_kf.o(.data)
    ALT_NOISE_VEL_GPS                        0x2000b0dc   Data           4  alt_kf.o(.data)
    k_flow_devide                            0x2000b120   Data           4  flow.o(.data)
    flow_module_offset_y                     0x2000b124   Data           4  flow.o(.data)
    flow_module_offset_x                     0x2000b128   Data           4  flow.o(.data)
    INNER_TASK_STK                           0x2000b180   Data        1024  ucos_task.o(.bss)
    OUTER_TASK_STK                           0x2000b580   Data        1536  ucos_task.o(.bss)
    EKF_TASK_STK                             0x2000bb80   Data       32768  ucos_task.o(.bss)
    fRealGyro                                0x20013b80   Data          12  ucos_task.o(.bss)
    fRealAccel                               0x20013b8c   Data          12  ucos_task.o(.bss)
    fRealMag                                 0x20013b98   Data          12  ucos_task.o(.bss)
    fRealQ                                   0x20013ba4   Data          16  ucos_task.o(.bss)
    lQuat                                    0x20013bb4   Data          16  ucos_task.o(.bss)
    fRPY                                     0x20013bc4   Data          12  ucos_task.o(.bss)
    fQ                                       0x20013bd0   Data          16  ucos_task.o(.bss)
    reference_v_ekf                          0x20013be0   Data          12  ucos_task.o(.bss)
    BARO_TASK_STK                            0x20013bec   Data        3072  ucos_task.o(.bss)
    SONAR_TASK_STK                           0x200147ec   Data         512  ucos_task.o(.bss)
    FLOW_TASK_STK                            0x200149ec   Data        2048  ucos_task.o(.bss)
    xBuf1                                    0x200152e0   Data          12  ucos_task.o(.bss)
    yBuf1                                    0x200152ec   Data          12  ucos_task.o(.bss)
    xBuf2                                    0x200152f8   Data          12  ucos_task.o(.bss)
    yBuf2                                    0x20015304   Data          12  ucos_task.o(.bss)
    xBuf3                                    0x20015310   Data          12  ucos_task.o(.bss)
    yBuf3                                    0x2001531c   Data          12  ucos_task.o(.bss)
    acc_neo                                  0x20015328   Data          12  ucos_task.o(.bss)
    flow_ground_temp                         0x20015334   Data          16  ucos_task.o(.bss)
    flow_matlab_data                         0x20015344   Data          16  ucos_task.o(.bss)
    UART_TASK_STK                            0x20015354   Data         512  ucos_task.o(.bss)
    ERROR_TASK_STK                           0x20015554   Data         256  ucos_task.o(.bss)
    START_TASK_STK                           0x2001569c   Data         256  main.o(.bss)
    MsgGrp                                   0x2001579c   Data        1024  main.o(.bss)
    mcuID                                    0x20015b9c   Data          12  main.o(.bss)
    OSEventTbl                               0x20015ba8   Data         200  os_core.o(.bss)
    OSFlagTbl                                0x20015c70   Data          80  os_core.o(.bss)
    OSTaskStatStk                            0x20015cc0   Data         512  os_core.o(.bss)
    OSTaskIdleStk                            0x20015ec0   Data         512  os_core.o(.bss)
    OSTCBPrioTbl                             0x200160c0   Data         256  os_core.o(.bss)
    OSTCBTbl                                 0x200161c0   Data        1848  os_core.o(.bss)
    OSQTbl                                   0x200168f8   Data         120  os_core.o(.bss)
    OSTmrTbl                                 0x20016970   Data         640  os_core.o(.bss)
    OSTmrTaskStk                             0x20016bf0   Data         512  os_core.o(.bss)
    OSTmrWheelTbl                            0x20016df0   Data          64  os_core.o(.bss)
    FLASH_READ_BUF                           0x20016e30   Data         100  flash.o(.bss)
    FLASH_Buffer                             0x20016e94   Data         100  flash.o(.bss)
    W25QXX_BUFFER                            0x20016ef8   Data        4096  flash_w25.o(.bss)
    Cycle_T                                  0x20017ef8   Data         240  time.o(.bss)
    qr                                       0x20017fe8   Data          48  usart_fc.o(.bss)
    color                                    0x20018018   Data          20  usart_fc.o(.bss)
    HPID                                     0x2001802c   Data          18  usart_fc.o(.bss)
    SPID                                     0x2001803e   Data          18  usart_fc.o(.bss)
    FIX_PID                                  0x20018050   Data          18  usart_fc.o(.bss)
    NAV_PID                                  0x20018062   Data          18  usart_fc.o(.bss)
    pid                                      0x20018074   Data         224  usart_fc.o(.bss)
    Rc_Get                                   0x20018154   Data          20  usart_fc.o(.bss)
    plane                                    0x20018168   Data         116  usart_fc.o(.bss)
    slam                                     0x200181dc   Data          20  usart_fc.o(.bss)
    imu_nav                                  0x200181f0   Data         104  usart_fc.o(.bss)
    mode                                     0x20018258   Data          53  usart_fc.o(.bss)
    flow_debug                               0x20018290   Data          40  usart_fc.o(.bss)
    par                                      0x200182b8   Data          48  usart_fc.o(.bss)
    TxBuffer                                 0x200182e8   Data         256  usart_fc.o(.bss)
    Rx_Buf                                   0x200183e8   Data         256  usart_fc.o(.bss)
    RxBuffer                                 0x200184e8   Data          50  usart_fc.o(.bss)
    Tx5Buffer                                0x2001851a   Data         256  usart_fc.o(.bss)
    TxBuffer_u1                              0x2001861a   Data         256  usart_fc.o(.bss)
    Rx_Buf_u1                                0x2001871a   Data         256  usart_fc.o(.bss)
    RxBuffer_u1                              0x2001881a   Data          50  usart_fc.o(.bss)
    USART3_TX_BUF                            0x20018850   Data         800  usart_fc.o(.bss)
    USART3_RX_BUF                            0x20018b70   Data         800  usart_fc.o(.bss)
    USART1_TX_BUF                            0x20018e90   Data         800  usart_fc.o(.bss)
    gpsx                                     0x200191b0   Data         175  usart_fc.o(.bss)
    buf_imu_dj                               0x2001925f   Data          20  usart_fc.o(.bss)
    angle_imu_dj                             0x20019274   Data          12  usart_fc.o(.bss)
    RxBuffer11                               0x20019280   Data          50  usart_fc.o(.bss)
    buf_GNVTG                                0x200192b2   Data          65  usart_fc.o(.bss)
    laser_buf                                0x200192f4   Data         720  usart_fc.o(.bss)
    m100                                     0x200195c8   Data          96  usart_fc.o(.bss)
    debug_pi_flow                            0x20019628   Data          80  usart_fc.o(.bss)
    pi_flow                                  0x20019678   Data         324  usart_fc.o(.bss)
    RxBuffer4_test                           0x200197bc   Data          25  usart_fc.o(.bss)
    RxBuffer4                                0x200197d5   Data          50  usart_fc.o(.bss)
    Rx_Buf3                                  0x20019807   Data         256  usart_fc.o(.bss)
    RxBuffer3                                0x20019907   Data          50  usart_fc.o(.bss)
    SendBuff1                                0x20019939   Data          64  usart_fc.o(.bss)
    SendBuff2                                0x20019979   Data         384  usart_fc.o(.bss)
    SendBuff3                                0x20019af9   Data          32  usart_fc.o(.bss)
    SendBuff4                                0x20019b19   Data          64  usart_fc.o(.bss)
    flow                                     0x20019b60   Data         112  usart_fc.o(.bss)
    flow_rad                                 0x20019bd0   Data          48  usart_fc.o(.bss)
    lis3mdl                                  0x20019ce8   Data         284  lis3mdl.o(.bss)
    acc_lsq                                  0x20019e04   Data         168  lis3mdl.o(.bss)
    sum_temp                                 0x20019eac   Data          28  lis3mdl.o(.bss)
    sum_temp_3d                              0x20019ec8   Data          28  lis3mdl.o(.bss)
    mpu6050                                  0x2001a1c0   Data         188  mpu6050.o(.bss)
    mpu6050_r                                0x2001a27c   Data         188  mpu6050.o(.bss)
    imu_fushion                              0x2001a338   Data         188  mpu6050.o(.bss)
    mpu6050_buffer                           0x2001a3f4   Data          14  mpu6050.o(.bss)
    mpu6050_tmp                              0x2001a69c   Data          28  mpu6050.o(.bss)
    mpu6050_tmp_acc_circle                   0x2001a6b8   Data          28  mpu6050.o(.bss)
    mpu_fil_tmp                              0x2001a6d4   Data          28  mpu6050.o(.bss)
    mpu_fil_tmp_acc_circle                   0x2001a6f0   Data          28  mpu6050.o(.bss)
    acc_off                                  0x2001a70c   Data          12  mpu6050.o(.bss)
    acc_scale                                0x2001a718   Data          12  mpu6050.o(.bss)
    HMC5883_FIFO                             0x2001a818   Data          66  hml_sample.o(.bss)
    now_dj                                   0x2001a874   Data          16  ultrasonic.o(.bss)
    lastUpdate_dj                            0x2001a884   Data          16  ultrasonic.o(.bss)
    Laser_avoid                              0x2001a894   Data         120  laser.o(.bss)
    med_filter_tmp                           0x2001a90c   Data        6000  fliter.o(.bss)
    med_filter_out                           0x2001c07c   Data         120  fliter.o(.bss)
    med_fil_cnt                              0x2001c0f4   Data          30  fliter.o(.bss)
    firstOrderFilters                        0x2001c114   Data         400  fliter.o(.bss)
    q_nav                                    0x2001c2a8   Data          16  imu.o(.bss)
    reference_v                              0x2001c2b8   Data          12  imu.o(.bss)
    ref                                      0x2001c2c4   Data          60  imu.o(.bss)
    reference_vr                             0x2001c300   Data          12  imu.o(.bss)
    mag_sim_3d                               0x2001c30c   Data          12  imu.o(.bss)
    acc_3d_hg                                0x2001c318   Data          12  imu.o(.bss)
    acc_ng                                   0x2001c324   Data          12  imu.o(.bss)
    acc_ng_offset                            0x2001c330   Data          12  imu.o(.bss)
    yaw_mag_view                             0x2001c33c   Data          20  imu.o(.bss)
    X_kf_yaw                                 0x2001c350   Data          16  imu.o(.bss)
    reference_vr_imd_down                    0x2001c36c   Data          12  imu_m.o(.bss)
    reference_vr_imd_down_fc                 0x2001c378   Data          12  imu_m.o(.bss)
    gps_data                                 0x2001c388   Data          32  ukf_task.o(.bss)
    mag_data                                 0x2001c3a8   Data          60  ukf_task.o(.bss)
    accel_data                               0x2001c3e4   Data          80  ukf_task.o(.bss)
    gyro_data                                0x2001c434   Data          72  ukf_task.o(.bss)
    attitude_data                            0x2001c47c   Data          16  ukf_task.o(.bss)
    angle_ins                                0x2001c48c   Data          12  ukf_task.o(.bss)
    X_ukf                                    0x2001c498   Data          48  ukf_task.o(.bss)
    X_ukf_baro                               0x2001c4c8   Data          48  ukf_task.o(.bss)
    acc_body_buf                             0x2001c4f8   Data         320  ukf_task.o(.bss)
    X_KF_NAV                                 0x2001c638   Data          48  ukf_task.o(.bss)
    P_KF_NAV                                 0x2001c668   Data         144  ukf_task.o(.bss)
    state_correct_posx                       0x2001c6f8   Data          48  ukf_task.o(.bss)
    state_correct_posy                       0x2001c728   Data          48  ukf_task.o(.bss)
    X_kf2_x                                  0x2001c758   Data          24  ukf_task.o(.bss)
    X_kf2_y                                  0x2001c770   Data          24  ukf_task.o(.bss)
    Distance                                 0x2001c788   Data         100  alt_kf.o(.bss)
    ultra                                    0x2001c7f8   Data          20  alt_kf.o(.bss)
    sonar_av_arr                             0x2001c80c   Data          20  alt_kf.o(.bss)
    sonar                                    0x2001c820   Data          24  alt_kf.o(.bss)
    sonar_fusion                             0x2001c838   Data          68  alt_kf.o(.bss)
    sonar_h_arr                              0x2001c87c   Data          44  alt_kf.o(.bss)
    X_kf_baro                                0x2001c8a8   Data          24  alt_kf.o(.bss)
    X_kf_sonar                               0x2001c8c0   Data          24  alt_kf.o(.bss)
    acc_z_view                               0x2001c8d8   Data          12  alt_kf.o(.bss)
    state_correct_baro                       0x2001c8e8   Data          48  alt_kf.o(.bss)
    Global_GPS_Sensor                        0x2001c918   Data          88  alt_kf.o(.bss)
    v_test                                   0x2001c970   Data          16  alt_kf.o(.bss)
    Last_GPS                                 0x2001c980   Data          16  alt_kf.o(.bss)
    TAR_GPS                                  0x2001c990   Data          16  alt_kf.o(.bss)
    flow_per_out                             0x2001c9f8   Data          16  flow.o(.bss)
    hml_lsq                                  0x2001ca2c   Data         168  cycle_cal_oldx.o(.bss)
    __libspace_start                         0x2001cad4   Data          96  libspace.o(.bss)
    __temporary_stack_top$libspace           0x2001cb34   Data           0  libspace.o(.bss)



==============================================================================

Memory Map of the image

  Image Entry point : 0x08000189

  Load Region LR_IROM1 (Base: 0x08000000, Size: 0x000331b8, Max: 0x00100000, ABSOLUTE, COMPRESSED[0x0002892c])

    Execution Region ER_IROM1 (Base: 0x08000000, Size: 0x00028038, Max: 0x00100000, ABSOLUTE)

    Base Addr    Size         Type   Attr      Idx    E Section Name        Object

    0x08000000   0x00000188   Data   RO          598    RESET               startup_stm32f40_41xxx.o
    0x08000188   0x00000008   Code   RO         2426  * !!!main             c_w.l(__main.o)
    0x08000190   0x00000034   Code   RO         2906    !!!scatter          c_w.l(__scatter.o)
    0x080001c4   0x0000005a   Code   RO         2904    !!dczerorl2         c_w.l(__dczerorl2.o)
    0x0800021e   0x00000002   PAD
    0x08000220   0x0000001c   Code   RO         2908    !!handler_zi        c_w.l(__scatter_zi.o)
    0x0800023c   0x00000002   Code   RO         2835    .ARM.Collect$$libinit$$00000000  c_w.l(libinit.o)
    0x0800023e   0x00000004   Code   RO         2650    .ARM.Collect$$libinit$$00000001  c_w.l(libinit2.o)
    0x08000242   0x00000000   Code   RO         2653    .ARM.Collect$$libinit$$00000004  c_w.l(libinit2.o)
    0x08000242   0x00000000   Code   RO         2656    .ARM.Collect$$libinit$$0000000A  c_w.l(libinit2.o)
    0x08000242   0x00000000   Code   RO         2658    .ARM.Collect$$libinit$$0000000C  c_w.l(libinit2.o)
    0x08000242   0x00000000   Code   RO         2660    .ARM.Collect$$libinit$$0000000E  c_w.l(libinit2.o)
    0x08000242   0x00000000   Code   RO         2663    .ARM.Collect$$libinit$$00000011  c_w.l(libinit2.o)
    0x08000242   0x00000000   Code   RO         2665    .ARM.Collect$$libinit$$00000013  c_w.l(libinit2.o)
    0x08000242   0x00000000   Code   RO         2667    .ARM.Collect$$libinit$$00000015  c_w.l(libinit2.o)
    0x08000242   0x00000000   Code   RO         2669    .ARM.Collect$$libinit$$00000017  c_w.l(libinit2.o)
    0x08000242   0x00000000   Code   RO         2671    .ARM.Collect$$libinit$$00000019  c_w.l(libinit2.o)
    0x08000242   0x00000000   Code   RO         2673    .ARM.Collect$$libinit$$0000001B  c_w.l(libinit2.o)
    0x08000242   0x00000000   Code   RO         2675    .ARM.Collect$$libinit$$0000001D  c_w.l(libinit2.o)
    0x08000242   0x00000000   Code   RO         2677    .ARM.Collect$$libinit$$0000001F  c_w.l(libinit2.o)
    0x08000242   0x00000000   Code   RO         2679    .ARM.Collect$$libinit$$00000021  c_w.l(libinit2.o)
    0x08000242   0x00000000   Code   RO         2681    .ARM.Collect$$libinit$$00000023  c_w.l(libinit2.o)
    0x08000242   0x00000000   Code   RO         2683    .ARM.Collect$$libinit$$00000025  c_w.l(libinit2.o)
    0x08000242   0x00000000   Code   RO         2687    .ARM.Collect$$libinit$$0000002C  c_w.l(libinit2.o)
    0x08000242   0x00000000   Code   RO         2689    .ARM.Collect$$libinit$$0000002E  c_w.l(libinit2.o)
    0x08000242   0x00000000   Code   RO         2691    .ARM.Collect$$libinit$$00000030  c_w.l(libinit2.o)
    0x08000242   0x00000000   Code   RO         2693    .ARM.Collect$$libinit$$00000032  c_w.l(libinit2.o)
    0x08000242   0x00000002   Code   RO         2694    .ARM.Collect$$libinit$$00000033  c_w.l(libinit2.o)
    0x08000244   0x00000002   Code   RO         2901    .ARM.Collect$$libshutdown$$00000000  c_w.l(libshutdown.o)
    0x08000246   0x00000000   Code   RO         2855    .ARM.Collect$$libshutdown$$00000002  c_w.l(libshutdown2.o)
    0x08000246   0x00000000   Code   RO         2857    .ARM.Collect$$libshutdown$$00000004  c_w.l(libshutdown2.o)
    0x08000246   0x00000000   Code   RO         2860    .ARM.Collect$$libshutdown$$00000007  c_w.l(libshutdown2.o)
    0x08000246   0x00000000   Code   RO         2863    .ARM.Collect$$libshutdown$$0000000A  c_w.l(libshutdown2.o)
    0x08000246   0x00000000   Code   RO         2865    .ARM.Collect$$libshutdown$$0000000C  c_w.l(libshutdown2.o)
    0x08000246   0x00000000   Code   RO         2868    .ARM.Collect$$libshutdown$$0000000F  c_w.l(libshutdown2.o)
    0x08000246   0x00000002   Code   RO         2869    .ARM.Collect$$libshutdown$$00000010  c_w.l(libshutdown2.o)
    0x08000248   0x00000000   Code   RO         2618    .ARM.Collect$$rtentry$$00000000  c_w.l(__rtentry.o)
    0x08000248   0x00000000   Code   RO         2765    .ARM.Collect$$rtentry$$00000002  c_w.l(__rtentry2.o)
    0x08000248   0x00000006   Code   RO         2777    .ARM.Collect$$rtentry$$00000004  c_w.l(__rtentry4.o)
    0x0800024e   0x00000000   Code   RO         2767    .ARM.Collect$$rtentry$$00000009  c_w.l(__rtentry2.o)
    0x0800024e   0x00000004   Code   RO         2768    .ARM.Collect$$rtentry$$0000000A  c_w.l(__rtentry2.o)
    0x08000252   0x00000000   Code   RO         2770    .ARM.Collect$$rtentry$$0000000C  c_w.l(__rtentry2.o)
    0x08000252   0x00000008   Code   RO         2771    .ARM.Collect$$rtentry$$0000000D  c_w.l(__rtentry2.o)
    0x0800025a   0x00000002   Code   RO         2840    .ARM.Collect$$rtexit$$00000000  c_w.l(rtexit.o)
    0x0800025c   0x00000000   Code   RO         2875    .ARM.Collect$$rtexit$$00000002  c_w.l(rtexit2.o)
    0x0800025c   0x00000004   Code   RO         2876    .ARM.Collect$$rtexit$$00000003  c_w.l(rtexit2.o)
    0x08000260   0x00000006   Code   RO         2877    .ARM.Collect$$rtexit$$00000004  c_w.l(rtexit2.o)
    0x08000266   0x00000002   PAD
    0x08000268   0x00002224   Code   RO            3    .text               ucos_task.o
    0x0800248c   0x000002f0   Code   RO          371    .text               main.o
    0x0800277c   0x00000100   Code   RO          463    .text               rt_nonfinite.o
    0x0800287c   0x000000c8   Code   RO          493    .text               rtgetnan.o
    0x08002944   0x00000134   Code   RO          509    .text               rtgetinf.o
    0x08002a78   0x00000016   Code   RO          523    .text               stm32f4xx_it.o
    0x08002a8e   0x00000002   PAD
    0x08002a90   0x00000210   Code   RO          572    .text               system_stm32f4xx.o
    0x08002ca0   0x00000040   Code   RO          599    .text               startup_stm32f40_41xxx.o
    0x08002ce0   0x00000108   Code   RO          605    .text               delay.o
    0x08002de8   0x000000e0   Code   RO          645    .text               misc.o
    0x08002ec8   0x00000294   Code   RO          665    .text               stm32f4xx_gpio.o
    0x0800315c   0x0000065c   Code   RO          708    .text               stm32f4xx_rcc.o
    0x080037b8   0x00000094   Code   RO          730    .text               stm32f4xx_syscfg.o
    0x0800384c   0x00000454   Code   RO          750    .text               stm32f4xx_usart.o
    0x08003ca0   0x00000ca2   Code   RO          770    .text               stm32f4xx_tim.o
    0x08004942   0x00000002   PAD
    0x08004944   0x00000694   Code   RO          790    .text               stm32f4xx_flash.o
    0x08004fd8   0x00000110   Code   RO          810    .text               stm32f4xx_exti.o
    0x080050e8   0x00000480   Code   RO          850    .text               stm32f4xx_spi.o
    0x08005568   0x000003a8   Code   RO          870    .text               stm32f4xx_dma.o
    0x08005910   0x00000040   Code   RO          910    .text               stm32f4xx_iwdg.o
    0x08005950   0x00000894   Code   RO          950    .text               os_core.o
    0x080061e4   0x0000080c   Code   RO          978    .text               os_flag.o
    0x080069f0   0x000003cc   Code   RO          998    .text               os_mbox.o
    0x08006dbc   0x000005e8   Code   RO         1052    .text               os_q.o
    0x080073a4   0x0000038c   Code   RO         1072    .text               os_sem.o
    0x08007730   0x000007c4   Code   RO         1092    .text               os_task.o
    0x08007ef4   0x000001b0   Code   RO         1112    .text               os_time.o
    0x080080a4   0x00000634   Code   RO         1132    .text               os_tmr.o
    0x080086d8   0x000000c8   Code   RO         1150    .text               os_cpu_a.o
    0x080087a0   0x000001e8   Code   RO         1155    .text               os_cpu_c.o
    0x08008988   0x00000424   Code   RO         1185    .text               iic_fc.o
    0x08008dac   0x00000458   Code   RO         1205    .text               iic1.o
    0x08009204   0x000003e0   Code   RO         1251    .text               iic_sonar.o
    0x080095e4   0x000003a8   Code   RO         1277    .text               iic_soft.o
    0x0800998c   0x000006d0   Code   RO         1303    .text               led_fc.o
    0x0800a05c   0x00000c24   Code   RO         1332    .text               flash.o
    0x0800ac80   0x00000478   Code   RO         1356    .text               flash_w25.o
    0x0800b0f8   0x00000268   Code   RO         1387    .text               time.o
    0x0800b360   0x0000002c   Code   RO         1418    .text               watch_dog.o
    0x0800b38c   0x000008c8   Code   RO         1461    .text               gps.o
    0x0800bc54   0x000000e8   Code   RO         1511    .text               dma.o
    0x0800bd3c   0x00006ab4   Code   RO         1531    .text               usart_fc.o
    0x080127f0   0x00000580   Code   RO         1570    .text               m100.o
    0x08012d70   0x00001c34   Code   RO         1593    .text               lis3mdl.o
    0x080149a4   0x00000be4   Code   RO         1624    .text               mpu6050.o
    0x08015588   0x000008e8   Code   RO         1652    .text               hml_sample.o
    0x08015e70   0x00000744   Code   RO         1686    .text               ms5611_2.o
    0x080165b4   0x00000b98   Code   RO         1713    .text               ultrasonic.o
    0x0801714c   0x000001a0   Code   RO         1763    .text               laser.o
    0x080172ec   0x00000980   Code   RO         1791    .text               fliter.o
    0x08017c6c   0x00001758   Code   RO         1816    .text               kf_oldx.o
    0x080193c4   0x00000784   Code   RO         1968    .text               my_math.o
    0x08019b48   0x00001404   Code   RO         1989    .text               kf_oldx_nav.o
    0x0801af4c   0x000015d8   Code   RO         2017    .text               imu.o
    0x0801c524   0x00002ca8   Code   RO         2080    .text               ukf_task.o
    0x0801f1cc   0x000030b4   Code   RO         2126    .text               alt_kf.o
    0x08022280   0x00000b54   Code   RO         2203    .text               flow_oldx.lib(flow.o)
    0x08022dd4   0x00000a18   Code   RO         2294    .text               cycle_cal_oldx.lib(cycle_cal_oldx.o)
    0x080237ec   0x00000f40   Code   RO         2316    .text               kf_oldx_yaw.lib(kf_oldx_yaw.o)
    0x0802472c   0x0000004e   Code   RO         2360    .text               c_w.l(h1_free.o)
    0x0802477a   0x00000048   Code   RO         2416    .text               c_w.l(llsdiv.o)
    0x080247c2   0x00000024   Code   RO         2418    .text               c_w.l(strstr.o)
    0x080247e6   0x00000064   Code   RO         2420    .text               c_w.l(rt_memcpy_w.o)
    0x0802484a   0x0000004e   Code   RO         2422    .text               c_w.l(rt_memclr_w.o)
    0x08024898   0x00000006   Code   RO         2424    .text               c_w.l(heapauxi.o)
    0x0802489e   0x00000002   PAD
    0x080248a0   0x00000008   Code   RO         2622    .text               c_w.l(rt_heap_descriptor_intlibspace.o)
    0x080248a8   0x000000ee   Code   RO         2644    .text               c_w.l(lludivv7m.o)
    0x08024996   0x00000016   Code   RO         2646    .text               c_w.l(_rserrno.o)
    0x080249ac   0x00000008   Code   RO         2761    .text               c_w.l(libspace.o)
    0x080249b4   0x00000008   Code   RO         2786    .text               c_w.l(rt_errno_addr_intlibspace.o)
    0x080249bc   0x00000002   Code   RO         2809    .text               c_w.l(use_no_semi.o)
    0x080249be   0x00000000   Code   RO         2811    .text               c_w.l(indicate_semi.o)
    0x080249be   0x0000004a   Code   RO         2812    .text               c_w.l(sys_stackheap_outer.o)
    0x08024a08   0x00000012   Code   RO         2820    .text               c_w.l(exit.o)
    0x08024a1a   0x00000002   PAD
    0x08024a1c   0x0000000c   Code   RO         2838    .text               c_w.l(sys_exit.o)
    0x08024a28   0x00000030   Code   RO         2727    i.__ARM_fpclassify  m_wm.l(fpclassify.o)
    0x08024a58   0x00000026   Code   RO         2729    i.__ARM_fpclassifyf  m_wm.l(fpclassifyf.o)
    0x08024a7e   0x00000002   PAD
    0x08024a80   0x00000358   Code   RO         2464    i.__hardfp_acos     m_wm.l(acos.o)
    0x08024dd8   0x00000360   Code   RO         2478    i.__hardfp_asin     m_wm.l(asin.o)
    0x08025138   0x00000250   Code   RO         2530    i.__hardfp_atan2f   m_wm.l(atan2f.o)
    0x08025388   0x000000c8   Code   RO         2542    i.__hardfp_cos      m_wm.l(cos.o)
    0x08025450   0x00000014   Code   RO         2554    i.__hardfp_fabs     m_wm.l(fabs.o)
    0x08025464   0x00000004   PAD
    0x08025468   0x00000118   Code   RO         2560    i.__hardfp_floor    m_wm.l(floor.o)
    0x08025580   0x00000c50   Code   RO         2566    i.__hardfp_pow      m_wm.l(pow.o)
    0x080261d0   0x000000c8   Code   RO         2580    i.__hardfp_sin      m_wm.l(sin.o)
    0x08026298   0x0000007a   Code   RO         2592    i.__hardfp_sqrt     m_wm.l(sqrt.o)
    0x08026312   0x00000006   PAD
    0x08026318   0x00000438   Code   RO         2748    i.__ieee754_rem_pio2  m_wm.l(rred.o)
    0x08026750   0x00000170   Code   RO         2710    i.__kernel_cos      m_wm.l(cos_i.o)
    0x080268c0   0x000000f8   Code   RO         2745    i.__kernel_poly     m_wm.l(poly.o)
    0x080269b8   0x00000130   Code   RO         2753    i.__kernel_sin      m_wm.l(sin_i.o)
    0x08026ae8   0x00000030   Code   RO         2713    i.__mathlib_dbl_divzero  m_wm.l(dunder.o)
    0x08026b18   0x00000014   Code   RO         2714    i.__mathlib_dbl_infnan  m_wm.l(dunder.o)
    0x08026b2c   0x00000014   Code   RO         2715    i.__mathlib_dbl_infnan2  m_wm.l(dunder.o)
    0x08026b40   0x00000020   Code   RO         2716    i.__mathlib_dbl_invalid  m_wm.l(dunder.o)
    0x08026b60   0x00000020   Code   RO         2717    i.__mathlib_dbl_overflow  m_wm.l(dunder.o)
    0x08026b80   0x00000020   Code   RO         2719    i.__mathlib_dbl_underflow  m_wm.l(dunder.o)
    0x08026ba0   0x00000006   Code   RO         2733    i.__mathlib_flt_infnan2  m_wm.l(funder.o)
    0x08026ba6   0x00000002   PAD
    0x08026ba8   0x00000010   Code   RO         2737    i.__mathlib_flt_underflow  m_wm.l(funder.o)
    0x08026bb8   0x00000018   Code   RO         2556    i.fabs              m_wm.l(fabs.o)
    0x08026bd0   0x0000006e   Code   RO         2594    i.sqrt              m_wm.l(sqrt.o)
    0x08026c3e   0x00000018   Code   RO         2428    x$fpl$basic         fz_wm.l(basic.o)
    0x08026c56   0x00000002   PAD
    0x08026c58   0x00000062   Code   RO         2430    x$fpl$d2f           fz_wm.l(d2f.o)
    0x08026cba   0x00000002   PAD
    0x08026cbc   0x00000150   Code   RO         2432    x$fpl$dadd          fz_wm.l(daddsub_clz.o)
    0x08026e0c   0x00000010   Code   RO         2805    x$fpl$dcheck1       fz_wm.l(dcheck1.o)
    0x08026e1c   0x00000018   Code   RO         2695    x$fpl$dcmpinf       fz_wm.l(dcmpi.o)
    0x08026e34   0x000002b0   Code   RO         2439    x$fpl$ddiv          fz_wm.l(ddiv.o)
    0x080270e4   0x00000078   Code   RO         2442    x$fpl$deqf          fz_wm.l(deqf.o)
    0x0802715c   0x0000005e   Code   RO         2444    x$fpl$dfix          fz_wm.l(dfix.o)
    0x080271ba   0x0000002e   Code   RO         2449    x$fpl$dflt          fz_wm.l(dflt_clz.o)
    0x080271e8   0x00000026   Code   RO         2448    x$fpl$dfltu         fz_wm.l(dflt_clz.o)
    0x0802720e   0x00000002   PAD
    0x08027210   0x00000078   Code   RO         2454    x$fpl$dleqf         fz_wm.l(dleqf.o)
    0x08027288   0x00000154   Code   RO         2456    x$fpl$dmul          fz_wm.l(dmul.o)
    0x080273dc   0x0000009c   Code   RO         2697    x$fpl$dnaninf       fz_wm.l(dnaninf.o)
    0x08027478   0x0000000c   Code   RO         2699    x$fpl$dretinf       fz_wm.l(dretinf.o)
    0x08027484   0x0000006c   Code   RO         2458    x$fpl$drleqf        fz_wm.l(drleqf.o)
    0x080274f0   0x00000016   Code   RO         2433    x$fpl$drsb          fz_wm.l(daddsub_clz.o)
    0x08027506   0x00000002   PAD
    0x08027508   0x00000198   Code   RO         2701    x$fpl$dsqrt         fz_wm.l(dsqrt_umaal.o)
    0x080276a0   0x000001d4   Code   RO         2434    x$fpl$dsub          fz_wm.l(daddsub_clz.o)
    0x08027874   0x00000056   Code   RO         2460    x$fpl$f2d           fz_wm.l(f2d.o)
    0x080278ca   0x00000060   Code   RO         2462    x$fpl$ffltll        fz_wm.l(ffltll_clz.o)
    0x0802792a   0x0000008c   Code   RO         2703    x$fpl$fnaninf       fz_wm.l(fnaninf.o)
    0x080279b6   0x0000000a   Code   RO         2807    x$fpl$fpinit        fz_wm.l(fpinit.o)
    0x080279c0   0x0000000a   Code   RO         2705    x$fpl$fretinf       fz_wm.l(fretinf.o)
    0x080279ca   0x00000064   Code   RO         2836    x$fpl$retnan        fz_wm.l(retnan.o)
    0x08027a2e   0x0000005c   Code   RO         2707    x$fpl$scalbn        fz_wm.l(scalbn.o)
    0x08027a8a   0x00000030   Code   RO         2870    x$fpl$trapveneer    fz_wm.l(trapv.o)
    0x08027aba   0x00000000   Code   RO         2709    x$fpl$usenofp       fz_wm.l(usenofp.o)
    0x08027aba   0x00000100   Data   RO          952    .constdata          os_core.o
    0x08027bba   0x00000006   PAD
    0x08027bc0   0x00000084   Data   RO         1817    .constdata          kf_oldx.o
    0x08027c44   0x00000004   PAD
    0x08027c48   0x0000003c   Data   RO         1990    .constdata          kf_oldx_nav.o
    0x08027c84   0x00000004   PAD
    0x08027c88   0x00000090   Data   RO         2082    .constdata          ukf_task.o
    0x08027d18   0x00000090   Data   RO         2129    .constdata          alt_kf.o
    0x08027da8   0x00000020   Data   RO         2317    .constdata          kf_oldx_yaw.lib(kf_oldx_yaw.o)
    0x08027dc8   0x00000050   Data   RO         2467    .constdata          m_wm.l(acos.o)
    0x08027e18   0x00000050   Data   RO         2481    .constdata          m_wm.l(asin.o)
    0x08027e68   0x00000088   Data   RO         2569    .constdata          m_wm.l(pow.o)
    0x08027ef0   0x00000030   Data   RO         2711    .constdata          m_wm.l(cos_i.o)
    0x08027f20   0x00000008   Data   RO         2747    .constdata          m_wm.l(qnan.o)
    0x08027f28   0x000000c8   Data   RO         2750    .constdata          m_wm.l(rred.o)
    0x08027ff0   0x00000028   Data   RO         2754    .constdata          m_wm.l(sin_i.o)
    0x08028018   0x00000020   Data   RO         2902    Region$$Table       anon$$obj.o


    Execution Region RW_IRAM1 (Base: 0x20000000, Size: 0x0001d138, Max: 0x00020000, ABSOLUTE, COMPRESSED[0x000008f4])

    Base Addr    Size         Type   Attr      Idx    E Section Name        Object

    0x20000000   0x0000a000   Data   RW         2128    .ccm                alt_kf.o
    0x2000a000   0x00000136   Data   RW            5    .data               ucos_task.o
    0x2000a136   0x00000002   PAD
    0x2000a138   0x0000000c   Data   RW          373    .data               main.o
    0x2000a144   0x00000018   Data   RW          440    .data               error.o
    0x2000a15c   0x00000004   PAD
    0x2000a160   0x00000024   Data   RW          464    .data               rt_nonfinite.o
    0x2000a184   0x00000014   Data   RW          573    .data               system_stm32f4xx.o
    0x2000a198   0x00000004   Data   RW          606    .data               delay.o
    0x2000a19c   0x00000010   Data   RW          709    .data               stm32f4xx_rcc.o
    0x2000a1ac   0x0000005c   Data   RW          953    .data               os_core.o
    0x2000a208   0x00000006   Data   RW         1156    .data               os_cpu_c.o
    0x2000a20e   0x00000002   Data   RW         1252    .data               iic_sonar.o
    0x2000a210   0x00000001   Data   RW         1278    .data               iic_soft.o
    0x2000a211   0x00000001   PAD
    0x2000a212   0x00000008   Data   RW         1304    .data               led_fc.o
    0x2000a21a   0x00000002   PAD
    0x2000a21c   0x00000004   Data   RW         1334    .data               flash.o
    0x2000a220   0x00000002   Data   RW         1358    .data               flash_w25.o
    0x2000a222   0x00000002   PAD
    0x2000a224   0x00000014   Data   RW         1389    .data               time.o
    0x2000a238   0x00000008   Data   RW         1463    .data               gps.o
    0x2000a240   0x0000023a   Data   RW         1533    .data               usart_fc.o
    0x2000a47a   0x00000002   PAD
    0x2000a47c   0x00000010   Data   RW         1571    .data               m100.o
    0x2000a48c   0x00000004   PAD
    0x2000a490   0x000000eb   Data   RW         1595    .data               lis3mdl.o
    0x2000a57b   0x00000005   PAD
    0x2000a580   0x000000de   Data   RW         1626    .data               mpu6050.o
    0x2000a65e   0x00000002   PAD
    0x2000a660   0x000000cd   Data   RW         1654    .data               hml_sample.o
    0x2000a72d   0x00000003   PAD
    0x2000a730   0x0000007d   Data   RW         1688    .data               ms5611_2.o
    0x2000a7ad   0x00000003   PAD
    0x2000a7b0   0x00000090   Data   RW         1715    .data               ultrasonic.o
    0x2000a840   0x0000000c   Data   RW         1765    .data               laser.o
    0x2000a84c   0x00000041   Data   RW         1793    .data               fliter.o
    0x2000a88d   0x00000003   PAD
    0x2000a890   0x00000404   Data   RW         1969    .data               my_math.o
    0x2000ac94   0x00000004   PAD
    0x2000ac98   0x000000a2   Data   RW         2019    .data               imu.o
    0x2000ad3a   0x00000002   PAD
    0x2000ad3c   0x00000064   Data   RW         2055    .data               imu_m.o
    0x2000ada0   0x000000f1   Data   RW         2083    .data               ukf_task.o
    0x2000ae91   0x00000007   PAD
    0x2000ae98   0x00000282   Data   RW         2130    .data               alt_kf.o
    0x2000b11a   0x00000002   PAD
    0x2000b11c   0x00000061   Data   RW         2205    .data               flow_oldx.lib(flow.o)
    0x2000b17d   0x00000003   PAD
    0x2000b180   0x0000a51c   Zero   RW            4    .bss                ucos_task.o
    0x2001569c   0x0000050c   Zero   RW          372    .bss                main.o
    0x20015ba8   0x00001288   Zero   RW          951    .bss                os_core.o
    0x20016e30   0x000000c8   Zero   RW         1333    .bss                flash.o
    0x20016ef8   0x00001000   Zero   RW         1357    .bss                flash_w25.o
    0x20017ef8   0x000000f0   Zero   RW         1388    .bss                time.o
    0x20017fe8   0x00001cfc   Zero   RW         1532    .bss                usart_fc.o
    0x20019ce4   0x00000004   PAD
    0x20019ce8   0x000004d8   Zero   RW         1594    .bss                lis3mdl.o
    0x2001a1c0   0x00000564   Zero   RW         1625    .bss                mpu6050.o
    0x2001a724   0x00000004   PAD
    0x2001a728   0x00000140   Zero   RW         1653    .bss                hml_sample.o
    0x2001a868   0x0000000c   Zero   RW         1687    .bss                ms5611_2.o
    0x2001a874   0x00000020   Zero   RW         1714    .bss                ultrasonic.o
    0x2001a894   0x00000078   Zero   RW         1764    .bss                laser.o
    0x2001a90c   0x00001998   Zero   RW         1792    .bss                fliter.o
    0x2001c2a4   0x00000004   PAD
    0x2001c2a8   0x000000c4   Zero   RW         2018    .bss                imu.o
    0x2001c36c   0x00000018   Zero   RW         2054    .bss                imu_m.o
    0x2001c384   0x00000004   PAD
    0x2001c388   0x00000400   Zero   RW         2081    .bss                ukf_task.o
    0x2001c788   0x00000218   Zero   RW         2127    .bss                alt_kf.o
    0x2001c9a0   0x0000008c   Zero   RW         2204    .bss                flow_oldx.lib(flow.o)
    0x2001ca2c   0x000000a8   Zero   RW         2295    .bss                cycle_cal_oldx.lib(cycle_cal_oldx.o)
    0x2001cad4   0x00000060   Zero   RW         2762    .bss                c_w.l(libspace.o)
    0x2001cb34   0x00000004   PAD
    0x2001cb38   0x00000200   Zero   RW          597    HEAP                startup_stm32f40_41xxx.o
    0x2001cd38   0x00000400   Zero   RW          596    STACK               startup_stm32f40_41xxx.o


==============================================================================

Image component sizes


      Code (inc. data)   RO Data    RW Data    ZI Data      Debug   Object Name

     12468        746        144      41602        536      39991   alt_kf.o
       264         18          0          4          0       1391   delay.o
       232          4          0          0          0       1436   dma.o
         0          0          0         24          0       2220   error.o
      3108        130          0          4        200       3443   flash.o
      1144         36          0          2       4096       5236   flash_w25.o
      2432        106          0         65       6552       7863   fliter.o
      2248         80          0          8          0       5661   gps.o
      2280        128          0        205        320       7416   hml_sample.o
      1112         20          0          0          0       5260   iic1.o
      1060         14          0          0          0       4771   iic_fc.o
       936         10          0          1          0       4538   iic_soft.o
       992         18          0          2          0       5031   iic_sonar.o
      5592        402          0        162        196       4530   imu.o
         0          0          0        100         24       9919   imu_m.o
      5976        170        132          0          0       3975   kf_oldx.o
      5124        146         60          0          0       3899   kf_oldx_nav.o
       416         20          0         12        120       1828   laser.o
      1744         96          0          8          0       2256   led_fc.o
      7220        406          0        235       1240      11823   lis3mdl.o
      1408         54          0         16          0       4831   m100.o
       752        146          0         12       1292       2686   main.o
       224         20          0          0          0       1793   misc.o
      3044        196          0        222       1380      17954   mpu6050.o
      1860        162          0        125         12       6116   ms5611_2.o
      1924        108          0       1028          0       6237   my_math.o
      2196        218        256         92       4744      15971   os_core.o
       200         32          0          0          0        312   os_cpu_a.o
       488          8          0          6          0      11763   os_cpu_c.o
      2060         42          0          0          0       7200   os_flag.o
       972         16          0          0          0       4302   os_mbox.o
      1512         30          0          0          0       5761   os_q.o
       908         18          0          0          0       4034   os_sem.o
      1988         70          0          0          0       7877   os_task.o
       432         30          0          0          0       1866   os_time.o
      1588         94          0          0          0       5721   os_tmr.o
       256         26          0         36          0       3832   rt_nonfinite.o
       308         22          0          0          0       1930   rtgetinf.o
       200         18          0          0          0       2068   rtgetnan.o
        64         26        392          0       1536        824   startup_stm32f40_41xxx.o
       936         32          0          0          0       6373   stm32f4xx_dma.o
       272         10          0          0          0       2263   stm32f4xx_exti.o
      1684         28          0          0          0       9398   stm32f4xx_flash.o
       660         44          0          0          0       4137   stm32f4xx_gpio.o
        22          0          0          0          0       1023   stm32f4xx_it.o
        64          6          0          0          0       1333   stm32f4xx_iwdg.o
      1628         52          0         16          0      12996   stm32f4xx_rcc.o
      1152         36          0          0          0       6885   stm32f4xx_spi.o
       148         12          0          0          0       1833   stm32f4xx_syscfg.o
      3234         60          0          0          0      22992   stm32f4xx_tim.o
      1108         34          0          0          0       7860   stm32f4xx_usart.o
       528         46          0         20          0       1743   system_stm32f4xx.o
       616         38          0         20        240      30073   time.o
      8740        822          0        310      42268     341357   ucos_task.o
     11432        760        144        241       1024      11011   ukf_task.o
      2968        256          0        144         32       5867   ultrasonic.o
     27316       1160          0        570       7420      40399   usart_fc.o
        44          0          0          0          0        694   watch_dog.o

    ----------------------------------------------------------------------
    139288       7282       1174      45340      73248     753802   Object Totals
         0          0         32          0          0          0   (incl. Generated)
         4          0         14         48         16          0   (incl. Padding)

    ----------------------------------------------------------------------

      Code (inc. data)   RO Data    RW Data    ZI Data      Debug   Library Member Name

        90          0          0          0          0          0   __dczerorl2.o
         8          0          0          0          0         68   __main.o
         0          0          0          0          0          0   __rtentry.o
        12          0          0          0          0          0   __rtentry2.o
         6          0          0          0          0          0   __rtentry4.o
        52          8          0          0          0          0   __scatter.o
        28          0          0          0          0          0   __scatter_zi.o
        22          0          0          0          0        100   _rserrno.o
        18          0          0          0          0         80   exit.o
        78          0          0          0          0         80   h1_free.o
         6          0          0          0          0        152   heapauxi.o
         0          0          0          0          0          0   indicate_semi.o
         2          0          0          0          0          0   libinit.o
         6          0          0          0          0          0   libinit2.o
         2          0          0          0          0          0   libshutdown.o
         2          0          0          0          0          0   libshutdown2.o
         8          4          0          0         96         68   libspace.o
        72          0          0          0          0         76   llsdiv.o
       238          0          0          0          0        100   lludivv7m.o
         8          4          0          0          0         68   rt_errno_addr_intlibspace.o
         8          4          0          0          0         68   rt_heap_descriptor_intlibspace.o
        78          0          0          0          0         80   rt_memclr_w.o
       100          0          0          0          0         80   rt_memcpy_w.o
         2          0          0          0          0          0   rtexit.o
        10          0          0          0          0          0   rtexit2.o
        36          0          0          0          0         80   strstr.o
        12          4          0          0          0         68   sys_exit.o
        74          0          0          0          0         80   sys_stackheap_outer.o
         2          0          0          0          0         68   use_no_semi.o
      2584         12          0          0        168       4813   cycle_cal_oldx.o
      2900        124          0         97        140     220042   flow.o
        24          0          0          0          0        164   basic.o
        98          4          0          0          0        140   d2f.o
       826         16          0          0          0        492   daddsub_clz.o
        16          4          0          0          0        116   dcheck1.o
        24          0          0          0          0        116   dcmpi.o
       688        140          0          0          0        256   ddiv.o
       120          4          0          0          0        140   deqf.o
        94          4          0          0          0        140   dfix.o
        84          0          0          0          0        232   dflt_clz.o
       120          4          0          0          0        140   dleqf.o
       340         12          0          0          0        152   dmul.o
       156          4          0          0          0        140   dnaninf.o
        12          0          0          0          0        116   dretinf.o
       108          0          0          0          0        128   drleqf.o
       408         56          0          0          0        168   dsqrt_umaal.o
        86          4          0          0          0        132   f2d.o
        96          0          0          0          0        132   ffltll_clz.o
       140          4          0          0          0        132   fnaninf.o
        10          0          0          0          0        116   fpinit.o
        10          0          0          0          0        116   fretinf.o
       100          0          0          0          0        116   retnan.o
        92          0          0          0          0        116   scalbn.o
        48          0          0          0          0        116   trapv.o
         0          0          0          0          0          0   usenofp.o
      3904         80         32          0          0       2735   kf_oldx_yaw.o
       856        118         80          0          0        288   acos.o
       864         94         80          0          0        280   asin.o
       592         90          0          0          0        184   atan2f.o
       200         20          0          0          0        164   cos.o
       368         46         48          0          0        200   cos_i.o
       184         44          0          0          0        744   dunder.o
        44          0          0          0          0        248   fabs.o
       280         28          0          0          0        156   floor.o
        48          0          0          0          0        124   fpclassify.o
        38          0          0          0          0        116   fpclassifyf.o
        22          6          0          0          0        232   funder.o
       248          0          0          0          0        152   poly.o
      3152        296        136          0          0        352   pow.o
         0          0          8          0          0          0   qnan.o
      1080        142        200          0          0        188   rred.o
       200         20          0          0          0        164   sin.o
       304         24         40          0          0        208   sin_i.o
       232          0          0          0          0        296   sqrt.o

    ----------------------------------------------------------------------
     22810       1424        624        100        408     236618   Library Totals
        30          0          0          3          4          0   (incl. Padding)

    ----------------------------------------------------------------------

      Code (inc. data)   RO Data    RW Data    ZI Data      Debug   Library Name

       980         24          0          0         96       1316   c_w.l
      2584         12          0          0        168       4813   cycle_cal_oldx.lib
      2900        124          0         97        140     220042   flow_oldx.lib
      3700        256          0          0          0       3616   fz_wm.l
      3904         80         32          0          0       2735   kf_oldx_yaw.lib
      8712        928        592          0          0       4096   m_wm.l

    ----------------------------------------------------------------------
     22810       1424        624        100        408     236618   Library Totals

    ----------------------------------------------------------------------

==============================================================================


      Code (inc. data)   RO Data    RW Data    ZI Data      Debug   

    162098       8706       1798      45440      73656     972096   Grand Totals
    162098       8706       1798       2292      73656     972096   ELF Image Totals (compressed)
    162098       8706       1798       2292          0          0   ROM Totals

==============================================================================

    Total RO  Size (Code + RO Data)               163896 ( 160.05kB)
    Total RW  Size (RW Data + ZI Data)            119096 ( 116.30kB)
    Total ROM Size (Code + RO Data + RW Data)     166188 ( 162.29kB)

==============================================================================

