<html>
<body>
<pre>
<h1>µVision Build Log</h1>
<h2>Tool Versions:</h2>
IDE-Version: ¦ÌVision V5.20.0.0
Copyright (C) 2016 ARM Ltd and ARM Germany GmbH. All rights reserved.
License Information: 1 1, 1, LIC=FYKWF-63T69-Z86FH-W1RGM-U5XIU-9UT4S
 
Tool Versions:
Toolchain:       MDK-ARM Plus  Version: 5.20
Toolchain Path:  d:\Keil_v5\ARM\ARMCC\Bin
C Compiler:      Armcc.exe V5.06 update 2 (build 183)
Assembler:       Armasm.exe V5.06 update 2 (build 183)
Linker/Locator:  ArmLink.exe V5.06 update 2 (build 183)
Library Manager: ArmAr.exe V5.06 update 2 (build 183)
Hex Converter:   FromElf.exe V5.06 update 2 (build 183)
CPU DLL:         SARMCM3.DLL V5.20
Dialog DLL:      DCM.DLL V1.13.7.0
Target DLL:      STLink\ST-LINKIII-KEIL_SWO.dll V2.0.18.0
Dialog DLL:      TCM.DLL V1.14.9.0
 
<h2>Project:</h2>
D:\·É¿Ø\OLDX_FC2.0\Back_IMU\USER\UCOSII-3.uvprojx
Project File Date:  08/04/2017

<h2>Output:</h2>
*** Using Compiler 'V5.06 update 2 (build 183)', folder: 'd:\Keil_v5\ARM\ARMCC\Bin'
Build target 'UCOSII-3'
compiling error.c...
compiling main.c...
compiling rt_nonfinite.c...
compiling rtGetNaN.c...
compiling ucos_task.c...
compiling rtGetInf.c...
assembling startup_stm32f40_41xxx.s...
compiling stm32f4xx_it.c...
compiling system_stm32f4xx.c...
compiling delay.c...
compiling sys.c...
compiling misc.c...
compiling stm32f4xx_gpio.c...
compiling stm32f4xx_syscfg.c...
compiling stm32f4xx_fsmc.c...
compiling stm32f4xx_rcc.c...
compiling stm32f4xx_tim.c...
compiling stm32f4xx_usart.c...
compiling stm32f4xx_flash.c...
compiling stm32f4xx_exti.c...
compiling stm32f4xx_pwr.c...
compiling stm32f4xx_spi.c...
compiling stm32f4xx_iwdg.c...
compiling stm32f4xx_adc.c...
compiling stm32f4xx_dma.c...
compiling os_core.c...
compiling os_flag.c...
compiling stm32f4xx_can.c...
compiling os_mem.c...
compiling os_mutex.c...
compiling os_mbox.c...
compiling os_task.c...
compiling os_q.c...
compiling os_sem.c...
assembling os_cpu_a.asm...
compiling os_tmr.c...
compiling os_cpu_c.c...
compiling os_time.c...
compiling iic_imu1.c...
compiling iic_fc.c...
compiling iic1.c...
compiling iic_soft.c...
compiling led_fc.c...
compiling flash.c...
compiling flash_w25.c...
compiling time.c...
compiling watch_dog.c...
compiling dma.c...
compiling gps.c...
compiling m100.c...
compiling usart_fc.c...
compiling mpu6050.c...
compiling LIS3MDL.c...
compiling ms5611_2.c...
compiling ultrasonic.c...
compiling fliter.c...
compiling FastMath.c...
compiling KF_OLDX_NAV.c...
compiling hml_sample.c...
compiling my_math.c...
compiling imu_m.c...
compiling imu.c...
compiling nav_ukf.c...
compiling ukf_task.c...
compiling alt_kf.c...
linking...
Program Size: Code=164442 RO-data=1838 RW-data=45648 ZI-data=76208  
FromELF: creating hex file...
"..\OBJ\UCOSII-3.axf" - 0 Error(s), 0 Warning(s).

<h2>Collection of Component include folders:</h2>
  D:\·É¿Ø\OLDX_FC2.0\Back_IMU\USER\RTE
  d:\Keil_v5\ARM\PACK\Keil\STM32F4xx_DFP\2.9.0\Drivers\CMSIS\Device\ST\STM32F4xx\Include

<h2>Collection of Component Files used:</h2>
Build Time Elapsed:  00:00:37
</pre>
</body>
</html>
