Component: ARM Compiler 5.06 update 2 (build 183) Tool: armlink [4d35b7]

==============================================================================

Section Cross References

    ucos_task.o(.text) refers to time.o(.text) for Get_Cycle_T
    ucos_task.o(.text) refers to f2d.o(x$fpl$f2d) for __aeabi_f2d
    ucos_task.o(.text) refers to dleqf.o(x$fpl$dleqf) for __aeabi_cdcmple
    ucos_task.o(.text) refers to lis3mdl.o(.text) for LSM6_readAcc
    ucos_task.o(.text) refers to mpu6050.o(.text) for MPU6050_Data_Prepare
    ucos_task.o(.text) refers to delay.o(.text) for delay_ms
    ucos_task.o(.text) refers to dmul.o(x$fpl$dmul) for __aeabi_dmul
    ucos_task.o(.text) refers to d2f.o(x$fpl$d2f) for __aeabi_d2f
    ucos_task.o(.text) refers to oldx_ekf_imu2.o(.text) for oldx_ekf_imu2
    ucos_task.o(.text) refers to my_math.o(.text) for Quaternion_FromRotationMatrix
    ucos_task.o(.text) refers to ucos_task.o(.data) for inner_loop_time_time
    ucos_task.o(.text) refers to mpu6050.o(.bss) for imu_fushion
    ucos_task.o(.text) refers to ucos_task.o(.bss) for eulerAngles
    ucos_task.o(.text) refers to imu_m.o(.data) for ref_q_imd_down
    ucos_task.o(.text) refers to imu_m.o(.bss) for reference_vr_imd_down
    ucos_task.o(.text) refers to imu.o(.bss) for reference_vr
    ucos_task.o(.text) refers to imu.o(.data) for ref_q
    ucos_task.o(.text) refers to fabs.o(i.__hardfp_fabs) for __hardfp_fabs
    ucos_task.o(.text) refers to drleqf.o(x$fpl$drleqf) for __aeabi_cdrcmple
    ucos_task.o(.text) refers to watch_dog.o(.text) for IWDG_Feed
    ucos_task.o(.text) refers to ukf_task.o(.text) for SINS_Prepare
    ucos_task.o(.text) refers to alt_kf.o(.text) for altUkfProcess
    ucos_task.o(.text) refers to ultrasonic.o(.text) for Ultra_Duty
    ucos_task.o(.text) refers to basic.o(x$fpl$basic) for __aeabi_dneg
    ucos_task.o(.text) refers to usart_fc.o(.bss) for pi_flow
    ucos_task.o(.text) refers to main.o(.bss) for module
    ucos_task.o(.text) refers to usart_fc.o(.data) for imu_feed_dog
    ucos_task.o(.text) refers to lis3mdl.o(.bss) for lis3mdl
    ucos_task.o(.text) refers to ultrasonic.o(.data) for ultra_ok
    ucos_task.o(.text) refers to alt_kf.o(.data) for ALT_POS_SONAR3
    ucos_task.o(.text) refers to flow.o(.text) for flow_pertreatment_oldx
    ucos_task.o(.text) refers to fliter.o(.text) for firstOrderFilter
    ucos_task.o(.text) refers to ddiv.o(x$fpl$ddiv) for __aeabi_ddiv
    ucos_task.o(.text) refers to flow.o(.bss) for flow_per_out
    ucos_task.o(.text) refers to flow.o(.data) for k_flow_devide
    ucos_task.o(.text) refers to fliter.o(.bss) for firstOrderFilters
    ucos_task.o(.text) refers to daddsub_clz.o(x$fpl$dadd) for __aeabi_dadd
    ucos_task.o(.text) refers to os_core.o(.text) for OSIntEnter
    ucos_task.o(.text) refers to stm32f4xx_tim.o(.text) for TIM_GetITStatus
    ucos_task.o(.text) refers to usart_fc.o(.text) for m100_contrl_px4
    ucos_task.o(.text) refers to stm32f4xx_dma.o(.text) for DMA_GetFlagStatus
    ucos_task.o(.text) refers to stm32f4xx_usart.o(.text) for USART_DMACmd
    ucos_task.o(.text) refers to dma.o(.text) for MYDMA_Enable
    ucos_task.o(.text) refers to dfix.o(x$fpl$dfix) for __aeabi_d2iz
    ucos_task.o(.text) refers to alt_kf.o(.bss) for acc_z_view
    ucos_task.o(.text) refers to lis3mdl.o(.data) for baroAlt
    ucos_task.o(.text) refers to ukf_task.o(.bss) for X_ukf
    ucos_task.o(.text) refers to ukf_task.o(.data) for K_spd_flow
    ucos_task.o(.text) refers to dflt_clz.o(x$fpl$dfltu) for __aeabi_ui2d
    ucos_task.o(.text) refers to nav_ukf.o(.bss) for navUkfData
    ucos_task.o(.text) refers to led_fc.o(.text) for LEDRGB_STATE
    ucos_task.o(.text) refers to os_core.o(.data) for OSCPUUsage
    main.o(.text) refers to os_mbox.o(.text) for OSMboxCreate
    main.o(.text) refers to os_q.o(.text) for OSQCreate
    main.o(.text) refers to os_flag.o(.text) for OSFlagCreate
    main.o(.text) refers to os_core.o(.text) for OSStatInit
    main.o(.text) refers to os_tmr.o(.text) for OSTmrCreate
    main.o(.text) refers to os_cpu_a.o(.text) for OS_CPU_SR_Save
    main.o(.text) refers to os_task.o(.text) for OSTaskCreate
    main.o(.text) refers to misc.o(.text) for NVIC_PriorityGroupConfig
    main.o(.text) refers to delay.o(.text) for delay_init
    main.o(.text) refers to time.o(.text) for Initial_Timer_SYS
    main.o(.text) refers to led_fc.o(.text) for LED_Init
    main.o(.text) refers to flash_w25.o(.text) for W25QXX_Init
    main.o(.text) refers to flash.o(.text) for READ_PARM
    main.o(.text) refers to iic1.o(.text) for IIC_IMU1_Init
    main.o(.text) refers to lis3mdl.o(.text) for LIS3MDL_enableDefault
    main.o(.text) refers to alt_kf.o(.text) for altUkfInit
    main.o(.text) refers to usart_fc.o(.text) for Usart1_Init
    main.o(.text) refers to dma.o(.text) for MYDMA_Config
    main.o(.text) refers to stm32f4xx_usart.o(.text) for USART_DMACmd
    main.o(.text) refers to watch_dog.o(.text) for IWDG_Init
[...]
    __mathlib_dbl_divzero                    0x08029e81   Thumb Code    28  dunder.o(i.__mathlib_dbl_divzero)
    __mathlib_dbl_infnan                     0x08029eb1   Thumb Code    20  dunder.o(i.__mathlib_dbl_infnan)
    __mathlib_dbl_infnan2                    0x08029ec5   Thumb Code    20  dunder.o(i.__mathlib_dbl_infnan2)
    __mathlib_dbl_invalid                    0x08029ed9   Thumb Code    24  dunder.o(i.__mathlib_dbl_invalid)
    __mathlib_dbl_overflow                   0x08029ef9   Thumb Code    24  dunder.o(i.__mathlib_dbl_overflow)
    __mathlib_dbl_underflow                  0x08029f19   Thumb Code    24  dunder.o(i.__mathlib_dbl_underflow)
    __mathlib_flt_infnan2                    0x08029f39   Thumb Code     6  funder.o(i.__mathlib_flt_infnan2)
    __mathlib_flt_underflow                  0x08029f41   Thumb Code    10  funder.o(i.__mathlib_flt_underflow)
    atan                                     0x08029f51   Thumb Code    16  atan.o(i.atan)
    fabs                                     0x08029f61   Thumb Code    24  fabs.o(i.fabs)
    sqrt                                     0x08029f79   Thumb Code   110  sqrt.o(i.sqrt)
    __aeabi_dneg                             0x08029fe7   Thumb Code     0  basic.o(x$fpl$basic)
    _dneg                                    0x08029fe7   Thumb Code     6  basic.o(x$fpl$basic)
    __aeabi_fneg                             0x08029fed   Thumb Code     0  basic.o(x$fpl$basic)
    _fneg                                    0x08029fed   Thumb Code     6  basic.o(x$fpl$basic)
    _dabs                                    0x08029ff3   Thumb Code     6  basic.o(x$fpl$basic)
    _fabs                                    0x08029ff9   Thumb Code     6  basic.o(x$fpl$basic)
    __aeabi_d2f                              0x0802a001   Thumb Code     0  d2f.o(x$fpl$d2f)
    _d2f                                     0x0802a001   Thumb Code    98  d2f.o(x$fpl$d2f)
    __aeabi_dadd                             0x0802a065   Thumb Code     0  daddsub_clz.o(x$fpl$dadd)
    _dadd                                    0x0802a065   Thumb Code   332  daddsub_clz.o(x$fpl$dadd)
    __fpl_dcheck_NaN1                        0x0802a1b5   Thumb Code    10  dcheck1.o(x$fpl$dcheck1)
    __fpl_dcmp_Inf                           0x0802a1c5   Thumb Code    24  dcmpi.o(x$fpl$dcmpinf)
    __aeabi_ddiv                             0x0802a1dd   Thumb Code     0  ddiv.o(x$fpl$ddiv)
    _ddiv                                    0x0802a1dd   Thumb Code   552  ddiv.o(x$fpl$ddiv)
    __aeabi_cdcmpeq                          0x0802a48d   Thumb Code     0  deqf.o(x$fpl$deqf)
    _dcmpeq                                  0x0802a48d   Thumb Code   120  deqf.o(x$fpl$deqf)
    __aeabi_d2iz                             0x0802a505   Thumb Code     0  dfix.o(x$fpl$dfix)
    _dfix                                    0x0802a505   Thumb Code    94  dfix.o(x$fpl$dfix)
    __aeabi_i2d                              0x0802a563   Thumb Code     0  dflt_clz.o(x$fpl$dflt)
    _dflt                                    0x0802a563   Thumb Code    46  dflt_clz.o(x$fpl$dflt)
    __aeabi_ui2d                             0x0802a591   Thumb Code     0  dflt_clz.o(x$fpl$dfltu)
    _dfltu                                   0x0802a591   Thumb Code    38  dflt_clz.o(x$fpl$dfltu)
    __aeabi_cdcmple                          0x0802a5b9   Thumb Code     0  dleqf.o(x$fpl$dleqf)
    _dcmple                                  0x0802a5b9   Thumb Code   120  dleqf.o(x$fpl$dleqf)
    __fpl_dcmple_InfNaN                      0x0802a61b   Thumb Code     0  dleqf.o(x$fpl$dleqf)
    __aeabi_dmul                             0x0802a631   Thumb Code     0  dmul.o(x$fpl$dmul)
    _dmul                                    0x0802a631   Thumb Code   332  dmul.o(x$fpl$dmul)
    __fpl_dnaninf                            0x0802a785   Thumb Code   156  dnaninf.o(x$fpl$dnaninf)
    __fpl_dretinf                            0x0802a821   Thumb Code    12  dretinf.o(x$fpl$dretinf)
    __aeabi_cdrcmple                         0x0802a82d   Thumb Code     0  drleqf.o(x$fpl$drleqf)
    _drcmple                                 0x0802a82d   Thumb Code   108  drleqf.o(x$fpl$drleqf)
    __aeabi_drsub                            0x0802a899   Thumb Code     0  daddsub_clz.o(x$fpl$drsb)
    _drsb                                    0x0802a899   Thumb Code    22  daddsub_clz.o(x$fpl$drsb)
    _dsqrt                                   0x0802a8b1   Thumb Code   404  dsqrt_umaal.o(x$fpl$dsqrt)
    __aeabi_dsub                             0x0802aa49   Thumb Code     0  daddsub_clz.o(x$fpl$dsub)
    _dsub                                    0x0802aa49   Thumb Code   464  daddsub_clz.o(x$fpl$dsub)
    __aeabi_f2d                              0x0802ac1d   Thumb Code     0  f2d.o(x$fpl$f2d)
    _f2d                                     0x0802ac1d   Thumb Code    86  f2d.o(x$fpl$f2d)
    __fpl_fnaninf                            0x0802ac73   Thumb Code   140  fnaninf.o(x$fpl$fnaninf)
    _fp_init                                 0x0802acff   Thumb Code    10  fpinit.o(x$fpl$fpinit)
    __fplib_config_fpu_vfp                   0x0802ad07   Thumb Code     0  fpinit.o(x$fpl$fpinit)
    __fplib_config_pureend_doubles           0x0802ad07   Thumb Code     0  fpinit.o(x$fpl$fpinit)
    __fpl_fretinf                            0x0802ad09   Thumb Code    10  fretinf.o(x$fpl$fretinf)
    __fpl_return_NaN                         0x0802ad13   Thumb Code   100  retnan.o(x$fpl$retnan)
    __ARM_scalbn                             0x0802ad77   Thumb Code    92  scalbn.o(x$fpl$scalbn)
    __fpl_cmpreturn                          0x0802add3   Thumb Code    48  trapv.o(x$fpl$trapveneer)
    OSUnMapTbl                               0x0802ae02   Data         256  os_core.o(.constdata)
    __I$use$fp                               0x0802ae02   Number         0  usenofp.o(x$fpl$usenofp)
    sinTable                                 0x0802af04   Data        2052  fastmath.o(.constdata)
    __mathlib_zero                           0x0802bd78   Data           8  qnan.o(.constdata)
    Region$$Table$$Base                      0x0802be70   Number         0  anon$$obj.o(Region$$Table)
    Region$$Table$$Limit                     0x0802be90   Number         0  anon$$obj.o(Region$$Table)
    ccmHeap                                  0x20000000   Data       40960  alt_kf.o(.ccm)
    fly_ready                                0x2000a000   Data           1  ucos_task.o(.data)
    inner_loop_time_time                     0x2000a004   Data           4  ucos_task.o(.data)
    inner_loop_time_time_int                 0x2000a008   Data           4  ucos_task.o(.data)
    GOL_LINK_BUSY                            0x2000a00c   Data           2  ucos_task.o(.data)
    cnt_time                                 0x2000a00e   Data           4  ucos_task.o(.data)
    YawR                                     0x2000a014   Data           4  ucos_task.o(.data)
    PitchR                                   0x2000a018   Data           4  ucos_task.o(.data)
    RollR                                    0x2000a01c   Data           4  ucos_task.o(.data)
    YawRm                                    0x2000a020   Data           4  ucos_task.o(.data)
    PitchRm                                  0x2000a024   Data           4  ucos_task.o(.data)
    RollRm                                   0x2000a028   Data           4  ucos_task.o(.data)
    outer_loop_time                          0x2000a02c   Data           4  ucos_task.o(.data)
    k_gyro_z                                 0x2000a030   Data           4  ucos_task.o(.data)
    X_ekf                                    0x2000a038   Data          56  ucos_task.o(.data)
    n_q                                      0x2000a070   Data           8  ucos_task.o(.data)
    n_w                                      0x2000a078   Data           8  ucos_task.o(.data)
    n_a                                      0x2000a080   Data           8  ucos_task.o(.data)
    n_m                                      0x2000a088   Data           8  ucos_task.o(.data)
    z_k                                      0x2000a090   Data          36  ucos_task.o(.data)
    P_apo                                    0x2000a0b4   Data         576  ucos_task.o(.data)
    zFlag                                    0x2000a2f4   Data          12  ucos_task.o(.data)
    param                                    0x2000a300   Data          28  ucos_task.o(.data)
    ekf_loop_time                            0x2000a31c   Data           4  ucos_task.o(.data)
    focal_length_px                          0x2000a320   Data           4  ucos_task.o(.data)
    accumulated_flow_x                       0x2000a324   Data           4  ucos_task.o(.data)
    accumulated_flow_y                       0x2000a328   Data           4  ucos_task.o(.data)
    accumulated_gyro_x                       0x2000a32c   Data           4  ucos_task.o(.data)
    accumulated_gyro_y                       0x2000a330   Data           4  ucos_task.o(.data)
    accumulated_gyro_z                       0x2000a334   Data           4  ucos_task.o(.data)
    accumulated_framecount                   0x2000a338   Data           2  ucos_task.o(.data)
    accumulated_quality                      0x2000a33a   Data           2  ucos_task.o(.data)
    integration_timespan                     0x2000a33c   Data           4  ucos_task.o(.data)
    k_flow_acc                               0x2000a340   Data           8  ucos_task.o(.data)
    k_gro_acc                                0x2000a348   Data           4  ucos_task.o(.data)
    flt_gro                                  0x2000a34c   Data           4  ucos_task.o(.data)
    k_time_use                               0x2000a350   Data           4  ucos_task.o(.data)
    imu_board_test                           0x2000a354   Data           1  ucos_task.o(.data)
    MID_CNT_SPD                              0x2000a355   Data           1  ucos_task.o(.data)
    k_flp                                    0x2000a358   Data           4  ucos_task.o(.data)
    b                                        0x2000a3b0   Data          12  ucos_task.o(.data)
    a                                        0x2000a3bc   Data          12  ucos_task.o(.data)
    baro_matlab_data                         0x2000a3c8   Data           8  ucos_task.o(.data)
    flow_loop_time                           0x2000a3d0   Data           4  ucos_task.o(.data)
    k_flow_devide_pi                         0x2000a3d4   Data           4  ucos_task.o(.data)
    UART_UP_LOAD_SEL                         0x2000a3d8   Data           1  ucos_task.o(.data)
    time_uart                                0x2000a3dc   Data           4  ucos_task.o(.data)
    tmr1                                     0x2000a3e0   Data           4  ucos_task.o(.data)
    tmr2                                     0x2000a3e4   Data           4  ucos_task.o(.data)
    tmr3                                     0x2000a3e8   Data           4  ucos_task.o(.data)
    cpuusage                                 0x2000a3ec   Data           2  ucos_task.o(.data)
    msg_key                                  0x2000a41c   Data           4  main.o(.data)
    q_msg                                    0x2000a420   Data           4  main.o(.data)
    flags_key                                0x2000a424   Data           4  main.o(.data)
    ekf_loop_time1                           0x2000a428   Data           4  main.o(.data)
    ero                                      0x2000a42c   Data           4  error.o(.data)
    sys                                      0x2000a430   Data           8  error.o(.data)
    rtInf                                    0x2000a448   Data           8  rt_nonfinite.o(.data)
    rtMinusInf                               0x2000a450   Data           8  rt_nonfinite.o(.data)
    rtNaN                                    0x2000a458   Data           8  rt_nonfinite.o(.data)
    rtInfF                                   0x2000a460   Data           4  rt_nonfinite.o(.data)
    rtMinusInfF                              0x2000a464   Data           4  rt_nonfinite.o(.data)
    rtNaNF                                   0x2000a468   Data           4  rt_nonfinite.o(.data)
    SystemCoreClock                          0x2000a46c   Data           4  system_stm32f4xx.o(.data)
    AHBPrescTable                            0x2000a470   Data          16  system_stm32f4xx.o(.data)
    OSCtxSwCtr                               0x2000a494   Data           4  os_core.o(.data)
    OSEventFreeList                          0x2000a498   Data           4  os_core.o(.data)
    OSFlagFreeList                           0x2000a49c   Data           4  os_core.o(.data)
    OSCPUUsage                               0x2000a4a0   Data           1  os_core.o(.data)
    OSIdleCtrMax                             0x2000a4a4   Data           4  os_core.o(.data)
    OSIdleCtrRun                             0x2000a4a8   Data           4  os_core.o(.data)
    OSStatRdy                                0x2000a4ac   Data           1  os_core.o(.data)
    OSIntNesting                             0x2000a4ad   Data           1  os_core.o(.data)
    OSLockNesting                            0x2000a4ae   Data           1  os_core.o(.data)
    OSPrioCur                                0x2000a4af   Data           1  os_core.o(.data)
    OSPrioHighRdy                            0x2000a4b0   Data           1  os_core.o(.data)
    OSRdyGrp                                 0x2000a4b1   Data           1  os_core.o(.data)
    OSRdyTbl                                 0x2000a4b2   Data           8  os_core.o(.data)
    OSRunning                                0x2000a4ba   Data           1  os_core.o(.data)
    OSTaskCtr                                0x2000a4bb   Data           1  os_core.o(.data)
    OSIdleCtr                                0x2000a4bc   Data           4  os_core.o(.data)
    OSTCBCur                                 0x2000a4c0   Data           4  os_core.o(.data)
    OSTCBFreeList                            0x2000a4c4   Data           4  os_core.o(.data)
    OSTCBHighRdy                             0x2000a4c8   Data           4  os_core.o(.data)
    OSTCBList                                0x2000a4cc   Data           4  os_core.o(.data)
    OSTickStepState                          0x2000a4d0   Data           1  os_core.o(.data)
    OSQFreeList                              0x2000a4d4   Data           4  os_core.o(.data)
    OSTime                                   0x2000a4d8   Data           4  os_core.o(.data)
    OSTmrFree                                0x2000a4dc   Data           2  os_core.o(.data)
    OSTmrUsed                                0x2000a4de   Data           2  os_core.o(.data)
    OSTmrTime                                0x2000a4e0   Data           4  os_core.o(.data)
    OSTmrSem                                 0x2000a4e4   Data           4  os_core.o(.data)
    OSTmrSemSignal                           0x2000a4e8   Data           4  os_core.o(.data)
    OSTmrFreeList                            0x2000a4ec   Data           4  os_core.o(.data)
    OSInterrputSum                           0x2000a4f0   Data           4  os_cpu_c.o(.data)
    FLASH_SIZE                               0x2000a500   Data           4  flash.o(.data)
    W25QXX_TYPE                              0x2000a504   Data           2  flash_w25.o(.data)
    GPS_SEL1                                 0x2000a508   Data           1  gps.o(.data)
    gps_dt                                   0x2000a50c   Data           4  gps.o(.data)
    dt_flow_rx                               0x2000a510   Data           4  usart_fc.o(.data)
    data_rate_gol_link                       0x2000a514   Data           2  usart_fc.o(.data)
    LOCK                                     0x2000a516   Data           1  usart_fc.o(.data)
    KEY                                      0x2000a517   Data           8  usart_fc.o(.data)
    KEY_SEL                                  0x2000a51f   Data           4  usart_fc.o(.data)
    NAV_BOARD_CONNECT                        0x2000a523   Data           1  usart_fc.o(.data)
    force_fly_ready                          0x2000a524   Data           1  usart_fc.o(.data)
    k_flow_opencv                            0x2000a528   Data           4  usart_fc.o(.data)
    sonar_fc                                 0x2000a52c   Data           4  usart_fc.o(.data)
    baroAlt_fc                               0x2000a530   Data           4  usart_fc.o(.data)
    fc_rx_time                               0x2000a534   Data           4  usart_fc.o(.data)
    flow_module_set_yaw                      0x2000a538   Data           4  usart_fc.o(.data)
    acc_3d_step                              0x2000a53c   Data           1  usart_fc.o(.data)
    imu_feed_dog                             0x2000a53d   Data           1  usart_fc.o(.data)
    FC_CONNECT                               0x2000a53e   Data           1  usart_fc.o(.data)
    fc_loss_cnt                              0x2000a540   Data           2  usart_fc.o(.data)
    fly_ready_force_zero                     0x2000a542   Data           1  usart_fc.o(.data)
    TxCounter                                0x2000a543   Data           1  usart_fc.o(.data)
    count                                    0x2000a544   Data           1  usart_fc.o(.data)
    RxState                                  0x2000a545   Data           1  usart_fc.o(.data)
    RxBufferNum                              0x2000a546   Data           1  usart_fc.o(.data)
    RxBufferCnt                              0x2000a547   Data           1  usart_fc.o(.data)
    RxLen                                    0x2000a548   Data           1  usart_fc.o(.data)
    com_data                                 0x2000a549   Data           1  usart_fc.o(.data)
    sd_save_sel                              0x2000a54c   Data           1  usart_fc.o(.data)
    nrf_uart_cnt                             0x2000a54e   Data           2  usart_fc.o(.data)
    Tx5Counter                               0x2000a550   Data           1  usart_fc.o(.data)
    count5                                   0x2000a551   Data           1  usart_fc.o(.data)
    dlf_odroid                               0x2000a554   Data           4  usart_fc.o(.data)
    TxCounter_u1                             0x2000a558   Data           1  usart_fc.o(.data)
    count_u1                                 0x2000a559   Data           1  usart_fc.o(.data)
    RxState_u1                               0x2000a55a   Data           1  usart_fc.o(.data)
    RxBufferNum_u1                           0x2000a55b   Data           1  usart_fc.o(.data)
    RxBufferCnt_u1                           0x2000a55c   Data           1  usart_fc.o(.data)
    RxLen_u1                                 0x2000a55d   Data           1  usart_fc.o(.data)
    USART3_RX_STA                            0x2000a560   Data           2  usart_fc.o(.data)
    buf_GPRMC                                0x2000a562   Data         100  usart_fc.o(.data)
    buf_GPRMCt                               0x2000a5c6   Data         100  usart_fc.o(.data)
    buf_GPGGA                                0x2000a62a   Data         100  usart_fc.o(.data)
    buf_GPGGAt                               0x2000a68e   Data         100  usart_fc.o(.data)
    gps_good                                 0x2000a6f2   Data           1  usart_fc.o(.data)
    gps_loss_cnt                             0x2000a6f4   Data           2  usart_fc.o(.data)
    k_gps_dow_spd                            0x2000a6f8   Data           4  usart_fc.o(.data)
    gpsData_lastPosUpdate                    0x2000a6fc   Data           4  usart_fc.o(.data)
    gpsData_lastVelUpdate                    0x2000a700   Data           4  usart_fc.o(.data)
    gps_update                               0x2000a704   Data           4  usart_fc.o(.data)
    RxState11                                0x2000a708   Data           1  usart_fc.o(.data)
    RxBufferNum11                            0x2000a709   Data           1  usart_fc.o(.data)
    RxBufferCnt11                            0x2000a70a   Data           1  usart_fc.o(.data)
    RxLen11                                  0x2000a70b   Data           1  usart_fc.o(.data)
    _data_cnt11                              0x2000a70c   Data           2  usart_fc.o(.data)
    _data_len11                              0x2000a70e   Data           2  usart_fc.o(.data)
    RxBuffer4_test_cnt                       0x2000a710   Data           1  usart_fc.o(.data)
    RxState4                                 0x2000a711   Data           1  usart_fc.o(.data)
    RxBufferNum4                             0x2000a712   Data           1  usart_fc.o(.data)
    RxBufferCnt4                             0x2000a713   Data           1  usart_fc.o(.data)
    RxLen4                                   0x2000a714   Data           1  usart_fc.o(.data)
    en_px4_mapper                            0x2000a717   Data           1  usart_fc.o(.data)
    rate_gps_board                           0x2000a718   Data           4  usart_fc.o(.data)
    RxState3                                 0x2000a71c   Data           1  usart_fc.o(.data)
    RxBufferNum3                             0x2000a71d   Data           1  usart_fc.o(.data)
    RxBufferCnt3                             0x2000a71e   Data           1  usart_fc.o(.data)
    RxLen3                                   0x2000a71f   Data           1  usart_fc.o(.data)
    Angle_Yun                                0x2000a724   Data           8  usart_fc.o(.data)
    en_ble_debug                             0x2000a72c   Data           1  usart_fc.o(.data)
    IMU1_Fast                                0x2000a770   Data           1  lis3mdl.o(.data)
    baroAlt                                  0x2000a774   Data           4  lis3mdl.o(.data)
    baro_set                                 0x2000a778   Data           4  lis3mdl.o(.data)
    for_fly_ready                            0x2000a77c   Data           4  lis3mdl.o(.data)
    id                                       0x2000a780   Data           3  lis3mdl.o(.data)
    MAX_HML                                  0x2000a784   Data           4  lis3mdl.o(.data)
    sum_temp_att                             0x2000a788   Data           8  lis3mdl.o(.data)
    acc_sum_cnt                              0x2000a790   Data           2  lis3mdl.o(.data)
    acc_sum_cnt_3d                           0x2000a792   Data           2  lis3mdl.o(.data)
    acc_smple_cnt_3d                         0x2000a794   Data           2  lis3mdl.o(.data)
    gyro_sum_cnt                             0x2000a796   Data           2  lis3mdl.o(.data)
    acc_tempFilter                           0x2000a9ac   Data           8  lis3mdl.o(.data)
    Butter_80HZ_Parameter_Acce               0x2000a9f0   Data          24  fliter.o(.data)
    Butter_60HZ_Parameter_Acce               0x2000aa08   Data          24  fliter.o(.data)
    Butter_50HZ_Parameter_Acce               0x2000aa20   Data          24  fliter.o(.data)
    Butter_30HZ_Parameter_Acce               0x2000aa38   Data          24  fliter.o(.data)
    Butter_20HZ_Parameter_Acce               0x2000aa50   Data          24  fliter.o(.data)
    Butter_15HZ_Parameter_Acce               0x2000aa68   Data          24  fliter.o(.data)
    Butter_10HZ_Parameter_Acce               0x2000aa80   Data          24  fliter.o(.data)
    Butter_5HZ_Parameter_Acce                0x2000aa98   Data          24  fliter.o(.data)
    Butter_2HZ_Parameter_Acce                0x2000aab0   Data          24  fliter.o(.data)
    Butter_parameter                         0x2000aac8   Data          24  fliter.o(.data)
    T_sonar                                  0x2000aaf8   Data           4  ultrasonic.o(.data)
    ultra_start_f                            0x2000aafc   Data           1  ultrasonic.o(.data)
    ultra_time                               0x2000aafd   Data           1  ultrasonic.o(.data)
    ultra_ok                                 0x2000aafe   Data           1  ultrasonic.o(.data)
    x_pred                                   0x2000ab00   Data           8  ultrasonic.o(.data)
    v_pred                                   0x2000ab08   Data           8  ultrasonic.o(.data)
    x_post                                   0x2000ab10   Data           8  ultrasonic.o(.data)
    v_post                                   0x2000ab18   Data           8  ultrasonic.o(.data)
    sonar_raw                                0x2000ab20   Data           4  ultrasonic.o(.data)
    scale_kal_sonar_v                        0x2000ab24   Data           4  ultrasonic.o(.data)
    x_pred_bmp                               0x2000ab28   Data           8  ultrasonic.o(.data)
    v_pred_bmp                               0x2000ab30   Data           8  ultrasonic.o(.data)
    x_post_bmp                               0x2000ab38   Data           8  ultrasonic.o(.data)
    v_post_bmp                               0x2000ab40   Data           8  ultrasonic.o(.data)
    state_dj                                 0x2000ab48   Data           5  ultrasonic.o(.data)
    state_dj_rx                              0x2000ab4d   Data           5  ultrasonic.o(.data)
    IO_STATE                                 0x2000ab52   Data           5  ultrasonic.o(.data)
    IO_STATER                                0x2000ab57   Data           5  ultrasonic.o(.data)
    TEMP_SONAR                               0x2000ab5c   Data           4  ultrasonic.o(.data)
    cnt_sample1                              0x2000ab60   Data           4  ultrasonic.o(.data)
    ultra_distance                           0x2000ab64   Data           4  ultrasonic.o(.data)
    ultra_distance_r                         0x2000ab68   Data           4  ultrasonic.o(.data)
    ultra_delta                              0x2000ab6c   Data           4  ultrasonic.o(.data)
    ak8975                                   0x2000ab90   Data          48  hml_sample.o(.data)
    flow_update                              0x2000abc0   Data           1  flow.o(.data)
    k_flow_devide                            0x2000abc8   Data           4  flow.o(.data)
    flow_module_offset_y                     0x2000abcc   Data           4  flow.o(.data)
    flow_module_offset_x                     0x2000abd0   Data           4  flow.o(.data)
    fast_atan_table                          0x2000ac28   Data        1028  my_math.o(.data)
    Kp                                       0x2000b030   Data           4  imu.o(.data)
    Ki                                       0x2000b034   Data           4  imu.o(.data)
    Roll                                     0x2000b038   Data           4  imu.o(.data)
    Pitch                                    0x2000b03c   Data           4  imu.o(.data)
    Yaw                                      0x2000b040   Data           4  imu.o(.data)
    Roll_mid_down                            0x2000b044   Data           4  imu.o(.data)
    Pitch_mid_down                           0x2000b048   Data           4  imu.o(.data)
    Yaw_mid_down                             0x2000b04c   Data           4  imu.o(.data)
    ref_q                                    0x2000b050   Data          16  imu.o(.data)
    norm_acc                                 0x2000b060   Data           4  imu.o(.data)
    norm_q                                   0x2000b064   Data           4  imu.o(.data)
    norm_acc_lpf                             0x2000b068   Data           4  imu.o(.data)
    test_flag                                0x2000b06c   Data          12  imu.o(.data)
    mag_norm                                 0x2000b078   Data           4  imu.o(.data)
    mag_norm_xyz                             0x2000b07c   Data           4  imu.o(.data)
    gh_yaw                                   0x2000b080   Data           4  imu.o(.data)
    ga_yaw                                   0x2000b084   Data           4  imu.o(.data)
    gw_yaw                                   0x2000b088   Data           4  imu.o(.data)
    yaw_kf                                   0x2000b08c   Data           4  imu.o(.data)
    P_kf_yaw                                 0x2000b090   Data          32  imu.o(.data)
    k_kf_z                                   0x2000b0b0   Data           4  imu.o(.data)
    yaw_cross                                0x2000b0b4   Data           1  imu.o(.data)
    yaw_qr_off                               0x2000b0b8   Data           4  imu.o(.data)
    dis_angle_lock                           0x2000b0bc   Data           1  imu.o(.data)
    yaw_cal_by_qr                            0x2000b0bd   Data           1  imu.o(.data)
    yaw_qr_off_local                         0x2000b0c0   Data           4  imu.o(.data)
    yaw_off_earth                            0x2000b0c4   Data           4  imu.o(.data)
    ref_q_imd_down                           0x2000b0d8   Data          16  imu_m.o(.data)
    beta                                     0x2000b0e8   Data           4  imu_m.o(.data)
    q0_m                                     0x2000b0ec   Data           4  imu_m.o(.data)
    q1_m                                     0x2000b0f0   Data           4  imu_m.o(.data)
    q2_m                                     0x2000b0f4   Data           4  imu_m.o(.data)
    q3_m                                     0x2000b0f8   Data           4  imu_m.o(.data)
    q0                                       0x2000b0fc   Data           4  imu_m.o(.data)
    q1                                       0x2000b100   Data           4  imu_m.o(.data)
    q2                                       0x2000b104   Data           4  imu_m.o(.data)
    q3                                       0x2000b108   Data           4  imu_m.o(.data)
    q0_fc                                    0x2000b10c   Data           4  imu_m.o(.data)
    q1_fc                                    0x2000b110   Data           4  imu_m.o(.data)
    q2_fc                                    0x2000b114   Data           4  imu_m.o(.data)
    q3_fc                                    0x2000b118   Data           4  imu_m.o(.data)
    init_q                                   0x2000b11c   Data           1  imu_m.o(.data)
    beta_start                               0x2000b120   Data           4  imu_m.o(.data)
    beta_end                                 0x2000b124   Data           4  imu_m.o(.data)
    beta_step                                0x2000b128   Data           4  imu_m.o(.data)
    accConfidenceDecay                       0x2000b12c   Data           4  imu_m.o(.data)
    hmlConfidenceDecay                       0x2000b130   Data           4  imu_m.o(.data)
    accConfidence                            0x2000b134   Data           4  imu_m.o(.data)
    hmlConfidence                            0x2000b138   Data           4  imu_m.o(.data)
    norm_hml_view                            0x2000b13c   Data           4  imu_m.o(.data)
    hmlOneMAG                                0x2000b140   Data           4  imu_m.o(.data)
    init_hml_norm                            0x2000b144   Data           1  imu_m.o(.data)
    init_hml_norm_cnt                        0x2000b146   Data           2  imu_m.o(.data)
    QR_DELAY                                 0x2000b160   Data           1  ukf_task.o(.data)
    GPS_DELAY_P                              0x2000b161   Data           1  ukf_task.o(.data)
    GPS_DELAY_V                              0x2000b162   Data           1  ukf_task.o(.data)
    FLOW_DELAY                               0x2000b163   Data           1  ukf_task.o(.data)
    DELAY_FIX_SEL                            0x2000b164   Data           1  ukf_task.o(.data)
    k_acc_f                                  0x2000b168   Data           4  ukf_task.o(.data)
    test_k                                   0x2000b16c   Data          12  ukf_task.o(.data)
    q_flow                                   0x2000b178   Data          12  ukf_task.o(.data)
    r_flow                                   0x2000b184   Data          12  ukf_task.o(.data)
    flow_gain                                0x2000b190   Data           4  ukf_task.o(.data)
    acc_flag_flow                            0x2000b194   Data           8  ukf_task.o(.data)
    X_ukf_Pos                                0x2000b19c   Data           8  ukf_task.o(.data)
    r1                                       0x2000b1a4   Data           4  ukf_task.o(.data)
    r2                                       0x2000b1a8   Data           4  ukf_task.o(.data)
    posNorth                                 0x2000b1ac   Data           4  ukf_task.o(.data)
    posEast                                  0x2000b1b0   Data           4  ukf_task.o(.data)
    local_Lat                                0x2000b1b8   Data           8  ukf_task.o(.data)
    local_Lon                                0x2000b1c0   Data           8  ukf_task.o(.data)
    velEast                                  0x2000b1c8   Data           4  ukf_task.o(.data)
    velNorth                                 0x2000b1cc   Data           4  ukf_task.o(.data)
    GPS_J_F                                  0x2000b1d0   Data           4  ukf_task.o(.data)
    GPS_W_F                                  0x2000b1d4   Data           4  ukf_task.o(.data)
    kf_data_sel                              0x2000b1d8   Data           1  ukf_task.o(.data)
    P_KF_NAV                                 0x2000b1e0   Data         144  ukf_task.o(.data)
    ga_nav                                   0x2000b270   Data           4  ukf_task.o(.data)
    gwa_nav                                  0x2000b274   Data           4  ukf_task.o(.data)
    g_pos_flow                               0x2000b278   Data           4  ukf_task.o(.data)
    g_spd_flow                               0x2000b27c   Data           4  ukf_task.o(.data)
    K_pos_qr                                 0x2000b280   Data           4  ukf_task.o(.data)
    K_spd_flow                               0x2000b284   Data           4  ukf_task.o(.data)
    K_acc_gps                                0x2000b288   Data           4  ukf_task.o(.data)
    K_pos_gps                                0x2000b28c   Data           4  ukf_task.o(.data)
    K_spd_gps                                0x2000b290   Data           4  ukf_task.o(.data)
    g_pos_gps                                0x2000b294   Data           4  ukf_task.o(.data)
    g_spd_gps                                0x2000b298   Data           4  ukf_task.o(.data)
    g_pos_use                                0x2000b29c   Data           4  ukf_task.o(.data)
    g_spd_use                                0x2000b2a0   Data           4  ukf_task.o(.data)
    velNorth_gps                             0x2000b2a4   Data           4  ukf_task.o(.data)
    velEast_gps                              0x2000b2a8   Data           4  ukf_task.o(.data)
    flag_kf1                                 0x2000b2ac   Data           8  ukf_task.o(.data)
    force_test                               0x2000b2b4   Data           1  ukf_task.o(.data)
    Posx                                     0x2000b2b8   Data           4  ukf_task.o(.data)
    Posy                                     0x2000b2bc   Data           4  ukf_task.o(.data)
    gps_data_vaild                           0x2000b2c0   Data           1  ukf_task.o(.data)
    gps_init                                 0x2000b2c1   Data           1  ukf_task.o(.data)
    r_flow_new                               0x2000b2c4   Data          16  ukf_task.o(.data)
    r_gps_new                                0x2000b2d4   Data          16  ukf_task.o(.data)
    R_GPS                                    0x2000b2e4   Data           8  ukf_task.o(.data)
    Q_GPS                                    0x2000b2ec   Data           8  ukf_task.o(.data)
    R_Acce_bias                              0x2000b2f4   Data           8  ukf_task.o(.data)
    Pre_conv_GPS                             0x2000b300   Data          64  ukf_task.o(.data)
    Acce_Bias                                0x2000b340   Data           8  ukf_task.o(.data)
    GPS_Vel_Delay_Cnt                        0x2000b348   Data           2  ukf_task.o(.data)
    GPS_Pos_Delay_Cnt                        0x2000b34a   Data           2  ukf_task.o(.data)
    GPS_Position_Cnt                         0x2000b34c   Data           2  ukf_task.o(.data)
    Acce_bias                                0x2000b350   Data           8  ukf_task.o(.data)
    X_Delta                                  0x2000b358   Data           4  ukf_task.o(.data)
    Y_Delta                                  0x2000b35c   Data           4  ukf_task.o(.data)
    GPS_Save_Period_Cnt                      0x2000b360   Data           2  ukf_task.o(.data)
    GPS_SINS_Delay_Cnt                       0x2000b362   Data           2  ukf_task.o(.data)
    Pos_Err_On_Accel                         0x2000b364   Data           8  ukf_task.o(.data)
    Accel_Correction_BF                      0x2000b36c   Data           8  ukf_task.o(.data)
    Accel_Correction_EF                      0x2000b374   Data           8  ukf_task.o(.data)
    SINS_Accel_Earth                         0x2000b37c   Data           8  ukf_task.o(.data)
    altUkfData                               0x2000b3b0   Data           8  alt_kf.o(.data)
    altUkfData_sonar                         0x2000b3b8   Data           8  alt_kf.o(.data)
    altUkfData_bmp                           0x2000b3c0   Data           8  alt_kf.o(.data)
    flowUkfData_x                            0x2000b3c8   Data           8  alt_kf.o(.data)
    flowUkfData_y                            0x2000b3d0   Data           8  alt_kf.o(.data)
    gpsUkfData_e                             0x2000b3d8   Data           8  alt_kf.o(.data)
    gpsUkfData_n                             0x2000b3e0   Data           8  alt_kf.o(.data)
    heapUsed                                 0x2000b3e8   Data           4  alt_kf.o(.data)
    heapHighWater                            0x2000b3ec   Data           4  alt_kf.o(.data)
    dataSramUsed                             0x2000b3f0   Data           4  alt_kf.o(.data)
    FLOW_NOISE                               0x2000b3f4   Data           4  alt_kf.o(.data)
    flow_pos                                 0x2000b3f8   Data           8  alt_kf.o(.data)
    measure_num                              0x2000b400   Data           1  alt_kf.o(.data)
    k_acc                                    0x2000b408   Data           4  alt_kf.o(.data)
    sonar_av_cnt                             0x2000b40c   Data           2  alt_kf.o(.data)
    sonar_f_set                              0x2000b410   Data          24  alt_kf.o(.data)
    ALT_PRES_NOISE                           0x2000b428   Data           4  alt_kf.o(.data)
    ALT_PRES_NOISE_SONAR                     0x2000b42c   Data           4  alt_kf.o(.data)
    ALT_POS_SONAR2                           0x2000b430   Data           4  alt_kf.o(.data)
    ALT_POS_SONAR3                           0x2000b434   Data           4  alt_kf.o(.data)
    sonar_h_cnt                              0x2000b438   Data           4  alt_kf.o(.data)
    sonar_temp                               0x2000b43c   Data           4  alt_kf.o(.data)
    K_SONAR                                  0x2000b440   Data           4  alt_kf.o(.data)
    test_1                                   0x2000b444   Data           2  alt_kf.o(.data)
    en_1                                     0x2000b446   Data           1  alt_kf.o(.data)
    NOISE                                    0x2000b448   Data          12  alt_kf.o(.data)
    X_apo_height1                            0x2000b454   Data           8  alt_kf.o(.data)
    P_apo_k_height1                          0x2000b45c   Data          16  alt_kf.o(.data)
    r_baro1                                  0x2000b46c   Data           4  alt_kf.o(.data)
    r_acc1                                   0x2000b470   Data           4  alt_kf.o(.data)
    k_spd                                    0x2000b474   Data           4  alt_kf.o(.data)
    gh                                       0x2000b478   Data           4  alt_kf.o(.data)
    gh_sonar                                 0x2000b47c   Data           4  alt_kf.o(.data)
    ga                                       0x2000b480   Data           4  alt_kf.o(.data)
    gwa                                      0x2000b484   Data           4  alt_kf.o(.data)
    P_kf_baro                                0x2000b488   Data          72  alt_kf.o(.data)
    P_kf_sonar                               0x2000b4d0   Data          72  alt_kf.o(.data)
    X_apo_height                             0x2000b518   Data           8  alt_kf.o(.data)
    P_apo_k_height                           0x2000b520   Data          16  alt_kf.o(.data)
    k_bais                                   0x2000b530   Data           4  alt_kf.o(.data)
    k_bais2                                  0x2000b534   Data           4  alt_kf.o(.data)
    r_baro                                   0x2000b538   Data           4  alt_kf.o(.data)
    r_acc                                    0x2000b53c   Data           4  alt_kf.o(.data)
    gro_z_dead                               0x2000b540   Data           4  alt_kf.o(.data)
    dead_accz                                0x2000b544   Data           4  alt_kf.o(.data)
    acc_off_baro                             0x2000b548   Data           4  alt_kf.o(.data)
    k_hcc                                    0x2000b54c   Data           4  alt_kf.o(.data)
    k_hcc_fix                                0x2000b550   Data           4  alt_kf.o(.data)
    hc_acc_i_bmp                             0x2000b554   Data           4  alt_kf.o(.data)
    accz                                     0x2000b558   Data           4  alt_kf.o(.data)
    accz_bmp                                 0x2000b55c   Data           4  alt_kf.o(.data)
    acc_scale_bmp                            0x2000b560   Data           4  alt_kf.o(.data)
    acc_mask                                 0x2000b564   Data           1  alt_kf.o(.data)
    acc_mask_cnt_max                         0x2000b566   Data           2  alt_kf.o(.data)
    baro_ukf_dt                              0x2000b568   Data           4  alt_kf.o(.data)
    baro_ekf_dt                              0x2000b56c   Data           4  alt_kf.o(.data)
    k_flt_accz                               0x2000b570   Data           4  alt_kf.o(.data)
    acc_est                                  0x2000b574   Data           4  alt_kf.o(.data)
    acc_est_imu                              0x2000b578   Data           4  alt_kf.o(.data)
    baro_ekf_ero                             0x2000b57c   Data           1  alt_kf.o(.data)
    ALT_VEL_BMP_UNION                        0x2000b580   Data           4  alt_kf.o(.data)
    ALT_POS_BMP_UNION                        0x2000b584   Data           4  alt_kf.o(.data)
    baroAlt_sel                              0x2000b588   Data           1  alt_kf.o(.data)
    r_baro_new                               0x2000b58c   Data          16  alt_kf.o(.data)
    g_baro_h                                 0x2000b59c   Data           4  alt_kf.o(.data)
    g_baro_spd                               0x2000b5a0   Data           4  alt_kf.o(.data)
    acc_flag                                 0x2000b5a4   Data           8  alt_kf.o(.data)
    k_acc_ukf                                0x2000b5ac   Data           4  alt_kf.o(.data)
    MAX_ACC_NEO                              0x2000b5b0   Data           4  alt_kf.o(.data)
    flow_dt                                  0x2000b5b4   Data           4  alt_kf.o(.data)
    GPS_NOISE                                0x2000b5b8   Data           4  alt_kf.o(.data)
    k_acc_fpl_gps                            0x2000b5bc   Data           4  alt_kf.o(.data)
    q_pos                                    0x2000b5c0   Data           4  alt_kf.o(.data)
    v_q                                      0x2000b5c4   Data           4  alt_kf.o(.data)
    v_bais                                   0x2000b5c8   Data           4  alt_kf.o(.data)
    s_bais                                   0x2000b5cc   Data           4  alt_kf.o(.data)
    ALT_STATE_POS1                           0x2000b5d0   Data           4  alt_kf.o(.data)
    ALT_STATE_VEL1                           0x2000b5d4   Data           4  alt_kf.o(.data)
    ALT_STATE_BIAS1                          0x2000b5d8   Data           4  alt_kf.o(.data)
    ALT_NOISE_BIAS1                          0x2000b5dc   Data           4  alt_kf.o(.data)
    ALT_NOISE_VEL1                           0x2000b5e0   Data           4  alt_kf.o(.data)
    ALT_STATE_POS_GPS                        0x2000b5e4   Data           4  alt_kf.o(.data)
    ALT_STATE_VEL_GPS                        0x2000b5e8   Data           4  alt_kf.o(.data)
    ALT_STATE_BIAS_GPS                       0x2000b5ec   Data           4  alt_kf.o(.data)
    ALT_NOISE_BIAS_GPS                       0x2000b5f0   Data           4  alt_kf.o(.data)
    ALT_NOISE_VEL_GPS                        0x2000b5f4   Data           4  alt_kf.o(.data)
    INNER_TASK_STK                           0x2000b638   Data        1536  ucos_task.o(.bss)
    OUTER_TASK_STK                           0x2000bc38   Data        6144  ucos_task.o(.bss)
    P_ekf                                    0x2000d438   Data         392  ucos_task.o(.bss)
    Att                                      0x2000d5c0   Data          32  ucos_task.o(.bss)
    x_apo                                    0x2000d5e0   Data          48  ucos_task.o(.bss)
    Rot_matrix                               0x2000d610   Data          36  ucos_task.o(.bss)
    eulerAngles                              0x2000d634   Data          12  ucos_task.o(.bss)
    q_ekf                                    0x2000d640   Data          16  ucos_task.o(.bss)
    EKF_TASK_STK                             0x2000d650   Data       20736  ucos_task.o(.bss)
    BARO_TASK_STK                            0x20012750   Data        3072  ucos_task.o(.bss)
    SONAR_TASK_STK                           0x20013350   Data         512  ucos_task.o(.bss)
    FLOW_TASK_STK                            0x20013550   Data        1280  ucos_task.o(.bss)
    xBuf1                                    0x20013b40   Data          12  ucos_task.o(.bss)
    yBuf1                                    0x20013b4c   Data          12  ucos_task.o(.bss)
    xBuf2                                    0x20013b58   Data          12  ucos_task.o(.bss)
    yBuf2                                    0x20013b64   Data          12  ucos_task.o(.bss)
    xBuf3                                    0x20013b70   Data          12  ucos_task.o(.bss)
    yBuf3                                    0x20013b7c   Data          12  ucos_task.o(.bss)
    acc_neo                                  0x20013b88   Data          12  ucos_task.o(.bss)
    flow_ground_temp                         0x20013b94   Data          16  ucos_task.o(.bss)
    flow_matlab_data                         0x20013ba4   Data          16  ucos_task.o(.bss)
    px4_test                                 0x20013bb4   Data          16  ucos_task.o(.bss)
    ERROR_TASK_STK                           0x20013bc4   Data         256  ucos_task.o(.bss)
    START_TASK_STK                           0x20013d0c   Data         256  main.o(.bss)
    MsgGrp                                   0x20013e0c   Data        1024  main.o(.bss)
    module                                   0x2001420c   Data          11  main.o(.bss)
    mcuID                                    0x20014218   Data          12  main.o(.bss)
    OSEventTbl                               0x20014224   Data         200  os_core.o(.bss)
    OSFlagTbl                                0x200142ec   Data          80  os_core.o(.bss)
    OSTaskStatStk                            0x2001433c   Data         512  os_core.o(.bss)
    OSTaskIdleStk                            0x2001453c   Data         512  os_core.o(.bss)
    OSTCBPrioTbl                             0x2001473c   Data         256  os_core.o(.bss)
    OSTCBTbl                                 0x2001483c   Data        1848  os_core.o(.bss)
    OSQTbl                                   0x20014f74   Data         120  os_core.o(.bss)
    OSTmrTbl                                 0x20014fec   Data         640  os_core.o(.bss)
    OSTmrTaskStk                             0x2001526c   Data         512  os_core.o(.bss)
    OSTmrWheelTbl                            0x2001546c   Data          64  os_core.o(.bss)
    FLASH_READ_BUF                           0x200154ac   Data         100  flash.o(.bss)
    FLASH_Buffer                             0x20015510   Data         100  flash.o(.bss)
    W25QXX_BUFFER                            0x20015574   Data        4096  flash_w25.o(.bss)
    Cycle_T                                  0x20016574   Data         360  time.o(.bss)
    qr                                       0x200166e0   Data          76  usart_fc.o(.bss)
    color                                    0x2001672c   Data          20  usart_fc.o(.bss)
    HPID                                     0x20016740   Data          18  usart_fc.o(.bss)
    SPID                                     0x20016752   Data          18  usart_fc.o(.bss)
    FIX_PID                                  0x20016764   Data          18  usart_fc.o(.bss)
    NAV_PID                                  0x20016776   Data          18  usart_fc.o(.bss)
    pid                                      0x20016788   Data         224  usart_fc.o(.bss)
    Rc_Get                                   0x20016868   Data          20  usart_fc.o(.bss)
    plane                                    0x2001687c   Data         116  usart_fc.o(.bss)
    slam                                     0x200168f0   Data          20  usart_fc.o(.bss)
    imu_nav                                  0x20016904   Data         104  usart_fc.o(.bss)
    mode                                     0x2001696c   Data          53  usart_fc.o(.bss)
    flow_debug                               0x200169a4   Data          40  usart_fc.o(.bss)
    par                                      0x200169cc   Data          48  usart_fc.o(.bss)
    TxBuffer                                 0x200169fc   Data         256  usart_fc.o(.bss)
    Rx_Buf                                   0x20016afc   Data         256  usart_fc.o(.bss)
    RxBuffer                                 0x20016bfc   Data          50  usart_fc.o(.bss)
    sd_save                                  0x20016c30   Data          80  usart_fc.o(.bss)
    flow_5a                                  0x20016c80   Data          16  usart_fc.o(.bss)
    Tx5Buffer                                0x20016c90   Data         256  usart_fc.o(.bss)
    TxBuffer_u1                              0x20016d90   Data         256  usart_fc.o(.bss)
    Rx_Buf_u1                                0x20016e90   Data         256  usart_fc.o(.bss)
    RxBuffer_u1                              0x20016f90   Data          50  usart_fc.o(.bss)
    USART3_TX_BUF                            0x20016fc8   Data         800  usart_fc.o(.bss)
    USART3_RX_BUF                            0x200172e8   Data         800  usart_fc.o(.bss)
    USART1_TX_BUF                            0x20017608   Data         800  usart_fc.o(.bss)
    gpsx                                     0x20017928   Data         323  usart_fc.o(.bss)
    buf_imu_dj                               0x20017a6b   Data          20  usart_fc.o(.bss)
    angle_imu_dj                             0x20017a80   Data          12  usart_fc.o(.bss)
    RxBuffer11                               0x20017a8c   Data          50  usart_fc.o(.bss)
    buf_GNVTG                                0x20017abe   Data          65  usart_fc.o(.bss)
    laser_buf                                0x20017b00   Data         720  usart_fc.o(.bss)
    m100                                     0x20017dd0   Data         120  usart_fc.o(.bss)
    debug_pi_flow                            0x20017e48   Data          80  usart_fc.o(.bss)
    pi_flow                                  0x20017e98   Data         356  usart_fc.o(.bss)
    RxBuffer4_test                           0x20017ffc   Data          25  usart_fc.o(.bss)
    RxBuffer4                                0x20018015   Data          50  usart_fc.o(.bss)
    Rx_Buf3                                  0x20018047   Data         256  usart_fc.o(.bss)
    RxBuffer3                                0x20018147   Data          50  usart_fc.o(.bss)
    SendBuff1                                0x20018179   Data          64  usart_fc.o(.bss)
    SendBuff2                                0x200181b9   Data         384  usart_fc.o(.bss)
    SendBuff3                                0x20018339   Data          32  usart_fc.o(.bss)
    SendBuff4                                0x20018359   Data          64  usart_fc.o(.bss)
    flow                                     0x200183a0   Data         112  usart_fc.o(.bss)
    flow_rad                                 0x20018410   Data          48  usart_fc.o(.bss)
    lis3mdl                                  0x200185b0   Data         292  lis3mdl.o(.bss)
    acc_lsq                                  0x200186d4   Data         168  lis3mdl.o(.bss)
    sum_temp                                 0x2001877c   Data          28  lis3mdl.o(.bss)
    sum_temp_3d                              0x20018798   Data          28  lis3mdl.o(.bss)
    mpu6050                                  0x20018ee0   Data         188  mpu6050.o(.bss)
    mpu6050_r                                0x20018f9c   Data         188  mpu6050.o(.bss)
    imu_fushion                              0x20019058   Data         188  mpu6050.o(.bss)
    med_filter_tmp                           0x20019114   Data        2800  fliter.o(.bss)
    med_filter_out                           0x20019c04   Data         140  fliter.o(.bss)
    med_fil_cnt                              0x20019c90   Data          35  fliter.o(.bss)
    firstOrderFilters                        0x20019cb4   Data         400  fliter.o(.bss)
    Butter_Buffer                            0x20019e44   Data          72  fliter.o(.bss)
    Butter_Buffer_Feedback                   0x20019e8c   Data          72  fliter.o(.bss)
    now_dj                                   0x20019ed4   Data          16  ultrasonic.o(.bss)
    lastUpdate_dj                            0x20019ee4   Data          16  ultrasonic.o(.bss)
    flow_per_out                             0x20019f4c   Data          16  flow.o(.bss)
    q_nav                                    0x20019f80   Data          16  imu.o(.bss)
    reference_v                              0x20019f90   Data          12  imu.o(.bss)
    ref                                      0x20019f9c   Data          60  imu.o(.bss)
    reference_vr                             0x20019fd8   Data          12  imu.o(.bss)
    mag_sim_3d                               0x20019fe4   Data          12  imu.o(.bss)
    acc_3d_hg                                0x20019ff0   Data          12  imu.o(.bss)
    acc_ng                                   0x20019ffc   Data          12  imu.o(.bss)
    acc_ng_offset                            0x2001a008   Data          12  imu.o(.bss)
    yaw_mag_view                             0x2001a014   Data          20  imu.o(.bss)
    X_kf_yaw                                 0x2001a028   Data          16  imu.o(.bss)
    reference_vr_imd_down                    0x2001a044   Data          12  imu_m.o(.bss)
    reference_vr_imd_down_fc                 0x2001a050   Data          12  imu_m.o(.bss)
    navUkfData                               0x2001a2a0   Data        2080  nav_ukf.o(.bss)
    runData                                  0x2001acd0   Data         328  nav_ukf.o(.bss)
    X_ukf                                    0x2001ae48   Data          48  ukf_task.o(.bss)
    X_ukf_global                             0x2001ae78   Data          48  ukf_task.o(.bss)
    X_ukf_baro                               0x2001aea8   Data          48  ukf_task.o(.bss)
    X_KF_NAV                                 0x2001b018   Data          48  ukf_task.o(.bss)
    X_KF_NAV_HB                              0x2001b048   Data          48  ukf_task.o(.bss)
    state_correct_posx                       0x2001b078   Data          48  ukf_task.o(.bss)
    state_correct_posy                       0x2001b0a8   Data          48  ukf_task.o(.bss)
    X_kf2_x                                  0x2001b0d8   Data          24  ukf_task.o(.bss)
    X_kf2_y                                  0x2001b0f0   Data          24  ukf_task.o(.bss)
    X_f                                      0x2001b108   Data          12  ukf_task.o(.bss)
    P_f                                      0x2001b114   Data          36  ukf_task.o(.bss)
    K_GPS                                    0x2001b138   Data          32  ukf_task.o(.bss)
    Position_History                         0x2001b158   Data         320  ukf_task.o(.bss)
    Vel_History                              0x2001b298   Data         320  ukf_task.o(.bss)
    pos_correction                           0x2001b3d8   Data          12  ukf_task.o(.bss)
    acc_correction                           0x2001b3e4   Data          12  ukf_task.o(.bss)
    vel_correction                           0x2001b3f0   Data          12  ukf_task.o(.bss)
    SpeedDealt                               0x2001b3fc   Data          12  ukf_task.o(.bss)
    SINS_Accel_Body                          0x2001b408   Data          12  ukf_task.o(.bss)
    Distance                                 0x2001b7d8   Data         100  alt_kf.o(.bss)
    ultra                                    0x2001b848   Data          20  alt_kf.o(.bss)
    sonar_av_arr                             0x2001b85c   Data          20  alt_kf.o(.bss)
    sonar                                    0x2001b870   Data          24  alt_kf.o(.bss)
    sonar_fusion                             0x2001b888   Data          68  alt_kf.o(.bss)
    sonar_h_arr                              0x2001b8cc   Data          44  alt_kf.o(.bss)
    X_kf_baro                                0x2001b8f8   Data          24  alt_kf.o(.bss)
    X_kf_baro_temp                           0x2001b910   Data          24  alt_kf.o(.bss)
    X_kf_sonar                               0x2001b928   Data          24  alt_kf.o(.bss)
    acc_z_view                               0x2001b9e0   Data          12  alt_kf.o(.bss)
    state_correct_baro                       0x2001b9f0   Data          48  alt_kf.o(.bss)
    Global_GPS_Sensor                        0x2001ba20   Data         208  alt_kf.o(.bss)
    v_test                                   0x2001baf0   Data          16  alt_kf.o(.bss)
    Last_GPS                                 0x2001bb00   Data          16  alt_kf.o(.bss)
    TAR_GPS                                  0x2001bb10   Data          16  alt_kf.o(.bss)
    hml_lsq                                  0x2001bb20   Data         168  cycle_cal_oldx.o(.bss)
    __libspace_start                         0x2001bbc8   Data          96  libspace.o(.bss)
    __temporary_stack_top$libspace           0x2001bc28   Data           0  libspace.o(.bss)



==============================================================================

Memory Map of the image

  Image Entry point : 0x08000189

  Load Region LR_IROM1 (Base: 0x08000000, Size: 0x000374c4, Max: 0x00100000, ABSOLUTE, COMPRESSED[0x0002c990])

    Execution Region ER_IROM1 (Base: 0x08000000, Size: 0x0002be90, Max: 0x00100000, ABSOLUTE)

    Base Addr    Size         Type   Attr      Idx    E Section Name        Object

    0x08000000   0x00000188   Data   RO          635    RESET               startup_stm32f40_41xxx.o
    0x08000188   0x00000008   Code   RO         2201  * !!!main             c_w.l(__main.o)
    0x08000190   0x00000034   Code   RO         2728    !!!scatter          c_w.l(__scatter.o)
    0x080001c4   0x0000005a   Code   RO         2726    !!dczerorl2         c_w.l(__dczerorl2.o)
    0x0800021e   0x00000002   PAD
    0x08000220   0x0000001c   Code   RO         2730    !!handler_zi        c_w.l(__scatter_zi.o)
    0x0800023c   0x00000002   Code   RO         2652    .ARM.Collect$$libinit$$00000000  c_w.l(libinit.o)
    0x0800023e   0x00000004   Code   RO         2582    .ARM.Collect$$libinit$$00000001  c_w.l(libinit2.o)
    0x08000242   0x00000000   Code   RO         2585    .ARM.Collect$$libinit$$00000004  c_w.l(libinit2.o)
    0x08000242   0x00000000   Code   RO         2588    .ARM.Collect$$libinit$$0000000A  c_w.l(libinit2.o)
    0x08000242   0x00000000   Code   RO         2590    .ARM.Collect$$libinit$$0000000C  c_w.l(libinit2.o)
    0x08000242   0x00000000   Code   RO         2592    .ARM.Collect$$libinit$$0000000E  c_w.l(libinit2.o)
    0x08000242   0x00000000   Code   RO         2595    .ARM.Collect$$libinit$$00000011  c_w.l(libinit2.o)
    0x08000242   0x00000000   Code   RO         2597    .ARM.Collect$$libinit$$00000013  c_w.l(libinit2.o)
    0x08000242   0x00000000   Code   RO         2599    .ARM.Collect$$libinit$$00000015  c_w.l(libinit2.o)
    0x08000242   0x00000000   Code   RO         2601    .ARM.Collect$$libinit$$00000017  c_w.l(libinit2.o)
    0x08000242   0x00000000   Code   RO         2603    .ARM.Collect$$libinit$$00000019  c_w.l(libinit2.o)
    0x08000242   0x00000000   Code   RO         2605    .ARM.Collect$$libinit$$0000001B  c_w.l(libinit2.o)
    0x08000242   0x00000000   Code   RO         2607    .ARM.Collect$$libinit$$0000001D  c_w.l(libinit2.o)
    0x08000242   0x00000000   Code   RO         2609    .ARM.Collect$$libinit$$0000001F  c_w.l(libinit2.o)
    0x08000242   0x00000000   Code   RO         2611    .ARM.Collect$$libinit$$00000021  c_w.l(libinit2.o)
    0x08000242   0x00000000   Code   RO         2613    .ARM.Collect$$libinit$$00000023  c_w.l(libinit2.o)
    0x08000242   0x00000000   Code   RO         2615    .ARM.Collect$$libinit$$00000025  c_w.l(libinit2.o)
    0x08000242   0x00000000   Code   RO         2619    .ARM.Collect$$libinit$$0000002C  c_w.l(libinit2.o)
    0x08000242   0x00000000   Code   RO         2621    .ARM.Collect$$libinit$$0000002E  c_w.l(libinit2.o)
    0x08000242   0x00000000   Code   RO         2623    .ARM.Collect$$libinit$$00000030  c_w.l(libinit2.o)
    0x08000242   0x00000000   Code   RO         2625    .ARM.Collect$$libinit$$00000032  c_w.l(libinit2.o)
    0x08000242   0x00000002   Code   RO         2626    .ARM.Collect$$libinit$$00000033  c_w.l(libinit2.o)
    0x08000244   0x00000002   Code   RO         2723    .ARM.Collect$$libshutdown$$00000000  c_w.l(libshutdown.o)
    0x08000246   0x00000000   Code   RO         2677    .ARM.Collect$$libshutdown$$00000002  c_w.l(libshutdown2.o)
    0x08000246   0x00000000   Code   RO         2679    .ARM.Collect$$libshutdown$$00000004  c_w.l(libshutdown2.o)
    0x08000246   0x00000000   Code   RO         2682    .ARM.Collect$$libshutdown$$00000007  c_w.l(libshutdown2.o)
    0x08000246   0x00000000   Code   RO         2685    .ARM.Collect$$libshutdown$$0000000A  c_w.l(libshutdown2.o)
    0x08000246   0x00000000   Code   RO         2687    .ARM.Collect$$libshutdown$$0000000C  c_w.l(libshutdown2.o)
    0x08000246   0x00000000   Code   RO         2690    .ARM.Collect$$libshutdown$$0000000F  c_w.l(libshutdown2.o)
    0x08000246   0x00000002   Code   RO         2691    .ARM.Collect$$libshutdown$$00000010  c_w.l(libshutdown2.o)
    0x08000248   0x00000000   Code   RO         2429    .ARM.Collect$$rtentry$$00000000  c_w.l(__rtentry.o)
    0x08000248   0x00000000   Code   RO         2544    .ARM.Collect$$rtentry$$00000002  c_w.l(__rtentry2.o)
    0x08000248   0x00000006   Code   RO         2556    .ARM.Collect$$rtentry$$00000004  c_w.l(__rtentry4.o)
    0x0800024e   0x00000000   Code   RO         2546    .ARM.Collect$$rtentry$$00000009  c_w.l(__rtentry2.o)
    0x0800024e   0x00000004   Code   RO         2547    .ARM.Collect$$rtentry$$0000000A  c_w.l(__rtentry2.o)
    0x08000252   0x00000000   Code   RO         2549    .ARM.Collect$$rtentry$$0000000C  c_w.l(__rtentry2.o)
    0x08000252   0x00000008   Code   RO         2550    .ARM.Collect$$rtentry$$0000000D  c_w.l(__rtentry2.o)
    0x0800025a   0x00000002   Code   RO         2662    .ARM.Collect$$rtexit$$00000000  c_w.l(rtexit.o)
    0x0800025c   0x00000000   Code   RO         2697    .ARM.Collect$$rtexit$$00000002  c_w.l(rtexit2.o)
    0x0800025c   0x00000004   Code   RO         2698    .ARM.Collect$$rtexit$$00000003  c_w.l(rtexit2.o)
    0x08000260   0x00000006   Code   RO         2699    .ARM.Collect$$rtexit$$00000004  c_w.l(rtexit2.o)
    0x08000266   0x00000002   PAD
    0x08000268   0x00002988   Code   RO            3    .text               ucos_task.o
    0x08002bf0   0x000002c8   Code   RO          397    .text               main.o
    0x08002eb8   0x00000100   Code   RO          500    .text               rt_nonfinite.o
    0x08002fb8   0x000000c8   Code   RO          530    .text               rtgetnan.o
    0x08003080   0x00000134   Code   RO          546    .text               rtgetinf.o
    0x080031b4   0x00000016   Code   RO          560    .text               stm32f4xx_it.o
    0x080031ca   0x00000002   PAD
    0x080031cc   0x00000210   Code   RO          609    .text               system_stm32f4xx.o
    0x080033dc   0x00000040   Code   RO          636    .text               startup_stm32f40_41xxx.o
    0x0800341c   0x00000108   Code   RO          642    .text               delay.o
    0x08003524   0x000000e0   Code   RO          682    .text               misc.o
    0x08003604   0x00000294   Code   RO          702    .text               stm32f4xx_gpio.o
    0x08003898   0x0000065c   Code   RO          745    .text               stm32f4xx_rcc.o
    0x08003ef4   0x00000094   Code   RO          767    .text               stm32f4xx_syscfg.o
    0x08003f88   0x00000454   Code   RO          787    .text               stm32f4xx_usart.o
    0x080043dc   0x00000ca2   Code   RO          807    .text               stm32f4xx_tim.o
    0x0800507e   0x00000002   PAD
    0x08005080   0x00000694   Code   RO          827    .text               stm32f4xx_flash.o
    0x08005714   0x00000110   Code   RO          847    .text               stm32f4xx_exti.o
    0x08005824   0x00000480   Code   RO          887    .text               stm32f4xx_spi.o
    0x08005ca4   0x000003a8   Code   RO          907    .text               stm32f4xx_dma.o
    0x0800604c   0x00000040   Code   RO          947    .text               stm32f4xx_iwdg.o
    0x0800608c   0x00000894   Code   RO          987    .text               os_core.o
    0x08006920   0x0000080c   Code   RO         1015    .text               os_flag.o
    0x0800712c   0x000003cc   Code   RO         1035    .text               os_mbox.o
    0x080074f8   0x000005e8   Code   RO         1089    .text               os_q.o
    0x08007ae0   0x0000038c   Code   RO         1109    .text               os_sem.o
    0x08007e6c   0x000007c4   Code   RO         1129    .text               os_task.o
    0x08008630   0x000001b0   Code   RO         1149    .text               os_time.o
    0x080087e0   0x00000634   Code   RO         1169    .text               os_tmr.o
    0x08008e14   0x000000c8   Code   RO         1187    .text               os_cpu_a.o
    0x08008edc   0x000001e8   Code   RO         1192    .text               os_cpu_c.o
    0x080090c4   0x00000456   Code   RO         1222    .text               iic1.o
    0x0800951a   0x00000002   PAD
    0x0800951c   0x000006d4   Code   RO         1242    .text               led_fc.o
    0x08009bf0   0x00000f24   Code   RO         1271    .text               flash.o
    0x0800ab14   0x00000520   Code   RO         1295    .text               flash_w25.o
    0x0800b034   0x00000268   Code   RO         1326    .text               time.o
    0x0800b29c   0x000000e8   Code   RO         1357    .text               dma.o
    0x0800b384   0x0000002c   Code   RO         1377    .text               watch_dog.o
    0x0800b3b0   0x00000904   Code   RO         1424    .text               gps.o
    0x0800bcb4   0x0000955c   Code   RO         1448    .text               usart_fc.o
    0x08015210   0x000021f4   Code   RO         1514    .text               lis3mdl.o
    0x08017404   0x000000a8   Code   RO         1545    .text               mpu6050.o
    0x080174ac   0x000008fc   Code   RO         1572    .text               fliter.o
    0x08017da8   0x00000b10   Code   RO         1603    .text               ultrasonic.o
    0x080188b8   0x00000b5c   Code   RO         1654    .text               flow.o
    0x08019414   0x000013f8   Code   RO         1679    .text               fastmath.o
    0x0801a80c   0x000009ae   Code   RO         1700    .text               my_math.o
    0x0801b1ba   0x00000002   PAD
    0x0801b1bc   0x00002cd8   Code   RO         1810    .text               oldx_ekf_imu2.o
    0x0801de94   0x000018d0   Code   RO         1826    .text               kf_oldx_nav.o
    0x0801f764   0x000045d0   Code   RO         1882    .text               ukf_task.o
    0x08023d34   0x00002fe8   Code   RO         1934    .text               alt_kf.o
    0x08026d1c   0x00000a18   Code   RO         2045    .text               cycle_cal_oldx.lib(cycle_cal_oldx.o)
    0x08027734   0x0000004e   Code   RO         2139    .text               c_w.l(h1_free.o)
    0x08027782   0x00000024   Code   RO         2193    .text               c_w.l(strstr.o)
    0x080277a6   0x00000064   Code   RO         2195    .text               c_w.l(rt_memcpy_w.o)
    0x0802780a   0x0000004e   Code   RO         2197    .text               c_w.l(rt_memclr_w.o)
    0x08027858   0x00000006   Code   RO         2199    .text               c_w.l(heapauxi.o)
    0x0802785e   0x00000002   PAD
    0x08027860   0x00000008   Code   RO         2433    .text               c_w.l(rt_heap_descriptor_intlibspace.o)
    0x08027868   0x00000016   Code   RO         2457    .text               c_w.l(_rserrno.o)
    0x0802787e   0x00000002   PAD
    0x08027880   0x00000008   Code   RO         2540    .text               c_w.l(libspace.o)
    0x08027888   0x00000008   Code   RO         2561    .text               c_w.l(rt_errno_addr_intlibspace.o)
    0x08027890   0x0000004a   Code   RO         2631    .text               c_w.l(sys_stackheap_outer.o)
    0x080278da   0x00000012   Code   RO         2639    .text               c_w.l(exit.o)
    0x080278ec   0x0000000c   Code   RO         2657    .text               c_w.l(sys_exit.o)
    0x080278f8   0x00000002   Code   RO         2659    .text               c_w.l(use_no_semi.o)
    0x080278fa   0x00000000   Code   RO         2661    .text               c_w.l(indicate_semi.o)
    0x080278fa   0x00000030   Code   RO         2493    i.__ARM_fpclassify  m_wm.l(fpclassify.o)
    0x0802792a   0x00000026   Code   RO         2495    i.__ARM_fpclassifyf  m_wm.l(fpclassifyf.o)
    0x08027950   0x00000358   Code   RO         2237    i.__hardfp_acos     m_wm.l(acos.o)
    0x08027ca8   0x00000360   Code   RO         2251    i.__hardfp_asin     m_wm.l(asin.o)
    0x08028008   0x000002d8   Code   RO         2277    i.__hardfp_atan     m_wm.l(atan.o)
    0x080282e0   0x000001f0   Code   RO         2291    i.__hardfp_atan2    m_wm.l(atan2.o)
    0x080284d0   0x00000250   Code   RO         2303    i.__hardfp_atan2f   m_wm.l(atan2f.o)
    0x08028720   0x000000c8   Code   RO         2327    i.__hardfp_cos      m_wm.l(cos.o)
    0x080287e8   0x00000014   Code   RO         2351    i.__hardfp_fabs     m_wm.l(fabs.o)
    0x080287fc   0x00000004   PAD
    0x08028800   0x00000118   Code   RO         2357    i.__hardfp_floor    m_wm.l(floor.o)
    0x08028918   0x00000c50   Code   RO         2363    i.__hardfp_pow      m_wm.l(pow.o)
    0x08029568   0x000000c8   Code   RO         2391    i.__hardfp_sin      m_wm.l(sin.o)
    0x08029630   0x0000007a   Code   RO         2415    i.__hardfp_sqrt     m_wm.l(sqrt.o)
    0x080296aa   0x00000006   PAD
    0x080296b0   0x00000438   Code   RO         2514    i.__ieee754_rem_pio2  m_wm.l(rred.o)
    0x08029ae8   0x00000170   Code   RO         2476    i.__kernel_cos      m_wm.l(cos_i.o)
    0x08029c58   0x000000f8   Code   RO         2511    i.__kernel_poly     m_wm.l(poly.o)
    0x08029d50   0x00000130   Code   RO         2522    i.__kernel_sin      m_wm.l(sin_i.o)
    0x08029e80   0x00000030   Code   RO         2479    i.__mathlib_dbl_divzero  m_wm.l(dunder.o)
    0x08029eb0   0x00000014   Code   RO         2480    i.__mathlib_dbl_infnan  m_wm.l(dunder.o)
    0x08029ec4   0x00000014   Code   RO         2481    i.__mathlib_dbl_infnan2  m_wm.l(dunder.o)
    0x08029ed8   0x00000020   Code   RO         2482    i.__mathlib_dbl_invalid  m_wm.l(dunder.o)
    0x08029ef8   0x00000020   Code   RO         2483    i.__mathlib_dbl_overflow  m_wm.l(dunder.o)
    0x08029f18   0x00000020   Code   RO         2485    i.__mathlib_dbl_underflow  m_wm.l(dunder.o)
    0x08029f38   0x00000006   Code   RO         2499    i.__mathlib_flt_infnan2  m_wm.l(funder.o)
    0x08029f3e   0x00000002   PAD
    0x08029f40   0x00000010   Code   RO         2503    i.__mathlib_flt_underflow  m_wm.l(funder.o)
    0x08029f50   0x00000010   Code   RO         2279    i.atan              m_wm.l(atan.o)
    0x08029f60   0x00000018   Code   RO         2353    i.fabs              m_wm.l(fabs.o)
    0x08029f78   0x0000006e   Code   RO         2417    i.sqrt              m_wm.l(sqrt.o)
    0x08029fe6   0x00000018   Code   RO         2203    x$fpl$basic         fz_wm.l(basic.o)
    0x08029ffe   0x00000002   PAD
    0x0802a000   0x00000062   Code   RO         2205    x$fpl$d2f           fz_wm.l(d2f.o)
    0x0802a062   0x00000002   PAD
    0x0802a064   0x00000150   Code   RO         2207    x$fpl$dadd          fz_wm.l(daddsub_clz.o)
    0x0802a1b4   0x00000010   Code   RO         2627    x$fpl$dcheck1       fz_wm.l(dcheck1.o)
    0x0802a1c4   0x00000018   Code   RO         2459    x$fpl$dcmpinf       fz_wm.l(dcmpi.o)
    0x0802a1dc   0x000002b0   Code   RO         2214    x$fpl$ddiv          fz_wm.l(ddiv.o)
    0x0802a48c   0x00000078   Code   RO         2217    x$fpl$deqf          fz_wm.l(deqf.o)
    0x0802a504   0x0000005e   Code   RO         2219    x$fpl$dfix          fz_wm.l(dfix.o)
    0x0802a562   0x0000002e   Code   RO         2224    x$fpl$dflt          fz_wm.l(dflt_clz.o)
    0x0802a590   0x00000026   Code   RO         2223    x$fpl$dfltu         fz_wm.l(dflt_clz.o)
    0x0802a5b6   0x00000002   PAD
    0x0802a5b8   0x00000078   Code   RO         2229    x$fpl$dleqf         fz_wm.l(dleqf.o)
    0x0802a630   0x00000154   Code   RO         2231    x$fpl$dmul          fz_wm.l(dmul.o)
    0x0802a784   0x0000009c   Code   RO         2461    x$fpl$dnaninf       fz_wm.l(dnaninf.o)
    0x0802a820   0x0000000c   Code   RO         2463    x$fpl$dretinf       fz_wm.l(dretinf.o)
    0x0802a82c   0x0000006c   Code   RO         2233    x$fpl$drleqf        fz_wm.l(drleqf.o)
    0x0802a898   0x00000016   Code   RO         2208    x$fpl$drsb          fz_wm.l(daddsub_clz.o)
    0x0802a8ae   0x00000002   PAD
    0x0802a8b0   0x00000198   Code   RO         2465    x$fpl$dsqrt         fz_wm.l(dsqrt_umaal.o)
    0x0802aa48   0x000001d4   Code   RO         2209    x$fpl$dsub          fz_wm.l(daddsub_clz.o)
    0x0802ac1c   0x00000056   Code   RO         2235    x$fpl$f2d           fz_wm.l(f2d.o)
    0x0802ac72   0x0000008c   Code   RO         2467    x$fpl$fnaninf       fz_wm.l(fnaninf.o)
    0x0802acfe   0x0000000a   Code   RO         2653    x$fpl$fpinit        fz_wm.l(fpinit.o)
    0x0802ad08   0x0000000a   Code   RO         2469    x$fpl$fretinf       fz_wm.l(fretinf.o)
    0x0802ad12   0x00000064   Code   RO         2655    x$fpl$retnan        fz_wm.l(retnan.o)
    0x0802ad76   0x0000005c   Code   RO         2473    x$fpl$scalbn        fz_wm.l(scalbn.o)
    0x0802add2   0x00000030   Code   RO         2692    x$fpl$trapveneer    fz_wm.l(trapv.o)
    0x0802ae02   0x00000000   Code   RO         2475    x$fpl$usenofp       fz_wm.l(usenofp.o)
    0x0802ae02   0x00000100   Data   RO          989    .constdata          os_core.o
    0x0802af02   0x00000002   PAD
    0x0802af04   0x00000880   Data   RO         1680    .constdata          fastmath.o
    0x0802b784   0x000002fd   Data   RO         1812    .constdata          oldx_ekf_imu2.o
    0x0802ba81   0x00000007   PAD
    0x0802ba88   0x0000003c   Data   RO         1827    .constdata          kf_oldx_nav.o
    0x0802bac4   0x00000004   PAD
    0x0802bac8   0x000000c0   Data   RO         1884    .constdata          ukf_task.o
    0x0802bb88   0x00000050   Data   RO         2240    .constdata          m_wm.l(acos.o)
    0x0802bbd8   0x00000050   Data   RO         2254    .constdata          m_wm.l(asin.o)
    0x0802bc28   0x00000098   Data   RO         2280    .constdata          m_wm.l(atan.o)
    0x0802bcc0   0x00000088   Data   RO         2366    .constdata          m_wm.l(pow.o)
    0x0802bd48   0x00000030   Data   RO         2477    .constdata          m_wm.l(cos_i.o)
    0x0802bd78   0x00000008   Data   RO         2513    .constdata          m_wm.l(qnan.o)
    0x0802bd80   0x000000c8   Data   RO         2516    .constdata          m_wm.l(rred.o)
    0x0802be48   0x00000028   Data   RO         2523    .constdata          m_wm.l(sin_i.o)
    0x0802be70   0x00000020   Data   RO         2724    Region$$Table       anon$$obj.o


    Execution Region RW_IRAM1 (Base: 0x20000000, Size: 0x0001c228, Max: 0x00020000, ABSOLUTE, COMPRESSED[0x00000b00])

    Base Addr    Size         Type   Attr      Idx    E Section Name        Object

    0x20000000   0x0000a000   Data   RW         1936    .ccm                alt_kf.o
    0x2000a000   0x0000041c   Data   RW            5    .data               ucos_task.o
    0x2000a41c   0x00000010   Data   RW          399    .data               main.o
    0x2000a42c   0x00000018   Data   RW          474    .data               error.o
    0x2000a444   0x00000004   PAD
    0x2000a448   0x00000024   Data   RW          501    .data               rt_nonfinite.o
    0x2000a46c   0x00000014   Data   RW          610    .data               system_stm32f4xx.o
    0x2000a480   0x00000004   Data   RW          643    .data               delay.o
    0x2000a484   0x00000010   Data   RW          746    .data               stm32f4xx_rcc.o
    0x2000a494   0x0000005c   Data   RW          990    .data               os_core.o
    0x2000a4f0   0x00000006   Data   RW         1193    .data               os_cpu_c.o
    0x2000a4f6   0x00000008   Data   RW         1243    .data               led_fc.o
    0x2000a4fe   0x00000002   PAD
    0x2000a500   0x00000004   Data   RW         1273    .data               flash.o
    0x2000a504   0x00000002   Data   RW         1297    .data               flash_w25.o
    0x2000a506   0x00000002   PAD
    0x2000a508   0x00000008   Data   RW         1426    .data               gps.o
    0x2000a510   0x0000025e   Data   RW         1450    .data               usart_fc.o
    0x2000a76e   0x00000002   PAD
    0x2000a770   0x0000027f   Data   RW         1516    .data               lis3mdl.o
    0x2000a9ef   0x00000001   PAD
    0x2000a9f0   0x00000104   Data   RW         1574    .data               fliter.o
    0x2000aaf4   0x00000004   PAD
    0x2000aaf8   0x00000096   Data   RW         1605    .data               ultrasonic.o
    0x2000ab8e   0x00000002   PAD
    0x2000ab90   0x00000030   Data   RW         1633    .data               hml_sample.o
    0x2000abc0   0x00000065   Data   RW         1656    .data               flow.o
    0x2000ac25   0x00000003   PAD
    0x2000ac28   0x00000404   Data   RW         1701    .data               my_math.o
    0x2000b02c   0x00000004   PAD
    0x2000b030   0x000000a6   Data   RW         1725    .data               imu.o
    0x2000b0d6   0x00000002   PAD
    0x2000b0d8   0x00000079   Data   RW         1763    .data               imu_m.o
    0x2000b151   0x00000003   PAD
    0x2000b154   0x00000008   Data   RW         1813    .data               oldx_ekf_imu2.o
    0x2000b15c   0x00000001   Data   RW         1828    .data               kf_oldx_nav.o
    0x2000b15d   0x00000003   PAD
    0x2000b160   0x00000250   Data   RW         1885    .data               ukf_task.o
    0x2000b3b0   0x00000282   Data   RW         1937    .data               alt_kf.o
    0x2000b632   0x00000006   PAD
    0x2000b638   0x000086d4   Zero   RW            4    .bss                ucos_task.o
    0x20013d0c   0x00000518   Zero   RW          398    .bss                main.o
    0x20014224   0x00001288   Zero   RW          988    .bss                os_core.o
    0x200154ac   0x000000c8   Zero   RW         1272    .bss                flash.o
    0x20015574   0x00001000   Zero   RW         1296    .bss                flash_w25.o
    0x20016574   0x00000168   Zero   RW         1327    .bss                time.o
    0x200166dc   0x00000004   PAD
    0x200166e0   0x00001ecc   Zero   RW         1449    .bss                usart_fc.o
    0x200185ac   0x00000004   PAD
    0x200185b0   0x00000930   Zero   RW         1515    .bss                lis3mdl.o
    0x20018ee0   0x00000234   Zero   RW         1546    .bss                mpu6050.o
    0x20019114   0x00000dc0   Zero   RW         1573    .bss                fliter.o
    0x20019ed4   0x00000020   Zero   RW         1604    .bss                ultrasonic.o
    0x20019ef4   0x0000008c   Zero   RW         1655    .bss                flow.o
    0x20019f80   0x000000c4   Zero   RW         1724    .bss                imu.o
    0x2001a044   0x00000018   Zero   RW         1762    .bss                imu_m.o
    0x2001a05c   0x00000240   Zero   RW         1811    .bss                oldx_ekf_imu2.o
    0x2001a29c   0x00000004   PAD
    0x2001a2a0   0x00000ba8   Zero   RW         1856    .bss                nav_ukf.o
    0x2001ae48   0x0000098c   Zero   RW         1883    .bss                ukf_task.o
    0x2001b7d4   0x00000004   PAD
    0x2001b7d8   0x00000348   Zero   RW         1935    .bss                alt_kf.o
    0x2001bb20   0x000000a8   Zero   RW         2046    .bss                cycle_cal_oldx.lib(cycle_cal_oldx.o)
    0x2001bbc8   0x00000060   Zero   RW         2541    .bss                c_w.l(libspace.o)
    0x2001bc28   0x00000200   Zero   RW          634    HEAP                startup_stm32f40_41xxx.o
    0x2001be28   0x00000400   Zero   RW          633    STACK               startup_stm32f40_41xxx.o


==============================================================================

Image component sizes


      Code (inc. data)   RO Data    RW Data    ZI Data      Debug   Object Name

     12264        696          0      41602        840      40811   alt_kf.o
       264         18          0          4          0       1391   delay.o
       232          4          0          0          0       1436   dma.o
         0          0          0         24          0       2220   error.o
      5112        288       2176          0          0      11943   fastmath.o
      3876        166          0          4        200       3579   flash.o
      1312         26          0          2       4096       5491   flash_w25.o
      2300         86          0        260       3520      15776   fliter.o
      2908        126          0        101        140       4634   flow.o
      2308         82          0          8          0       5789   gps.o
         0          0          0         48          0        993   hml_sample.o
      1110         16          0          0          0       5280   iic1.o
         0          0          0        166        196       4494   imu.o
         0          0          0        121         24       5704   imu_m.o
      6352        164         60          1          0       4463   kf_oldx_nav.o
      1748         94          0          8          0       2268   led_fc.o
      8692        538          0        639       2352      25405   lis3mdl.o
       712        140          0         16       1304      11685   main.o
       224         20          0          0          0       1793   misc.o
       168         10          0          0        564      11954   mpu6050.o
      2478        108          0       1028          0       6779   my_math.o
         0          0          0          0       2984      21570   nav_ukf.o
     11480        154        765          8        576       9337   oldx_ekf_imu2.o
      2196        218        256         92       4744      15971   os_core.o
       200         32          0          0          0        312   os_cpu_a.o
       488          8          0          6          0      11763   os_cpu_c.o
      2060         42          0          0          0       7200   os_flag.o
       972         16          0          0          0       4302   os_mbox.o
      1512         30          0          0          0       5761   os_q.o
       908         18          0          0          0       4034   os_sem.o
      1988         70          0          0          0       7877   os_task.o
       432         30          0          0          0       1866   os_time.o
      1588         94          0          0          0       5721   os_tmr.o
       256         26          0         36          0       3832   rt_nonfinite.o
       308         22          0          0          0       1930   rtgetinf.o
       200         18          0          0          0       2068   rtgetnan.o
        64         26        392          0       1536        824   startup_stm32f40_41xxx.o
       936         32          0          0          0       6373   stm32f4xx_dma.o
       272         10          0          0          0       2263   stm32f4xx_exti.o
      1684         28          0          0          0       9398   stm32f4xx_flash.o
       660         44          0          0          0       4137   stm32f4xx_gpio.o
        22          0          0          0          0       1023   stm32f4xx_it.o
        64          6          0          0          0       1333   stm32f4xx_iwdg.o
      1628         52          0         16          0      12996   stm32f4xx_rcc.o
      1152         36          0          0          0       6885   stm32f4xx_spi.o
       148         12          0          0          0       1833   stm32f4xx_syscfg.o
      3234         60          0          0          0      22992   stm32f4xx_tim.o
      1108         34          0          0          0       7860   stm32f4xx_usart.o
       528         46          0         20          0       1743   system_stm32f4xx.o
       616         38          0          0        360      30073   time.o
     10632       1000          0       1052      34516     356557   ucos_task.o
     17872       1116        192        592       2444      14657   ukf_task.o
      2832        242          0        150         32       5648   ultrasonic.o
     38236       1726          0        606       7884      48185   usart_fc.o
        44          0          0          0          0        694   watch_dog.o

    ----------------------------------------------------------------------
    158388       7868       3886      46644      68332     812906   Object Totals
         0          0         32          0          0          0   (incl. Generated)
         8          0         13         34         20          0   (incl. Padding)

    ----------------------------------------------------------------------

      Code (inc. data)   RO Data    RW Data    ZI Data      Debug   Library Member Name

        90          0          0          0          0          0   __dczerorl2.o
         8          0          0          0          0         68   __main.o
         0          0          0          0          0          0   __rtentry.o
        12          0          0          0          0          0   __rtentry2.o
         6          0          0          0          0          0   __rtentry4.o
        52          8          0          0          0          0   __scatter.o
        28          0          0          0          0          0   __scatter_zi.o
        22          0          0          0          0        100   _rserrno.o
        18          0          0          0          0         80   exit.o
        78          0          0          0          0         80   h1_free.o
         6          0          0          0          0        152   heapauxi.o
         0          0          0          0          0          0   indicate_semi.o
         2          0          0          0          0          0   libinit.o
         6          0          0          0          0          0   libinit2.o
         2          0          0          0          0          0   libshutdown.o
         2          0          0          0          0          0   libshutdown2.o
         8          4          0          0         96         68   libspace.o
         8          4          0          0          0         68   rt_errno_addr_intlibspace.o
         8          4          0          0          0         68   rt_heap_descriptor_intlibspace.o
        78          0          0          0          0         80   rt_memclr_w.o
       100          0          0          0          0         80   rt_memcpy_w.o
         2          0          0          0          0          0   rtexit.o
        10          0          0          0          0          0   rtexit2.o
        36          0          0          0          0         80   strstr.o
        12          4          0          0          0         68   sys_exit.o
        74          0          0          0          0         80   sys_stackheap_outer.o
         2          0          0          0          0         68   use_no_semi.o
      2584         12          0          0        168     220285   cycle_cal_oldx.o
        24          0          0          0          0        164   basic.o
        98          4          0          0          0        140   d2f.o
       826         16          0          0          0        492   daddsub_clz.o
        16          4          0          0          0        116   dcheck1.o
        24          0          0          0          0        116   dcmpi.o
       688        140          0          0          0        256   ddiv.o
       120          4          0          0          0        140   deqf.o
        94          4          0          0          0        140   dfix.o
        84          0          0          0          0        232   dflt_clz.o
       120          4          0          0          0        140   dleqf.o
       340         12          0          0          0        152   dmul.o
       156          4          0          0          0        140   dnaninf.o
        12          0          0          0          0        116   dretinf.o
       108          0          0          0          0        128   drleqf.o
       408         56          0          0          0        168   dsqrt_umaal.o
        86          4          0          0          0        132   f2d.o
       140          4          0          0          0        132   fnaninf.o
        10          0          0          0          0        116   fpinit.o
        10          0          0          0          0        116   fretinf.o
       100          0          0          0          0        116   retnan.o
        92          0          0          0          0        116   scalbn.o
        48          0          0          0          0        116   trapv.o
         0          0          0          0          0          0   usenofp.o
       856        118         80          0          0        288   acos.o
       864         94         80          0          0        280   asin.o
       744        106        152          0          0        352   atan.o
       496         64          0          0          0        192   atan2.o
       592         90          0          0          0        184   atan2f.o
       200         20          0          0          0        164   cos.o
       368         46         48          0          0        200   cos_i.o
       184         44          0          0          0        744   dunder.o
        44          0          0          0          0        248   fabs.o
       280         28          0          0          0        156   floor.o
        48          0          0          0          0        124   fpclassify.o
        38          0          0          0          0        116   fpclassifyf.o
        22          6          0          0          0        232   funder.o
       248          0          0          0          0        152   poly.o
      3152        296        136          0          0        352   pow.o
         0          0          8          0          0          0   qnan.o
      1080        142        200          0          0        188   rred.o
       200         20          0          0          0        164   sin.o
       304         24         40          0          0        208   sin_i.o
       232          0          0          0          0        296   sqrt.o

    ----------------------------------------------------------------------
     16838       1390        744          0        264     229549   Library Totals
        28          0          0          0          0          0   (incl. Padding)

    ----------------------------------------------------------------------

      Code (inc. data)   RO Data    RW Data    ZI Data      Debug   Library Name

       670         24          0          0         96       1140   c_w.l
      2584         12          0          0        168     220285   cycle_cal_oldx.lib
      3604        256          0          0          0       3484   fz_wm.l
      9952       1098        744          0          0       4640   m_wm.l

    ----------------------------------------------------------------------
     16838       1390        744          0        264     229549   Library Totals

    ----------------------------------------------------------------------

==============================================================================


      Code (inc. data)   RO Data    RW Data    ZI Data      Debug   

    175226       9258       4630      46644      68596    1025535   Grand Totals
    175226       9258       4630       2816      68596    1025535   ELF Image Totals (compressed)
    175226       9258       4630       2816          0          0   ROM Totals

==============================================================================

    Total RO  Size (Code + RO Data)               179856 ( 175.64kB)
    Total RW  Size (RW Data + ZI Data)            115240 ( 112.54kB)
    Total ROM Size (Code + RO Data + RW Data)     182672 ( 178.39kB)

==============================================================================

