Component: ARM Compiler 5.06 update 2 (build 183) Tool: armlink [4d35b7]

==============================================================================

Section Cross References

    ucos_task.o(.text) refers to time.o(.text) for Get_Cycle_T
    ucos_task.o(.text) refers to f2d.o(x$fpl$f2d) for __aeabi_f2d
    ucos_task.o(.text) refers to dleqf.o(x$fpl$dleqf) for __aeabi_cdcmple
    ucos_task.o(.text) refers to mpu6050.o(.text) for MPU6050_Read
    ucos_task.o(.text) refers to hml_sample.o(.text) for ANO_AK8975_Read
    ucos_task.o(.text) refers to ms5611_2.o(.text) for MS5611_ThreadNew
    ucos_task.o(.text) refers to lis3mdl.o(.text) for LSM6_readAcc
    ucos_task.o(.text) refers to delay.o(.text) for delay_ms
    ucos_task.o(.text) refers to my_math.o(.text) for my_deathzoom_2
    ucos_task.o(.text) refers to imu.o(.text) for IMUupdate
    ucos_task.o(.text) refers to fabs.o(i.__hardfp_fabs) for __hardfp_fabs
    ucos_task.o(.text) refers to drleqf.o(x$fpl$drleqf) for __aeabi_cdrcmple
    ucos_task.o(.text) refers to watch_dog.o(.text) for IWDG_Feed
    ucos_task.o(.text) refers to ucos_task.o(.data) for inner_loop_time_time
    ucos_task.o(.text) refers to mpu6050.o(.bss) for mpu6050
    ucos_task.o(.text) refers to usart_fc.o(.bss) for pi_flow
    ucos_task.o(.text) refers to main.o(.data) for module
    ucos_task.o(.text) refers to imu.o(.data) for Yaw
    ucos_task.o(.text) refers to ucos_task.o(.bss) for flow_matlab_data
    ucos_task.o(.text) refers to ukf_task.o(.text) for ukf_pos_task_qr
    ucos_task.o(.text) refers to alt_kf.o(.text) for altUkfProcess
    ucos_task.o(.text) refers to laser.o(.text) for Laser_cal
    ucos_task.o(.text) refers to ultrasonic.o(.text) for Ultra_Duty
    ucos_task.o(.text) refers to dflt_clz.o(x$fpl$dfltu) for __aeabi_ui2d
    ucos_task.o(.text) refers to basic.o(x$fpl$basic) for __aeabi_dneg
    ucos_task.o(.text) refers to d2f.o(x$fpl$d2f) for __aeabi_d2f
    ucos_task.o(.text) refers to usart_fc.o(.data) for en_ble_debug
    ucos_task.o(.text) refers to flow.o(.text) for flow_pertreatment_oldx
    ucos_task.o(.text) refers to ddiv.o(x$fpl$ddiv) for __aeabi_ddiv
    ucos_task.o(.text) refers to ultrasonic.o(.data) for ultra_ok
    ucos_task.o(.text) refers to alt_kf.o(.data) for ALT_POS_SONAR3
    ucos_task.o(.text) refers to flow.o(.bss) for flow_per_out
    ucos_task.o(.text) refers to flow.o(.data) for k_flow_devide
    ucos_task.o(.text) refers to imu.o(.bss) for reference_vr
    ucos_task.o(.text) refers to dmul.o(x$fpl$dmul) for __aeabi_dmul
    ucos_task.o(.text) refers to daddsub_clz.o(x$fpl$dadd) for __aeabi_dadd
    ucos_task.o(.text) refers to fliter.o(.text) for Moving_Median
    ucos_task.o(.text) refers to os_core.o(.text) for OSIntEnter
    ucos_task.o(.text) refers to stm32f4xx_tim.o(.text) for TIM_GetITStatus
    ucos_task.o(.text) refers to fliter.o(.bss) for firstOrderFilters
    ucos_task.o(.text) refers to usart_fc.o(.text) for Send_TO_FLOW_PI
    ucos_task.o(.text) refers to stm32f4xx_dma.o(.text) for DMA_GetFlagStatus
    ucos_task.o(.text) refers to stm32f4xx_usart.o(.text) for USART_DMACmd
    ucos_task.o(.text) refers to dma.o(.text) for MYDMA_Enable
    ucos_task.o(.text) refers to dfix.o(x$fpl$dfix) for __aeabi_d2iz
    ucos_task.o(.text) refers to alt_kf.o(.bss) for acc_z_view
    ucos_task.o(.text) refers to ms5611_2.o(.data) for baroAlt
    ucos_task.o(.text) refers to ukf_task.o(.bss) for X_ukf
    ucos_task.o(.text) refers to ukf_task.o(.data) for K_spd_flow
    ucos_task.o(.text) refers to laser.o(.bss) for Laser_avoid
    ucos_task.o(.text) refers to led_fc.o(.text) for LEDRGB_STATE
    ucos_task.o(.text) refers to os_core.o(.data) for OSCPUUsage
    main.o(.text) refers to os_mbox.o(.text) for OSMboxCreate
    main.o(.text) refers to os_q.o(.text) for OSQCreate
    main.o(.text) refers to os_flag.o(.text) for OSFlagCreate
    main.o(.text) refers to os_core.o(.text) for OSStatInit
    main.o(.text) refers to os_tmr.o(.text) for OSTmrCreate
    main.o(.text) refers to os_cpu_a.o(.text) for OS_CPU_SR_Save
    main.o(.text) refers to os_task.o(.text) for OSTaskCreate
    main.o(.text) refers to misc.o(.text) for NVIC_PriorityGroupConfig
    main.o(.text) refers to delay.o(.text) for delay_init
    main.o(.text) refers to time.o(.text) for Initial_Timer_SYS
    main.o(.text) refers to iic_soft.o(.text) for I2c_Soft_Init
    main.o(.text) refers to iic1.o(.text) for IIC_IMU1_Init
    main.o(.text) refers to hml_sample.o(.text) for HMC5883L_SetUp
    main.o(.text) refers to ms5611_2.o(.text) for MS5611_Init
    main.o(.text) refers to mpu6050.o(.text) for MPU6050_Init
    main.o(.text) refers to lis3mdl.o(.text) for LIS3MDL_enableDefault
    main.o(.text) refers to alt_kf.o(.text) for altUkfInit
    main.o(.text) refers to led_fc.o(.text) for LED_Init
    main.o(.text) refers to usart_fc.o(.text) for Usart1_Init
    main.o(.text) refers to dma.o(.text) for MYDMA_Config
    main.o(.text) refers to flash_w25.o(.text) for W25QXX_Init
[...]
    __mathlib_dbl_infnan2                    0x08025795   Thumb Code    20  dunder.o(i.__mathlib_dbl_infnan2)
    __mathlib_dbl_invalid                    0x080257a9   Thumb Code    24  dunder.o(i.__mathlib_dbl_invalid)
    __mathlib_dbl_overflow                   0x080257c9   Thumb Code    24  dunder.o(i.__mathlib_dbl_overflow)
    __mathlib_dbl_underflow                  0x080257e9   Thumb Code    24  dunder.o(i.__mathlib_dbl_underflow)
    __mathlib_flt_infnan2                    0x08025809   Thumb Code     6  funder.o(i.__mathlib_flt_infnan2)
    __mathlib_flt_underflow                  0x08025811   Thumb Code    10  funder.o(i.__mathlib_flt_underflow)
    fabs                                     0x08025821   Thumb Code    24  fabs.o(i.fabs)
    sqrt                                     0x08025839   Thumb Code   110  sqrt.o(i.sqrt)
    __aeabi_dneg                             0x080258a7   Thumb Code     0  basic.o(x$fpl$basic)
    _dneg                                    0x080258a7   Thumb Code     6  basic.o(x$fpl$basic)
    __aeabi_fneg                             0x080258ad   Thumb Code     0  basic.o(x$fpl$basic)
    _fneg                                    0x080258ad   Thumb Code     6  basic.o(x$fpl$basic)
    _dabs                                    0x080258b3   Thumb Code     6  basic.o(x$fpl$basic)
    _fabs                                    0x080258b9   Thumb Code     6  basic.o(x$fpl$basic)
    __aeabi_d2f                              0x080258c1   Thumb Code     0  d2f.o(x$fpl$d2f)
    _d2f                                     0x080258c1   Thumb Code    98  d2f.o(x$fpl$d2f)
    __aeabi_dadd                             0x08025925   Thumb Code     0  daddsub_clz.o(x$fpl$dadd)
    _dadd                                    0x08025925   Thumb Code   332  daddsub_clz.o(x$fpl$dadd)
    __fpl_dcheck_NaN1                        0x08025a75   Thumb Code    10  dcheck1.o(x$fpl$dcheck1)
    __fpl_dcmp_Inf                           0x08025a85   Thumb Code    24  dcmpi.o(x$fpl$dcmpinf)
    __aeabi_ddiv                             0x08025a9d   Thumb Code     0  ddiv.o(x$fpl$ddiv)
    _ddiv                                    0x08025a9d   Thumb Code   552  ddiv.o(x$fpl$ddiv)
    __aeabi_cdcmpeq                          0x08025d4d   Thumb Code     0  deqf.o(x$fpl$deqf)
    _dcmpeq                                  0x08025d4d   Thumb Code   120  deqf.o(x$fpl$deqf)
    __aeabi_d2iz                             0x08025dc5   Thumb Code     0  dfix.o(x$fpl$dfix)
    _dfix                                    0x08025dc5   Thumb Code    94  dfix.o(x$fpl$dfix)
    __aeabi_i2d                              0x08025e23   Thumb Code     0  dflt_clz.o(x$fpl$dflt)
    _dflt                                    0x08025e23   Thumb Code    46  dflt_clz.o(x$fpl$dflt)
    __aeabi_ui2d                             0x08025e51   Thumb Code     0  dflt_clz.o(x$fpl$dfltu)
    _dfltu                                   0x08025e51   Thumb Code    38  dflt_clz.o(x$fpl$dfltu)
    __aeabi_cdcmple                          0x08025e79   Thumb Code     0  dleqf.o(x$fpl$dleqf)
    _dcmple                                  0x08025e79   Thumb Code   120  dleqf.o(x$fpl$dleqf)
    __fpl_dcmple_InfNaN                      0x08025edb   Thumb Code     0  dleqf.o(x$fpl$dleqf)
    __aeabi_dmul                             0x08025ef1   Thumb Code     0  dmul.o(x$fpl$dmul)
    _dmul                                    0x08025ef1   Thumb Code   332  dmul.o(x$fpl$dmul)
    __fpl_dnaninf                            0x08026045   Thumb Code   156  dnaninf.o(x$fpl$dnaninf)
    __fpl_dretinf                            0x080260e1   Thumb Code    12  dretinf.o(x$fpl$dretinf)
    __aeabi_cdrcmple                         0x080260ed   Thumb Code     0  drleqf.o(x$fpl$drleqf)
    _drcmple                                 0x080260ed   Thumb Code   108  drleqf.o(x$fpl$drleqf)
    __aeabi_drsub                            0x08026159   Thumb Code     0  daddsub_clz.o(x$fpl$drsb)
    _drsb                                    0x08026159   Thumb Code    22  daddsub_clz.o(x$fpl$drsb)
    _dsqrt                                   0x08026171   Thumb Code   404  dsqrt_umaal.o(x$fpl$dsqrt)
    __aeabi_dsub                             0x08026309   Thumb Code     0  daddsub_clz.o(x$fpl$dsub)
    _dsub                                    0x08026309   Thumb Code   464  daddsub_clz.o(x$fpl$dsub)
    __aeabi_f2d                              0x080264dd   Thumb Code     0  f2d.o(x$fpl$f2d)
    _f2d                                     0x080264dd   Thumb Code    86  f2d.o(x$fpl$f2d)
    __aeabi_ul2f                             0x08026533   Thumb Code     0  ffltll_clz.o(x$fpl$ffltll)
    _ll_uto_f                                0x08026533   Thumb Code     6  ffltll_clz.o(x$fpl$ffltll)
    __aeabi_l2f                              0x08026539   Thumb Code     0  ffltll_clz.o(x$fpl$ffltll)
    _ll_sto_f                                0x08026539   Thumb Code    90  ffltll_clz.o(x$fpl$ffltll)
    __fpl_fnaninf                            0x08026593   Thumb Code   140  fnaninf.o(x$fpl$fnaninf)
    _fp_init                                 0x0802661f   Thumb Code    10  fpinit.o(x$fpl$fpinit)
    __fplib_config_fpu_vfp                   0x08026627   Thumb Code     0  fpinit.o(x$fpl$fpinit)
    __fplib_config_pureend_doubles           0x08026627   Thumb Code     0  fpinit.o(x$fpl$fpinit)
    __fpl_fretinf                            0x08026629   Thumb Code    10  fretinf.o(x$fpl$fretinf)
    __fpl_return_NaN                         0x08026633   Thumb Code   100  retnan.o(x$fpl$retnan)
    __ARM_scalbn                             0x08026697   Thumb Code    92  scalbn.o(x$fpl$scalbn)
    __fpl_cmpreturn                          0x080266f3   Thumb Code    48  trapv.o(x$fpl$trapveneer)
    OSUnMapTbl                               0x08026722   Data         256  os_core.o(.constdata)
    __I$use$fp                               0x08026722   Number         0  usenofp.o(x$fpl$usenofp)
    __mathlib_zero                           0x08026b68   Data           8  qnan.o(.constdata)
    Region$$Table$$Base                      0x08026c60   Number         0  anon$$obj.o(Region$$Table)
    Region$$Table$$Limit                     0x08026c80   Number         0  anon$$obj.o(Region$$Table)
    ccmHeap                                  0x20000000   Data       40960  alt_kf.o(.ccm)
    fly_ready                                0x2000a000   Data           1  ucos_task.o(.data)
    inner_loop_time_time                     0x2000a004   Data           4  ucos_task.o(.data)
    inner_loop_time_time_int                 0x2000a008   Data           4  ucos_task.o(.data)
    GOL_LINK_BUSY                            0x2000a00c   Data           2  ucos_task.o(.data)
    YawR                                     0x2000a010   Data           4  ucos_task.o(.data)
    PitchR                                   0x2000a014   Data           4  ucos_task.o(.data)
    RollR                                    0x2000a018   Data           4  ucos_task.o(.data)
    outer_loop_time                          0x2000a01c   Data           4  ucos_task.o(.data)
    ekf_loop_time                            0x2000a020   Data           4  ucos_task.o(.data)
    flag_mag                                 0x2000a024   Data          12  ucos_task.o(.data)
    Kp_ekf                                   0x2000a030   Data           4  ucos_task.o(.data)
    Kp_ekf_pr                                0x2000a034   Data           4  ucos_task.o(.data)
    focal_length_px                          0x2000a038   Data           4  ucos_task.o(.data)
    accumulated_flow_x                       0x2000a03c   Data           4  ucos_task.o(.data)
    accumulated_flow_y                       0x2000a040   Data           4  ucos_task.o(.data)
    accumulated_gyro_x                       0x2000a044   Data           4  ucos_task.o(.data)
    accumulated_gyro_y                       0x2000a048   Data           4  ucos_task.o(.data)
    accumulated_gyro_z                       0x2000a04c   Data           4  ucos_task.o(.data)
    accumulated_framecount                   0x2000a050   Data           2  ucos_task.o(.data)
    accumulated_quality                      0x2000a052   Data           2  ucos_task.o(.data)
    integration_timespan                     0x2000a054   Data           4  ucos_task.o(.data)
    k_flow_acc                               0x2000a058   Data           8  ucos_task.o(.data)
    k_gro_acc                                0x2000a060   Data           4  ucos_task.o(.data)
    flt_gro                                  0x2000a064   Data           4  ucos_task.o(.data)
    k_time_use                               0x2000a068   Data           4  ucos_task.o(.data)
    imu_board_test                           0x2000a06c   Data           1  ucos_task.o(.data)
    MID_CNT_SPD                              0x2000a06d   Data           1  ucos_task.o(.data)
    k_flp                                    0x2000a070   Data           4  ucos_task.o(.data)
    b                                        0x2000a0c8   Data          12  ucos_task.o(.data)
    a                                        0x2000a0d4   Data          12  ucos_task.o(.data)
    baro_matlab_data                         0x2000a0e0   Data           8  ucos_task.o(.data)
    flow_loop_time                           0x2000a0e8   Data           4  ucos_task.o(.data)
    en_imu_debug                             0x2000a0ec   Data           1  ucos_task.o(.data)
    force_imu_debug                          0x2000a0ed   Data           1  ucos_task.o(.data)
    UART_UP_LOAD_SEL                         0x2000a0ee   Data           1  ucos_task.o(.data)
    time_uart                                0x2000a0f0   Data           4  ucos_task.o(.data)
    tmr1                                     0x2000a0f4   Data           4  ucos_task.o(.data)
    tmr2                                     0x2000a0f8   Data           4  ucos_task.o(.data)
    tmr3                                     0x2000a0fc   Data           4  ucos_task.o(.data)
    cpuusage                                 0x2000a100   Data           2  ucos_task.o(.data)
    msg_key                                  0x2000a134   Data           4  main.o(.data)
    q_msg                                    0x2000a138   Data           4  main.o(.data)
    flags_key                                0x2000a13c   Data           4  main.o(.data)
    module                                   0x2000a140   Data           8  main.o(.data)
    ero                                      0x2000a148   Data           4  error.o(.data)
    sys                                      0x2000a14c   Data           8  error.o(.data)
    rtInf                                    0x2000a160   Data           8  rt_nonfinite.o(.data)
    rtMinusInf                               0x2000a168   Data           8  rt_nonfinite.o(.data)
    rtNaN                                    0x2000a170   Data           8  rt_nonfinite.o(.data)
    rtInfF                                   0x2000a178   Data           4  rt_nonfinite.o(.data)
    rtMinusInfF                              0x2000a17c   Data           4  rt_nonfinite.o(.data)
    rtNaNF                                   0x2000a180   Data           4  rt_nonfinite.o(.data)
    SystemCoreClock                          0x2000a184   Data           4  system_stm32f4xx.o(.data)
    AHBPrescTable                            0x2000a188   Data          16  system_stm32f4xx.o(.data)
    OSCtxSwCtr                               0x2000a1ac   Data           4  os_core.o(.data)
    OSEventFreeList                          0x2000a1b0   Data           4  os_core.o(.data)
    OSFlagFreeList                           0x2000a1b4   Data           4  os_core.o(.data)
    OSCPUUsage                               0x2000a1b8   Data           1  os_core.o(.data)
    OSIdleCtrMax                             0x2000a1bc   Data           4  os_core.o(.data)
    OSIdleCtrRun                             0x2000a1c0   Data           4  os_core.o(.data)
    OSStatRdy                                0x2000a1c4   Data           1  os_core.o(.data)
    OSIntNesting                             0x2000a1c5   Data           1  os_core.o(.data)
    OSLockNesting                            0x2000a1c6   Data           1  os_core.o(.data)
    OSPrioCur                                0x2000a1c7   Data           1  os_core.o(.data)
    OSPrioHighRdy                            0x2000a1c8   Data           1  os_core.o(.data)
    OSRdyGrp                                 0x2000a1c9   Data           1  os_core.o(.data)
    OSRdyTbl                                 0x2000a1ca   Data           8  os_core.o(.data)
    OSRunning                                0x2000a1d2   Data           1  os_core.o(.data)
    OSTaskCtr                                0x2000a1d3   Data           1  os_core.o(.data)
    OSIdleCtr                                0x2000a1d4   Data           4  os_core.o(.data)
    OSTCBCur                                 0x2000a1d8   Data           4  os_core.o(.data)
    OSTCBFreeList                            0x2000a1dc   Data           4  os_core.o(.data)
    OSTCBHighRdy                             0x2000a1e0   Data           4  os_core.o(.data)
    OSTCBList                                0x2000a1e4   Data           4  os_core.o(.data)
    OSTickStepState                          0x2000a1e8   Data           1  os_core.o(.data)
    OSQFreeList                              0x2000a1ec   Data           4  os_core.o(.data)
    OSTime                                   0x2000a1f0   Data           4  os_core.o(.data)
    OSTmrFree                                0x2000a1f4   Data           2  os_core.o(.data)
    OSTmrUsed                                0x2000a1f6   Data           2  os_core.o(.data)
    OSTmrTime                                0x2000a1f8   Data           4  os_core.o(.data)
    OSTmrSem                                 0x2000a1fc   Data           4  os_core.o(.data)
    OSTmrSemSignal                           0x2000a200   Data           4  os_core.o(.data)
    OSTmrFreeList                            0x2000a204   Data           4  os_core.o(.data)
    OSInterrputSum                           0x2000a208   Data           4  os_cpu_c.o(.data)
    sum                                      0x2000a20e   Data           2  iic_sonar.o(.data)
    I2C_FastMode                             0x2000a210   Data           1  iic_soft.o(.data)
    FLASH_SIZE                               0x2000a21c   Data           4  flash.o(.data)
    W25QXX_TYPE                              0x2000a220   Data           2  flash_w25.o(.data)
    sysTickUptime                            0x2000a224   Data           4  time.o(.data)
    time_1h                                  0x2000a228   Data           4  time.o(.data)
    time_1m                                  0x2000a22c   Data           4  time.o(.data)
    time_1s                                  0x2000a230   Data           4  time.o(.data)
    time_1ms                                 0x2000a234   Data           4  time.o(.data)
    GPS_SEL1                                 0x2000a238   Data           1  gps.o(.data)
    gps_dt                                   0x2000a23c   Data           4  gps.o(.data)
    dt_flow_rx                               0x2000a240   Data           4  usart_fc.o(.data)
    data_rate_gol_link                       0x2000a244   Data           2  usart_fc.o(.data)
    LOCK                                     0x2000a246   Data           1  usart_fc.o(.data)
    KEY                                      0x2000a247   Data           8  usart_fc.o(.data)
    KEY_SEL                                  0x2000a24f   Data           4  usart_fc.o(.data)
    NAV_BOARD_CONNECT                        0x2000a253   Data           1  usart_fc.o(.data)
    force_fly_ready                          0x2000a254   Data           1  usart_fc.o(.data)
    k_flow_opencv                            0x2000a258   Data           4  usart_fc.o(.data)
    sonar_fc                                 0x2000a25c   Data           4  usart_fc.o(.data)
    baroAlt_fc                               0x2000a260   Data           4  usart_fc.o(.data)
    fc_rx_time                               0x2000a264   Data           4  usart_fc.o(.data)
    flow_module_set_yaw                      0x2000a268   Data           4  usart_fc.o(.data)
    acc_3d_step                              0x2000a26c   Data           1  usart_fc.o(.data)
    TxCounter                                0x2000a26d   Data           1  usart_fc.o(.data)
    count                                    0x2000a26e   Data           1  usart_fc.o(.data)
    RxState                                  0x2000a26f   Data           1  usart_fc.o(.data)
    RxBufferNum                              0x2000a270   Data           1  usart_fc.o(.data)
    RxBufferCnt                              0x2000a271   Data           1  usart_fc.o(.data)
    RxLen                                    0x2000a272   Data           1  usart_fc.o(.data)
    com_data                                 0x2000a273   Data           1  usart_fc.o(.data)
    nrf_uart_cnt                             0x2000a276   Data           2  usart_fc.o(.data)
    Tx5Counter                               0x2000a278   Data           1  usart_fc.o(.data)
    count5                                   0x2000a279   Data           1  usart_fc.o(.data)
    dlf_odroid                               0x2000a27c   Data           4  usart_fc.o(.data)
    TxCounter_u1                             0x2000a280   Data           1  usart_fc.o(.data)
    count_u1                                 0x2000a281   Data           1  usart_fc.o(.data)
    RxState_u1                               0x2000a282   Data           1  usart_fc.o(.data)
    RxBufferNum_u1                           0x2000a283   Data           1  usart_fc.o(.data)
    RxBufferCnt_u1                           0x2000a284   Data           1  usart_fc.o(.data)
    RxLen_u1                                 0x2000a285   Data           1  usart_fc.o(.data)
    USART3_RX_STA                            0x2000a288   Data           2  usart_fc.o(.data)
    buf_GPRMC                                0x2000a28a   Data         100  usart_fc.o(.data)
    buf_GPRMCt                               0x2000a2ee   Data         100  usart_fc.o(.data)
    buf_GPGGA                                0x2000a352   Data         100  usart_fc.o(.data)
    buf_GPGGAt                               0x2000a3b6   Data         100  usart_fc.o(.data)
    gps_good                                 0x2000a41a   Data           1  usart_fc.o(.data)
    gps_loss_cnt                             0x2000a41c   Data           2  usart_fc.o(.data)
    RxState11                                0x2000a41e   Data           1  usart_fc.o(.data)
    RxBufferNum11                            0x2000a41f   Data           1  usart_fc.o(.data)
    RxBufferCnt11                            0x2000a420   Data           1  usart_fc.o(.data)
    RxLen11                                  0x2000a421   Data           1  usart_fc.o(.data)
    _data_cnt11                              0x2000a422   Data           2  usart_fc.o(.data)
    _data_len11                              0x2000a424   Data           2  usart_fc.o(.data)
    RxBuffer4_test_cnt                       0x2000a426   Data           1  usart_fc.o(.data)
    RxState4                                 0x2000a427   Data           1  usart_fc.o(.data)
    RxBufferNum4                             0x2000a428   Data           1  usart_fc.o(.data)
    RxBufferCnt4                             0x2000a429   Data           1  usart_fc.o(.data)
    RxLen4                                   0x2000a42a   Data           1  usart_fc.o(.data)
    rate_gps_board                           0x2000a430   Data           4  usart_fc.o(.data)
    RxState3                                 0x2000a434   Data           1  usart_fc.o(.data)
    RxBufferNum3                             0x2000a435   Data           1  usart_fc.o(.data)
    RxBufferCnt3                             0x2000a436   Data           1  usart_fc.o(.data)
    RxLen3                                   0x2000a437   Data           1  usart_fc.o(.data)
    Angle_Yun                                0x2000a43c   Data           8  usart_fc.o(.data)
    en_ble_debug                             0x2000a444   Data           1  usart_fc.o(.data)
    IMU1_Fast                                0x2000a480   Data           1  lis3mdl.o(.data)
    id                                       0x2000a481   Data           3  lis3mdl.o(.data)
    sum_temp_att                             0x2000a484   Data           8  lis3mdl.o(.data)
    acc_sum_cnt                              0x2000a48c   Data           2  lis3mdl.o(.data)
    acc_sum_cnt_3d                           0x2000a48e   Data           2  lis3mdl.o(.data)
    acc_smple_cnt_3d                         0x2000a490   Data           2  lis3mdl.o(.data)
    gyro_sum_cnt                             0x2000a492   Data           2  lis3mdl.o(.data)
    mpu6050_ok                               0x2000a570   Data           1  mpu6050.o(.data)
    test_ang                                 0x2000a61c   Data           4  mpu6050.o(.data)
    test_ang_old                             0x2000a620   Data           4  mpu6050.o(.data)
    test_ang_d                               0x2000a624   Data           4  mpu6050.o(.data)
    test_fli_a                               0x2000a628   Data           4  mpu6050.o(.data)
    test_i                                   0x2000a62c   Data           4  mpu6050.o(.data)
    acc_max                                  0x2000a630   Data          12  mpu6050.o(.data)
    acc_min                                  0x2000a63c   Data          12  mpu6050.o(.data)
    EN_TUO_ACC_FIX                           0x2000a648   Data           1  mpu6050.o(.data)
    ak8975                                   0x2000a650   Data          48  hml_sample.o(.data)
    ak8975_ok                                0x2000a6d0   Data           1  hml_sample.o(.data)
    Mag_CALIBRATED                           0x2000a6d1   Data           1  hml_sample.o(.data)
    Mag_CALIBRATED_R                         0x2000a6d2   Data           1  hml_sample.o(.data)
    HMC5883_lastx                            0x2000a6d4   Data           4  hml_sample.o(.data)
    HMC5883_lasty                            0x2000a6d8   Data           4  hml_sample.o(.data)
    HMC5883_lastz                            0x2000a6dc   Data           4  hml_sample.o(.data)
    HMC5883_maxx                             0x2000a6e0   Data           2  hml_sample.o(.data)
    HMC5883_maxy                             0x2000a6e2   Data           2  hml_sample.o(.data)
    HMC5883_maxz                             0x2000a6e4   Data           2  hml_sample.o(.data)
    HMC5883_minx                             0x2000a6e6   Data           2  hml_sample.o(.data)
    HMC5883_miny                             0x2000a6e8   Data           2  hml_sample.o(.data)
    HMC5883_minz                             0x2000a6ea   Data           2  hml_sample.o(.data)
    paOffsetNum                              0x2000a738   Data           8  ms5611_2.o(.data)
    paInitCnt                                0x2000a740   Data           2  ms5611_2.o(.data)
    paOffsetInited                           0x2000a742   Data           1  ms5611_2.o(.data)
    Baro_ALT_Updated                         0x2000a743   Data           1  ms5611_2.o(.data)
    MS5611_Temperature                       0x2000a744   Data           4  ms5611_2.o(.data)
    MS5611_Pressure                          0x2000a748   Data           4  ms5611_2.o(.data)
    MS5611_Altitude                          0x2000a74c   Data           4  ms5611_2.o(.data)
    MS5611_VerticalSpeed                     0x2000a750   Data           4  ms5611_2.o(.data)
    MS5611_Delay_us                          0x2000a754   Data          36  ms5611_2.o(.data)
    for_fly_ready                            0x2000a786   Data           1  ms5611_2.o(.data)
    baroAlt                                  0x2000a788   Data           4  ms5611_2.o(.data)
    baro_set                                 0x2000a78c   Data           1  ms5611_2.o(.data)
    T_sonar                                  0x2000a7a0   Data           4  ultrasonic.o(.data)
    ultra_start_f                            0x2000a7a4   Data           1  ultrasonic.o(.data)
    ultra_time                               0x2000a7a5   Data           1  ultrasonic.o(.data)
    ultra_ok                                 0x2000a7a6   Data           1  ultrasonic.o(.data)
    x_pred                                   0x2000a7a8   Data           8  ultrasonic.o(.data)
    v_pred                                   0x2000a7b0   Data           8  ultrasonic.o(.data)
    x_post                                   0x2000a7b8   Data           8  ultrasonic.o(.data)
    v_post                                   0x2000a7c0   Data           8  ultrasonic.o(.data)
    sonar_raw                                0x2000a7c8   Data           4  ultrasonic.o(.data)
    scale_kal_sonar_v                        0x2000a7cc   Data           4  ultrasonic.o(.data)
    x_pred_bmp                               0x2000a7d0   Data           8  ultrasonic.o(.data)
    v_pred_bmp                               0x2000a7d8   Data           8  ultrasonic.o(.data)
    x_post_bmp                               0x2000a7e0   Data           8  ultrasonic.o(.data)
    v_post_bmp                               0x2000a7e8   Data           8  ultrasonic.o(.data)
    state_dj                                 0x2000a7f0   Data           5  ultrasonic.o(.data)
    state_dj_rx                              0x2000a7f5   Data           5  ultrasonic.o(.data)
    IO_STATE                                 0x2000a7fa   Data           5  ultrasonic.o(.data)
    IO_STATER                                0x2000a7ff   Data           5  ultrasonic.o(.data)
    TEMP_SONAR                               0x2000a804   Data           4  ultrasonic.o(.data)
    cnt_sample1                              0x2000a808   Data           4  ultrasonic.o(.data)
    ultra_distance                           0x2000a80c   Data           4  ultrasonic.o(.data)
    ultra_distance_r                         0x2000a810   Data           4  ultrasonic.o(.data)
    ultra_delta                              0x2000a814   Data           4  ultrasonic.o(.data)
    flt_laser                                0x2000a830   Data           4  laser.o(.data)
    rate_use                                 0x2000a834   Data           8  laser.o(.data)
    ACC_HIGHPASS_TAU                         0x2000a83c   Data           4  fliter.o(.data)
    ACC_LOWPASS_TAU                          0x2000a840   Data           4  fliter.o(.data)
    ACC_LOWPASS_SAMPLE_TIME                  0x2000a844   Data           4  fliter.o(.data)
    ACC_LOWPASS_A                            0x2000a848   Data           4  fliter.o(.data)
    ACC_LOWPASS_GX1                          0x2000a84c   Data           4  fliter.o(.data)
    ACC_LOWPASS_GX2                          0x2000a850   Data           4  fliter.o(.data)
    ACC_LOWPASS_GX3                          0x2000a854   Data           4  fliter.o(.data)
    HML_LOWPASS_TAU                          0x2000a858   Data           4  fliter.o(.data)
    HML_LOWPASS_SAMPLE_TIME                  0x2000a85c   Data           4  fliter.o(.data)
    HML_LOWPASS_A                            0x2000a860   Data           4  fliter.o(.data)
    HML_LOWPASS_GX1                          0x2000a864   Data           4  fliter.o(.data)
    HML_LOWPASS_GX2                          0x2000a868   Data           4  fliter.o(.data)
    HML_LOWPASS_GX3                          0x2000a86c   Data           4  fliter.o(.data)
    fast_atan_table                          0x2000a880   Data        1028  my_math.o(.data)
    Kp                                       0x2000ac88   Data           4  imu.o(.data)
    Ki                                       0x2000ac8c   Data           4  imu.o(.data)
    Roll                                     0x2000ac90   Data           4  imu.o(.data)
    Pitch                                    0x2000ac94   Data           4  imu.o(.data)
    Yaw                                      0x2000ac98   Data           4  imu.o(.data)
    Roll_mid_down                            0x2000ac9c   Data           4  imu.o(.data)
    Pitch_mid_down                           0x2000aca0   Data           4  imu.o(.data)
    Yaw_mid_down                             0x2000aca4   Data           4  imu.o(.data)
    ref_q                                    0x2000aca8   Data          16  imu.o(.data)
    norm_acc                                 0x2000acb8   Data           4  imu.o(.data)
    norm_q                                   0x2000acbc   Data           4  imu.o(.data)
    norm_acc_lpf                             0x2000acc0   Data           4  imu.o(.data)
    test_flag                                0x2000acc4   Data          12  imu.o(.data)
    mag_norm                                 0x2000acd0   Data           4  imu.o(.data)
    mag_norm_xyz                             0x2000acd4   Data           4  imu.o(.data)
    gh_yaw                                   0x2000acd8   Data           4  imu.o(.data)
    ga_yaw                                   0x2000acdc   Data           4  imu.o(.data)
    gw_yaw                                   0x2000ace0   Data           4  imu.o(.data)
    yaw_kf                                   0x2000ace4   Data           4  imu.o(.data)
    P_kf_yaw                                 0x2000ace8   Data          32  imu.o(.data)
    k_kf_z                                   0x2000ad08   Data           4  imu.o(.data)
    yaw_cross                                0x2000ad0c   Data           1  imu.o(.data)
    yaw_qr_off                               0x2000ad10   Data           4  imu.o(.data)
    dis_angle_lock                           0x2000ad14   Data           1  imu.o(.data)
    yaw_cal_by_qr                            0x2000ad15   Data           1  imu.o(.data)
    yaw_qr_off_local                         0x2000ad18   Data           4  imu.o(.data)
    yaw_off_earth                            0x2000ad1c   Data           4  imu.o(.data)
    ref_q_imd_down                           0x2000ad30   Data          16  imu_m.o(.data)
    beta                                     0x2000ad40   Data           4  imu_m.o(.data)
    q0_m                                     0x2000ad44   Data           4  imu_m.o(.data)
    q1_m                                     0x2000ad48   Data           4  imu_m.o(.data)
    q2_m                                     0x2000ad4c   Data           4  imu_m.o(.data)
    q3_m                                     0x2000ad50   Data           4  imu_m.o(.data)
    q0                                       0x2000ad54   Data           4  imu_m.o(.data)
    q1                                       0x2000ad58   Data           4  imu_m.o(.data)
    q2                                       0x2000ad5c   Data           4  imu_m.o(.data)
    q3                                       0x2000ad60   Data           4  imu_m.o(.data)
    q0_fc                                    0x2000ad64   Data           4  imu_m.o(.data)
    q1_fc                                    0x2000ad68   Data           4  imu_m.o(.data)
    q2_fc                                    0x2000ad6c   Data           4  imu_m.o(.data)
    q3_fc                                    0x2000ad70   Data           4  imu_m.o(.data)
    init_q                                   0x2000ad74   Data           1  imu_m.o(.data)
    twoKp                                    0x2000ad78   Data           4  imu_m.o(.data)
    twoKi                                    0x2000ad7c   Data           4  imu_m.o(.data)
    twoKp_s                                  0x2000ad80   Data           4  imu_m.o(.data)
    integralFBx                              0x2000ad84   Data           4  imu_m.o(.data)
    integralFBy                              0x2000ad88   Data           4  imu_m.o(.data)
    integralFBz                              0x2000ad8c   Data           4  imu_m.o(.data)
    ekf_hml_flag                             0x2000ad94   Data          12  ukf_task.o(.data)
    q_flow                                   0x2000ada0   Data          12  ukf_task.o(.data)
    r_flow                                   0x2000adac   Data          12  ukf_task.o(.data)
    flow_gain                                0x2000adb8   Data           4  ukf_task.o(.data)
    acc_flag_flow                            0x2000adbc   Data           8  ukf_task.o(.data)
    X_ukf_Pos                                0x2000adc4   Data           8  ukf_task.o(.data)
    r1                                       0x2000adcc   Data           4  ukf_task.o(.data)
    r2                                       0x2000add0   Data           4  ukf_task.o(.data)
    posNorth                                 0x2000add4   Data           4  ukf_task.o(.data)
    posEast                                  0x2000add8   Data           4  ukf_task.o(.data)
    local_Lat                                0x2000addc   Data           4  ukf_task.o(.data)
    local_Lon                                0x2000ade0   Data           4  ukf_task.o(.data)
    velEast                                  0x2000ade4   Data           4  ukf_task.o(.data)
    velNorth                                 0x2000ade8   Data           4  ukf_task.o(.data)
    GPS_J_F                                  0x2000adec   Data           4  ukf_task.o(.data)
    GPS_W_F                                  0x2000adf0   Data           4  ukf_task.o(.data)
    kf_data_sel                              0x2000adf4   Data           1  ukf_task.o(.data)
    ga_nav                                   0x2000adf8   Data           4  ukf_task.o(.data)
    gwa_nav                                  0x2000adfc   Data           4  ukf_task.o(.data)
    g_pos_flow                               0x2000ae00   Data           4  ukf_task.o(.data)
    g_spd_flow                               0x2000ae04   Data           4  ukf_task.o(.data)
    K_pos_qr                                 0x2000ae08   Data           4  ukf_task.o(.data)
    K_spd_flow                               0x2000ae0c   Data           4  ukf_task.o(.data)
    K_acc_gps                                0x2000ae10   Data           4  ukf_task.o(.data)
    K_pos_gps                                0x2000ae14   Data           4  ukf_task.o(.data)
    K_spd_gps                                0x2000ae18   Data           4  ukf_task.o(.data)
    g_pos_gps                                0x2000ae1c   Data           4  ukf_task.o(.data)
    g_spd_gps                                0x2000ae20   Data           4  ukf_task.o(.data)
    velNorth_gps                             0x2000ae24   Data           4  ukf_task.o(.data)
    velEast_gps                              0x2000ae28   Data           4  ukf_task.o(.data)
    flag_kf1                                 0x2000ae2c   Data           8  ukf_task.o(.data)
    force_test                               0x2000ae34   Data           1  ukf_task.o(.data)
    Posx                                     0x2000ae38   Data           4  ukf_task.o(.data)
    Posy                                     0x2000ae3c   Data           4  ukf_task.o(.data)
    gps_data_vaild                           0x2000ae40   Data           1  ukf_task.o(.data)
    r_gps_new                                0x2000ae44   Data          16  ukf_task.o(.data)
    altUkfData                               0x2000ae88   Data           8  alt_kf.o(.data)
    altUkfData_sonar                         0x2000ae90   Data           8  alt_kf.o(.data)
    altUkfData_bmp                           0x2000ae98   Data           8  alt_kf.o(.data)
    flowUkfData_x                            0x2000aea0   Data           8  alt_kf.o(.data)
    flowUkfData_y                            0x2000aea8   Data           8  alt_kf.o(.data)
    gpsUkfData_e                             0x2000aeb0   Data           8  alt_kf.o(.data)
    gpsUkfData_n                             0x2000aeb8   Data           8  alt_kf.o(.data)
    heapUsed                                 0x2000aec0   Data           4  alt_kf.o(.data)
    heapHighWater                            0x2000aec4   Data           4  alt_kf.o(.data)
    dataSramUsed                             0x2000aec8   Data           4  alt_kf.o(.data)
    FLOW_NOISE                               0x2000aecc   Data           4  alt_kf.o(.data)
    flow_pos                                 0x2000aed0   Data           8  alt_kf.o(.data)
    measure_num                              0x2000aed8   Data           1  alt_kf.o(.data)
    k_acc                                    0x2000aee0   Data           4  alt_kf.o(.data)
    sonar_av_cnt                             0x2000aee4   Data           2  alt_kf.o(.data)
    sonar_f_set                              0x2000aee8   Data          24  alt_kf.o(.data)
    ALT_PRES_NOISE                           0x2000af00   Data           4  alt_kf.o(.data)
    ALT_PRES_NOISE_SONAR                     0x2000af04   Data           4  alt_kf.o(.data)
    ALT_POS_SONAR2                           0x2000af08   Data           4  alt_kf.o(.data)
    ALT_POS_SONAR3                           0x2000af0c   Data           4  alt_kf.o(.data)
    sonar_h_cnt                              0x2000af10   Data           4  alt_kf.o(.data)
    sonar_temp                               0x2000af14   Data           4  alt_kf.o(.data)
    K_SONAR                                  0x2000af18   Data           4  alt_kf.o(.data)
    test_1                                   0x2000af1c   Data           2  alt_kf.o(.data)
    en_1                                     0x2000af1e   Data           1  alt_kf.o(.data)
    NOISE                                    0x2000af20   Data          12  alt_kf.o(.data)
    X_apo_height1                            0x2000af2c   Data           8  alt_kf.o(.data)
    P_apo_k_height1                          0x2000af34   Data          16  alt_kf.o(.data)
    r_baro1                                  0x2000af44   Data           4  alt_kf.o(.data)
    r_acc1                                   0x2000af48   Data           4  alt_kf.o(.data)
    k_spd                                    0x2000af4c   Data           4  alt_kf.o(.data)
    gh                                       0x2000af50   Data           4  alt_kf.o(.data)
    gh_sonar                                 0x2000af54   Data           4  alt_kf.o(.data)
    ga                                       0x2000af58   Data           4  alt_kf.o(.data)
    gwa                                      0x2000af5c   Data           4  alt_kf.o(.data)
    P_kf_baro                                0x2000af60   Data          72  alt_kf.o(.data)
    P_kf_sonar                               0x2000afa8   Data          72  alt_kf.o(.data)
    X_apo_height                             0x2000aff0   Data           8  alt_kf.o(.data)
    P_apo_k_height                           0x2000aff8   Data          16  alt_kf.o(.data)
    k_bais                                   0x2000b008   Data           4  alt_kf.o(.data)
    k_bais2                                  0x2000b00c   Data           4  alt_kf.o(.data)
    r_baro                                   0x2000b010   Data           4  alt_kf.o(.data)
    r_acc                                    0x2000b014   Data           4  alt_kf.o(.data)
    gro_z_dead                               0x2000b018   Data           4  alt_kf.o(.data)
    dead_accz                                0x2000b01c   Data           4  alt_kf.o(.data)
    acc_off_baro                             0x2000b020   Data           4  alt_kf.o(.data)
    k_hcc                                    0x2000b024   Data           4  alt_kf.o(.data)
    k_hcc_fix                                0x2000b028   Data           4  alt_kf.o(.data)
    hc_acc_i_bmp                             0x2000b02c   Data           4  alt_kf.o(.data)
    accz                                     0x2000b030   Data           4  alt_kf.o(.data)
    accz_bmp                                 0x2000b034   Data           4  alt_kf.o(.data)
    acc_scale_bmp                            0x2000b038   Data           4  alt_kf.o(.data)
    acc_mask                                 0x2000b03c   Data           1  alt_kf.o(.data)
    acc_mask_cnt_max                         0x2000b03e   Data           2  alt_kf.o(.data)
    baro_ukf_dt                              0x2000b040   Data           4  alt_kf.o(.data)
    baro_ekf_dt                              0x2000b044   Data           4  alt_kf.o(.data)
    k_flt_accz                               0x2000b048   Data           4  alt_kf.o(.data)
    acc_est                                  0x2000b04c   Data           4  alt_kf.o(.data)
    acc_est_imu                              0x2000b050   Data           4  alt_kf.o(.data)
    baro_ekf_ero                             0x2000b054   Data           1  alt_kf.o(.data)
    ALT_VEL_BMP_UNION                        0x2000b058   Data           4  alt_kf.o(.data)
    ALT_POS_BMP_UNION                        0x2000b05c   Data           4  alt_kf.o(.data)
    baroAlt_sel                              0x2000b060   Data           1  alt_kf.o(.data)
    r_baro_new                               0x2000b064   Data          16  alt_kf.o(.data)
    g_baro_h                                 0x2000b074   Data           4  alt_kf.o(.data)
    g_baro_spd                               0x2000b078   Data           4  alt_kf.o(.data)
    acc_flag                                 0x2000b07c   Data           8  alt_kf.o(.data)
    k_acc_ukf                                0x2000b084   Data           4  alt_kf.o(.data)
    MAX_ACC_NEO                              0x2000b088   Data           4  alt_kf.o(.data)
    flow_dt                                  0x2000b08c   Data           4  alt_kf.o(.data)
    GPS_NOISE                                0x2000b090   Data           4  alt_kf.o(.data)
    k_acc_fpl_gps                            0x2000b094   Data           4  alt_kf.o(.data)
    q_pos                                    0x2000b098   Data           4  alt_kf.o(.data)
    v_q                                      0x2000b09c   Data           4  alt_kf.o(.data)
    v_bais                                   0x2000b0a0   Data           4  alt_kf.o(.data)
    s_bais                                   0x2000b0a4   Data           4  alt_kf.o(.data)
    ALT_STATE_POS1                           0x2000b0a8   Data           4  alt_kf.o(.data)
    ALT_STATE_VEL1                           0x2000b0ac   Data           4  alt_kf.o(.data)
    ALT_STATE_BIAS1                          0x2000b0b0   Data           4  alt_kf.o(.data)
    ALT_NOISE_BIAS1                          0x2000b0b4   Data           4  alt_kf.o(.data)
    ALT_NOISE_VEL1                           0x2000b0b8   Data           4  alt_kf.o(.data)
    ALT_STATE_POS_GPS                        0x2000b0bc   Data           4  alt_kf.o(.data)
    ALT_STATE_VEL_GPS                        0x2000b0c0   Data           4  alt_kf.o(.data)
    ALT_STATE_BIAS_GPS                       0x2000b0c4   Data           4  alt_kf.o(.data)
    ALT_NOISE_BIAS_GPS                       0x2000b0c8   Data           4  alt_kf.o(.data)
    ALT_NOISE_VEL_GPS                        0x2000b0cc   Data           4  alt_kf.o(.data)
    k_flow_devide                            0x2000b114   Data           4  flow.o(.data)
    flow_module_offset_y                     0x2000b118   Data           4  flow.o(.data)
    flow_module_offset_x                     0x2000b11c   Data           4  flow.o(.data)
    INNER_TASK_STK                           0x2000b178   Data        1024  ucos_task.o(.bss)
    OUTER_TASK_STK                           0x2000b578   Data        1536  ucos_task.o(.bss)
    EKF_TASK_STK                             0x2000bb78   Data       32768  ucos_task.o(.bss)
    fRealGyro                                0x20013b78   Data          12  ucos_task.o(.bss)
    fRealAccel                               0x20013b84   Data          12  ucos_task.o(.bss)
    fRealMag                                 0x20013b90   Data          12  ucos_task.o(.bss)
    fRealQ                                   0x20013b9c   Data          16  ucos_task.o(.bss)
    lQuat                                    0x20013bac   Data          16  ucos_task.o(.bss)
    fRPY                                     0x20013bbc   Data          12  ucos_task.o(.bss)
    fQ                                       0x20013bc8   Data          16  ucos_task.o(.bss)
    reference_v_ekf                          0x20013bd8   Data          12  ucos_task.o(.bss)
    BARO_TASK_STK                            0x20013be4   Data        3072  ucos_task.o(.bss)
    SONAR_TASK_STK                           0x200147e4   Data         512  ucos_task.o(.bss)
    FLOW_TASK_STK                            0x200149e4   Data        2048  ucos_task.o(.bss)
    xBuf1                                    0x200152d8   Data          12  ucos_task.o(.bss)
    yBuf1                                    0x200152e4   Data          12  ucos_task.o(.bss)
    xBuf2                                    0x200152f0   Data          12  ucos_task.o(.bss)
    yBuf2                                    0x200152fc   Data          12  ucos_task.o(.bss)
    xBuf3                                    0x20015308   Data          12  ucos_task.o(.bss)
    yBuf3                                    0x20015314   Data          12  ucos_task.o(.bss)
    acc_neo                                  0x20015320   Data          12  ucos_task.o(.bss)
    flow_ground_temp                         0x2001532c   Data          16  ucos_task.o(.bss)
    flow_matlab_data                         0x2001533c   Data          16  ucos_task.o(.bss)
    UART_TASK_STK                            0x2001534c   Data         512  ucos_task.o(.bss)
    ERROR_TASK_STK                           0x2001554c   Data         256  ucos_task.o(.bss)
    START_TASK_STK                           0x20015694   Data         256  main.o(.bss)
    MsgGrp                                   0x20015794   Data        1024  main.o(.bss)
    mcuID                                    0x20015b94   Data          12  main.o(.bss)
    OSEventTbl                               0x20015ba0   Data         200  os_core.o(.bss)
    OSFlagTbl                                0x20015c68   Data          80  os_core.o(.bss)
    OSTaskStatStk                            0x20015cb8   Data         512  os_core.o(.bss)
    OSTaskIdleStk                            0x20015eb8   Data         512  os_core.o(.bss)
    OSTCBPrioTbl                             0x200160b8   Data         256  os_core.o(.bss)
    OSTCBTbl                                 0x200161b8   Data        1848  os_core.o(.bss)
    OSQTbl                                   0x200168f0   Data         120  os_core.o(.bss)
    OSTmrTbl                                 0x20016968   Data         640  os_core.o(.bss)
    OSTmrTaskStk                             0x20016be8   Data         512  os_core.o(.bss)
    OSTmrWheelTbl                            0x20016de8   Data          64  os_core.o(.bss)
    FLASH_READ_BUF                           0x20016e28   Data         100  flash.o(.bss)
    FLASH_Buffer                             0x20016e8c   Data         100  flash.o(.bss)
    W25QXX_BUFFER                            0x20016ef0   Data        4096  flash_w25.o(.bss)
    Cycle_T                                  0x20017ef0   Data         240  time.o(.bss)
    qr                                       0x20017fe0   Data          48  usart_fc.o(.bss)
    color                                    0x20018010   Data          20  usart_fc.o(.bss)
    HPID                                     0x20018024   Data          18  usart_fc.o(.bss)
    SPID                                     0x20018036   Data          18  usart_fc.o(.bss)
    FIX_PID                                  0x20018048   Data          18  usart_fc.o(.bss)
    NAV_PID                                  0x2001805a   Data          18  usart_fc.o(.bss)
    pid                                      0x2001806c   Data         224  usart_fc.o(.bss)
    Rc_Get                                   0x2001814c   Data          20  usart_fc.o(.bss)
    plane                                    0x20018160   Data         116  usart_fc.o(.bss)
    slam                                     0x200181d4   Data          20  usart_fc.o(.bss)
    imu_nav                                  0x200181e8   Data         104  usart_fc.o(.bss)
    mode                                     0x20018250   Data          53  usart_fc.o(.bss)
    flow_debug                               0x20018288   Data          40  usart_fc.o(.bss)
    par                                      0x200182b0   Data          48  usart_fc.o(.bss)
    TxBuffer                                 0x200182e0   Data         256  usart_fc.o(.bss)
    Rx_Buf                                   0x200183e0   Data         256  usart_fc.o(.bss)
    RxBuffer                                 0x200184e0   Data          50  usart_fc.o(.bss)
    Tx5Buffer                                0x20018512   Data         256  usart_fc.o(.bss)
    TxBuffer_u1                              0x20018612   Data         256  usart_fc.o(.bss)
    Rx_Buf_u1                                0x20018712   Data         256  usart_fc.o(.bss)
    RxBuffer_u1                              0x20018812   Data          50  usart_fc.o(.bss)
    USART3_TX_BUF                            0x20018848   Data         800  usart_fc.o(.bss)
    USART3_RX_BUF                            0x20018b68   Data         800  usart_fc.o(.bss)
    USART1_TX_BUF                            0x20018e88   Data         800  usart_fc.o(.bss)
    gpsx                                     0x200191a8   Data         175  usart_fc.o(.bss)
    buf_imu_dj                               0x20019257   Data          20  usart_fc.o(.bss)
    angle_imu_dj                             0x2001926c   Data          12  usart_fc.o(.bss)
    RxBuffer11                               0x20019278   Data          50  usart_fc.o(.bss)
    buf_GNVTG                                0x200192aa   Data          65  usart_fc.o(.bss)
    laser_buf                                0x200192ec   Data         720  usart_fc.o(.bss)
    m100                                     0x200195c0   Data          96  usart_fc.o(.bss)
    debug_pi_flow                            0x20019620   Data          80  usart_fc.o(.bss)
    pi_flow                                  0x20019670   Data         324  usart_fc.o(.bss)
    RxBuffer4_test                           0x200197b4   Data          25  usart_fc.o(.bss)
    RxBuffer4                                0x200197cd   Data          50  usart_fc.o(.bss)
    Rx_Buf3                                  0x200197ff   Data         256  usart_fc.o(.bss)
    RxBuffer3                                0x200198ff   Data          50  usart_fc.o(.bss)
    SendBuff1                                0x20019931   Data          64  usart_fc.o(.bss)
    SendBuff2                                0x20019971   Data         384  usart_fc.o(.bss)
    SendBuff3                                0x20019af1   Data          32  usart_fc.o(.bss)
    SendBuff4                                0x20019b11   Data          64  usart_fc.o(.bss)
    flow                                     0x20019b58   Data         112  usart_fc.o(.bss)
    flow_rad                                 0x20019bc8   Data          48  usart_fc.o(.bss)
    lis3mdl                                  0x20019ce0   Data         284  lis3mdl.o(.bss)
    acc_lsq                                  0x20019dfc   Data         168  lis3mdl.o(.bss)
    sum_temp                                 0x20019ea4   Data          28  lis3mdl.o(.bss)
    sum_temp_3d                              0x20019ec0   Data          28  lis3mdl.o(.bss)
    mpu6050                                  0x2001a1b8   Data         188  mpu6050.o(.bss)
    mpu6050_r                                0x2001a274   Data         188  mpu6050.o(.bss)
    imu_fushion                              0x2001a330   Data         188  mpu6050.o(.bss)
    mpu6050_buffer                           0x2001a3ec   Data          14  mpu6050.o(.bss)
    mpu6050_tmp                              0x2001a694   Data          28  mpu6050.o(.bss)
    mpu6050_tmp_acc_circle                   0x2001a6b0   Data          28  mpu6050.o(.bss)
    mpu_fil_tmp                              0x2001a6cc   Data          28  mpu6050.o(.bss)
    mpu_fil_tmp_acc_circle                   0x2001a6e8   Data          28  mpu6050.o(.bss)
    acc_off                                  0x2001a704   Data          12  mpu6050.o(.bss)
    acc_scale                                0x2001a710   Data          12  mpu6050.o(.bss)
    HMC5883_FIFO                             0x2001a810   Data          66  hml_sample.o(.bss)
    now_dj                                   0x2001a86c   Data          16  ultrasonic.o(.bss)
    lastUpdate_dj                            0x2001a87c   Data          16  ultrasonic.o(.bss)
    Laser_avoid                              0x2001a88c   Data         120  laser.o(.bss)
    med_filter_tmp                           0x2001a904   Data        6000  fliter.o(.bss)
    med_filter_out                           0x2001c074   Data         120  fliter.o(.bss)
    med_fil_cnt                              0x2001c0ec   Data          30  fliter.o(.bss)
    firstOrderFilters                        0x2001c10c   Data         400  fliter.o(.bss)
    q_nav                                    0x2001c2a0   Data          16  imu.o(.bss)
    reference_v                              0x2001c2b0   Data          12  imu.o(.bss)
    ref                                      0x2001c2bc   Data          60  imu.o(.bss)
    reference_vr                             0x2001c2f8   Data          12  imu.o(.bss)
    mag_sim_3d                               0x2001c304   Data          12  imu.o(.bss)
    acc_3d_hg                                0x2001c310   Data          12  imu.o(.bss)
    acc_ng                                   0x2001c31c   Data          12  imu.o(.bss)
    acc_ng_offset                            0x2001c328   Data          12  imu.o(.bss)
    yaw_mag_view                             0x2001c334   Data          20  imu.o(.bss)
    X_kf_yaw                                 0x2001c348   Data          16  imu.o(.bss)
    reference_vr_imd_down                    0x2001c364   Data          12  imu_m.o(.bss)
    reference_vr_imd_down_fc                 0x2001c370   Data          12  imu_m.o(.bss)
    gps_data                                 0x2001c380   Data          32  ukf_task.o(.bss)
    mag_data                                 0x2001c3a0   Data          60  ukf_task.o(.bss)
    accel_data                               0x2001c3dc   Data          80  ukf_task.o(.bss)
    gyro_data                                0x2001c42c   Data          72  ukf_task.o(.bss)
    attitude_data                            0x2001c474   Data          16  ukf_task.o(.bss)
    angle_ins                                0x2001c484   Data          12  ukf_task.o(.bss)
    X_ukf                                    0x2001c490   Data          48  ukf_task.o(.bss)
    X_ukf_baro                               0x2001c4c0   Data          48  ukf_task.o(.bss)
    X_KF_NAV                                 0x2001c630   Data          48  ukf_task.o(.bss)
    P_KF_NAV                                 0x2001c660   Data         144  ukf_task.o(.bss)
    state_correct_posx                       0x2001c6f0   Data          48  ukf_task.o(.bss)
    state_correct_posy                       0x2001c720   Data          48  ukf_task.o(.bss)
    X_kf2_x                                  0x2001c750   Data          24  ukf_task.o(.bss)
    X_kf2_y                                  0x2001c768   Data          24  ukf_task.o(.bss)
    Distance                                 0x2001c780   Data         100  alt_kf.o(.bss)
    ultra                                    0x2001c7f0   Data          20  alt_kf.o(.bss)
    sonar_av_arr                             0x2001c804   Data          20  alt_kf.o(.bss)
    sonar                                    0x2001c818   Data          24  alt_kf.o(.bss)
    sonar_fusion                             0x2001c830   Data          68  alt_kf.o(.bss)
    sonar_h_arr                              0x2001c874   Data          44  alt_kf.o(.bss)
    X_kf_baro                                0x2001c8a0   Data          24  alt_kf.o(.bss)
    X_kf_baro_temp                           0x2001c8b8   Data          24  alt_kf.o(.bss)
    X_kf_sonar                               0x2001c8d0   Data          24  alt_kf.o(.bss)
    acc_z_view                               0x2001c988   Data          12  alt_kf.o(.bss)
    state_correct_baro                       0x2001c998   Data          48  alt_kf.o(.bss)
    Global_GPS_Sensor                        0x2001c9c8   Data          88  alt_kf.o(.bss)
    v_test                                   0x2001ca20   Data          16  alt_kf.o(.bss)
    Last_GPS                                 0x2001ca30   Data          16  alt_kf.o(.bss)
    TAR_GPS                                  0x2001ca40   Data          16  alt_kf.o(.bss)
    flow_per_out                             0x2001caa8   Data          16  flow.o(.bss)
    hml_lsq                                  0x2001cadc   Data         168  cycle_cal_oldx.o(.bss)
    __libspace_start                         0x2001cb84   Data          96  libspace.o(.bss)
    __temporary_stack_top$libspace           0x2001cbe4   Data           0  libspace.o(.bss)



==============================================================================

Memory Map of the image

  Image Entry point : 0x08000189

  Load Region LR_IROM1 (Base: 0x08000000, Size: 0x00031df4, Max: 0x00100000, ABSOLUTE, COMPRESSED[0x00027574])

    Execution Region ER_IROM1 (Base: 0x08000000, Size: 0x00026c80, Max: 0x00100000, ABSOLUTE)

    Base Addr    Size         Type   Attr      Idx    E Section Name        Object

    0x08000000   0x00000188   Data   RO          602    RESET               startup_stm32f40_41xxx.o
    0x08000188   0x00000008   Code   RO         2394  * !!!main             c_w.l(__main.o)
    0x08000190   0x00000034   Code   RO         2874    !!!scatter          c_w.l(__scatter.o)
    0x080001c4   0x0000005a   Code   RO         2872    !!dczerorl2         c_w.l(__dczerorl2.o)
    0x0800021e   0x00000002   PAD
    0x08000220   0x0000001c   Code   RO         2876    !!handler_zi        c_w.l(__scatter_zi.o)
    0x0800023c   0x00000002   Code   RO         2803    .ARM.Collect$$libinit$$00000000  c_w.l(libinit.o)
    0x0800023e   0x00000004   Code   RO         2618    .ARM.Collect$$libinit$$00000001  c_w.l(libinit2.o)
    0x08000242   0x00000000   Code   RO         2621    .ARM.Collect$$libinit$$00000004  c_w.l(libinit2.o)
    0x08000242   0x00000000   Code   RO         2624    .ARM.Collect$$libinit$$0000000A  c_w.l(libinit2.o)
    0x08000242   0x00000000   Code   RO         2626    .ARM.Collect$$libinit$$0000000C  c_w.l(libinit2.o)
    0x08000242   0x00000000   Code   RO         2628    .ARM.Collect$$libinit$$0000000E  c_w.l(libinit2.o)
    0x08000242   0x00000000   Code   RO         2631    .ARM.Collect$$libinit$$00000011  c_w.l(libinit2.o)
    0x08000242   0x00000000   Code   RO         2633    .ARM.Collect$$libinit$$00000013  c_w.l(libinit2.o)
    0x08000242   0x00000000   Code   RO         2635    .ARM.Collect$$libinit$$00000015  c_w.l(libinit2.o)
    0x08000242   0x00000000   Code   RO         2637    .ARM.Collect$$libinit$$00000017  c_w.l(libinit2.o)
    0x08000242   0x00000000   Code   RO         2639    .ARM.Collect$$libinit$$00000019  c_w.l(libinit2.o)
    0x08000242   0x00000000   Code   RO         2641    .ARM.Collect$$libinit$$0000001B  c_w.l(libinit2.o)
    0x08000242   0x00000000   Code   RO         2643    .ARM.Collect$$libinit$$0000001D  c_w.l(libinit2.o)
    0x08000242   0x00000000   Code   RO         2645    .ARM.Collect$$libinit$$0000001F  c_w.l(libinit2.o)
    0x08000242   0x00000000   Code   RO         2647    .ARM.Collect$$libinit$$00000021  c_w.l(libinit2.o)
    0x08000242   0x00000000   Code   RO         2649    .ARM.Collect$$libinit$$00000023  c_w.l(libinit2.o)
    0x08000242   0x00000000   Code   RO         2651    .ARM.Collect$$libinit$$00000025  c_w.l(libinit2.o)
    0x08000242   0x00000000   Code   RO         2655    .ARM.Collect$$libinit$$0000002C  c_w.l(libinit2.o)
    0x08000242   0x00000000   Code   RO         2657    .ARM.Collect$$libinit$$0000002E  c_w.l(libinit2.o)
    0x08000242   0x00000000   Code   RO         2659    .ARM.Collect$$libinit$$00000030  c_w.l(libinit2.o)
    0x08000242   0x00000000   Code   RO         2661    .ARM.Collect$$libinit$$00000032  c_w.l(libinit2.o)
    0x08000242   0x00000002   Code   RO         2662    .ARM.Collect$$libinit$$00000033  c_w.l(libinit2.o)
    0x08000244   0x00000002   Code   RO         2869    .ARM.Collect$$libshutdown$$00000000  c_w.l(libshutdown.o)
    0x08000246   0x00000000   Code   RO         2823    .ARM.Collect$$libshutdown$$00000002  c_w.l(libshutdown2.o)
    0x08000246   0x00000000   Code   RO         2825    .ARM.Collect$$libshutdown$$00000004  c_w.l(libshutdown2.o)
    0x08000246   0x00000000   Code   RO         2828    .ARM.Collect$$libshutdown$$00000007  c_w.l(libshutdown2.o)
    0x08000246   0x00000000   Code   RO         2831    .ARM.Collect$$libshutdown$$0000000A  c_w.l(libshutdown2.o)
    0x08000246   0x00000000   Code   RO         2833    .ARM.Collect$$libshutdown$$0000000C  c_w.l(libshutdown2.o)
    0x08000246   0x00000000   Code   RO         2836    .ARM.Collect$$libshutdown$$0000000F  c_w.l(libshutdown2.o)
    0x08000246   0x00000002   Code   RO         2837    .ARM.Collect$$libshutdown$$00000010  c_w.l(libshutdown2.o)
    0x08000248   0x00000000   Code   RO         2586    .ARM.Collect$$rtentry$$00000000  c_w.l(__rtentry.o)
    0x08000248   0x00000000   Code   RO         2733    .ARM.Collect$$rtentry$$00000002  c_w.l(__rtentry2.o)
    0x08000248   0x00000006   Code   RO         2745    .ARM.Collect$$rtentry$$00000004  c_w.l(__rtentry4.o)
    0x0800024e   0x00000000   Code   RO         2735    .ARM.Collect$$rtentry$$00000009  c_w.l(__rtentry2.o)
    0x0800024e   0x00000004   Code   RO         2736    .ARM.Collect$$rtentry$$0000000A  c_w.l(__rtentry2.o)
    0x08000252   0x00000000   Code   RO         2738    .ARM.Collect$$rtentry$$0000000C  c_w.l(__rtentry2.o)
    0x08000252   0x00000008   Code   RO         2739    .ARM.Collect$$rtentry$$0000000D  c_w.l(__rtentry2.o)
    0x0800025a   0x00000002   Code   RO         2808    .ARM.Collect$$rtexit$$00000000  c_w.l(rtexit.o)
    0x0800025c   0x00000000   Code   RO         2843    .ARM.Collect$$rtexit$$00000002  c_w.l(rtexit2.o)
    0x0800025c   0x00000004   Code   RO         2844    .ARM.Collect$$rtexit$$00000003  c_w.l(rtexit2.o)
    0x08000260   0x00000006   Code   RO         2845    .ARM.Collect$$rtexit$$00000004  c_w.l(rtexit2.o)
    0x08000266   0x00000002   PAD
    0x08000268   0x00002230   Code   RO            3    .text               ucos_task.o
    0x08002498   0x000002ec   Code   RO          371    .text               main.o
    0x08002784   0x00000100   Code   RO          467    .text               rt_nonfinite.o
    0x08002884   0x000000c8   Code   RO          497    .text               rtgetnan.o
    0x0800294c   0x00000134   Code   RO          513    .text               rtgetinf.o
    0x08002a80   0x00000016   Code   RO          527    .text               stm32f4xx_it.o
    0x08002a96   0x00000002   PAD
    0x08002a98   0x00000210   Code   RO          576    .text               system_stm32f4xx.o
    0x08002ca8   0x00000040   Code   RO          603    .text               startup_stm32f40_41xxx.o
    0x08002ce8   0x00000108   Code   RO          609    .text               delay.o
    0x08002df0   0x000000e0   Code   RO          649    .text               misc.o
    0x08002ed0   0x00000294   Code   RO          669    .text               stm32f4xx_gpio.o
    0x08003164   0x0000065c   Code   RO          712    .text               stm32f4xx_rcc.o
    0x080037c0   0x00000094   Code   RO          734    .text               stm32f4xx_syscfg.o
    0x08003854   0x00000454   Code   RO          754    .text               stm32f4xx_usart.o
    0x08003ca8   0x00000ca2   Code   RO          774    .text               stm32f4xx_tim.o
    0x0800494a   0x00000002   PAD
    0x0800494c   0x00000694   Code   RO          794    .text               stm32f4xx_flash.o
    0x08004fe0   0x00000110   Code   RO          814    .text               stm32f4xx_exti.o
    0x080050f0   0x00000480   Code   RO          854    .text               stm32f4xx_spi.o
    0x08005570   0x000003a8   Code   RO          874    .text               stm32f4xx_dma.o
    0x08005918   0x00000040   Code   RO          914    .text               stm32f4xx_iwdg.o
    0x08005958   0x00000894   Code   RO          954    .text               os_core.o
    0x080061ec   0x0000080c   Code   RO          982    .text               os_flag.o
    0x080069f8   0x000003cc   Code   RO         1002    .text               os_mbox.o
    0x08006dc4   0x000005e8   Code   RO         1056    .text               os_q.o
    0x080073ac   0x0000038c   Code   RO         1076    .text               os_sem.o
    0x08007738   0x000007c4   Code   RO         1096    .text               os_task.o
    0x08007efc   0x000001b0   Code   RO         1116    .text               os_time.o
    0x080080ac   0x00000634   Code   RO         1136    .text               os_tmr.o
    0x080086e0   0x000000c8   Code   RO         1154    .text               os_cpu_a.o
    0x080087a8   0x000001e8   Code   RO         1159    .text               os_cpu_c.o
    0x08008990   0x00000424   Code   RO         1189    .text               iic_fc.o
    0x08008db4   0x00000458   Code   RO         1209    .text               iic1.o
    0x0800920c   0x000003e0   Code   RO         1255    .text               iic_sonar.o
    0x080095ec   0x000003a8   Code   RO         1281    .text               iic_soft.o
    0x08009994   0x000006cc   Code   RO         1307    .text               led_fc.o
    0x0800a060   0x00000c24   Code   RO         1336    .text               flash.o
    0x0800ac84   0x00000478   Code   RO         1360    .text               flash_w25.o
    0x0800b0fc   0x00000268   Code   RO         1391    .text               time.o
    0x0800b364   0x0000002c   Code   RO         1422    .text               watch_dog.o
    0x0800b390   0x000008c8   Code   RO         1465    .text               gps.o
    0x0800bc58   0x000000e8   Code   RO         1515    .text               dma.o
    0x0800bd40   0x00006b34   Code   RO         1535    .text               usart_fc.o
    0x08012874   0x00001c34   Code   RO         1597    .text               lis3mdl.o
    0x080144a8   0x00000be0   Code   RO         1628    .text               mpu6050.o
    0x08015088   0x000008e8   Code   RO         1656    .text               hml_sample.o
    0x08015970   0x00000744   Code   RO         1690    .text               ms5611_2.o
    0x080160b4   0x00000ba0   Code   RO         1717    .text               ultrasonic.o
    0x08016c54   0x000001a0   Code   RO         1767    .text               laser.o
    0x08016df4   0x00000980   Code   RO         1795    .text               fliter.o
    0x08017774   0x00001758   Code   RO         1820    .text               kf_oldx.o
    0x08018ecc   0x00000784   Code   RO         1972    .text               my_math.o
    0x08019650   0x00001404   Code   RO         1993    .text               kf_oldx_nav.o
    0x0801aa54   0x00001340   Code   RO         2021    .text               imu.o
    0x0801bd94   0x00002cd0   Code   RO         2084    .text               ukf_task.o
    0x0801ea64   0x000033c0   Code   RO         2130    .text               alt_kf.o
    0x08021e24   0x00000b54   Code   RO         2207    .text               flow_oldx.lib(flow.o)
    0x08022978   0x00000a18   Code   RO         2298    .text               cycle_cal_oldx.lib(cycle_cal_oldx.o)
    0x08023390   0x0000004e   Code   RO         2328    .text               c_w.l(h1_free.o)
    0x080233de   0x00000048   Code   RO         2384    .text               c_w.l(llsdiv.o)
    0x08023426   0x00000024   Code   RO         2386    .text               c_w.l(strstr.o)
    0x0802344a   0x00000064   Code   RO         2388    .text               c_w.l(rt_memcpy_w.o)
    0x080234ae   0x0000004e   Code   RO         2390    .text               c_w.l(rt_memclr_w.o)
    0x080234fc   0x00000006   Code   RO         2392    .text               c_w.l(heapauxi.o)
    0x08023502   0x00000002   PAD
    0x08023504   0x00000008   Code   RO         2590    .text               c_w.l(rt_heap_descriptor_intlibspace.o)
    0x0802350c   0x000000ee   Code   RO         2612    .text               c_w.l(lludivv7m.o)
    0x080235fa   0x00000016   Code   RO         2614    .text               c_w.l(_rserrno.o)
    0x08023610   0x00000008   Code   RO         2729    .text               c_w.l(libspace.o)
    0x08023618   0x00000008   Code   RO         2754    .text               c_w.l(rt_errno_addr_intlibspace.o)
    0x08023620   0x00000002   Code   RO         2777    .text               c_w.l(use_no_semi.o)
    0x08023622   0x00000000   Code   RO         2779    .text               c_w.l(indicate_semi.o)
    0x08023622   0x0000004a   Code   RO         2780    .text               c_w.l(sys_stackheap_outer.o)
    0x0802366c   0x00000012   Code   RO         2788    .text               c_w.l(exit.o)
    0x0802367e   0x00000002   PAD
    0x08023680   0x0000000c   Code   RO         2806    .text               c_w.l(sys_exit.o)
    0x0802368c   0x00000030   Code   RO         2695    i.__ARM_fpclassify  m_wm.l(fpclassify.o)
    0x080236bc   0x00000026   Code   RO         2697    i.__ARM_fpclassifyf  m_wm.l(fpclassifyf.o)
    0x080236e2   0x00000006   PAD
    0x080236e8   0x00000358   Code   RO         2432    i.__hardfp_acos     m_wm.l(acos.o)
    0x08023a40   0x00000360   Code   RO         2446    i.__hardfp_asin     m_wm.l(asin.o)
    0x08023da0   0x00000250   Code   RO         2498    i.__hardfp_atan2f   m_wm.l(atan2f.o)
    0x08023ff0   0x000000c8   Code   RO         2510    i.__hardfp_cos      m_wm.l(cos.o)
    0x080240b8   0x00000014   Code   RO         2522    i.__hardfp_fabs     m_wm.l(fabs.o)
    0x080240cc   0x00000004   PAD
    0x080240d0   0x00000118   Code   RO         2528    i.__hardfp_floor    m_wm.l(floor.o)
    0x080241e8   0x00000c50   Code   RO         2534    i.__hardfp_pow      m_wm.l(pow.o)
    0x08024e38   0x000000c8   Code   RO         2548    i.__hardfp_sin      m_wm.l(sin.o)
    0x08024f00   0x0000007a   Code   RO         2560    i.__hardfp_sqrt     m_wm.l(sqrt.o)
    0x08024f7a   0x00000006   PAD
    0x08024f80   0x00000438   Code   RO         2716    i.__ieee754_rem_pio2  m_wm.l(rred.o)
    0x080253b8   0x00000170   Code   RO         2678    i.__kernel_cos      m_wm.l(cos_i.o)
    0x08025528   0x000000f8   Code   RO         2713    i.__kernel_poly     m_wm.l(poly.o)
    0x08025620   0x00000130   Code   RO         2721    i.__kernel_sin      m_wm.l(sin_i.o)
    0x08025750   0x00000030   Code   RO         2681    i.__mathlib_dbl_divzero  m_wm.l(dunder.o)
    0x08025780   0x00000014   Code   RO         2682    i.__mathlib_dbl_infnan  m_wm.l(dunder.o)
    0x08025794   0x00000014   Code   RO         2683    i.__mathlib_dbl_infnan2  m_wm.l(dunder.o)
    0x080257a8   0x00000020   Code   RO         2684    i.__mathlib_dbl_invalid  m_wm.l(dunder.o)
    0x080257c8   0x00000020   Code   RO         2685    i.__mathlib_dbl_overflow  m_wm.l(dunder.o)
    0x080257e8   0x00000020   Code   RO         2687    i.__mathlib_dbl_underflow  m_wm.l(dunder.o)
    0x08025808   0x00000006   Code   RO         2701    i.__mathlib_flt_infnan2  m_wm.l(funder.o)
    0x0802580e   0x00000002   PAD
    0x08025810   0x00000010   Code   RO         2705    i.__mathlib_flt_underflow  m_wm.l(funder.o)
    0x08025820   0x00000018   Code   RO         2524    i.fabs              m_wm.l(fabs.o)
    0x08025838   0x0000006e   Code   RO         2562    i.sqrt              m_wm.l(sqrt.o)
    0x080258a6   0x00000018   Code   RO         2396    x$fpl$basic         fz_wm.l(basic.o)
    0x080258be   0x00000002   PAD
    0x080258c0   0x00000062   Code   RO         2398    x$fpl$d2f           fz_wm.l(d2f.o)
    0x08025922   0x00000002   PAD
    0x08025924   0x00000150   Code   RO         2400    x$fpl$dadd          fz_wm.l(daddsub_clz.o)
    0x08025a74   0x00000010   Code   RO         2773    x$fpl$dcheck1       fz_wm.l(dcheck1.o)
    0x08025a84   0x00000018   Code   RO         2663    x$fpl$dcmpinf       fz_wm.l(dcmpi.o)
    0x08025a9c   0x000002b0   Code   RO         2407    x$fpl$ddiv          fz_wm.l(ddiv.o)
    0x08025d4c   0x00000078   Code   RO         2410    x$fpl$deqf          fz_wm.l(deqf.o)
    0x08025dc4   0x0000005e   Code   RO         2412    x$fpl$dfix          fz_wm.l(dfix.o)
    0x08025e22   0x0000002e   Code   RO         2417    x$fpl$dflt          fz_wm.l(dflt_clz.o)
    0x08025e50   0x00000026   Code   RO         2416    x$fpl$dfltu         fz_wm.l(dflt_clz.o)
    0x08025e76   0x00000002   PAD
    0x08025e78   0x00000078   Code   RO         2422    x$fpl$dleqf         fz_wm.l(dleqf.o)
    0x08025ef0   0x00000154   Code   RO         2424    x$fpl$dmul          fz_wm.l(dmul.o)
    0x08026044   0x0000009c   Code   RO         2665    x$fpl$dnaninf       fz_wm.l(dnaninf.o)
    0x080260e0   0x0000000c   Code   RO         2667    x$fpl$dretinf       fz_wm.l(dretinf.o)
    0x080260ec   0x0000006c   Code   RO         2426    x$fpl$drleqf        fz_wm.l(drleqf.o)
    0x08026158   0x00000016   Code   RO         2401    x$fpl$drsb          fz_wm.l(daddsub_clz.o)
    0x0802616e   0x00000002   PAD
    0x08026170   0x00000198   Code   RO         2669    x$fpl$dsqrt         fz_wm.l(dsqrt_umaal.o)
    0x08026308   0x000001d4   Code   RO         2402    x$fpl$dsub          fz_wm.l(daddsub_clz.o)
    0x080264dc   0x00000056   Code   RO         2428    x$fpl$f2d           fz_wm.l(f2d.o)
    0x08026532   0x00000060   Code   RO         2430    x$fpl$ffltll        fz_wm.l(ffltll_clz.o)
    0x08026592   0x0000008c   Code   RO         2671    x$fpl$fnaninf       fz_wm.l(fnaninf.o)
    0x0802661e   0x0000000a   Code   RO         2775    x$fpl$fpinit        fz_wm.l(fpinit.o)
    0x08026628   0x0000000a   Code   RO         2673    x$fpl$fretinf       fz_wm.l(fretinf.o)
    0x08026632   0x00000064   Code   RO         2804    x$fpl$retnan        fz_wm.l(retnan.o)
    0x08026696   0x0000005c   Code   RO         2675    x$fpl$scalbn        fz_wm.l(scalbn.o)
    0x080266f2   0x00000030   Code   RO         2838    x$fpl$trapveneer    fz_wm.l(trapv.o)
    0x08026722   0x00000000   Code   RO         2677    x$fpl$usenofp       fz_wm.l(usenofp.o)
    0x08026722   0x00000100   Data   RO          956    .constdata          os_core.o
    0x08026822   0x00000006   PAD
    0x08026828   0x00000084   Data   RO         1821    .constdata          kf_oldx.o
    0x080268ac   0x00000004   PAD
    0x080268b0   0x0000003c   Data   RO         1994    .constdata          kf_oldx_nav.o
    0x080268ec   0x00000004   PAD
    0x080268f0   0x00000090   Data   RO         2086    .constdata          ukf_task.o
    0x08026980   0x00000090   Data   RO         2133    .constdata          alt_kf.o
    0x08026a10   0x00000050   Data   RO         2435    .constdata          m_wm.l(acos.o)
    0x08026a60   0x00000050   Data   RO         2449    .constdata          m_wm.l(asin.o)
    0x08026ab0   0x00000088   Data   RO         2537    .constdata          m_wm.l(pow.o)
    0x08026b38   0x00000030   Data   RO         2679    .constdata          m_wm.l(cos_i.o)
    0x08026b68   0x00000008   Data   RO         2715    .constdata          m_wm.l(qnan.o)
    0x08026b70   0x000000c8   Data   RO         2718    .constdata          m_wm.l(rred.o)
    0x08026c38   0x00000028   Data   RO         2722    .constdata          m_wm.l(sin_i.o)
    0x08026c60   0x00000020   Data   RO         2870    Region$$Table       anon$$obj.o


    Execution Region RW_IRAM1 (Base: 0x20000000, Size: 0x0001d1e8, Max: 0x00020000, ABSOLUTE, COMPRESSED[0x000008f4])

    Base Addr    Size         Type   Attr      Idx    E Section Name        Object

    0x20000000   0x0000a000   Data   RW         2132    .ccm                alt_kf.o
    0x2000a000   0x00000132   Data   RW            5    .data               ucos_task.o
    0x2000a132   0x00000002   PAD
    0x2000a134   0x00000014   Data   RW          373    .data               main.o
    0x2000a148   0x00000018   Data   RW          444    .data               error.o
    0x2000a160   0x00000024   Data   RW          468    .data               rt_nonfinite.o
    0x2000a184   0x00000014   Data   RW          577    .data               system_stm32f4xx.o
    0x2000a198   0x00000004   Data   RW          610    .data               delay.o
    0x2000a19c   0x00000010   Data   RW          713    .data               stm32f4xx_rcc.o
    0x2000a1ac   0x0000005c   Data   RW          957    .data               os_core.o
    0x2000a208   0x00000006   Data   RW         1160    .data               os_cpu_c.o
    0x2000a20e   0x00000002   Data   RW         1256    .data               iic_sonar.o
    0x2000a210   0x00000001   Data   RW         1282    .data               iic_soft.o
    0x2000a211   0x00000001   PAD
    0x2000a212   0x00000008   Data   RW         1308    .data               led_fc.o
    0x2000a21a   0x00000002   PAD
    0x2000a21c   0x00000004   Data   RW         1338    .data               flash.o
    0x2000a220   0x00000002   Data   RW         1362    .data               flash_w25.o
    0x2000a222   0x00000002   PAD
    0x2000a224   0x00000014   Data   RW         1393    .data               time.o
    0x2000a238   0x00000008   Data   RW         1467    .data               gps.o
    0x2000a240   0x0000023a   Data   RW         1537    .data               usart_fc.o
    0x2000a47a   0x00000006   PAD
    0x2000a480   0x000000eb   Data   RW         1599    .data               lis3mdl.o
    0x2000a56b   0x00000005   PAD
    0x2000a570   0x000000de   Data   RW         1630    .data               mpu6050.o
    0x2000a64e   0x00000002   PAD
    0x2000a650   0x000000cd   Data   RW         1658    .data               hml_sample.o
    0x2000a71d   0x00000003   PAD
    0x2000a720   0x0000007d   Data   RW         1692    .data               ms5611_2.o
    0x2000a79d   0x00000003   PAD
    0x2000a7a0   0x00000090   Data   RW         1719    .data               ultrasonic.o
    0x2000a830   0x0000000c   Data   RW         1769    .data               laser.o
    0x2000a83c   0x00000041   Data   RW         1797    .data               fliter.o
    0x2000a87d   0x00000003   PAD
    0x2000a880   0x00000404   Data   RW         1973    .data               my_math.o
    0x2000ac84   0x00000004   PAD
    0x2000ac88   0x000000a6   Data   RW         2023    .data               imu.o
    0x2000ad2e   0x00000002   PAD
    0x2000ad30   0x00000064   Data   RW         2059    .data               imu_m.o
    0x2000ad94   0x000000f1   Data   RW         2087    .data               ukf_task.o
    0x2000ae85   0x00000003   PAD
    0x2000ae88   0x00000286   Data   RW         2134    .data               alt_kf.o
    0x2000b10e   0x00000002   PAD
    0x2000b110   0x00000061   Data   RW         2209    .data               flow_oldx.lib(flow.o)
    0x2000b171   0x00000007   PAD
    0x2000b178   0x0000a51c   Zero   RW            4    .bss                ucos_task.o
    0x20015694   0x0000050c   Zero   RW          372    .bss                main.o
    0x20015ba0   0x00001288   Zero   RW          955    .bss                os_core.o
    0x20016e28   0x000000c8   Zero   RW         1337    .bss                flash.o
    0x20016ef0   0x00001000   Zero   RW         1361    .bss                flash_w25.o
    0x20017ef0   0x000000f0   Zero   RW         1392    .bss                time.o
    0x20017fe0   0x00001cfc   Zero   RW         1536    .bss                usart_fc.o
    0x20019cdc   0x00000004   PAD
    0x20019ce0   0x000004d8   Zero   RW         1598    .bss                lis3mdl.o
    0x2001a1b8   0x00000564   Zero   RW         1629    .bss                mpu6050.o
    0x2001a71c   0x00000004   PAD
    0x2001a720   0x00000140   Zero   RW         1657    .bss                hml_sample.o
    0x2001a860   0x0000000c   Zero   RW         1691    .bss                ms5611_2.o
    0x2001a86c   0x00000020   Zero   RW         1718    .bss                ultrasonic.o
    0x2001a88c   0x00000078   Zero   RW         1768    .bss                laser.o
    0x2001a904   0x00001998   Zero   RW         1796    .bss                fliter.o
    0x2001c29c   0x00000004   PAD
    0x2001c2a0   0x000000c4   Zero   RW         2022    .bss                imu.o
    0x2001c364   0x00000018   Zero   RW         2058    .bss                imu_m.o
    0x2001c37c   0x00000004   PAD
    0x2001c380   0x00000400   Zero   RW         2085    .bss                ukf_task.o
    0x2001c780   0x000002d0   Zero   RW         2131    .bss                alt_kf.o
    0x2001ca50   0x0000008c   Zero   RW         2208    .bss                flow_oldx.lib(flow.o)
    0x2001cadc   0x000000a8   Zero   RW         2299    .bss                cycle_cal_oldx.lib(cycle_cal_oldx.o)
    0x2001cb84   0x00000060   Zero   RW         2730    .bss                c_w.l(libspace.o)
    0x2001cbe4   0x00000004   PAD
    0x2001cbe8   0x00000200   Zero   RW          601    HEAP                startup_stm32f40_41xxx.o
    0x2001cde8   0x00000400   Zero   RW          600    STACK               startup_stm32f40_41xxx.o


==============================================================================

Image component sizes


      Code (inc. data)   RO Data    RW Data    ZI Data      Debug   Object Name

     13248        822        144      41606        720      40842   alt_kf.o
       264         18          0          4          0       1391   delay.o
       232          4          0          0          0       1436   dma.o
         0          0          0         24          0       2220   error.o
      3108        130          0          4        200       3443   flash.o
      1144         36          0          2       4096       5236   flash_w25.o
      2432        106          0         65       6552       7863   fliter.o
      2248         80          0          8          0       5661   gps.o
      2280        128          0        205        320       7416   hml_sample.o
      1112         20          0          0          0       5260   iic1.o
      1060         14          0          0          0       4771   iic_fc.o
       936         10          0          1          0       4538   iic_soft.o
       992         18          0          2          0       5031   iic_sonar.o
      4928        348          0        166        196       4520   imu.o
         0          0          0        100         24       9919   imu_m.o
      5976        170        132          0          0       3975   kf_oldx.o
      5124        146         60          0          0       3899   kf_oldx_nav.o
       416         20          0         12        120       1828   laser.o
      1740         92          0          8          0       2256   led_fc.o
      7220        406          0        235       1240      11823   lis3mdl.o
       748        146          0         20       1292       7664   main.o
       224         20          0          0          0       1793   misc.o
      3040        192          0        222       1380      17954   mpu6050.o
      1860        162          0        125         12       6116   ms5611_2.o
      1924        108          0       1028          0       6237   my_math.o
      2196        218        256         92       4744      15971   os_core.o
       200         32          0          0          0        312   os_cpu_a.o
       488          8          0          6          0      11763   os_cpu_c.o
      2060         42          0          0          0       7200   os_flag.o
       972         16          0          0          0       4302   os_mbox.o
      1512         30          0          0          0       5761   os_q.o
       908         18          0          0          0       4034   os_sem.o
      1988         70          0          0          0       7877   os_task.o
       432         30          0          0          0       1866   os_time.o
      1588         94          0          0          0       5721   os_tmr.o
       256         26          0         36          0       3832   rt_nonfinite.o
       308         22          0          0          0       1930   rtgetinf.o
       200         18          0          0          0       2068   rtgetnan.o
        64         26        392          0       1536        824   startup_stm32f40_41xxx.o
       936         32          0          0          0       6373   stm32f4xx_dma.o
       272         10          0          0          0       2263   stm32f4xx_exti.o
      1684         28          0          0          0       9398   stm32f4xx_flash.o
       660         44          0          0          0       4137   stm32f4xx_gpio.o
        22          0          0          0          0       1023   stm32f4xx_it.o
        64          6          0          0          0       1333   stm32f4xx_iwdg.o
      1628         52          0         16          0      12996   stm32f4xx_rcc.o
      1152         36          0          0          0       6885   stm32f4xx_spi.o
       148         12          0          0          0       1833   stm32f4xx_syscfg.o
      3234         60          0          0          0      22992   stm32f4xx_tim.o
      1108         34          0          0          0       7860   stm32f4xx_usart.o
       528         46          0         20          0       1743   system_stm32f4xx.o
       616         38          0         20        240      30073   time.o
      8752        824          0        306      42268     341503   ucos_task.o
     11472        738        144        241       1024      10763   ukf_task.o
      2976        258          0        144         32       5871   ultrasonic.o
     27444       1196          0        570       7420      40503   usart_fc.o
        44          0          0          0          0        694   watch_dog.o

    ----------------------------------------------------------------------
    138172       7260       1174      45328      73432     754796   Object Totals
         0          0         32          0          0          0   (incl. Generated)
         4          0         14         40         16          0   (incl. Padding)

    ----------------------------------------------------------------------

      Code (inc. data)   RO Data    RW Data    ZI Data      Debug   Library Member Name

        90          0          0          0          0          0   __dczerorl2.o
         8          0          0          0          0         68   __main.o
         0          0          0          0          0          0   __rtentry.o
        12          0          0          0          0          0   __rtentry2.o
         6          0          0          0          0          0   __rtentry4.o
        52          8          0          0          0          0   __scatter.o
        28          0          0          0          0          0   __scatter_zi.o
        22          0          0          0          0        100   _rserrno.o
        18          0          0          0          0         80   exit.o
        78          0          0          0          0         80   h1_free.o
         6          0          0          0          0        152   heapauxi.o
         0          0          0          0          0          0   indicate_semi.o
         2          0          0          0          0          0   libinit.o
         6          0          0          0          0          0   libinit2.o
         2          0          0          0          0          0   libshutdown.o
         2          0          0          0          0          0   libshutdown2.o
         8          4          0          0         96         68   libspace.o
        72          0          0          0          0         76   llsdiv.o
       238          0          0          0          0        100   lludivv7m.o
         8          4          0          0          0         68   rt_errno_addr_intlibspace.o
         8          4          0          0          0         68   rt_heap_descriptor_intlibspace.o
        78          0          0          0          0         80   rt_memclr_w.o
       100          0          0          0          0         80   rt_memcpy_w.o
         2          0          0          0          0          0   rtexit.o
        10          0          0          0          0          0   rtexit2.o
        36          0          0          0          0         80   strstr.o
        12          4          0          0          0         68   sys_exit.o
        74          0          0          0          0         80   sys_stackheap_outer.o
         2          0          0          0          0         68   use_no_semi.o
      2584         12          0          0        168       4813   cycle_cal_oldx.o
      2900        124          0         97        140     220042   flow.o
        24          0          0          0          0        164   basic.o
        98          4          0          0          0        140   d2f.o
       826         16          0          0          0        492   daddsub_clz.o
        16          4          0          0          0        116   dcheck1.o
        24          0          0          0          0        116   dcmpi.o
       688        140          0          0          0        256   ddiv.o
       120          4          0          0          0        140   deqf.o
        94          4          0          0          0        140   dfix.o
        84          0          0          0          0        232   dflt_clz.o
       120          4          0          0          0        140   dleqf.o
       340         12          0          0          0        152   dmul.o
       156          4          0          0          0        140   dnaninf.o
        12          0          0          0          0        116   dretinf.o
       108          0          0          0          0        128   drleqf.o
       408         56          0          0          0        168   dsqrt_umaal.o
        86          4          0          0          0        132   f2d.o
        96          0          0          0          0        132   ffltll_clz.o
       140          4          0          0          0        132   fnaninf.o
        10          0          0          0          0        116   fpinit.o
        10          0          0          0          0        116   fretinf.o
       100          0          0          0          0        116   retnan.o
        92          0          0          0          0        116   scalbn.o
        48          0          0          0          0        116   trapv.o
         0          0          0          0          0          0   usenofp.o
       856        118         80          0          0        288   acos.o
       864         94         80          0          0        280   asin.o
       592         90          0          0          0        184   atan2f.o
       200         20          0          0          0        164   cos.o
       368         46         48          0          0        200   cos_i.o
       184         44          0          0          0        744   dunder.o
        44          0          0          0          0        248   fabs.o
       280         28          0          0          0        156   floor.o
        48          0          0          0          0        124   fpclassify.o
        38          0          0          0          0        116   fpclassifyf.o
        22          6          0          0          0        232   funder.o
       248          0          0          0          0        152   poly.o
      3152        296        136          0          0        352   pow.o
         0          0          8          0          0          0   qnan.o
      1080        142        200          0          0        188   rred.o
       200         20          0          0          0        164   sin.o
       304         24         40          0          0        208   sin_i.o
       232          0          0          0          0        296   sqrt.o

    ----------------------------------------------------------------------
     18910       1344        592        100        412     233883   Library Totals
        34          0          0          3          8          0   (incl. Padding)

    ----------------------------------------------------------------------

      Code (inc. data)   RO Data    RW Data    ZI Data      Debug   Library Name

       980         24          0          0         96       1316   c_w.l
      2584         12          0          0        168       4813   cycle_cal_oldx.lib
      2900        124          0         97        140     220042   flow_oldx.lib
      3700        256          0          0          0       3616   fz_wm.l
      8712        928        592          0          0       4096   m_wm.l

    ----------------------------------------------------------------------
     18910       1344        592        100        412     233883   Library Totals

    ----------------------------------------------------------------------

==============================================================================


      Code (inc. data)   RO Data    RW Data    ZI Data      Debug   

    157082       8604       1766      45428      73844     970755   Grand Totals
    157082       8604       1766       2292      73844     970755   ELF Image Totals (compressed)
    157082       8604       1766       2292          0          0   ROM Totals

==============================================================================

    Total RO  Size (Code + RO Data)               158848 ( 155.13kB)
    Total RW  Size (RW Data + ZI Data)            119272 ( 116.48kB)
    Total ROM Size (Code + RO Data + RW Data)     161140 ( 157.36kB)

==============================================================================

