Component: ARM Compiler 5.06 update 2 (build 183) Tool: armlink [4d35b7]

==============================================================================

Section Cross References

    ucos_task.o(.text) refers to time.o(.text) for Get_Cycle_T
    ucos_task.o(.text) refers to f2d.o(x$fpl$f2d) for __aeabi_f2d
    ucos_task.o(.text) refers to dleqf.o(x$fpl$dleqf) for __aeabi_cdcmple
    ucos_task.o(.text) refers to mpu6050.o(.text) for MPU6050_Read
    ucos_task.o(.text) refers to hml_sample.o(.text) for ANO_AK8975_Read
    ucos_task.o(.text) refers to ms5611_2.o(.text) for MS5611_ThreadNew
    ucos_task.o(.text) refers to lis3mdl.o(.text) for LSM6_readAcc
    ucos_task.o(.text) refers to delay.o(.text) for delay_ms
    ucos_task.o(.text) refers to my_math.o(.text) for my_deathzoom_2
    ucos_task.o(.text) refers to imu.o(.text) for IMUupdate
    ucos_task.o(.text) refers to watch_dog.o(.text) for IWDG_Feed
    ucos_task.o(.text) refers to m100.o(.text) for m100_data
    ucos_task.o(.text) refers to ukf_task.o(.text) for ukf_pos_task_qr
    ucos_task.o(.text) refers to ucos_task.o(.data) for inner_loop_time_time
    ucos_task.o(.text) refers to mpu6050.o(.bss) for mpu6050
    ucos_task.o(.text) refers to usart_fc.o(.bss) for mode
    ucos_task.o(.text) refers to imu.o(.data) for Yaw
    ucos_task.o(.text) refers to ucos_task.o(.bss) for flow_matlab_data
    ucos_task.o(.text) refers to alt_kf.o(.text) for altUkfProcess
    ucos_task.o(.text) refers to laser.o(.text) for Laser_cal
    ucos_task.o(.text) refers to ultrasonic.o(.text) for Ultra_Duty
    ucos_task.o(.text) refers to dflt_clz.o(x$fpl$dfltu) for __aeabi_ui2d
    ucos_task.o(.text) refers to drleqf.o(x$fpl$drleqf) for __aeabi_cdrcmple
    ucos_task.o(.text) refers to fabs.o(i.__hardfp_fabs) for __hardfp_fabs
    ucos_task.o(.text) refers to basic.o(x$fpl$basic) for __aeabi_dneg
    ucos_task.o(.text) refers to d2f.o(x$fpl$d2f) for __aeabi_d2f
    ucos_task.o(.text) refers to usart_fc.o(.data) for en_ble_debug
    ucos_task.o(.text) refers to flow.o(.text) for flow_pertreatment_oldx
    ucos_task.o(.text) refers to ddiv.o(x$fpl$ddiv) for __aeabi_ddiv
    ucos_task.o(.text) refers to dmul.o(x$fpl$dmul) for __aeabi_dmul
    ucos_task.o(.text) refers to ultrasonic.o(.data) for ultra_ok
    ucos_task.o(.text) refers to alt_kf.o(.data) for ALT_POS_SONAR3
    ucos_task.o(.text) refers to flow.o(.bss) for flow_per_out
    ucos_task.o(.text) refers to imu.o(.bss) for reference_vr
    ucos_task.o(.text) refers to daddsub_clz.o(x$fpl$dadd) for __aeabi_dadd
    ucos_task.o(.text) refers to fliter.o(.text) for Moving_Median
    ucos_task.o(.text) refers to os_core.o(.text) for OSIntEnter
    ucos_task.o(.text) refers to stm32f4xx_tim.o(.text) for TIM_GetITStatus
    ucos_task.o(.text) refers to usart_fc.o(.text) for Send_TO_FLOW_PI
    ucos_task.o(.text) refers to fliter.o(.bss) for firstOrderFilters
    ucos_task.o(.text) refers to stm32f4xx_dma.o(.text) for DMA_GetFlagStatus
    ucos_task.o(.text) refers to stm32f4xx_usart.o(.text) for USART_DMACmd
    ucos_task.o(.text) refers to dma.o(.text) for MYDMA_Enable
    ucos_task.o(.text) refers to dfix.o(x$fpl$dfix) for __aeabi_d2iz
    ucos_task.o(.text) refers to alt_kf.o(.bss) for acc_z_view
    ucos_task.o(.text) refers to ms5611_2.o(.data) for baroAlt
    ucos_task.o(.text) refers to ukf_task.o(.bss) for X_ukf
    ucos_task.o(.text) refers to ukf_task.o(.data) for K_spd_flow
    ucos_task.o(.text) refers to laser.o(.bss) for Laser_avoid
    ucos_task.o(.text) refers to led_fc.o(.text) for LEDRGB_STATE
    ucos_task.o(.text) refers to os_core.o(.data) for OSCPUUsage
    main.o(.text) refers to os_mbox.o(.text) for OSMboxCreate
    main.o(.text) refers to os_q.o(.text) for OSQCreate
    main.o(.text) refers to os_flag.o(.text) for OSFlagCreate
    main.o(.text) refers to os_core.o(.text) for OSStatInit
    main.o(.text) refers to os_tmr.o(.text) for OSTmrCreate
    main.o(.text) refers to os_cpu_a.o(.text) for OS_CPU_SR_Save
    main.o(.text) refers to os_task.o(.text) for OSTaskCreate
    main.o(.text) refers to misc.o(.text) for NVIC_PriorityGroupConfig
    main.o(.text) refers to delay.o(.text) for delay_init
    main.o(.text) refers to time.o(.text) for Initial_Timer_SYS
    main.o(.text) refers to iic_soft.o(.text) for I2c_Soft_Init
    main.o(.text) refers to iic1.o(.text) for IIC_IMU1_Init
    main.o(.text) refers to hml_sample.o(.text) for HMC5883L_SetUp
    main.o(.text) refers to ms5611_2.o(.text) for MS5611_Init
    main.o(.text) refers to mpu6050.o(.text) for MPU6050_Init
    main.o(.text) refers to lis3mdl.o(.text) for LIS3MDL_enableDefault
    main.o(.text) refers to alt_kf.o(.text) for altUkfInit
    main.o(.text) refers to led_fc.o(.text) for LED_Init
    main.o(.text) refers to usart_fc.o(.text) for Usart1_Init
    main.o(.text) refers to dma.o(.text) for MYDMA_Config
    main.o(.text) refers to flash_w25.o(.text) for W25QXX_Init
    main.o(.text) refers to flash.o(.text) for READ_PARM
[...]
    __kernel_poly                            0x08025729   Thumb Code   248  poly.o(i.__kernel_poly)
    __kernel_sin                             0x08025821   Thumb Code   280  sin_i.o(i.__kernel_sin)
    __mathlib_dbl_divzero                    0x08025951   Thumb Code    28  dunder.o(i.__mathlib_dbl_divzero)
    __mathlib_dbl_infnan                     0x08025981   Thumb Code    20  dunder.o(i.__mathlib_dbl_infnan)
    __mathlib_dbl_infnan2                    0x08025995   Thumb Code    20  dunder.o(i.__mathlib_dbl_infnan2)
    __mathlib_dbl_invalid                    0x080259a9   Thumb Code    24  dunder.o(i.__mathlib_dbl_invalid)
    __mathlib_dbl_overflow                   0x080259c9   Thumb Code    24  dunder.o(i.__mathlib_dbl_overflow)
    __mathlib_dbl_underflow                  0x080259e9   Thumb Code    24  dunder.o(i.__mathlib_dbl_underflow)
    __mathlib_flt_infnan2                    0x08025a09   Thumb Code     6  funder.o(i.__mathlib_flt_infnan2)
    __mathlib_flt_underflow                  0x08025a11   Thumb Code    10  funder.o(i.__mathlib_flt_underflow)
    fabs                                     0x08025a21   Thumb Code    24  fabs.o(i.fabs)
    sqrt                                     0x08025a39   Thumb Code   110  sqrt.o(i.sqrt)
    __aeabi_dneg                             0x08025aa7   Thumb Code     0  basic.o(x$fpl$basic)
    _dneg                                    0x08025aa7   Thumb Code     6  basic.o(x$fpl$basic)
    __aeabi_fneg                             0x08025aad   Thumb Code     0  basic.o(x$fpl$basic)
    _fneg                                    0x08025aad   Thumb Code     6  basic.o(x$fpl$basic)
    _dabs                                    0x08025ab3   Thumb Code     6  basic.o(x$fpl$basic)
    _fabs                                    0x08025ab9   Thumb Code     6  basic.o(x$fpl$basic)
    __aeabi_d2f                              0x08025ac1   Thumb Code     0  d2f.o(x$fpl$d2f)
    _d2f                                     0x08025ac1   Thumb Code    98  d2f.o(x$fpl$d2f)
    __aeabi_dadd                             0x08025b25   Thumb Code     0  daddsub_clz.o(x$fpl$dadd)
    _dadd                                    0x08025b25   Thumb Code   332  daddsub_clz.o(x$fpl$dadd)
    __fpl_dcheck_NaN1                        0x08025c75   Thumb Code    10  dcheck1.o(x$fpl$dcheck1)
    __fpl_dcmp_Inf                           0x08025c85   Thumb Code    24  dcmpi.o(x$fpl$dcmpinf)
    __aeabi_ddiv                             0x08025c9d   Thumb Code     0  ddiv.o(x$fpl$ddiv)
    _ddiv                                    0x08025c9d   Thumb Code   552  ddiv.o(x$fpl$ddiv)
    __aeabi_cdcmpeq                          0x08025f4d   Thumb Code     0  deqf.o(x$fpl$deqf)
    _dcmpeq                                  0x08025f4d   Thumb Code   120  deqf.o(x$fpl$deqf)
    __aeabi_d2iz                             0x08025fc5   Thumb Code     0  dfix.o(x$fpl$dfix)
    _dfix                                    0x08025fc5   Thumb Code    94  dfix.o(x$fpl$dfix)
    __aeabi_i2d                              0x08026023   Thumb Code     0  dflt_clz.o(x$fpl$dflt)
    _dflt                                    0x08026023   Thumb Code    46  dflt_clz.o(x$fpl$dflt)
    __aeabi_ui2d                             0x08026051   Thumb Code     0  dflt_clz.o(x$fpl$dfltu)
    _dfltu                                   0x08026051   Thumb Code    38  dflt_clz.o(x$fpl$dfltu)
    __aeabi_cdcmple                          0x08026079   Thumb Code     0  dleqf.o(x$fpl$dleqf)
    _dcmple                                  0x08026079   Thumb Code   120  dleqf.o(x$fpl$dleqf)
    __fpl_dcmple_InfNaN                      0x080260db   Thumb Code     0  dleqf.o(x$fpl$dleqf)
    __aeabi_dmul                             0x080260f1   Thumb Code     0  dmul.o(x$fpl$dmul)
    _dmul                                    0x080260f1   Thumb Code   332  dmul.o(x$fpl$dmul)
    __fpl_dnaninf                            0x08026245   Thumb Code   156  dnaninf.o(x$fpl$dnaninf)
    __fpl_dretinf                            0x080262e1   Thumb Code    12  dretinf.o(x$fpl$dretinf)
    __aeabi_cdrcmple                         0x080262ed   Thumb Code     0  drleqf.o(x$fpl$drleqf)
    _drcmple                                 0x080262ed   Thumb Code   108  drleqf.o(x$fpl$drleqf)
    __aeabi_drsub                            0x08026359   Thumb Code     0  daddsub_clz.o(x$fpl$drsb)
    _drsb                                    0x08026359   Thumb Code    22  daddsub_clz.o(x$fpl$drsb)
    _dsqrt                                   0x08026371   Thumb Code   404  dsqrt_umaal.o(x$fpl$dsqrt)
    __aeabi_dsub                             0x08026509   Thumb Code     0  daddsub_clz.o(x$fpl$dsub)
    _dsub                                    0x08026509   Thumb Code   464  daddsub_clz.o(x$fpl$dsub)
    __aeabi_f2d                              0x080266dd   Thumb Code     0  f2d.o(x$fpl$f2d)
    _f2d                                     0x080266dd   Thumb Code    86  f2d.o(x$fpl$f2d)
    __aeabi_ul2f                             0x08026733   Thumb Code     0  ffltll_clz.o(x$fpl$ffltll)
    _ll_uto_f                                0x08026733   Thumb Code     6  ffltll_clz.o(x$fpl$ffltll)
    __aeabi_l2f                              0x08026739   Thumb Code     0  ffltll_clz.o(x$fpl$ffltll)
    _ll_sto_f                                0x08026739   Thumb Code    90  ffltll_clz.o(x$fpl$ffltll)
    __fpl_fnaninf                            0x08026793   Thumb Code   140  fnaninf.o(x$fpl$fnaninf)
    _fp_init                                 0x0802681f   Thumb Code    10  fpinit.o(x$fpl$fpinit)
    __fplib_config_fpu_vfp                   0x08026827   Thumb Code     0  fpinit.o(x$fpl$fpinit)
    __fplib_config_pureend_doubles           0x08026827   Thumb Code     0  fpinit.o(x$fpl$fpinit)
    __fpl_fretinf                            0x08026829   Thumb Code    10  fretinf.o(x$fpl$fretinf)
    __fpl_return_NaN                         0x08026833   Thumb Code   100  retnan.o(x$fpl$retnan)
    __ARM_scalbn                             0x08026897   Thumb Code    92  scalbn.o(x$fpl$scalbn)
    __fpl_cmpreturn                          0x080268f3   Thumb Code    48  trapv.o(x$fpl$trapveneer)
    OSUnMapTbl                               0x08026922   Data         256  os_core.o(.constdata)
    __I$use$fp                               0x08026922   Number         0  usenofp.o(x$fpl$usenofp)
    __mathlib_zero                           0x08026cf8   Data           8  qnan.o(.constdata)
    Region$$Table$$Base                      0x08026df0   Number         0  anon$$obj.o(Region$$Table)
    Region$$Table$$Limit                     0x08026e10   Number         0  anon$$obj.o(Region$$Table)
    gpsData                                  0x20000000   Data         152  ublox.o(.ccm)
    ubloxData                                0x20000098   Data         548  ublox.o(.ccm)
    ccmHeap                                  0x200002bc   Data       40960  alt_kf.o(.ccm)
    fly_ready                                0x2000a2c0   Data           1  ucos_task.o(.data)
    inner_loop_time_time                     0x2000a2c4   Data           4  ucos_task.o(.data)
    inner_loop_time_time_int                 0x2000a2c8   Data           4  ucos_task.o(.data)
    GOL_LINK_BUSY                            0x2000a2cc   Data           2  ucos_task.o(.data)
    YawR                                     0x2000a2d0   Data           4  ucos_task.o(.data)
    PitchR                                   0x2000a2d4   Data           4  ucos_task.o(.data)
    RollR                                    0x2000a2d8   Data           4  ucos_task.o(.data)
    outer_loop_time                          0x2000a2dc   Data           4  ucos_task.o(.data)
    ekf_loop_time                            0x2000a2e0   Data           4  ucos_task.o(.data)
    flag_mag                                 0x2000a2e4   Data          12  ucos_task.o(.data)
    Kp_ekf                                   0x2000a2f0   Data           4  ucos_task.o(.data)
    Kp_ekf_pr                                0x2000a2f4   Data           4  ucos_task.o(.data)
    focal_length_px                          0x2000a2f8   Data           4  ucos_task.o(.data)
    accumulated_flow_x                       0x2000a2fc   Data           4  ucos_task.o(.data)
    accumulated_flow_y                       0x2000a300   Data           4  ucos_task.o(.data)
    accumulated_gyro_x                       0x2000a304   Data           4  ucos_task.o(.data)
    accumulated_gyro_y                       0x2000a308   Data           4  ucos_task.o(.data)
    accumulated_gyro_z                       0x2000a30c   Data           4  ucos_task.o(.data)
    accumulated_framecount                   0x2000a310   Data           2  ucos_task.o(.data)
    accumulated_quality                      0x2000a312   Data           2  ucos_task.o(.data)
    integration_timespan                     0x2000a314   Data           4  ucos_task.o(.data)
    k_flow_acc                               0x2000a318   Data           8  ucos_task.o(.data)
    k_gro_acc                                0x2000a320   Data           4  ucos_task.o(.data)
    flt_gro                                  0x2000a324   Data           4  ucos_task.o(.data)
    k_time_use                               0x2000a328   Data           4  ucos_task.o(.data)
    imu_board_test                           0x2000a32c   Data           1  ucos_task.o(.data)
    MID_CNT_SPD                              0x2000a32d   Data           1  ucos_task.o(.data)
    k_flp                                    0x2000a330   Data           4  ucos_task.o(.data)
    b                                        0x2000a388   Data          12  ucos_task.o(.data)
    a                                        0x2000a394   Data          12  ucos_task.o(.data)
    baro_matlab_data                         0x2000a3a0   Data           8  ucos_task.o(.data)
    flow_loop_time                           0x2000a3a8   Data           4  ucos_task.o(.data)
    en_imu_debug                             0x2000a3ac   Data           1  ucos_task.o(.data)
    force_imu_debug                          0x2000a3ad   Data           1  ucos_task.o(.data)
    UART_UP_LOAD_SEL                         0x2000a3ae   Data           1  ucos_task.o(.data)
    time_uart                                0x2000a3b0   Data           4  ucos_task.o(.data)
    tmr1                                     0x2000a3b4   Data           4  ucos_task.o(.data)
    tmr2                                     0x2000a3b8   Data           4  ucos_task.o(.data)
    tmr3                                     0x2000a3bc   Data           4  ucos_task.o(.data)
    cpuusage                                 0x2000a3c0   Data           2  ucos_task.o(.data)
    msg_key                                  0x2000a3f4   Data           4  main.o(.data)
    q_msg                                    0x2000a3f8   Data           4  main.o(.data)
    flags_key                                0x2000a3fc   Data           4  main.o(.data)
    rtInf                                    0x2000a400   Data           8  rt_nonfinite.o(.data)
    rtMinusInf                               0x2000a408   Data           8  rt_nonfinite.o(.data)
    rtNaN                                    0x2000a410   Data           8  rt_nonfinite.o(.data)
    rtInfF                                   0x2000a418   Data           4  rt_nonfinite.o(.data)
    rtMinusInfF                              0x2000a41c   Data           4  rt_nonfinite.o(.data)
    rtNaNF                                   0x2000a420   Data           4  rt_nonfinite.o(.data)
    SystemCoreClock                          0x2000a424   Data           4  system_stm32f4xx.o(.data)
    AHBPrescTable                            0x2000a428   Data          16  system_stm32f4xx.o(.data)
    OSCtxSwCtr                               0x2000a44c   Data           4  os_core.o(.data)
    OSEventFreeList                          0x2000a450   Data           4  os_core.o(.data)
    OSFlagFreeList                           0x2000a454   Data           4  os_core.o(.data)
    OSCPUUsage                               0x2000a458   Data           1  os_core.o(.data)
    OSIdleCtrMax                             0x2000a45c   Data           4  os_core.o(.data)
    OSIdleCtrRun                             0x2000a460   Data           4  os_core.o(.data)
    OSStatRdy                                0x2000a464   Data           1  os_core.o(.data)
    OSIntNesting                             0x2000a465   Data           1  os_core.o(.data)
    OSLockNesting                            0x2000a466   Data           1  os_core.o(.data)
    OSPrioCur                                0x2000a467   Data           1  os_core.o(.data)
    OSPrioHighRdy                            0x2000a468   Data           1  os_core.o(.data)
    OSRdyGrp                                 0x2000a469   Data           1  os_core.o(.data)
    OSRdyTbl                                 0x2000a46a   Data           8  os_core.o(.data)
    OSRunning                                0x2000a472   Data           1  os_core.o(.data)
    OSTaskCtr                                0x2000a473   Data           1  os_core.o(.data)
    OSIdleCtr                                0x2000a474   Data           4  os_core.o(.data)
    OSTCBCur                                 0x2000a478   Data           4  os_core.o(.data)
    OSTCBFreeList                            0x2000a47c   Data           4  os_core.o(.data)
    OSTCBHighRdy                             0x2000a480   Data           4  os_core.o(.data)
    OSTCBList                                0x2000a484   Data           4  os_core.o(.data)
    OSTickStepState                          0x2000a488   Data           1  os_core.o(.data)
    OSQFreeList                              0x2000a48c   Data           4  os_core.o(.data)
    OSTime                                   0x2000a490   Data           4  os_core.o(.data)
    OSTmrFree                                0x2000a494   Data           2  os_core.o(.data)
    OSTmrUsed                                0x2000a496   Data           2  os_core.o(.data)
    OSTmrTime                                0x2000a498   Data           4  os_core.o(.data)
    OSTmrSem                                 0x2000a49c   Data           4  os_core.o(.data)
    OSTmrSemSignal                           0x2000a4a0   Data           4  os_core.o(.data)
    OSTmrFreeList                            0x2000a4a4   Data           4  os_core.o(.data)
    OSInterrputSum                           0x2000a4a8   Data           4  os_cpu_c.o(.data)
    sum                                      0x2000a4ae   Data           2  iic_sonar.o(.data)
    I2C_FastMode                             0x2000a4b0   Data           1  iic_soft.o(.data)
    FLASH_SIZE                               0x2000a4bc   Data           4  flash.o(.data)
    W25QXX_TYPE                              0x2000a4c0   Data           2  flash_w25.o(.data)
    sysTickUptime                            0x2000a4c4   Data           4  time.o(.data)
    time_1h                                  0x2000a4c8   Data           4  time.o(.data)
    time_1m                                  0x2000a4cc   Data           4  time.o(.data)
    time_1s                                  0x2000a4d0   Data           4  time.o(.data)
    time_1ms                                 0x2000a4d4   Data           4  time.o(.data)
    GPS_SEL1                                 0x2000a4d8   Data           1  gps.o(.data)
    gps_dt                                   0x2000a4dc   Data           4  gps.o(.data)
    dt_flow_rx                               0x2000a4e0   Data           4  usart_fc.o(.data)
    data_rate_gol_link                       0x2000a4e4   Data           2  usart_fc.o(.data)
    LOCK                                     0x2000a4e6   Data           1  usart_fc.o(.data)
    KEY                                      0x2000a4e7   Data           8  usart_fc.o(.data)
    KEY_SEL                                  0x2000a4ef   Data           4  usart_fc.o(.data)
    NAV_BOARD_CONNECT                        0x2000a4f3   Data           1  usart_fc.o(.data)
    force_fly_ready                          0x2000a4f4   Data           1  usart_fc.o(.data)
    k_flow_opencv                            0x2000a4f8   Data           4  usart_fc.o(.data)
    sonar_fc                                 0x2000a4fc   Data           4  usart_fc.o(.data)
    baroAlt_fc                               0x2000a500   Data           4  usart_fc.o(.data)
    fc_rx_time                               0x2000a504   Data           4  usart_fc.o(.data)
    flow_module_set_yaw                      0x2000a508   Data           4  usart_fc.o(.data)
    TxCounter                                0x2000a50c   Data           1  usart_fc.o(.data)
    count                                    0x2000a50d   Data           1  usart_fc.o(.data)
    RxState                                  0x2000a50e   Data           1  usart_fc.o(.data)
    RxBufferNum                              0x2000a50f   Data           1  usart_fc.o(.data)
    RxBufferCnt                              0x2000a510   Data           1  usart_fc.o(.data)
    RxLen                                    0x2000a511   Data           1  usart_fc.o(.data)
    com_data                                 0x2000a512   Data           1  usart_fc.o(.data)
    nrf_uart_cnt                             0x2000a516   Data           2  usart_fc.o(.data)
    Tx5Counter                               0x2000a518   Data           1  usart_fc.o(.data)
    count5                                   0x2000a519   Data           1  usart_fc.o(.data)
    dlf_odroid                               0x2000a51c   Data           4  usart_fc.o(.data)
    TxCounter_u1                             0x2000a520   Data           1  usart_fc.o(.data)
    count_u1                                 0x2000a521   Data           1  usart_fc.o(.data)
    RxState_u1                               0x2000a522   Data           1  usart_fc.o(.data)
    RxBufferNum_u1                           0x2000a523   Data           1  usart_fc.o(.data)
    RxBufferCnt_u1                           0x2000a524   Data           1  usart_fc.o(.data)
    RxLen_u1                                 0x2000a525   Data           1  usart_fc.o(.data)
    USART3_RX_STA                            0x2000a528   Data           2  usart_fc.o(.data)
    buf_GPRMC                                0x2000a52a   Data         100  usart_fc.o(.data)
    buf_GPRMCt                               0x2000a58e   Data         100  usart_fc.o(.data)
    buf_GPGGA                                0x2000a5f2   Data         100  usart_fc.o(.data)
    buf_GPGGAt                               0x2000a656   Data         100  usart_fc.o(.data)
    gps_good                                 0x2000a6ba   Data           1  usart_fc.o(.data)
    gps_loss_cnt                             0x2000a6bc   Data           2  usart_fc.o(.data)
    RxState11                                0x2000a6be   Data           1  usart_fc.o(.data)
    RxBufferNum11                            0x2000a6bf   Data           1  usart_fc.o(.data)
    RxBufferCnt11                            0x2000a6c0   Data           1  usart_fc.o(.data)
    RxLen11                                  0x2000a6c1   Data           1  usart_fc.o(.data)
    _data_cnt11                              0x2000a6c2   Data           2  usart_fc.o(.data)
    _data_len11                              0x2000a6c4   Data           2  usart_fc.o(.data)
    RxBuffer4_test_cnt                       0x2000a6c6   Data           1  usart_fc.o(.data)
    RxState4                                 0x2000a6c7   Data           1  usart_fc.o(.data)
    RxBufferNum4                             0x2000a6c8   Data           1  usart_fc.o(.data)
    RxBufferCnt4                             0x2000a6c9   Data           1  usart_fc.o(.data)
    RxLen4                                   0x2000a6ca   Data           1  usart_fc.o(.data)
    rate_gps_board                           0x2000a6d0   Data           4  usart_fc.o(.data)
    RxState3                                 0x2000a6d4   Data           1  usart_fc.o(.data)
    RxBufferNum3                             0x2000a6d5   Data           1  usart_fc.o(.data)
    RxBufferCnt3                             0x2000a6d6   Data           1  usart_fc.o(.data)
    RxLen3                                   0x2000a6d7   Data           1  usart_fc.o(.data)
    Angle_Yun                                0x2000a6dc   Data           8  usart_fc.o(.data)
    en_ble_debug                             0x2000a6e4   Data           1  usart_fc.o(.data)
    m100_x_g                                 0x2000a70c   Data           4  m100.o(.data)
    m100_y_g                                 0x2000a710   Data           4  m100.o(.data)
    m100_z_g                                 0x2000a714   Data           4  m100.o(.data)
    m100_yaw_g                               0x2000a718   Data           4  m100.o(.data)
    IMU1_Fast                                0x2000a720   Data           1  lis3mdl.o(.data)
    id                                       0x2000a721   Data           3  lis3mdl.o(.data)
    mpu6050_ok                               0x2000a800   Data           1  mpu6050.o(.data)
    test_ang                                 0x2000a8ac   Data           4  mpu6050.o(.data)
    test_ang_old                             0x2000a8b0   Data           4  mpu6050.o(.data)
    test_ang_d                               0x2000a8b4   Data           4  mpu6050.o(.data)
    test_fli_a                               0x2000a8b8   Data           4  mpu6050.o(.data)
    test_i                                   0x2000a8bc   Data           4  mpu6050.o(.data)
    acc_max                                  0x2000a8c0   Data          12  mpu6050.o(.data)
    acc_min                                  0x2000a8cc   Data          12  mpu6050.o(.data)
    EN_TUO_ACC_FIX                           0x2000a8d8   Data           1  mpu6050.o(.data)
    ak8975                                   0x2000a8e0   Data          48  hml_sample.o(.data)
    ak8975_ok                                0x2000a960   Data           1  hml_sample.o(.data)
    Mag_CALIBRATED                           0x2000a961   Data           1  hml_sample.o(.data)
    Mag_CALIBRATED_R                         0x2000a962   Data           1  hml_sample.o(.data)
    HMC5883_lastx                            0x2000a964   Data           4  hml_sample.o(.data)
    HMC5883_lasty                            0x2000a968   Data           4  hml_sample.o(.data)
    HMC5883_lastz                            0x2000a96c   Data           4  hml_sample.o(.data)
    HMC5883_maxx                             0x2000a970   Data           2  hml_sample.o(.data)
    HMC5883_maxy                             0x2000a972   Data           2  hml_sample.o(.data)
    HMC5883_maxz                             0x2000a974   Data           2  hml_sample.o(.data)
    HMC5883_minx                             0x2000a976   Data           2  hml_sample.o(.data)
    HMC5883_miny                             0x2000a978   Data           2  hml_sample.o(.data)
    HMC5883_minz                             0x2000a97a   Data           2  hml_sample.o(.data)
    paOffsetNum                              0x2000a9c8   Data           8  ms5611_2.o(.data)
    paInitCnt                                0x2000a9d0   Data           2  ms5611_2.o(.data)
    paOffsetInited                           0x2000a9d2   Data           1  ms5611_2.o(.data)
    Baro_ALT_Updated                         0x2000a9d3   Data           1  ms5611_2.o(.data)
    MS5611_Temperature                       0x2000a9d4   Data           4  ms5611_2.o(.data)
    MS5611_Pressure                          0x2000a9d8   Data           4  ms5611_2.o(.data)
    MS5611_Altitude                          0x2000a9dc   Data           4  ms5611_2.o(.data)
    MS5611_VerticalSpeed                     0x2000a9e0   Data           4  ms5611_2.o(.data)
    MS5611_Delay_us                          0x2000a9e4   Data          36  ms5611_2.o(.data)
    for_fly_ready                            0x2000aa16   Data           1  ms5611_2.o(.data)
    baroAlt                                  0x2000aa18   Data           4  ms5611_2.o(.data)
    baro_set                                 0x2000aa1c   Data           1  ms5611_2.o(.data)
    T_sonar                                  0x2000aa30   Data           4  ultrasonic.o(.data)
    ultra_start_f                            0x2000aa34   Data           1  ultrasonic.o(.data)
    ultra_time                               0x2000aa35   Data           1  ultrasonic.o(.data)
    ultra_ok                                 0x2000aa36   Data           1  ultrasonic.o(.data)
    x_pred                                   0x2000aa38   Data           8  ultrasonic.o(.data)
    v_pred                                   0x2000aa40   Data           8  ultrasonic.o(.data)
    x_post                                   0x2000aa48   Data           8  ultrasonic.o(.data)
    v_post                                   0x2000aa50   Data           8  ultrasonic.o(.data)
    sonar_raw                                0x2000aa58   Data           4  ultrasonic.o(.data)
    scale_kal_sonar_v                        0x2000aa5c   Data           4  ultrasonic.o(.data)
    x_pred_bmp                               0x2000aa60   Data           8  ultrasonic.o(.data)
    v_pred_bmp                               0x2000aa68   Data           8  ultrasonic.o(.data)
    x_post_bmp                               0x2000aa70   Data           8  ultrasonic.o(.data)
    v_post_bmp                               0x2000aa78   Data           8  ultrasonic.o(.data)
    state_dj                                 0x2000aa80   Data           5  ultrasonic.o(.data)
    state_dj_rx                              0x2000aa85   Data           5  ultrasonic.o(.data)
    IO_STATE                                 0x2000aa8a   Data           5  ultrasonic.o(.data)
    IO_STATER                                0x2000aa8f   Data           5  ultrasonic.o(.data)
    TEMP_SONAR                               0x2000aa94   Data           4  ultrasonic.o(.data)
    cnt_sample1                              0x2000aa98   Data           4  ultrasonic.o(.data)
    ultra_distance                           0x2000aa9c   Data           4  ultrasonic.o(.data)
    ultra_distance_r                         0x2000aaa0   Data           4  ultrasonic.o(.data)
    ultra_delta                              0x2000aaa4   Data           4  ultrasonic.o(.data)
    flt_laser                                0x2000aac0   Data           4  laser.o(.data)
    rate_use                                 0x2000aac4   Data           8  laser.o(.data)
    ACC_HIGHPASS_TAU                         0x2000aacc   Data           4  fliter.o(.data)
    ACC_LOWPASS_TAU                          0x2000aad0   Data           4  fliter.o(.data)
    ACC_LOWPASS_SAMPLE_TIME                  0x2000aad4   Data           4  fliter.o(.data)
    ACC_LOWPASS_A                            0x2000aad8   Data           4  fliter.o(.data)
    ACC_LOWPASS_GX1                          0x2000aadc   Data           4  fliter.o(.data)
    ACC_LOWPASS_GX2                          0x2000aae0   Data           4  fliter.o(.data)
    ACC_LOWPASS_GX3                          0x2000aae4   Data           4  fliter.o(.data)
    HML_LOWPASS_TAU                          0x2000aae8   Data           4  fliter.o(.data)
    HML_LOWPASS_SAMPLE_TIME                  0x2000aaec   Data           4  fliter.o(.data)
    HML_LOWPASS_A                            0x2000aaf0   Data           4  fliter.o(.data)
    HML_LOWPASS_GX1                          0x2000aaf4   Data           4  fliter.o(.data)
    HML_LOWPASS_GX2                          0x2000aaf8   Data           4  fliter.o(.data)
    HML_LOWPASS_GX3                          0x2000aafc   Data           4  fliter.o(.data)
    fast_atan_table                          0x2000ab10   Data        1028  my_math.o(.data)
    ero                                      0x2000af14   Data           4  error.o(.data)
    sys                                      0x2000af18   Data           8  error.o(.data)
    Kp                                       0x2000af30   Data           4  imu.o(.data)
    Ki                                       0x2000af34   Data           4  imu.o(.data)
    Roll                                     0x2000af38   Data           4  imu.o(.data)
    Pitch                                    0x2000af3c   Data           4  imu.o(.data)
    Yaw                                      0x2000af40   Data           4  imu.o(.data)
    Roll_mid_down                            0x2000af44   Data           4  imu.o(.data)
    Pitch_mid_down                           0x2000af48   Data           4  imu.o(.data)
    Yaw_mid_down                             0x2000af4c   Data           4  imu.o(.data)
    ref_q                                    0x2000af50   Data          16  imu.o(.data)
    norm_acc                                 0x2000af60   Data           4  imu.o(.data)
    norm_q                                   0x2000af64   Data           4  imu.o(.data)
    norm_acc_lpf                             0x2000af68   Data           4  imu.o(.data)
    test_flag                                0x2000af6c   Data          12  imu.o(.data)
    mag_norm                                 0x2000af78   Data           4  imu.o(.data)
    mag_norm_xyz                             0x2000af7c   Data           4  imu.o(.data)
    gh_yaw                                   0x2000af80   Data           4  imu.o(.data)
    ga_yaw                                   0x2000af84   Data           4  imu.o(.data)
    gw_yaw                                   0x2000af88   Data           4  imu.o(.data)
    yaw_kf                                   0x2000af8c   Data           4  imu.o(.data)
    P_kf_yaw                                 0x2000af90   Data          32  imu.o(.data)
    k_kf_z                                   0x2000afb0   Data           4  imu.o(.data)
    yaw_cross                                0x2000afb4   Data           1  imu.o(.data)
    yaw_qr_off                               0x2000afb8   Data           4  imu.o(.data)
    dis_angle_lock                           0x2000afbc   Data           1  imu.o(.data)
    yaw_cal_by_qr                            0x2000afbd   Data           1  imu.o(.data)
    yaw_qr_off_local                         0x2000afc0   Data           4  imu.o(.data)
    ref_q_imd_down                           0x2000afd4   Data          16  imu_m.o(.data)
    beta                                     0x2000afe4   Data           4  imu_m.o(.data)
    q0_m                                     0x2000afe8   Data           4  imu_m.o(.data)
    q1_m                                     0x2000afec   Data           4  imu_m.o(.data)
    q2_m                                     0x2000aff0   Data           4  imu_m.o(.data)
    q3_m                                     0x2000aff4   Data           4  imu_m.o(.data)
    q0                                       0x2000aff8   Data           4  imu_m.o(.data)
    q1                                       0x2000affc   Data           4  imu_m.o(.data)
    q2                                       0x2000b000   Data           4  imu_m.o(.data)
    q3                                       0x2000b004   Data           4  imu_m.o(.data)
    q0_fc                                    0x2000b008   Data           4  imu_m.o(.data)
    q1_fc                                    0x2000b00c   Data           4  imu_m.o(.data)
    q2_fc                                    0x2000b010   Data           4  imu_m.o(.data)
    q3_fc                                    0x2000b014   Data           4  imu_m.o(.data)
    init_q                                   0x2000b018   Data           1  imu_m.o(.data)
    twoKp                                    0x2000b01c   Data           4  imu_m.o(.data)
    twoKi                                    0x2000b020   Data           4  imu_m.o(.data)
    twoKp_s                                  0x2000b024   Data           4  imu_m.o(.data)
    integralFBx                              0x2000b028   Data           4  imu_m.o(.data)
    integralFBy                              0x2000b02c   Data           4  imu_m.o(.data)
    integralFBz                              0x2000b030   Data           4  imu_m.o(.data)
    ekf_hml_flag                             0x2000b038   Data          12  ukf_task.o(.data)
    q_flow                                   0x2000b044   Data          12  ukf_task.o(.data)
    r_flow                                   0x2000b050   Data          12  ukf_task.o(.data)
    flow_gain                                0x2000b05c   Data           4  ukf_task.o(.data)
    acc_flag_flow                            0x2000b060   Data           8  ukf_task.o(.data)
    X_ukf_Pos                                0x2000b068   Data           8  ukf_task.o(.data)
    r1                                       0x2000b070   Data           4  ukf_task.o(.data)
    r2                                       0x2000b074   Data           4  ukf_task.o(.data)
    posNorth                                 0x2000b078   Data           4  ukf_task.o(.data)
    posEast                                  0x2000b07c   Data           4  ukf_task.o(.data)
    local_Lat                                0x2000b080   Data           4  ukf_task.o(.data)
    local_Lon                                0x2000b084   Data           4  ukf_task.o(.data)
    velEast                                  0x2000b088   Data           4  ukf_task.o(.data)
    velNorth                                 0x2000b08c   Data           4  ukf_task.o(.data)
    GPS_J_F                                  0x2000b090   Data           4  ukf_task.o(.data)
    GPS_W_F                                  0x2000b094   Data           4  ukf_task.o(.data)
    kf_data_sel                              0x2000b098   Data           1  ukf_task.o(.data)
    ga_nav                                   0x2000b09c   Data           4  ukf_task.o(.data)
    gwa_nav                                  0x2000b0a0   Data           4  ukf_task.o(.data)
    g_pos_flow                               0x2000b0a4   Data           4  ukf_task.o(.data)
    g_spd_flow                               0x2000b0a8   Data           4  ukf_task.o(.data)
    K_pos_qr                                 0x2000b0ac   Data           4  ukf_task.o(.data)
    K_spd_flow                               0x2000b0b0   Data           4  ukf_task.o(.data)
    K_acc_gps                                0x2000b0b4   Data           4  ukf_task.o(.data)
    K_pos_gps                                0x2000b0b8   Data           4  ukf_task.o(.data)
    K_spd_gps                                0x2000b0bc   Data           4  ukf_task.o(.data)
    g_pos_gps                                0x2000b0c0   Data           4  ukf_task.o(.data)
    g_spd_gps                                0x2000b0c4   Data           4  ukf_task.o(.data)
    velNorth_gps                             0x2000b0c8   Data           4  ukf_task.o(.data)
    velEast_gps                              0x2000b0cc   Data           4  ukf_task.o(.data)
    flag_kf1                                 0x2000b0d0   Data           8  ukf_task.o(.data)
    force_test                               0x2000b0d8   Data           1  ukf_task.o(.data)
    Posx                                     0x2000b0dc   Data           4  ukf_task.o(.data)
    Posy                                     0x2000b0e0   Data           4  ukf_task.o(.data)
    altUkfData                               0x2000b118   Data           8  alt_kf.o(.data)
    altUkfData_sonar                         0x2000b120   Data           8  alt_kf.o(.data)
    altUkfData_bmp                           0x2000b128   Data           8  alt_kf.o(.data)
    flowUkfData_x                            0x2000b130   Data           8  alt_kf.o(.data)
    flowUkfData_y                            0x2000b138   Data           8  alt_kf.o(.data)
    gpsUkfData_e                             0x2000b140   Data           8  alt_kf.o(.data)
    gpsUkfData_n                             0x2000b148   Data           8  alt_kf.o(.data)
    heapUsed                                 0x2000b150   Data           4  alt_kf.o(.data)
    heapHighWater                            0x2000b154   Data           4  alt_kf.o(.data)
    dataSramUsed                             0x2000b158   Data           4  alt_kf.o(.data)
    FLOW_NOISE                               0x2000b15c   Data           4  alt_kf.o(.data)
    flow_pos                                 0x2000b160   Data           8  alt_kf.o(.data)
    measure_num                              0x2000b168   Data           1  alt_kf.o(.data)
    k_acc                                    0x2000b170   Data           4  alt_kf.o(.data)
    sonar_av_cnt                             0x2000b174   Data           2  alt_kf.o(.data)
    sonar_f_set                              0x2000b178   Data          24  alt_kf.o(.data)
    ALT_PRES_NOISE                           0x2000b190   Data           4  alt_kf.o(.data)
    ALT_PRES_NOISE_SONAR                     0x2000b194   Data           4  alt_kf.o(.data)
    ALT_POS_SONAR2                           0x2000b198   Data           4  alt_kf.o(.data)
    ALT_POS_SONAR3                           0x2000b19c   Data           4  alt_kf.o(.data)
    sonar_h_cnt                              0x2000b1a0   Data           4  alt_kf.o(.data)
    sonar_temp                               0x2000b1a4   Data           4  alt_kf.o(.data)
    K_SONAR                                  0x2000b1a8   Data           4  alt_kf.o(.data)
    test_1                                   0x2000b1ac   Data           2  alt_kf.o(.data)
    en_1                                     0x2000b1ae   Data           1  alt_kf.o(.data)
    NOISE                                    0x2000b1b0   Data          12  alt_kf.o(.data)
    X_apo_height1                            0x2000b1bc   Data           8  alt_kf.o(.data)
    P_apo_k_height1                          0x2000b1c4   Data          16  alt_kf.o(.data)
    r_baro1                                  0x2000b1d4   Data           4  alt_kf.o(.data)
    r_acc1                                   0x2000b1d8   Data           4  alt_kf.o(.data)
    k_spd                                    0x2000b1dc   Data           4  alt_kf.o(.data)
    gh                                       0x2000b1e0   Data           4  alt_kf.o(.data)
    gh_sonar                                 0x2000b1e4   Data           4  alt_kf.o(.data)
    ga                                       0x2000b1e8   Data           4  alt_kf.o(.data)
    gwa                                      0x2000b1ec   Data           4  alt_kf.o(.data)
    P_kf_baro                                0x2000b1f0   Data          72  alt_kf.o(.data)
    P_kf_sonar                               0x2000b238   Data          72  alt_kf.o(.data)
    X_apo_height                             0x2000b280   Data           8  alt_kf.o(.data)
    P_apo_k_height                           0x2000b288   Data          16  alt_kf.o(.data)
    k_bais                                   0x2000b298   Data           4  alt_kf.o(.data)
    k_bais2                                  0x2000b29c   Data           4  alt_kf.o(.data)
    r_baro                                   0x2000b2a0   Data           4  alt_kf.o(.data)
    r_acc                                    0x2000b2a4   Data           4  alt_kf.o(.data)
    gro_z_dead                               0x2000b2a8   Data           4  alt_kf.o(.data)
    dead_accz                                0x2000b2ac   Data           4  alt_kf.o(.data)
    acc_off_baro                             0x2000b2b0   Data           4  alt_kf.o(.data)
    k_hcc                                    0x2000b2b4   Data           4  alt_kf.o(.data)
    k_hcc_fix                                0x2000b2b8   Data           4  alt_kf.o(.data)
    hc_acc_i_bmp                             0x2000b2bc   Data           4  alt_kf.o(.data)
    accz                                     0x2000b2c0   Data           4  alt_kf.o(.data)
    accz_bmp                                 0x2000b2c4   Data           4  alt_kf.o(.data)
    acc_scale_bmp                            0x2000b2c8   Data           4  alt_kf.o(.data)
    acc_mask                                 0x2000b2cc   Data           1  alt_kf.o(.data)
    acc_mask_cnt_max                         0x2000b2ce   Data           2  alt_kf.o(.data)
    baro_ukf_dt                              0x2000b2d0   Data           4  alt_kf.o(.data)
    baro_ekf_dt                              0x2000b2d4   Data           4  alt_kf.o(.data)
    k_flt_accz                               0x2000b2d8   Data           4  alt_kf.o(.data)
    acc_est                                  0x2000b2dc   Data           4  alt_kf.o(.data)
    acc_est_imu                              0x2000b2e0   Data           4  alt_kf.o(.data)
    baro_ekf_ero                             0x2000b2e4   Data           1  alt_kf.o(.data)
    ALT_VEL_BMP_UNION                        0x2000b2e8   Data           4  alt_kf.o(.data)
    ALT_POS_BMP_UNION                        0x2000b2ec   Data           4  alt_kf.o(.data)
    baroAlt_sel                              0x2000b2f0   Data           1  alt_kf.o(.data)
    r_baro_new                               0x2000b2f4   Data          16  alt_kf.o(.data)
    acc_flag                                 0x2000b304   Data           8  alt_kf.o(.data)
    k_acc_ukf                                0x2000b30c   Data           4  alt_kf.o(.data)
    MAX_ACC_NEO                              0x2000b310   Data           4  alt_kf.o(.data)
    flow_dt                                  0x2000b314   Data           4  alt_kf.o(.data)
    GPS_NOISE                                0x2000b318   Data           4  alt_kf.o(.data)
    k_acc_fpl_gps                            0x2000b31c   Data           4  alt_kf.o(.data)
    q_pos                                    0x2000b320   Data           4  alt_kf.o(.data)
    v_q                                      0x2000b324   Data           4  alt_kf.o(.data)
    v_bais                                   0x2000b328   Data           4  alt_kf.o(.data)
    s_bais                                   0x2000b32c   Data           4  alt_kf.o(.data)
    ALT_STATE_POS1                           0x2000b330   Data           4  alt_kf.o(.data)
    ALT_STATE_VEL1                           0x2000b334   Data           4  alt_kf.o(.data)
    ALT_STATE_BIAS1                          0x2000b338   Data           4  alt_kf.o(.data)
    ALT_NOISE_BIAS1                          0x2000b33c   Data           4  alt_kf.o(.data)
    ALT_NOISE_VEL1                           0x2000b340   Data           4  alt_kf.o(.data)
    ALT_STATE_POS_GPS                        0x2000b344   Data           4  alt_kf.o(.data)
    ALT_STATE_VEL_GPS                        0x2000b348   Data           4  alt_kf.o(.data)
    ALT_STATE_BIAS_GPS                       0x2000b34c   Data           4  alt_kf.o(.data)
    ALT_NOISE_BIAS_GPS                       0x2000b350   Data           4  alt_kf.o(.data)
    ALT_NOISE_VEL_GPS                        0x2000b354   Data           4  alt_kf.o(.data)
    k_flow_devide                            0x2000b398   Data           4  flow.o(.data)
    flow_module_offset_y                     0x2000b39c   Data           4  flow.o(.data)
    flow_module_offset_x                     0x2000b3a0   Data           4  flow.o(.data)
    INNER_TASK_STK                           0x2000b3f8   Data        1024  ucos_task.o(.bss)
    OUTER_TASK_STK                           0x2000b7f8   Data        1536  ucos_task.o(.bss)
    EKF_TASK_STK                             0x2000bdf8   Data       32768  ucos_task.o(.bss)
    fRealGyro                                0x20013df8   Data          12  ucos_task.o(.bss)
    fRealAccel                               0x20013e04   Data          12  ucos_task.o(.bss)
    fRealMag                                 0x20013e10   Data          12  ucos_task.o(.bss)
    fRealQ                                   0x20013e1c   Data          16  ucos_task.o(.bss)
    lQuat                                    0x20013e2c   Data          16  ucos_task.o(.bss)
    fRPY                                     0x20013e3c   Data          12  ucos_task.o(.bss)
    fQ                                       0x20013e48   Data          16  ucos_task.o(.bss)
    reference_v_ekf                          0x20013e58   Data          12  ucos_task.o(.bss)
    BARO_TASK_STK                            0x20013e64   Data        3072  ucos_task.o(.bss)
    SONAR_TASK_STK                           0x20014a64   Data         512  ucos_task.o(.bss)
    FLOW_TASK_STK                            0x20014c64   Data        2048  ucos_task.o(.bss)
    xBuf1                                    0x20015558   Data          12  ucos_task.o(.bss)
    yBuf1                                    0x20015564   Data          12  ucos_task.o(.bss)
    xBuf2                                    0x20015570   Data          12  ucos_task.o(.bss)
    yBuf2                                    0x2001557c   Data          12  ucos_task.o(.bss)
    xBuf3                                    0x20015588   Data          12  ucos_task.o(.bss)
    yBuf3                                    0x20015594   Data          12  ucos_task.o(.bss)
    acc_neo                                  0x200155a0   Data          12  ucos_task.o(.bss)
    flow_ground_temp                         0x200155ac   Data          16  ucos_task.o(.bss)
    flow_matlab_data                         0x200155bc   Data          16  ucos_task.o(.bss)
    UART_TASK_STK                            0x200155cc   Data         512  ucos_task.o(.bss)
    ERROR_TASK_STK                           0x200157cc   Data         256  ucos_task.o(.bss)
    START_TASK_STK                           0x20015914   Data         256  main.o(.bss)
    MsgGrp                                   0x20015a14   Data        1024  main.o(.bss)
    mcuID                                    0x20015e14   Data          12  main.o(.bss)
    OSEventTbl                               0x20015e20   Data         200  os_core.o(.bss)
    OSFlagTbl                                0x20015ee8   Data          80  os_core.o(.bss)
    OSTaskStatStk                            0x20015f38   Data         512  os_core.o(.bss)
    OSTaskIdleStk                            0x20016138   Data         512  os_core.o(.bss)
    OSTCBPrioTbl                             0x20016338   Data         256  os_core.o(.bss)
    OSTCBTbl                                 0x20016438   Data        1848  os_core.o(.bss)
    OSQTbl                                   0x20016b70   Data         120  os_core.o(.bss)
    OSTmrTbl                                 0x20016be8   Data         640  os_core.o(.bss)
    OSTmrTaskStk                             0x20016e68   Data         512  os_core.o(.bss)
    OSTmrWheelTbl                            0x20017068   Data          64  os_core.o(.bss)
    FLASH_READ_BUF                           0x200170a8   Data          50  flash.o(.bss)
    FLASH_Buffer                             0x200170da   Data          50  flash.o(.bss)
    W25QXX_BUFFER                            0x2001710c   Data        4096  flash_w25.o(.bss)
    Cycle_T                                  0x2001810c   Data         240  time.o(.bss)
    qr                                       0x20018200   Data          48  usart_fc.o(.bss)
    color                                    0x20018230   Data          20  usart_fc.o(.bss)
    HPID                                     0x20018244   Data          18  usart_fc.o(.bss)
    SPID                                     0x20018256   Data          18  usart_fc.o(.bss)
    FIX_PID                                  0x20018268   Data          18  usart_fc.o(.bss)
    NAV_PID                                  0x2001827a   Data          18  usart_fc.o(.bss)
    pid                                      0x2001828c   Data         224  usart_fc.o(.bss)
    Rc_Get                                   0x2001836c   Data          20  usart_fc.o(.bss)
    plane                                    0x20018380   Data         116  usart_fc.o(.bss)
    slam                                     0x200183f4   Data          20  usart_fc.o(.bss)
    imu_nav                                  0x20018408   Data         104  usart_fc.o(.bss)
    mode                                     0x20018470   Data          53  usart_fc.o(.bss)
    flow_debug                               0x200184a8   Data          40  usart_fc.o(.bss)
    par                                      0x200184d0   Data          48  usart_fc.o(.bss)
    TxBuffer                                 0x20018500   Data         256  usart_fc.o(.bss)
    Rx_Buf                                   0x20018600   Data         256  usart_fc.o(.bss)
    RxBuffer                                 0x20018700   Data          50  usart_fc.o(.bss)
    Tx5Buffer                                0x20018732   Data         256  usart_fc.o(.bss)
    TxBuffer_u1                              0x20018832   Data         256  usart_fc.o(.bss)
    Rx_Buf_u1                                0x20018932   Data         256  usart_fc.o(.bss)
    RxBuffer_u1                              0x20018a32   Data          50  usart_fc.o(.bss)
    USART3_TX_BUF                            0x20018a68   Data         800  usart_fc.o(.bss)
    USART3_RX_BUF                            0x20018d88   Data         800  usart_fc.o(.bss)
    USART1_TX_BUF                            0x200190a8   Data         800  usart_fc.o(.bss)
    gpsx                                     0x200193c8   Data         125  usart_fc.o(.bss)
    buf_imu_dj                               0x20019445   Data          20  usart_fc.o(.bss)
    angle_imu_dj                             0x2001945c   Data          12  usart_fc.o(.bss)
    RxBuffer11                               0x20019468   Data          50  usart_fc.o(.bss)
    buf_GNVTG                                0x2001949a   Data          65  usart_fc.o(.bss)
    laser_buf                                0x200194dc   Data         720  usart_fc.o(.bss)
    m100                                     0x200197b0   Data          88  usart_fc.o(.bss)
    debug_pi_flow                            0x20019808   Data          80  usart_fc.o(.bss)
    pi_flow                                  0x20019858   Data         320  usart_fc.o(.bss)
    RxBuffer4_test                           0x20019998   Data          25  usart_fc.o(.bss)
    RxBuffer4                                0x200199b1   Data          50  usart_fc.o(.bss)
    Rx_Buf3                                  0x200199e3   Data         256  usart_fc.o(.bss)
    RxBuffer3                                0x20019ae3   Data          50  usart_fc.o(.bss)
    SendBuff1                                0x20019b15   Data          64  usart_fc.o(.bss)
    SendBuff2                                0x20019b55   Data         384  usart_fc.o(.bss)
    SendBuff3                                0x20019cd5   Data          32  usart_fc.o(.bss)
    SendBuff4                                0x20019cf5   Data          64  usart_fc.o(.bss)
    flow                                     0x20019d38   Data         112  usart_fc.o(.bss)
    flow_rad                                 0x20019da8   Data          48  usart_fc.o(.bss)
    lis3mdl                                  0x20019e28   Data         284  lis3mdl.o(.bss)
    mpu6050                                  0x2001a230   Data         188  mpu6050.o(.bss)
    mpu6050_r                                0x2001a2ec   Data         188  mpu6050.o(.bss)
    imu_fushion                              0x2001a3a8   Data         188  mpu6050.o(.bss)
    mpu6050_buffer                           0x2001a464   Data          14  mpu6050.o(.bss)
    mpu6050_tmp                              0x2001a70c   Data          28  mpu6050.o(.bss)
    mpu6050_tmp_acc_circle                   0x2001a728   Data          28  mpu6050.o(.bss)
    mpu_fil_tmp                              0x2001a744   Data          28  mpu6050.o(.bss)
    mpu_fil_tmp_acc_circle                   0x2001a760   Data          28  mpu6050.o(.bss)
    acc_off                                  0x2001a77c   Data          12  mpu6050.o(.bss)
    acc_scale                                0x2001a788   Data          12  mpu6050.o(.bss)
    HMC5883_FIFO                             0x2001a888   Data          66  hml_sample.o(.bss)
    now_dj                                   0x2001a8e4   Data          16  ultrasonic.o(.bss)
    lastUpdate_dj                            0x2001a8f4   Data          16  ultrasonic.o(.bss)
    Laser_avoid                              0x2001a904   Data         120  laser.o(.bss)
    med_filter_tmp                           0x2001a97c   Data        6000  fliter.o(.bss)
    med_filter_out                           0x2001c0ec   Data         120  fliter.o(.bss)
    med_fil_cnt                              0x2001c164   Data          30  fliter.o(.bss)
    firstOrderFilters                        0x2001c184   Data         400  fliter.o(.bss)
    q_nav                                    0x2001c318   Data          16  imu.o(.bss)
    reference_v                              0x2001c328   Data          12  imu.o(.bss)
    ref                                      0x2001c334   Data          60  imu.o(.bss)
    reference_vr                             0x2001c370   Data          12  imu.o(.bss)
    mag_sim_3d                               0x2001c37c   Data          12  imu.o(.bss)
    acc_3d_hg                                0x2001c388   Data          12  imu.o(.bss)
    acc_ng                                   0x2001c394   Data          12  imu.o(.bss)
    acc_ng_offset                            0x2001c3a0   Data          12  imu.o(.bss)
    yaw_mag_view                             0x2001c3ac   Data          20  imu.o(.bss)
    X_kf_yaw                                 0x2001c3c0   Data          16  imu.o(.bss)
    reference_vr_imd_down                    0x2001c3dc   Data          12  imu_m.o(.bss)
    reference_vr_imd_down_fc                 0x2001c3e8   Data          12  imu_m.o(.bss)
    gps_data                                 0x2001c3f8   Data          32  ukf_task.o(.bss)
    mag_data                                 0x2001c418   Data          60  ukf_task.o(.bss)
    accel_data                               0x2001c454   Data          80  ukf_task.o(.bss)
    gyro_data                                0x2001c4a4   Data          72  ukf_task.o(.bss)
    attitude_data                            0x2001c4ec   Data          16  ukf_task.o(.bss)
    angle_ins                                0x2001c4fc   Data          12  ukf_task.o(.bss)
    X_ukf                                    0x2001c508   Data          48  ukf_task.o(.bss)
    X_ukf_baro                               0x2001c538   Data          48  ukf_task.o(.bss)
    X_KF_NAV                                 0x2001c568   Data          48  ukf_task.o(.bss)
    P_KF_NAV                                 0x2001c598   Data         144  ukf_task.o(.bss)
    Distance                                 0x2001c628   Data         100  alt_kf.o(.bss)
    ultra                                    0x2001c698   Data          20  alt_kf.o(.bss)
    sonar_av_arr                             0x2001c6ac   Data          20  alt_kf.o(.bss)
    sonar                                    0x2001c6c0   Data          24  alt_kf.o(.bss)
    sonar_fusion                             0x2001c6d8   Data          68  alt_kf.o(.bss)
    sonar_h_arr                              0x2001c71c   Data          44  alt_kf.o(.bss)
    X_kf_baro                                0x2001c748   Data          24  alt_kf.o(.bss)
    X_kf_sonar                               0x2001c760   Data          24  alt_kf.o(.bss)
    acc_z_view                               0x2001c778   Data          12  alt_kf.o(.bss)
    state_correct_baro                       0x2001c788   Data          48  alt_kf.o(.bss)
    Global_GPS_Sensor                        0x2001c7b8   Data          64  alt_kf.o(.bss)
    v_test                                   0x2001c7f8   Data          16  alt_kf.o(.bss)
    Last_GPS                                 0x2001c808   Data          16  alt_kf.o(.bss)
    TAR_GPS                                  0x2001c818   Data          16  alt_kf.o(.bss)
    flow_per_out                             0x2001c880   Data          16  flow.o(.bss)
    hml_lsq                                  0x2001c8b4   Data         168  cycle_cal_oldx.o(.bss)
    __libspace_start                         0x2001c95c   Data          96  libspace.o(.bss)
    __temporary_stack_top$libspace           0x2001c9bc   Data           0  libspace.o(.bss)



==============================================================================

Memory Map of the image

  Image Entry point : 0x08000189

  Load Region LR_IROM1 (Base: 0x08000000, Size: 0x00032208, Max: 0x00100000, ABSOLUTE, COMPRESSED[0x000276ec])

    Execution Region ER_IROM1 (Base: 0x08000000, Size: 0x00026e10, Max: 0x00100000, ABSOLUTE)

    Base Addr    Size         Type   Attr      Idx    E Section Name        Object

    0x08000000   0x00000188   Data   RO          568    RESET               startup_stm32f40_41xxx.o
    0x08000188   0x00000008   Code   RO         2376  * !!!main             c_w.l(__main.o)
    0x08000190   0x00000034   Code   RO         2856    !!!scatter          c_w.l(__scatter.o)
    0x080001c4   0x0000005a   Code   RO         2854    !!dczerorl2         c_w.l(__dczerorl2.o)
    0x0800021e   0x00000002   PAD
    0x08000220   0x0000001c   Code   RO         2858    !!handler_zi        c_w.l(__scatter_zi.o)
    0x0800023c   0x00000002   Code   RO         2785    .ARM.Collect$$libinit$$00000000  c_w.l(libinit.o)
    0x0800023e   0x00000004   Code   RO         2600    .ARM.Collect$$libinit$$00000001  c_w.l(libinit2.o)
    0x08000242   0x00000000   Code   RO         2603    .ARM.Collect$$libinit$$00000004  c_w.l(libinit2.o)
    0x08000242   0x00000000   Code   RO         2606    .ARM.Collect$$libinit$$0000000A  c_w.l(libinit2.o)
    0x08000242   0x00000000   Code   RO         2608    .ARM.Collect$$libinit$$0000000C  c_w.l(libinit2.o)
    0x08000242   0x00000000   Code   RO         2610    .ARM.Collect$$libinit$$0000000E  c_w.l(libinit2.o)
    0x08000242   0x00000000   Code   RO         2613    .ARM.Collect$$libinit$$00000011  c_w.l(libinit2.o)
    0x08000242   0x00000000   Code   RO         2615    .ARM.Collect$$libinit$$00000013  c_w.l(libinit2.o)
    0x08000242   0x00000000   Code   RO         2617    .ARM.Collect$$libinit$$00000015  c_w.l(libinit2.o)
    0x08000242   0x00000000   Code   RO         2619    .ARM.Collect$$libinit$$00000017  c_w.l(libinit2.o)
    0x08000242   0x00000000   Code   RO         2621    .ARM.Collect$$libinit$$00000019  c_w.l(libinit2.o)
    0x08000242   0x00000000   Code   RO         2623    .ARM.Collect$$libinit$$0000001B  c_w.l(libinit2.o)
    0x08000242   0x00000000   Code   RO         2625    .ARM.Collect$$libinit$$0000001D  c_w.l(libinit2.o)
    0x08000242   0x00000000   Code   RO         2627    .ARM.Collect$$libinit$$0000001F  c_w.l(libinit2.o)
    0x08000242   0x00000000   Code   RO         2629    .ARM.Collect$$libinit$$00000021  c_w.l(libinit2.o)
    0x08000242   0x00000000   Code   RO         2631    .ARM.Collect$$libinit$$00000023  c_w.l(libinit2.o)
    0x08000242   0x00000000   Code   RO         2633    .ARM.Collect$$libinit$$00000025  c_w.l(libinit2.o)
    0x08000242   0x00000000   Code   RO         2637    .ARM.Collect$$libinit$$0000002C  c_w.l(libinit2.o)
    0x08000242   0x00000000   Code   RO         2639    .ARM.Collect$$libinit$$0000002E  c_w.l(libinit2.o)
    0x08000242   0x00000000   Code   RO         2641    .ARM.Collect$$libinit$$00000030  c_w.l(libinit2.o)
    0x08000242   0x00000000   Code   RO         2643    .ARM.Collect$$libinit$$00000032  c_w.l(libinit2.o)
    0x08000242   0x00000002   Code   RO         2644    .ARM.Collect$$libinit$$00000033  c_w.l(libinit2.o)
    0x08000244   0x00000002   Code   RO         2851    .ARM.Collect$$libshutdown$$00000000  c_w.l(libshutdown.o)
    0x08000246   0x00000000   Code   RO         2805    .ARM.Collect$$libshutdown$$00000002  c_w.l(libshutdown2.o)
    0x08000246   0x00000000   Code   RO         2807    .ARM.Collect$$libshutdown$$00000004  c_w.l(libshutdown2.o)
    0x08000246   0x00000000   Code   RO         2810    .ARM.Collect$$libshutdown$$00000007  c_w.l(libshutdown2.o)
    0x08000246   0x00000000   Code   RO         2813    .ARM.Collect$$libshutdown$$0000000A  c_w.l(libshutdown2.o)
    0x08000246   0x00000000   Code   RO         2815    .ARM.Collect$$libshutdown$$0000000C  c_w.l(libshutdown2.o)
    0x08000246   0x00000000   Code   RO         2818    .ARM.Collect$$libshutdown$$0000000F  c_w.l(libshutdown2.o)
    0x08000246   0x00000002   Code   RO         2819    .ARM.Collect$$libshutdown$$00000010  c_w.l(libshutdown2.o)
    0x08000248   0x00000000   Code   RO         2568    .ARM.Collect$$rtentry$$00000000  c_w.l(__rtentry.o)
    0x08000248   0x00000000   Code   RO         2715    .ARM.Collect$$rtentry$$00000002  c_w.l(__rtentry2.o)
    0x08000248   0x00000006   Code   RO         2727    .ARM.Collect$$rtentry$$00000004  c_w.l(__rtentry4.o)
    0x0800024e   0x00000000   Code   RO         2717    .ARM.Collect$$rtentry$$00000009  c_w.l(__rtentry2.o)
    0x0800024e   0x00000004   Code   RO         2718    .ARM.Collect$$rtentry$$0000000A  c_w.l(__rtentry2.o)
    0x08000252   0x00000000   Code   RO         2720    .ARM.Collect$$rtentry$$0000000C  c_w.l(__rtentry2.o)
    0x08000252   0x00000008   Code   RO         2721    .ARM.Collect$$rtentry$$0000000D  c_w.l(__rtentry2.o)
    0x0800025a   0x00000002   Code   RO         2790    .ARM.Collect$$rtexit$$00000000  c_w.l(rtexit.o)
    0x0800025c   0x00000000   Code   RO         2825    .ARM.Collect$$rtexit$$00000002  c_w.l(rtexit2.o)
    0x0800025c   0x00000004   Code   RO         2826    .ARM.Collect$$rtexit$$00000003  c_w.l(rtexit2.o)
    0x08000260   0x00000006   Code   RO         2827    .ARM.Collect$$rtexit$$00000004  c_w.l(rtexit2.o)
    0x08000266   0x00000002   PAD
    0x08000268   0x00001e28   Code   RO            3    .text               ucos_task.o
    0x08002090   0x000002ec   Code   RO          371    .text               main.o
    0x0800237c   0x00000100   Code   RO          433    .text               rt_nonfinite.o
    0x0800247c   0x000000c8   Code   RO          463    .text               rtgetnan.o
    0x08002544   0x00000134   Code   RO          479    .text               rtgetinf.o
    0x08002678   0x00000016   Code   RO          493    .text               stm32f4xx_it.o
    0x0800268e   0x00000002   PAD
    0x08002690   0x00000210   Code   RO          542    .text               system_stm32f4xx.o
    0x080028a0   0x00000040   Code   RO          569    .text               startup_stm32f40_41xxx.o
    0x080028e0   0x00000108   Code   RO          575    .text               delay.o
    0x080029e8   0x000000e0   Code   RO          615    .text               misc.o
    0x08002ac8   0x00000294   Code   RO          635    .text               stm32f4xx_gpio.o
    0x08002d5c   0x0000065c   Code   RO          678    .text               stm32f4xx_rcc.o
    0x080033b8   0x00000094   Code   RO          700    .text               stm32f4xx_syscfg.o
    0x0800344c   0x00000454   Code   RO          720    .text               stm32f4xx_usart.o
    0x080038a0   0x00000ca2   Code   RO          740    .text               stm32f4xx_tim.o
    0x08004542   0x00000002   PAD
    0x08004544   0x00000694   Code   RO          760    .text               stm32f4xx_flash.o
    0x08004bd8   0x00000110   Code   RO          780    .text               stm32f4xx_exti.o
    0x08004ce8   0x00000480   Code   RO          820    .text               stm32f4xx_spi.o
    0x08005168   0x000003a8   Code   RO          840    .text               stm32f4xx_dma.o
    0x08005510   0x00000040   Code   RO          880    .text               stm32f4xx_iwdg.o
    0x08005550   0x00000894   Code   RO          920    .text               os_core.o
    0x08005de4   0x0000080c   Code   RO          948    .text               os_flag.o
    0x080065f0   0x000003cc   Code   RO          968    .text               os_mbox.o
    0x080069bc   0x000005e8   Code   RO         1022    .text               os_q.o
    0x08006fa4   0x0000038c   Code   RO         1042    .text               os_sem.o
    0x08007330   0x000007c4   Code   RO         1062    .text               os_task.o
    0x08007af4   0x000001b0   Code   RO         1082    .text               os_time.o
    0x08007ca4   0x00000634   Code   RO         1102    .text               os_tmr.o
    0x080082d8   0x000000c8   Code   RO         1120    .text               os_cpu_a.o
    0x080083a0   0x000001e8   Code   RO         1125    .text               os_cpu_c.o
    0x08008588   0x00000424   Code   RO         1155    .text               iic_fc.o
    0x080089ac   0x00000458   Code   RO         1175    .text               iic1.o
    0x08008e04   0x000003e0   Code   RO         1221    .text               iic_sonar.o
    0x080091e4   0x000003a8   Code   RO         1247    .text               iic_soft.o
    0x0800958c   0x0000069c   Code   RO         1273    .text               led_fc.o
    0x08009c28   0x000009c8   Code   RO         1302    .text               flash.o
    0x0800a5f0   0x00000478   Code   RO         1326    .text               flash_w25.o
    0x0800aa68   0x00000268   Code   RO         1357    .text               time.o
    0x0800acd0   0x0000002c   Code   RO         1388    .text               watch_dog.o
    0x0800acfc   0x000008c8   Code   RO         1408    .text               gps.o
    0x0800b5c4   0x000007a8   Code   RO         1432    .text               ublox.o
    0x0800bd6c   0x000000e8   Code   RO         1458    .text               dma.o
    0x0800be54   0x0000603c   Code   RO         1478    .text               usart_fc.o
    0x08011e90   0x00000580   Code   RO         1517    .text               m100.o
    0x08012410   0x0000173c   Code   RO         1540    .text               lis3mdl.o
    0x08013b4c   0x00000be4   Code   RO         1571    .text               mpu6050.o
    0x08014730   0x000008e8   Code   RO         1599    .text               hml_sample.o
    0x08015018   0x00000744   Code   RO         1633    .text               ms5611_2.o
    0x0801575c   0x00000b98   Code   RO         1660    .text               ultrasonic.o
    0x080162f4   0x000001a0   Code   RO         1687    .text               laser.o
    0x08016494   0x00000980   Code   RO         1715    .text               fliter.o
    0x08016e14   0x00001758   Code   RO         1740    .text               kf_oldx.o
    0x0801856c   0x00001404   Code   RO         1769    .text               kf_oldx_nav.o
    0x08019970   0x00000784   Code   RO         1918    .text               my_math.o
    0x0801a0f4   0x000015d8   Code   RO         1968    .text               imu.o
    0x0801b6cc   0x000029a8   Code   RO         2031    .text               ukf_task.o
    0x0801e074   0x00003074   Code   RO         2077    .text               alt_kf.o
    0x080210e8   0x00000b54   Code   RO         2153    .text               flow_oldx.lib(flow.o)
    0x08021c3c   0x00000a18   Code   RO         2244    .text               cycle_cal_oldx.lib(cycle_cal_oldx.o)
    0x08022654   0x00000f40   Code   RO         2266    .text               kf_oldx_yaw.lib(kf_oldx_yaw.o)
    0x08023594   0x0000004e   Code   RO         2310    .text               c_w.l(h1_free.o)
    0x080235e2   0x00000048   Code   RO         2366    .text               c_w.l(llsdiv.o)
    0x0802362a   0x00000024   Code   RO         2368    .text               c_w.l(strstr.o)
    0x0802364e   0x00000064   Code   RO         2370    .text               c_w.l(rt_memcpy_w.o)
    0x080236b2   0x0000004e   Code   RO         2372    .text               c_w.l(rt_memclr_w.o)
    0x08023700   0x00000006   Code   RO         2374    .text               c_w.l(heapauxi.o)
    0x08023706   0x00000002   PAD
    0x08023708   0x00000008   Code   RO         2572    .text               c_w.l(rt_heap_descriptor_intlibspace.o)
    0x08023710   0x000000ee   Code   RO         2594    .text               c_w.l(lludivv7m.o)
    0x080237fe   0x00000016   Code   RO         2596    .text               c_w.l(_rserrno.o)
    0x08023814   0x00000008   Code   RO         2711    .text               c_w.l(libspace.o)
    0x0802381c   0x00000008   Code   RO         2736    .text               c_w.l(rt_errno_addr_intlibspace.o)
    0x08023824   0x00000002   Code   RO         2759    .text               c_w.l(use_no_semi.o)
    0x08023826   0x00000000   Code   RO         2761    .text               c_w.l(indicate_semi.o)
    0x08023826   0x0000004a   Code   RO         2762    .text               c_w.l(sys_stackheap_outer.o)
    0x08023870   0x00000012   Code   RO         2770    .text               c_w.l(exit.o)
    0x08023882   0x00000002   PAD
    0x08023884   0x0000000c   Code   RO         2788    .text               c_w.l(sys_exit.o)
    0x08023890   0x00000030   Code   RO         2677    i.__ARM_fpclassify  m_wm.l(fpclassify.o)
    0x080238c0   0x00000026   Code   RO         2679    i.__ARM_fpclassifyf  m_wm.l(fpclassifyf.o)
    0x080238e6   0x00000002   PAD
    0x080238e8   0x00000358   Code   RO         2414    i.__hardfp_acos     m_wm.l(acos.o)
    0x08023c40   0x00000360   Code   RO         2428    i.__hardfp_asin     m_wm.l(asin.o)
    0x08023fa0   0x00000250   Code   RO         2480    i.__hardfp_atan2f   m_wm.l(atan2f.o)
    0x080241f0   0x000000c8   Code   RO         2492    i.__hardfp_cos      m_wm.l(cos.o)
    0x080242b8   0x00000014   Code   RO         2504    i.__hardfp_fabs     m_wm.l(fabs.o)
    0x080242cc   0x00000004   PAD
    0x080242d0   0x00000118   Code   RO         2510    i.__hardfp_floor    m_wm.l(floor.o)
    0x080243e8   0x00000c50   Code   RO         2516    i.__hardfp_pow      m_wm.l(pow.o)
    0x08025038   0x000000c8   Code   RO         2530    i.__hardfp_sin      m_wm.l(sin.o)
    0x08025100   0x0000007a   Code   RO         2542    i.__hardfp_sqrt     m_wm.l(sqrt.o)
    0x0802517a   0x00000006   PAD
    0x08025180   0x00000438   Code   RO         2698    i.__ieee754_rem_pio2  m_wm.l(rred.o)
    0x080255b8   0x00000170   Code   RO         2660    i.__kernel_cos      m_wm.l(cos_i.o)
    0x08025728   0x000000f8   Code   RO         2695    i.__kernel_poly     m_wm.l(poly.o)
    0x08025820   0x00000130   Code   RO         2703    i.__kernel_sin      m_wm.l(sin_i.o)
    0x08025950   0x00000030   Code   RO         2663    i.__mathlib_dbl_divzero  m_wm.l(dunder.o)
    0x08025980   0x00000014   Code   RO         2664    i.__mathlib_dbl_infnan  m_wm.l(dunder.o)
    0x08025994   0x00000014   Code   RO         2665    i.__mathlib_dbl_infnan2  m_wm.l(dunder.o)
    0x080259a8   0x00000020   Code   RO         2666    i.__mathlib_dbl_invalid  m_wm.l(dunder.o)
    0x080259c8   0x00000020   Code   RO         2667    i.__mathlib_dbl_overflow  m_wm.l(dunder.o)
    0x080259e8   0x00000020   Code   RO         2669    i.__mathlib_dbl_underflow  m_wm.l(dunder.o)
    0x08025a08   0x00000006   Code   RO         2683    i.__mathlib_flt_infnan2  m_wm.l(funder.o)
    0x08025a0e   0x00000002   PAD
    0x08025a10   0x00000010   Code   RO         2687    i.__mathlib_flt_underflow  m_wm.l(funder.o)
    0x08025a20   0x00000018   Code   RO         2506    i.fabs              m_wm.l(fabs.o)
    0x08025a38   0x0000006e   Code   RO         2544    i.sqrt              m_wm.l(sqrt.o)
    0x08025aa6   0x00000018   Code   RO         2378    x$fpl$basic         fz_wm.l(basic.o)
    0x08025abe   0x00000002   PAD
    0x08025ac0   0x00000062   Code   RO         2380    x$fpl$d2f           fz_wm.l(d2f.o)
    0x08025b22   0x00000002   PAD
    0x08025b24   0x00000150   Code   RO         2382    x$fpl$dadd          fz_wm.l(daddsub_clz.o)
    0x08025c74   0x00000010   Code   RO         2755    x$fpl$dcheck1       fz_wm.l(dcheck1.o)
    0x08025c84   0x00000018   Code   RO         2645    x$fpl$dcmpinf       fz_wm.l(dcmpi.o)
    0x08025c9c   0x000002b0   Code   RO         2389    x$fpl$ddiv          fz_wm.l(ddiv.o)
    0x08025f4c   0x00000078   Code   RO         2392    x$fpl$deqf          fz_wm.l(deqf.o)
    0x08025fc4   0x0000005e   Code   RO         2394    x$fpl$dfix          fz_wm.l(dfix.o)
    0x08026022   0x0000002e   Code   RO         2399    x$fpl$dflt          fz_wm.l(dflt_clz.o)
    0x08026050   0x00000026   Code   RO         2398    x$fpl$dfltu         fz_wm.l(dflt_clz.o)
    0x08026076   0x00000002   PAD
    0x08026078   0x00000078   Code   RO         2404    x$fpl$dleqf         fz_wm.l(dleqf.o)
    0x080260f0   0x00000154   Code   RO         2406    x$fpl$dmul          fz_wm.l(dmul.o)
    0x08026244   0x0000009c   Code   RO         2647    x$fpl$dnaninf       fz_wm.l(dnaninf.o)
    0x080262e0   0x0000000c   Code   RO         2649    x$fpl$dretinf       fz_wm.l(dretinf.o)
    0x080262ec   0x0000006c   Code   RO         2408    x$fpl$drleqf        fz_wm.l(drleqf.o)
    0x08026358   0x00000016   Code   RO         2383    x$fpl$drsb          fz_wm.l(daddsub_clz.o)
    0x0802636e   0x00000002   PAD
    0x08026370   0x00000198   Code   RO         2651    x$fpl$dsqrt         fz_wm.l(dsqrt_umaal.o)
    0x08026508   0x000001d4   Code   RO         2384    x$fpl$dsub          fz_wm.l(daddsub_clz.o)
    0x080266dc   0x00000056   Code   RO         2410    x$fpl$f2d           fz_wm.l(f2d.o)
    0x08026732   0x00000060   Code   RO         2412    x$fpl$ffltll        fz_wm.l(ffltll_clz.o)
    0x08026792   0x0000008c   Code   RO         2653    x$fpl$fnaninf       fz_wm.l(fnaninf.o)
    0x0802681e   0x0000000a   Code   RO         2757    x$fpl$fpinit        fz_wm.l(fpinit.o)
    0x08026828   0x0000000a   Code   RO         2655    x$fpl$fretinf       fz_wm.l(fretinf.o)
    0x08026832   0x00000064   Code   RO         2786    x$fpl$retnan        fz_wm.l(retnan.o)
    0x08026896   0x0000005c   Code   RO         2657    x$fpl$scalbn        fz_wm.l(scalbn.o)
    0x080268f2   0x00000030   Code   RO         2820    x$fpl$trapveneer    fz_wm.l(trapv.o)
    0x08026922   0x00000000   Code   RO         2659    x$fpl$usenofp       fz_wm.l(usenofp.o)
    0x08026922   0x00000100   Data   RO          922    .constdata          os_core.o
    0x08026a22   0x00000006   PAD
    0x08026a28   0x00000084   Data   RO         1741    .constdata          kf_oldx.o
    0x08026aac   0x00000004   PAD
    0x08026ab0   0x0000003c   Data   RO         1770    .constdata          kf_oldx_nav.o
    0x08026aec   0x00000004   PAD
    0x08026af0   0x00000090   Data   RO         2033    .constdata          ukf_task.o
    0x08026b80   0x00000020   Data   RO         2267    .constdata          kf_oldx_yaw.lib(kf_oldx_yaw.o)
    0x08026ba0   0x00000050   Data   RO         2417    .constdata          m_wm.l(acos.o)
    0x08026bf0   0x00000050   Data   RO         2431    .constdata          m_wm.l(asin.o)
    0x08026c40   0x00000088   Data   RO         2519    .constdata          m_wm.l(pow.o)
    0x08026cc8   0x00000030   Data   RO         2661    .constdata          m_wm.l(cos_i.o)
    0x08026cf8   0x00000008   Data   RO         2697    .constdata          m_wm.l(qnan.o)
    0x08026d00   0x000000c8   Data   RO         2700    .constdata          m_wm.l(rred.o)
    0x08026dc8   0x00000028   Data   RO         2704    .constdata          m_wm.l(sin_i.o)
    0x08026df0   0x00000020   Data   RO         2852    Region$$Table       anon$$obj.o


    Execution Region RW_IRAM1 (Base: 0x20000000, Size: 0x0001cfc0, Max: 0x00020000, ABSOLUTE, COMPRESSED[0x000008dc])

    Base Addr    Size         Type   Attr      Idx    E Section Name        Object

    0x20000000   0x000002bc   Data   RW         1433    .ccm                ublox.o
    0x200002bc   0x0000a000   Data   RW         2079    .ccm                alt_kf.o
    0x2000a2bc   0x00000004   PAD
    0x2000a2c0   0x00000132   Data   RW            5    .data               ucos_task.o
    0x2000a3f2   0x00000002   PAD
    0x2000a3f4   0x0000000c   Data   RW          373    .data               main.o
    0x2000a400   0x00000024   Data   RW          434    .data               rt_nonfinite.o
    0x2000a424   0x00000014   Data   RW          543    .data               system_stm32f4xx.o
    0x2000a438   0x00000004   Data   RW          576    .data               delay.o
    0x2000a43c   0x00000010   Data   RW          679    .data               stm32f4xx_rcc.o
    0x2000a44c   0x0000005c   Data   RW          923    .data               os_core.o
    0x2000a4a8   0x00000006   Data   RW         1126    .data               os_cpu_c.o
    0x2000a4ae   0x00000002   Data   RW         1222    .data               iic_sonar.o
    0x2000a4b0   0x00000001   Data   RW         1248    .data               iic_soft.o
    0x2000a4b1   0x00000001   PAD
    0x2000a4b2   0x00000008   Data   RW         1274    .data               led_fc.o
    0x2000a4ba   0x00000002   PAD
    0x2000a4bc   0x00000004   Data   RW         1304    .data               flash.o
    0x2000a4c0   0x00000002   Data   RW         1328    .data               flash_w25.o
    0x2000a4c2   0x00000002   PAD
    0x2000a4c4   0x00000014   Data   RW         1359    .data               time.o
    0x2000a4d8   0x00000008   Data   RW         1410    .data               gps.o
    0x2000a4e0   0x0000022a   Data   RW         1480    .data               usart_fc.o
    0x2000a70a   0x00000002   PAD
    0x2000a70c   0x00000010   Data   RW         1518    .data               m100.o
    0x2000a71c   0x00000004   PAD
    0x2000a720   0x000000d9   Data   RW         1542    .data               lis3mdl.o
    0x2000a7f9   0x00000007   PAD
    0x2000a800   0x000000de   Data   RW         1573    .data               mpu6050.o
    0x2000a8de   0x00000002   PAD
    0x2000a8e0   0x000000cd   Data   RW         1601    .data               hml_sample.o
    0x2000a9ad   0x00000003   PAD
    0x2000a9b0   0x0000007d   Data   RW         1635    .data               ms5611_2.o
    0x2000aa2d   0x00000003   PAD
    0x2000aa30   0x00000090   Data   RW         1662    .data               ultrasonic.o
    0x2000aac0   0x0000000c   Data   RW         1689    .data               laser.o
    0x2000aacc   0x00000041   Data   RW         1717    .data               fliter.o
    0x2000ab0d   0x00000003   PAD
    0x2000ab10   0x00000404   Data   RW         1919    .data               my_math.o
    0x2000af14   0x00000018   Data   RW         1943    .data               error.o
    0x2000af2c   0x00000004   PAD
    0x2000af30   0x000000a2   Data   RW         1970    .data               imu.o
    0x2000afd2   0x00000002   PAD
    0x2000afd4   0x00000064   Data   RW         2006    .data               imu_m.o
    0x2000b038   0x000000d9   Data   RW         2034    .data               ukf_task.o
    0x2000b111   0x00000007   PAD
    0x2000b118   0x0000027a   Data   RW         2080    .data               alt_kf.o
    0x2000b392   0x00000002   PAD
    0x2000b394   0x00000061   Data   RW         2155    .data               flow_oldx.lib(flow.o)
    0x2000b3f5   0x00000003   PAD
    0x2000b3f8   0x0000a51c   Zero   RW            4    .bss                ucos_task.o
    0x20015914   0x0000050c   Zero   RW          372    .bss                main.o
    0x20015e20   0x00001288   Zero   RW          921    .bss                os_core.o
    0x200170a8   0x00000064   Zero   RW         1303    .bss                flash.o
    0x2001710c   0x00001000   Zero   RW         1327    .bss                flash_w25.o
    0x2001810c   0x000000f0   Zero   RW         1358    .bss                time.o
    0x200181fc   0x00000004   PAD
    0x20018200   0x00001c24   Zero   RW         1479    .bss                usart_fc.o
    0x20019e24   0x00000004   PAD
    0x20019e28   0x00000404   Zero   RW         1541    .bss                lis3mdl.o
    0x2001a22c   0x00000004   PAD
    0x2001a230   0x00000564   Zero   RW         1572    .bss                mpu6050.o
    0x2001a794   0x00000004   PAD
    0x2001a798   0x00000140   Zero   RW         1600    .bss                hml_sample.o
    0x2001a8d8   0x0000000c   Zero   RW         1634    .bss                ms5611_2.o
    0x2001a8e4   0x00000020   Zero   RW         1661    .bss                ultrasonic.o
    0x2001a904   0x00000078   Zero   RW         1688    .bss                laser.o
    0x2001a97c   0x00001998   Zero   RW         1716    .bss                fliter.o
    0x2001c314   0x00000004   PAD
    0x2001c318   0x000000c4   Zero   RW         1969    .bss                imu.o
    0x2001c3dc   0x00000018   Zero   RW         2005    .bss                imu_m.o
    0x2001c3f4   0x00000004   PAD
    0x2001c3f8   0x00000230   Zero   RW         2032    .bss                ukf_task.o
    0x2001c628   0x00000200   Zero   RW         2078    .bss                alt_kf.o
    0x2001c828   0x0000008c   Zero   RW         2154    .bss                flow_oldx.lib(flow.o)
    0x2001c8b4   0x000000a8   Zero   RW         2245    .bss                cycle_cal_oldx.lib(cycle_cal_oldx.o)
    0x2001c95c   0x00000060   Zero   RW         2712    .bss                c_w.l(libspace.o)
    0x2001c9bc   0x00000004   PAD
    0x2001c9c0   0x00000200   Zero   RW          567    HEAP                startup_stm32f40_41xxx.o
    0x2001cbc0   0x00000400   Zero   RW          566    STACK               startup_stm32f40_41xxx.o


==============================================================================

Image component sizes


      Code (inc. data)   RO Data    RW Data    ZI Data      Debug   Object Name

     12404        734          0      41594        512      39811   alt_kf.o
       264         18          0          4          0       1391   delay.o
       232          4          0          0          0       1436   dma.o
         0          0          0         24          0       2220   error.o
      2504        114          0          4        100       3347   flash.o
      1144         36          0          2       4096       5236   flash_w25.o
      2432        106          0         65       6552       7863   fliter.o
      2248         80          0          8          0       5661   gps.o
      2280        128          0        205        320       7416   hml_sample.o
      1112         20          0          0          0       5260   iic1.o
      1060         14          0          0          0       4771   iic_fc.o
       936         10          0          1          0       4538   iic_soft.o
       992         18          0          2          0       5031   iic_sonar.o
      5592        402          0        162        196       4530   imu.o
         0          0          0        100         24       9919   imu_m.o
      5976        170        132          0          0       3975   kf_oldx.o
      5124        146         60          0          0       3899   kf_oldx_nav.o
       416         20          0         12        120       1828   laser.o
      1692         96          0          8          0       2228   led_fc.o
      5948        342          0        217       1028      10046   lis3mdl.o
      1408         54          0         16          0       4831   m100.o
       748        146          0         12       1292       2662   main.o
       224         20          0          0          0       1793   misc.o
      3044        196          0        222       1380      17954   mpu6050.o
      1860        162          0        125         12       6116   ms5611_2.o
      1924        108          0       1028          0       6237   my_math.o
      2196        218        256         92       4744      15971   os_core.o
       200         32          0          0          0        312   os_cpu_a.o
       488          8          0          6          0      11763   os_cpu_c.o
      2060         42          0          0          0       7200   os_flag.o
       972         16          0          0          0       4302   os_mbox.o
      1512         30          0          0          0       5761   os_q.o
       908         18          0          0          0       4034   os_sem.o
      1988         70          0          0          0       7877   os_task.o
       432         30          0          0          0       1866   os_time.o
      1588         94          0          0          0       5721   os_tmr.o
       256         26          0         36          0       3832   rt_nonfinite.o
       308         22          0          0          0       1930   rtgetinf.o
       200         18          0          0          0       2068   rtgetnan.o
        64         26        392          0       1536        824   startup_stm32f40_41xxx.o
       936         32          0          0          0       6373   stm32f4xx_dma.o
       272         10          0          0          0       2263   stm32f4xx_exti.o
      1684         28          0          0          0       9398   stm32f4xx_flash.o
       660         44          0          0          0       4137   stm32f4xx_gpio.o
        22          0          0          0          0       1023   stm32f4xx_it.o
        64          6          0          0          0       1333   stm32f4xx_iwdg.o
      1628         52          0         16          0      12996   stm32f4xx_rcc.o
      1152         36          0          0          0       6885   stm32f4xx_spi.o
       148         12          0          0          0       1833   stm32f4xx_syscfg.o
      3234         60          0          0          0      22992   stm32f4xx_tim.o
      1108         34          0          0          0       7860   stm32f4xx_usart.o
       528         46          0         20          0       1743   system_stm32f4xx.o
       616         38          0         20        240      30073   time.o
      1960         60          0        700          0       8209   ublox.o
      7720        758          0        306      42268     340944   ucos_task.o
     10664        726        144        217        560       8559   ukf_task.o
      2968        256          0        144         32       5867   ultrasonic.o
     24636       1012          0        554       7204      38177   usart_fc.o
        44          0          0          0          0        694   watch_dog.o

    ----------------------------------------------------------------------
    134784       7004       1030      45972      72240     754819   Object Totals
         0          0         32          0          0          0   (incl. Generated)
         4          0         14         50         24          0   (incl. Padding)

    ----------------------------------------------------------------------

      Code (inc. data)   RO Data    RW Data    ZI Data      Debug   Library Member Name

        90          0          0          0          0          0   __dczerorl2.o
         8          0          0          0          0         68   __main.o
         0          0          0          0          0          0   __rtentry.o
        12          0          0          0          0          0   __rtentry2.o
         6          0          0          0          0          0   __rtentry4.o
        52          8          0          0          0          0   __scatter.o
        28          0          0          0          0          0   __scatter_zi.o
        22          0          0          0          0        100   _rserrno.o
        18          0          0          0          0         80   exit.o
        78          0          0          0          0         80   h1_free.o
         6          0          0          0          0        152   heapauxi.o
         0          0          0          0          0          0   indicate_semi.o
         2          0          0          0          0          0   libinit.o
         6          0          0          0          0          0   libinit2.o
         2          0          0          0          0          0   libshutdown.o
         2          0          0          0          0          0   libshutdown2.o
         8          4          0          0         96         68   libspace.o
        72          0          0          0          0         76   llsdiv.o
       238          0          0          0          0        100   lludivv7m.o
         8          4          0          0          0         68   rt_errno_addr_intlibspace.o
         8          4          0          0          0         68   rt_heap_descriptor_intlibspace.o
        78          0          0          0          0         80   rt_memclr_w.o
       100          0          0          0          0         80   rt_memcpy_w.o
         2          0          0          0          0          0   rtexit.o
        10          0          0          0          0          0   rtexit2.o
        36          0          0          0          0         80   strstr.o
        12          4          0          0          0         68   sys_exit.o
        74          0          0          0          0         80   sys_stackheap_outer.o
         2          0          0          0          0         68   use_no_semi.o
      2584         12          0          0        168       4813   cycle_cal_oldx.o
      2900        124          0         97        140     220042   flow.o
        24          0          0          0          0        164   basic.o
        98          4          0          0          0        140   d2f.o
       826         16          0          0          0        492   daddsub_clz.o
        16          4          0          0          0        116   dcheck1.o
        24          0          0          0          0        116   dcmpi.o
       688        140          0          0          0        256   ddiv.o
       120          4          0          0          0        140   deqf.o
        94          4          0          0          0        140   dfix.o
        84          0          0          0          0        232   dflt_clz.o
       120          4          0          0          0        140   dleqf.o
       340         12          0          0          0        152   dmul.o
       156          4          0          0          0        140   dnaninf.o
        12          0          0          0          0        116   dretinf.o
       108          0          0          0          0        128   drleqf.o
       408         56          0          0          0        168   dsqrt_umaal.o
        86          4          0          0          0        132   f2d.o
        96          0          0          0          0        132   ffltll_clz.o
       140          4          0          0          0        132   fnaninf.o
        10          0          0          0          0        116   fpinit.o
        10          0          0          0          0        116   fretinf.o
       100          0          0          0          0        116   retnan.o
        92          0          0          0          0        116   scalbn.o
        48          0          0          0          0        116   trapv.o
         0          0          0          0          0          0   usenofp.o
      3904         80         32          0          0       2735   kf_oldx_yaw.o
       856        118         80          0          0        288   acos.o
       864         94         80          0          0        280   asin.o
       592         90          0          0          0        184   atan2f.o
       200         20          0          0          0        164   cos.o
       368         46         48          0          0        200   cos_i.o
       184         44          0          0          0        744   dunder.o
        44          0          0          0          0        248   fabs.o
       280         28          0          0          0        156   floor.o
        48          0          0          0          0        124   fpclassify.o
        38          0          0          0          0        116   fpclassifyf.o
        22          6          0          0          0        232   funder.o
       248          0          0          0          0        152   poly.o
      3152        296        136          0          0        352   pow.o
         0          0          8          0          0          0   qnan.o
      1080        142        200          0          0        188   rred.o
       200         20          0          0          0        164   sin.o
       304         24         40          0          0        208   sin_i.o
       232          0          0          0          0        296   sqrt.o

    ----------------------------------------------------------------------
     22810       1424        624        100        408     236618   Library Totals
        30          0          0          3          4          0   (incl. Padding)

    ----------------------------------------------------------------------

      Code (inc. data)   RO Data    RW Data    ZI Data      Debug   Library Name

       980         24          0          0         96       1316   c_w.l
      2584         12          0          0        168       4813   cycle_cal_oldx.lib
      2900        124          0         97        140     220042   flow_oldx.lib
      3700        256          0          0          0       3616   fz_wm.l
      3904         80         32          0          0       2735   kf_oldx_yaw.lib
      8712        928        592          0          0       4096   m_wm.l

    ----------------------------------------------------------------------
     22810       1424        624        100        408     236618   Library Totals

    ----------------------------------------------------------------------

==============================================================================


      Code (inc. data)   RO Data    RW Data    ZI Data      Debug   

    157594       8428       1654      46072      72648     973113   Grand Totals
    157594       8428       1654       2268      72648     973113   ELF Image Totals (compressed)
    157594       8428       1654       2268          0          0   ROM Totals

==============================================================================

    Total RO  Size (Code + RO Data)               159248 ( 155.52kB)
    Total RW  Size (RW Data + ZI Data)            118720 ( 115.94kB)
    Total ROM Size (Code + RO Data + RW Data)     161516 ( 157.73kB)

==============================================================================

