Component: ARM Compiler 5.06 update 2 (build 183) Tool: armlink [4d35b7]

==============================================================================

Section Cross References

    ucos_task.o(.text) refers to time.o(.text) for Get_Cycle_T
    ucos_task.o(.text) refers to f2d.o(x$fpl$f2d) for __aeabi_f2d
    ucos_task.o(.text) refers to dleqf.o(x$fpl$dleqf) for __aeabi_cdcmple
    ucos_task.o(.text) refers to mpu6050.o(.text) for MPU6050_Read
    ucos_task.o(.text) refers to hml_sample.o(.text) for ANO_AK8975_Read
    ucos_task.o(.text) refers to ms5611_2.o(.text) for MS5611_ThreadNew
    ucos_task.o(.text) refers to lis3mdl.o(.text) for LSM6_readAcc
    ucos_task.o(.text) refers to delay.o(.text) for delay_ms
    ucos_task.o(.text) refers to my_math.o(.text) for my_deathzoom_2
    ucos_task.o(.text) refers to imu.o(.text) for IMUupdate
    ucos_task.o(.text) refers to watch_dog.o(.text) for IWDG_Feed
    ucos_task.o(.text) refers to ukf_task.o(.text) for ukf_pos_task_qr
    ucos_task.o(.text) refers to alt_kf.o(.text) for altUkfProcess
    ucos_task.o(.text) refers to laser.o(.text) for Laser_cal
    ucos_task.o(.text) refers to ultrasonic.o(.text) for Ultra_Duty
    ucos_task.o(.text) refers to dflt_clz.o(x$fpl$dfltu) for __aeabi_ui2d
    ucos_task.o(.text) refers to drleqf.o(x$fpl$drleqf) for __aeabi_cdrcmple
    ucos_task.o(.text) refers to ucos_task.o(.data) for inner_loop_time_time
    ucos_task.o(.text) refers to mpu6050.o(.bss) for mpu6050
    ucos_task.o(.text) refers to usart_fc.o(.bss) for mode
    ucos_task.o(.text) refers to imu.o(.data) for Yaw
    ucos_task.o(.text) refers to ucos_task.o(.bss) for flow_matlab_data
    ucos_task.o(.text) refers to usart_fc.o(.data) for en_ble_debug
    ucos_task.o(.text) refers to fabs.o(i.__hardfp_fabs) for __hardfp_fabs
    ucos_task.o(.text) refers to basic.o(x$fpl$basic) for __aeabi_dneg
    ucos_task.o(.text) refers to d2f.o(x$fpl$d2f) for __aeabi_d2f
    ucos_task.o(.text) refers to flow.o(.text) for flow_pertreatment_oldx
    ucos_task.o(.text) refers to ddiv.o(x$fpl$ddiv) for __aeabi_ddiv
    ucos_task.o(.text) refers to dmul.o(x$fpl$dmul) for __aeabi_dmul
    ucos_task.o(.text) refers to ultrasonic.o(.data) for ultra_ok
    ucos_task.o(.text) refers to alt_kf.o(.data) for ALT_POS_SONAR3
    ucos_task.o(.text) refers to flow.o(.bss) for flow_per_out
    ucos_task.o(.text) refers to imu.o(.bss) for reference_vr
    ucos_task.o(.text) refers to daddsub_clz.o(x$fpl$dadd) for __aeabi_dadd
    ucos_task.o(.text) refers to fliter.o(.text) for Moving_Median
    ucos_task.o(.text) refers to os_core.o(.text) for OSIntEnter
    ucos_task.o(.text) refers to stm32f4xx_tim.o(.text) for TIM_GetITStatus
    ucos_task.o(.text) refers to usart_fc.o(.text) for Send_TO_FLOW_PI
    ucos_task.o(.text) refers to stm32f4xx_dma.o(.text) for DMA_GetFlagStatus
    ucos_task.o(.text) refers to stm32f4xx_usart.o(.text) for USART_DMACmd
    ucos_task.o(.text) refers to dma.o(.text) for MYDMA_Enable
    ucos_task.o(.text) refers to fliter.o(.bss) for firstOrderFilters
    ucos_task.o(.text) refers to dfix.o(x$fpl$dfix) for __aeabi_d2iz
    ucos_task.o(.text) refers to alt_kf.o(.bss) for acc_z_view
    ucos_task.o(.text) refers to ms5611_2.o(.data) for baroAlt
    ucos_task.o(.text) refers to ukf_task.o(.bss) for X_ukf
    ucos_task.o(.text) refers to ukf_task.o(.data) for K_spd_flow
    ucos_task.o(.text) refers to laser.o(.bss) for Laser_avoid
    ucos_task.o(.text) refers to led_fc.o(.text) for LEDRGB_STATE
    ucos_task.o(.text) refers to lis3mdl.o(.bss) for lis3mdl
    ucos_task.o(.text) refers to os_core.o(.data) for OSCPUUsage
    main.o(.text) refers to os_mbox.o(.text) for OSMboxCreate
    main.o(.text) refers to os_q.o(.text) for OSQCreate
    main.o(.text) refers to os_flag.o(.text) for OSFlagCreate
    main.o(.text) refers to os_core.o(.text) for OSStatInit
    main.o(.text) refers to os_tmr.o(.text) for OSTmrCreate
    main.o(.text) refers to os_cpu_a.o(.text) for OS_CPU_SR_Save
    main.o(.text) refers to os_task.o(.text) for OSTaskCreate
    main.o(.text) refers to misc.o(.text) for NVIC_PriorityGroupConfig
    main.o(.text) refers to delay.o(.text) for delay_init
    main.o(.text) refers to time.o(.text) for Initial_Timer_SYS
    main.o(.text) refers to iic_soft.o(.text) for I2c_Soft_Init
    main.o(.text) refers to iic1.o(.text) for IIC_IMU1_Init
    main.o(.text) refers to hml_sample.o(.text) for HMC5883L_SetUp
    main.o(.text) refers to ms5611_2.o(.text) for MS5611_Init
    main.o(.text) refers to mpu6050.o(.text) for MPU6050_Init
    main.o(.text) refers to lis3mdl.o(.text) for LIS3MDL_enableDefault
    main.o(.text) refers to alt_kf.o(.text) for altUkfInit
    main.o(.text) refers to led_fc.o(.text) for LED_Init
    main.o(.text) refers to usart_fc.o(.text) for Usart1_Init
    main.o(.text) refers to dma.o(.text) for MYDMA_Config
    main.o(.text) refers to flash_w25.o(.text) for W25QXX_Init
    main.o(.text) refers to flash.o(.text) for READ_PARM
[...]
    __user_setup_stackheap                   0x0802276b   Thumb Code    74  sys_stackheap_outer.o(.text)
    exit                                     0x080227b5   Thumb Code    18  exit.o(.text)
    _sys_exit                                0x080227c9   Thumb Code     8  sys_exit.o(.text)
    __ARM_fpclassify                         0x080227d5   Thumb Code    48  fpclassify.o(i.__ARM_fpclassify)
    __ARM_fpclassifyf                        0x08022805   Thumb Code    38  fpclassifyf.o(i.__ARM_fpclassifyf)
    __hardfp_acos                            0x08022831   Thumb Code   738  acos.o(i.__hardfp_acos)
    __hardfp_asin                            0x08022b89   Thumb Code   770  asin.o(i.__hardfp_asin)
    __hardfp_atan2f                          0x08022ee9   Thumb Code   502  atan2f.o(i.__hardfp_atan2f)
    __hardfp_cos                             0x08023139   Thumb Code   180  cos.o(i.__hardfp_cos)
    __hardfp_fabs                            0x08023201   Thumb Code    20  fabs.o(i.__hardfp_fabs)
    __hardfp_floor                           0x08023219   Thumb Code   252  floor.o(i.__hardfp_floor)
    __hardfp_pow                             0x08023331   Thumb Code  3072  pow.o(i.__hardfp_pow)
    __hardfp_sin                             0x08023f81   Thumb Code   180  sin.o(i.__hardfp_sin)
    __hardfp_sqrt                            0x08024049   Thumb Code   122  sqrt.o(i.__hardfp_sqrt)
    __ieee754_rem_pio2                       0x080240c9   Thumb Code   938  rred.o(i.__ieee754_rem_pio2)
    __kernel_cos                             0x08024501   Thumb Code   322  cos_i.o(i.__kernel_cos)
    __kernel_poly                            0x08024671   Thumb Code   248  poly.o(i.__kernel_poly)
    __kernel_sin                             0x08024769   Thumb Code   280  sin_i.o(i.__kernel_sin)
    __mathlib_dbl_divzero                    0x08024899   Thumb Code    28  dunder.o(i.__mathlib_dbl_divzero)
    __mathlib_dbl_infnan                     0x080248c9   Thumb Code    20  dunder.o(i.__mathlib_dbl_infnan)
    __mathlib_dbl_infnan2                    0x080248dd   Thumb Code    20  dunder.o(i.__mathlib_dbl_infnan2)
    __mathlib_dbl_invalid                    0x080248f1   Thumb Code    24  dunder.o(i.__mathlib_dbl_invalid)
    __mathlib_dbl_overflow                   0x08024911   Thumb Code    24  dunder.o(i.__mathlib_dbl_overflow)
    __mathlib_dbl_underflow                  0x08024931   Thumb Code    24  dunder.o(i.__mathlib_dbl_underflow)
    __mathlib_flt_infnan2                    0x08024951   Thumb Code     6  funder.o(i.__mathlib_flt_infnan2)
    __mathlib_flt_underflow                  0x08024959   Thumb Code    10  funder.o(i.__mathlib_flt_underflow)
    fabs                                     0x08024969   Thumb Code    24  fabs.o(i.fabs)
    sqrt                                     0x08024981   Thumb Code   110  sqrt.o(i.sqrt)
    __aeabi_dneg                             0x080249ef   Thumb Code     0  basic.o(x$fpl$basic)
    _dneg                                    0x080249ef   Thumb Code     6  basic.o(x$fpl$basic)
    __aeabi_fneg                             0x080249f5   Thumb Code     0  basic.o(x$fpl$basic)
    _fneg                                    0x080249f5   Thumb Code     6  basic.o(x$fpl$basic)
    _dabs                                    0x080249fb   Thumb Code     6  basic.o(x$fpl$basic)
    _fabs                                    0x08024a01   Thumb Code     6  basic.o(x$fpl$basic)
    __aeabi_d2f                              0x08024a09   Thumb Code     0  d2f.o(x$fpl$d2f)
    _d2f                                     0x08024a09   Thumb Code    98  d2f.o(x$fpl$d2f)
    __aeabi_dadd                             0x08024a6d   Thumb Code     0  daddsub_clz.o(x$fpl$dadd)
    _dadd                                    0x08024a6d   Thumb Code   332  daddsub_clz.o(x$fpl$dadd)
    __fpl_dcheck_NaN1                        0x08024bbd   Thumb Code    10  dcheck1.o(x$fpl$dcheck1)
    __fpl_dcmp_Inf                           0x08024bcd   Thumb Code    24  dcmpi.o(x$fpl$dcmpinf)
    __aeabi_ddiv                             0x08024be5   Thumb Code     0  ddiv.o(x$fpl$ddiv)
    _ddiv                                    0x08024be5   Thumb Code   552  ddiv.o(x$fpl$ddiv)
    __aeabi_cdcmpeq                          0x08024e95   Thumb Code     0  deqf.o(x$fpl$deqf)
    _dcmpeq                                  0x08024e95   Thumb Code   120  deqf.o(x$fpl$deqf)
    __aeabi_d2iz                             0x08024f0d   Thumb Code     0  dfix.o(x$fpl$dfix)
    _dfix                                    0x08024f0d   Thumb Code    94  dfix.o(x$fpl$dfix)
    __aeabi_i2d                              0x08024f6b   Thumb Code     0  dflt_clz.o(x$fpl$dflt)
    _dflt                                    0x08024f6b   Thumb Code    46  dflt_clz.o(x$fpl$dflt)
    __aeabi_ui2d                             0x08024f99   Thumb Code     0  dflt_clz.o(x$fpl$dfltu)
    _dfltu                                   0x08024f99   Thumb Code    38  dflt_clz.o(x$fpl$dfltu)
    __aeabi_cdcmple                          0x08024fc1   Thumb Code     0  dleqf.o(x$fpl$dleqf)
    _dcmple                                  0x08024fc1   Thumb Code   120  dleqf.o(x$fpl$dleqf)
    __fpl_dcmple_InfNaN                      0x08025023   Thumb Code     0  dleqf.o(x$fpl$dleqf)
    __aeabi_dmul                             0x08025039   Thumb Code     0  dmul.o(x$fpl$dmul)
    _dmul                                    0x08025039   Thumb Code   332  dmul.o(x$fpl$dmul)
    __fpl_dnaninf                            0x0802518d   Thumb Code   156  dnaninf.o(x$fpl$dnaninf)
    __fpl_dretinf                            0x08025229   Thumb Code    12  dretinf.o(x$fpl$dretinf)
    __aeabi_cdrcmple                         0x08025235   Thumb Code     0  drleqf.o(x$fpl$drleqf)
    _drcmple                                 0x08025235   Thumb Code   108  drleqf.o(x$fpl$drleqf)
    __aeabi_drsub                            0x080252a1   Thumb Code     0  daddsub_clz.o(x$fpl$drsb)
    _drsb                                    0x080252a1   Thumb Code    22  daddsub_clz.o(x$fpl$drsb)
    _dsqrt                                   0x080252b9   Thumb Code   404  dsqrt_umaal.o(x$fpl$dsqrt)
    __aeabi_dsub                             0x08025451   Thumb Code     0  daddsub_clz.o(x$fpl$dsub)
    _dsub                                    0x08025451   Thumb Code   464  daddsub_clz.o(x$fpl$dsub)
    __aeabi_f2d                              0x08025625   Thumb Code     0  f2d.o(x$fpl$f2d)
    _f2d                                     0x08025625   Thumb Code    86  f2d.o(x$fpl$f2d)
    __aeabi_ul2f                             0x0802567b   Thumb Code     0  ffltll_clz.o(x$fpl$ffltll)
    _ll_uto_f                                0x0802567b   Thumb Code     6  ffltll_clz.o(x$fpl$ffltll)
    __aeabi_l2f                              0x08025681   Thumb Code     0  ffltll_clz.o(x$fpl$ffltll)
    _ll_sto_f                                0x08025681   Thumb Code    90  ffltll_clz.o(x$fpl$ffltll)
    __fpl_fnaninf                            0x080256db   Thumb Code   140  fnaninf.o(x$fpl$fnaninf)
    _fp_init                                 0x08025767   Thumb Code    10  fpinit.o(x$fpl$fpinit)
    __fplib_config_fpu_vfp                   0x0802576f   Thumb Code     0  fpinit.o(x$fpl$fpinit)
    __fplib_config_pureend_doubles           0x0802576f   Thumb Code     0  fpinit.o(x$fpl$fpinit)
    __fpl_fretinf                            0x08025771   Thumb Code    10  fretinf.o(x$fpl$fretinf)
    __fpl_return_NaN                         0x0802577b   Thumb Code   100  retnan.o(x$fpl$retnan)
    __ARM_scalbn                             0x080257df   Thumb Code    92  scalbn.o(x$fpl$scalbn)
    __fpl_cmpreturn                          0x0802583b   Thumb Code    48  trapv.o(x$fpl$trapveneer)
    OSUnMapTbl                               0x0802586a   Data         256  os_core.o(.constdata)
    __I$use$fp                               0x0802586a   Number         0  usenofp.o(x$fpl$usenofp)
    __mathlib_zero                           0x08025c40   Data           8  qnan.o(.constdata)
    Region$$Table$$Base                      0x08025d38   Number         0  anon$$obj.o(Region$$Table)
    Region$$Table$$Limit                     0x08025d58   Number         0  anon$$obj.o(Region$$Table)
    gpsData                                  0x20000000   Data         152  ublox.o(.ccm)
    ubloxData                                0x20000098   Data         548  ublox.o(.ccm)
    ccmHeap                                  0x200002bc   Data       40960  alt_kf.o(.ccm)
    fly_ready                                0x2000a2c0   Data           1  ucos_task.o(.data)
    inner_loop_time_time                     0x2000a2c4   Data           4  ucos_task.o(.data)
    inner_loop_time_time_int                 0x2000a2c8   Data           4  ucos_task.o(.data)
    GOL_LINK_BUSY                            0x2000a2cc   Data           2  ucos_task.o(.data)
    YawR                                     0x2000a2d0   Data           4  ucos_task.o(.data)
    PitchR                                   0x2000a2d4   Data           4  ucos_task.o(.data)
    RollR                                    0x2000a2d8   Data           4  ucos_task.o(.data)
    outer_loop_time                          0x2000a2dc   Data           4  ucos_task.o(.data)
    ekf_loop_time                            0x2000a2e0   Data           4  ucos_task.o(.data)
    flag_mag                                 0x2000a2e4   Data          12  ucos_task.o(.data)
    Kp_ekf                                   0x2000a2f0   Data           4  ucos_task.o(.data)
    Kp_ekf_pr                                0x2000a2f4   Data           4  ucos_task.o(.data)
    focal_length_px                          0x2000a2f8   Data           4  ucos_task.o(.data)
    accumulated_flow_x                       0x2000a2fc   Data           4  ucos_task.o(.data)
    accumulated_flow_y                       0x2000a300   Data           4  ucos_task.o(.data)
    accumulated_gyro_x                       0x2000a304   Data           4  ucos_task.o(.data)
    accumulated_gyro_y                       0x2000a308   Data           4  ucos_task.o(.data)
    accumulated_gyro_z                       0x2000a30c   Data           4  ucos_task.o(.data)
    accumulated_framecount                   0x2000a310   Data           2  ucos_task.o(.data)
    accumulated_quality                      0x2000a312   Data           2  ucos_task.o(.data)
    integration_timespan                     0x2000a314   Data           4  ucos_task.o(.data)
    k_flow_acc                               0x2000a318   Data           8  ucos_task.o(.data)
    k_gro_acc                                0x2000a320   Data           4  ucos_task.o(.data)
    flt_gro                                  0x2000a324   Data           4  ucos_task.o(.data)
    k_time_use                               0x2000a328   Data           4  ucos_task.o(.data)
    imu_board_test                           0x2000a32c   Data           1  ucos_task.o(.data)
    MID_CNT_SPD                              0x2000a32d   Data           1  ucos_task.o(.data)
    k_flp                                    0x2000a330   Data           4  ucos_task.o(.data)
    b                                        0x2000a388   Data          12  ucos_task.o(.data)
    a                                        0x2000a394   Data          12  ucos_task.o(.data)
    baro_matlab_data                         0x2000a3a0   Data           8  ucos_task.o(.data)
    flow_loop_time                           0x2000a3a8   Data           4  ucos_task.o(.data)
    en_imu_debug                             0x2000a3ac   Data           1  ucos_task.o(.data)
    force_imu_debug                          0x2000a3ad   Data           1  ucos_task.o(.data)
    UART_UP_LOAD_SEL                         0x2000a3ae   Data           1  ucos_task.o(.data)
    time_uart                                0x2000a3b0   Data           4  ucos_task.o(.data)
    tmr1                                     0x2000a3b4   Data           4  ucos_task.o(.data)
    tmr2                                     0x2000a3b8   Data           4  ucos_task.o(.data)
    tmr3                                     0x2000a3bc   Data           4  ucos_task.o(.data)
    cpuusage                                 0x2000a3c0   Data           2  ucos_task.o(.data)
    msg_key                                  0x2000a3ec   Data           4  main.o(.data)
    q_msg                                    0x2000a3f0   Data           4  main.o(.data)
    flags_key                                0x2000a3f4   Data           4  main.o(.data)
    rtInf                                    0x2000a3f8   Data           8  rt_nonfinite.o(.data)
    rtMinusInf                               0x2000a400   Data           8  rt_nonfinite.o(.data)
    rtNaN                                    0x2000a408   Data           8  rt_nonfinite.o(.data)
    rtInfF                                   0x2000a410   Data           4  rt_nonfinite.o(.data)
    rtMinusInfF                              0x2000a414   Data           4  rt_nonfinite.o(.data)
    rtNaNF                                   0x2000a418   Data           4  rt_nonfinite.o(.data)
    SystemCoreClock                          0x2000a41c   Data           4  system_stm32f4xx.o(.data)
    AHBPrescTable                            0x2000a420   Data          16  system_stm32f4xx.o(.data)
    OSCtxSwCtr                               0x2000a444   Data           4  os_core.o(.data)
    OSEventFreeList                          0x2000a448   Data           4  os_core.o(.data)
    OSFlagFreeList                           0x2000a44c   Data           4  os_core.o(.data)
    OSCPUUsage                               0x2000a450   Data           1  os_core.o(.data)
    OSIdleCtrMax                             0x2000a454   Data           4  os_core.o(.data)
    OSIdleCtrRun                             0x2000a458   Data           4  os_core.o(.data)
    OSStatRdy                                0x2000a45c   Data           1  os_core.o(.data)
    OSIntNesting                             0x2000a45d   Data           1  os_core.o(.data)
    OSLockNesting                            0x2000a45e   Data           1  os_core.o(.data)
    OSPrioCur                                0x2000a45f   Data           1  os_core.o(.data)
    OSPrioHighRdy                            0x2000a460   Data           1  os_core.o(.data)
    OSRdyGrp                                 0x2000a461   Data           1  os_core.o(.data)
    OSRdyTbl                                 0x2000a462   Data           8  os_core.o(.data)
    OSRunning                                0x2000a46a   Data           1  os_core.o(.data)
    OSTaskCtr                                0x2000a46b   Data           1  os_core.o(.data)
    OSIdleCtr                                0x2000a46c   Data           4  os_core.o(.data)
    OSTCBCur                                 0x2000a470   Data           4  os_core.o(.data)
    OSTCBFreeList                            0x2000a474   Data           4  os_core.o(.data)
    OSTCBHighRdy                             0x2000a478   Data           4  os_core.o(.data)
    OSTCBList                                0x2000a47c   Data           4  os_core.o(.data)
    OSTickStepState                          0x2000a480   Data           1  os_core.o(.data)
    OSQFreeList                              0x2000a484   Data           4  os_core.o(.data)
    OSTime                                   0x2000a488   Data           4  os_core.o(.data)
    OSTmrFree                                0x2000a48c   Data           2  os_core.o(.data)
    OSTmrUsed                                0x2000a48e   Data           2  os_core.o(.data)
    OSTmrTime                                0x2000a490   Data           4  os_core.o(.data)
    OSTmrSem                                 0x2000a494   Data           4  os_core.o(.data)
    OSTmrSemSignal                           0x2000a498   Data           4  os_core.o(.data)
    OSTmrFreeList                            0x2000a49c   Data           4  os_core.o(.data)
    OSInterrputSum                           0x2000a4a0   Data           4  os_cpu_c.o(.data)
    sum                                      0x2000a4a6   Data           2  iic_sonar.o(.data)
    I2C_FastMode                             0x2000a4a8   Data           1  iic_soft.o(.data)
    FLASH_SIZE                               0x2000a4b4   Data           4  flash.o(.data)
    W25QXX_TYPE                              0x2000a4b8   Data           2  flash_w25.o(.data)
    sysTickUptime                            0x2000a4bc   Data           4  time.o(.data)
    time_1h                                  0x2000a4c0   Data           4  time.o(.data)
    time_1m                                  0x2000a4c4   Data           4  time.o(.data)
    time_1s                                  0x2000a4c8   Data           4  time.o(.data)
    time_1ms                                 0x2000a4cc   Data           4  time.o(.data)
    GPS_SEL1                                 0x2000a4d0   Data           1  gps.o(.data)
    gps_dt                                   0x2000a4d4   Data           4  gps.o(.data)
    dt_flow_rx                               0x2000a4d8   Data           4  usart_fc.o(.data)
    data_rate_gol_link                       0x2000a4dc   Data           2  usart_fc.o(.data)
    LOCK                                     0x2000a4de   Data           1  usart_fc.o(.data)
    KEY                                      0x2000a4df   Data           8  usart_fc.o(.data)
    KEY_SEL                                  0x2000a4e7   Data           4  usart_fc.o(.data)
    NAV_BOARD_CONNECT                        0x2000a4eb   Data           1  usart_fc.o(.data)
    force_fly_ready                          0x2000a4ec   Data           1  usart_fc.o(.data)
    k_flow_opencv                            0x2000a4f0   Data           4  usart_fc.o(.data)
    sonar_fc                                 0x2000a4f4   Data           4  usart_fc.o(.data)
    baroAlt_fc                               0x2000a4f8   Data           4  usart_fc.o(.data)
    fc_rx_time                               0x2000a4fc   Data           4  usart_fc.o(.data)
    flow_module_set_yaw                      0x2000a500   Data           4  usart_fc.o(.data)
    TxCounter                                0x2000a504   Data           1  usart_fc.o(.data)
    count                                    0x2000a505   Data           1  usart_fc.o(.data)
    RxState                                  0x2000a506   Data           1  usart_fc.o(.data)
    RxBufferNum                              0x2000a507   Data           1  usart_fc.o(.data)
    RxBufferCnt                              0x2000a508   Data           1  usart_fc.o(.data)
    RxLen                                    0x2000a509   Data           1  usart_fc.o(.data)
    com_data                                 0x2000a50a   Data           1  usart_fc.o(.data)
    nrf_uart_cnt                             0x2000a50e   Data           2  usart_fc.o(.data)
    Tx5Counter                               0x2000a510   Data           1  usart_fc.o(.data)
    count5                                   0x2000a511   Data           1  usart_fc.o(.data)
    dlf_odroid                               0x2000a514   Data           4  usart_fc.o(.data)
    TxCounter_u1                             0x2000a518   Data           1  usart_fc.o(.data)
    count_u1                                 0x2000a519   Data           1  usart_fc.o(.data)
    RxState_u1                               0x2000a51a   Data           1  usart_fc.o(.data)
    RxBufferNum_u1                           0x2000a51b   Data           1  usart_fc.o(.data)
    RxBufferCnt_u1                           0x2000a51c   Data           1  usart_fc.o(.data)
    RxLen_u1                                 0x2000a51d   Data           1  usart_fc.o(.data)
    USART3_RX_STA                            0x2000a520   Data           2  usart_fc.o(.data)
    buf_GPRMC                                0x2000a522   Data         100  usart_fc.o(.data)
    buf_GPRMCt                               0x2000a586   Data         100  usart_fc.o(.data)
    buf_GPGGA                                0x2000a5ea   Data         100  usart_fc.o(.data)
    buf_GPGGAt                               0x2000a64e   Data         100  usart_fc.o(.data)
    gps_good                                 0x2000a6b2   Data           1  usart_fc.o(.data)
    gps_loss_cnt                             0x2000a6b4   Data           2  usart_fc.o(.data)
    RxBuffer4_test_cnt                       0x2000a6b6   Data           1  usart_fc.o(.data)
    RxState4                                 0x2000a6b7   Data           1  usart_fc.o(.data)
    RxBufferNum4                             0x2000a6b8   Data           1  usart_fc.o(.data)
    RxBufferCnt4                             0x2000a6b9   Data           1  usart_fc.o(.data)
    RxLen4                                   0x2000a6ba   Data           1  usart_fc.o(.data)
    rate_gps_board                           0x2000a6c0   Data           4  usart_fc.o(.data)
    RxState3                                 0x2000a6c4   Data           1  usart_fc.o(.data)
    RxBufferNum3                             0x2000a6c5   Data           1  usart_fc.o(.data)
    RxBufferCnt3                             0x2000a6c6   Data           1  usart_fc.o(.data)
    RxLen3                                   0x2000a6c7   Data           1  usart_fc.o(.data)
    Angle_Yun                                0x2000a6cc   Data           8  usart_fc.o(.data)
    en_ble_debug                             0x2000a6d4   Data           1  usart_fc.o(.data)
    IMU1_Fast                                0x2000a6f8   Data           1  lis3mdl.o(.data)
    id                                       0x2000a6f9   Data           3  lis3mdl.o(.data)
    mpu6050_ok                               0x2000a7d8   Data           1  mpu6050.o(.data)
    test_ang                                 0x2000a884   Data           4  mpu6050.o(.data)
    test_ang_old                             0x2000a888   Data           4  mpu6050.o(.data)
    test_ang_d                               0x2000a88c   Data           4  mpu6050.o(.data)
    test_fli_a                               0x2000a890   Data           4  mpu6050.o(.data)
    test_i                                   0x2000a894   Data           4  mpu6050.o(.data)
    acc_max                                  0x2000a898   Data          12  mpu6050.o(.data)
    acc_min                                  0x2000a8a4   Data          12  mpu6050.o(.data)
    EN_TUO_ACC_FIX                           0x2000a8b0   Data           1  mpu6050.o(.data)
    ak8975                                   0x2000a8b8   Data          48  hml_sample.o(.data)
    ak8975_ok                                0x2000a938   Data           1  hml_sample.o(.data)
    Mag_CALIBRATED                           0x2000a939   Data           1  hml_sample.o(.data)
    Mag_CALIBRATED_R                         0x2000a93a   Data           1  hml_sample.o(.data)
    HMC5883_lastx                            0x2000a93c   Data           4  hml_sample.o(.data)
    HMC5883_lasty                            0x2000a940   Data           4  hml_sample.o(.data)
    HMC5883_lastz                            0x2000a944   Data           4  hml_sample.o(.data)
    HMC5883_maxx                             0x2000a948   Data           2  hml_sample.o(.data)
    HMC5883_maxy                             0x2000a94a   Data           2  hml_sample.o(.data)
    HMC5883_maxz                             0x2000a94c   Data           2  hml_sample.o(.data)
    HMC5883_minx                             0x2000a94e   Data           2  hml_sample.o(.data)
    HMC5883_miny                             0x2000a950   Data           2  hml_sample.o(.data)
    HMC5883_minz                             0x2000a952   Data           2  hml_sample.o(.data)
    paOffsetNum                              0x2000a9a0   Data           8  ms5611_2.o(.data)
    paInitCnt                                0x2000a9a8   Data           2  ms5611_2.o(.data)
    paOffsetInited                           0x2000a9aa   Data           1  ms5611_2.o(.data)
    Baro_ALT_Updated                         0x2000a9ab   Data           1  ms5611_2.o(.data)
    MS5611_Temperature                       0x2000a9ac   Data           4  ms5611_2.o(.data)
    MS5611_Pressure                          0x2000a9b0   Data           4  ms5611_2.o(.data)
    MS5611_Altitude                          0x2000a9b4   Data           4  ms5611_2.o(.data)
    MS5611_VerticalSpeed                     0x2000a9b8   Data           4  ms5611_2.o(.data)
    MS5611_Delay_us                          0x2000a9bc   Data          36  ms5611_2.o(.data)
    for_fly_ready                            0x2000a9ee   Data           1  ms5611_2.o(.data)
    baroAlt                                  0x2000a9f0   Data           4  ms5611_2.o(.data)
    baro_set                                 0x2000a9f4   Data           1  ms5611_2.o(.data)
    T_sonar                                  0x2000aa08   Data           4  ultrasonic.o(.data)
    ultra_start_f                            0x2000aa0c   Data           1  ultrasonic.o(.data)
    ultra_time                               0x2000aa0d   Data           1  ultrasonic.o(.data)
    ultra_ok                                 0x2000aa0e   Data           1  ultrasonic.o(.data)
    x_pred                                   0x2000aa10   Data           8  ultrasonic.o(.data)
    v_pred                                   0x2000aa18   Data           8  ultrasonic.o(.data)
    x_post                                   0x2000aa20   Data           8  ultrasonic.o(.data)
    v_post                                   0x2000aa28   Data           8  ultrasonic.o(.data)
    sonar_raw                                0x2000aa30   Data           4  ultrasonic.o(.data)
    scale_kal_sonar_v                        0x2000aa34   Data           4  ultrasonic.o(.data)
    x_pred_bmp                               0x2000aa38   Data           8  ultrasonic.o(.data)
    v_pred_bmp                               0x2000aa40   Data           8  ultrasonic.o(.data)
    x_post_bmp                               0x2000aa48   Data           8  ultrasonic.o(.data)
    v_post_bmp                               0x2000aa50   Data           8  ultrasonic.o(.data)
    state_dj                                 0x2000aa58   Data           5  ultrasonic.o(.data)
    state_dj_rx                              0x2000aa5d   Data           5  ultrasonic.o(.data)
    IO_STATE                                 0x2000aa62   Data           5  ultrasonic.o(.data)
    IO_STATER                                0x2000aa67   Data           5  ultrasonic.o(.data)
    TEMP_SONAR                               0x2000aa6c   Data           4  ultrasonic.o(.data)
    cnt_sample1                              0x2000aa70   Data           4  ultrasonic.o(.data)
    ultra_distance                           0x2000aa74   Data           4  ultrasonic.o(.data)
    ultra_distance_r                         0x2000aa78   Data           4  ultrasonic.o(.data)
    ultra_delta                              0x2000aa7c   Data           4  ultrasonic.o(.data)
    flt_laser                                0x2000aa98   Data           4  laser.o(.data)
    rate_use                                 0x2000aa9c   Data           8  laser.o(.data)
    ACC_HIGHPASS_TAU                         0x2000aaa4   Data           4  fliter.o(.data)
    ACC_LOWPASS_TAU                          0x2000aaa8   Data           4  fliter.o(.data)
    ACC_LOWPASS_SAMPLE_TIME                  0x2000aaac   Data           4  fliter.o(.data)
    ACC_LOWPASS_A                            0x2000aab0   Data           4  fliter.o(.data)
    ACC_LOWPASS_GX1                          0x2000aab4   Data           4  fliter.o(.data)
    ACC_LOWPASS_GX2                          0x2000aab8   Data           4  fliter.o(.data)
    ACC_LOWPASS_GX3                          0x2000aabc   Data           4  fliter.o(.data)
    HML_LOWPASS_TAU                          0x2000aac0   Data           4  fliter.o(.data)
    HML_LOWPASS_SAMPLE_TIME                  0x2000aac4   Data           4  fliter.o(.data)
    HML_LOWPASS_A                            0x2000aac8   Data           4  fliter.o(.data)
    HML_LOWPASS_GX1                          0x2000aacc   Data           4  fliter.o(.data)
    HML_LOWPASS_GX2                          0x2000aad0   Data           4  fliter.o(.data)
    HML_LOWPASS_GX3                          0x2000aad4   Data           4  fliter.o(.data)
    fast_atan_table                          0x2000aae8   Data        1028  my_math.o(.data)
    ero                                      0x2000aeec   Data           4  error.o(.data)
    sys                                      0x2000aef0   Data           8  error.o(.data)
    Kp                                       0x2000af08   Data           4  imu.o(.data)
    Ki                                       0x2000af0c   Data           4  imu.o(.data)
    Roll                                     0x2000af10   Data           4  imu.o(.data)
    Pitch                                    0x2000af14   Data           4  imu.o(.data)
    Yaw                                      0x2000af18   Data           4  imu.o(.data)
    Roll_mid_down                            0x2000af1c   Data           4  imu.o(.data)
    Pitch_mid_down                           0x2000af20   Data           4  imu.o(.data)
    Yaw_mid_down                             0x2000af24   Data           4  imu.o(.data)
    ref_q                                    0x2000af28   Data          16  imu.o(.data)
    norm_acc                                 0x2000af38   Data           4  imu.o(.data)
    norm_q                                   0x2000af3c   Data           4  imu.o(.data)
    norm_acc_lpf                             0x2000af40   Data           4  imu.o(.data)
    test_flag                                0x2000af44   Data          12  imu.o(.data)
    mag_norm                                 0x2000af50   Data           4  imu.o(.data)
    mag_norm_xyz                             0x2000af54   Data           4  imu.o(.data)
    gh_yaw                                   0x2000af58   Data           4  imu.o(.data)
    ga_yaw                                   0x2000af5c   Data           4  imu.o(.data)
    gw_yaw                                   0x2000af60   Data           4  imu.o(.data)
    yaw_kf                                   0x2000af64   Data           4  imu.o(.data)
    P_kf_yaw                                 0x2000af68   Data          32  imu.o(.data)
    k_kf_z                                   0x2000af88   Data           4  imu.o(.data)
    yaw_cross                                0x2000af8c   Data           1  imu.o(.data)
    yaw_qr_off                               0x2000af90   Data           4  imu.o(.data)
    dis_angle_lock                           0x2000af94   Data           1  imu.o(.data)
    yaw_cal_by_qr                            0x2000af95   Data           1  imu.o(.data)
    yaw_qr_off_local                         0x2000af98   Data           4  imu.o(.data)
    ref_q_imd_down                           0x2000afac   Data          16  imu_m.o(.data)
    beta                                     0x2000afbc   Data           4  imu_m.o(.data)
    q0_m                                     0x2000afc0   Data           4  imu_m.o(.data)
    q1_m                                     0x2000afc4   Data           4  imu_m.o(.data)
    q2_m                                     0x2000afc8   Data           4  imu_m.o(.data)
    q3_m                                     0x2000afcc   Data           4  imu_m.o(.data)
    q0                                       0x2000afd0   Data           4  imu_m.o(.data)
    q1                                       0x2000afd4   Data           4  imu_m.o(.data)
    q2                                       0x2000afd8   Data           4  imu_m.o(.data)
    q3                                       0x2000afdc   Data           4  imu_m.o(.data)
    q0_fc                                    0x2000afe0   Data           4  imu_m.o(.data)
    q1_fc                                    0x2000afe4   Data           4  imu_m.o(.data)
    q2_fc                                    0x2000afe8   Data           4  imu_m.o(.data)
    q3_fc                                    0x2000afec   Data           4  imu_m.o(.data)
    init_q                                   0x2000aff0   Data           1  imu_m.o(.data)
    twoKp                                    0x2000aff4   Data           4  imu_m.o(.data)
    twoKi                                    0x2000aff8   Data           4  imu_m.o(.data)
    twoKp_s                                  0x2000affc   Data           4  imu_m.o(.data)
    integralFBx                              0x2000b000   Data           4  imu_m.o(.data)
    integralFBy                              0x2000b004   Data           4  imu_m.o(.data)
    integralFBz                              0x2000b008   Data           4  imu_m.o(.data)
    ekf_hml_flag                             0x2000b010   Data          12  ukf_task.o(.data)
    q_flow                                   0x2000b01c   Data          12  ukf_task.o(.data)
    r_flow                                   0x2000b028   Data          12  ukf_task.o(.data)
    flow_gain                                0x2000b034   Data           4  ukf_task.o(.data)
    acc_flag_flow                            0x2000b038   Data           8  ukf_task.o(.data)
    X_ukf_Pos                                0x2000b040   Data           8  ukf_task.o(.data)
    r1                                       0x2000b048   Data           4  ukf_task.o(.data)
    r2                                       0x2000b04c   Data           4  ukf_task.o(.data)
    posNorth                                 0x2000b050   Data           4  ukf_task.o(.data)
    posEast                                  0x2000b054   Data           4  ukf_task.o(.data)
    local_Lat                                0x2000b058   Data           4  ukf_task.o(.data)
    local_Lon                                0x2000b05c   Data           4  ukf_task.o(.data)
    velEast                                  0x2000b060   Data           4  ukf_task.o(.data)
    velNorth                                 0x2000b064   Data           4  ukf_task.o(.data)
    GPS_J_F                                  0x2000b068   Data           4  ukf_task.o(.data)
    GPS_W_F                                  0x2000b06c   Data           4  ukf_task.o(.data)
    kf_data_sel                              0x2000b070   Data           1  ukf_task.o(.data)
    ga_nav                                   0x2000b074   Data           4  ukf_task.o(.data)
    gwa_nav                                  0x2000b078   Data           4  ukf_task.o(.data)
    g_pos_flow                               0x2000b07c   Data           4  ukf_task.o(.data)
    g_spd_flow                               0x2000b080   Data           4  ukf_task.o(.data)
    K_pos_qr                                 0x2000b084   Data           4  ukf_task.o(.data)
    K_spd_flow                               0x2000b088   Data           4  ukf_task.o(.data)
    K_acc_gps                                0x2000b08c   Data           4  ukf_task.o(.data)
    K_pos_gps                                0x2000b090   Data           4  ukf_task.o(.data)
    K_spd_gps                                0x2000b094   Data           4  ukf_task.o(.data)
    g_pos_gps                                0x2000b098   Data           4  ukf_task.o(.data)
    g_spd_gps                                0x2000b09c   Data           4  ukf_task.o(.data)
    velNorth_gps                             0x2000b0a0   Data           4  ukf_task.o(.data)
    velEast_gps                              0x2000b0a4   Data           4  ukf_task.o(.data)
    flag_kf1                                 0x2000b0a8   Data           8  ukf_task.o(.data)
    force_test                               0x2000b0b0   Data           1  ukf_task.o(.data)
    Posx                                     0x2000b0b4   Data           4  ukf_task.o(.data)
    Posy                                     0x2000b0b8   Data           4  ukf_task.o(.data)
    altUkfData                               0x2000b0f0   Data           8  alt_kf.o(.data)
    altUkfData_sonar                         0x2000b0f8   Data           8  alt_kf.o(.data)
    altUkfData_bmp                           0x2000b100   Data           8  alt_kf.o(.data)
    flowUkfData_x                            0x2000b108   Data           8  alt_kf.o(.data)
    flowUkfData_y                            0x2000b110   Data           8  alt_kf.o(.data)
    gpsUkfData_e                             0x2000b118   Data           8  alt_kf.o(.data)
    gpsUkfData_n                             0x2000b120   Data           8  alt_kf.o(.data)
    heapUsed                                 0x2000b128   Data           4  alt_kf.o(.data)
    heapHighWater                            0x2000b12c   Data           4  alt_kf.o(.data)
    dataSramUsed                             0x2000b130   Data           4  alt_kf.o(.data)
    FLOW_NOISE                               0x2000b134   Data           4  alt_kf.o(.data)
    flow_pos                                 0x2000b138   Data           8  alt_kf.o(.data)
    measure_num                              0x2000b140   Data           1  alt_kf.o(.data)
    k_acc                                    0x2000b148   Data           4  alt_kf.o(.data)
    sonar_av_cnt                             0x2000b14c   Data           2  alt_kf.o(.data)
    sonar_f_set                              0x2000b150   Data          24  alt_kf.o(.data)
    ALT_PRES_NOISE                           0x2000b168   Data           4  alt_kf.o(.data)
    ALT_PRES_NOISE_SONAR                     0x2000b16c   Data           4  alt_kf.o(.data)
    ALT_POS_SONAR2                           0x2000b170   Data           4  alt_kf.o(.data)
    ALT_POS_SONAR3                           0x2000b174   Data           4  alt_kf.o(.data)
    sonar_h_cnt                              0x2000b178   Data           4  alt_kf.o(.data)
    sonar_temp                               0x2000b17c   Data           4  alt_kf.o(.data)
    K_SONAR                                  0x2000b180   Data           4  alt_kf.o(.data)
    test_1                                   0x2000b184   Data           2  alt_kf.o(.data)
    en_1                                     0x2000b186   Data           1  alt_kf.o(.data)
    NOISE                                    0x2000b188   Data          12  alt_kf.o(.data)
    X_apo_height1                            0x2000b194   Data           8  alt_kf.o(.data)
    P_apo_k_height1                          0x2000b19c   Data          16  alt_kf.o(.data)
    r_baro1                                  0x2000b1ac   Data           4  alt_kf.o(.data)
    r_acc1                                   0x2000b1b0   Data           4  alt_kf.o(.data)
    k_spd                                    0x2000b1b4   Data           4  alt_kf.o(.data)
    gh                                       0x2000b1b8   Data           4  alt_kf.o(.data)
    gh_sonar                                 0x2000b1bc   Data           4  alt_kf.o(.data)
    ga                                       0x2000b1c0   Data           4  alt_kf.o(.data)
    gwa                                      0x2000b1c4   Data           4  alt_kf.o(.data)
    P_kf_baro                                0x2000b1c8   Data          72  alt_kf.o(.data)
    P_kf_sonar                               0x2000b210   Data          72  alt_kf.o(.data)
    X_apo_height                             0x2000b258   Data           8  alt_kf.o(.data)
    P_apo_k_height                           0x2000b260   Data          16  alt_kf.o(.data)
    k_bais                                   0x2000b270   Data           4  alt_kf.o(.data)
    k_bais2                                  0x2000b274   Data           4  alt_kf.o(.data)
    r_baro                                   0x2000b278   Data           4  alt_kf.o(.data)
    r_acc                                    0x2000b27c   Data           4  alt_kf.o(.data)
    gro_z_dead                               0x2000b280   Data           4  alt_kf.o(.data)
    dead_accz                                0x2000b284   Data           4  alt_kf.o(.data)
    acc_off_baro                             0x2000b288   Data           4  alt_kf.o(.data)
    k_hcc                                    0x2000b28c   Data           4  alt_kf.o(.data)
    k_hcc_fix                                0x2000b290   Data           4  alt_kf.o(.data)
    hc_acc_i_bmp                             0x2000b294   Data           4  alt_kf.o(.data)
    accz                                     0x2000b298   Data           4  alt_kf.o(.data)
    accz_bmp                                 0x2000b29c   Data           4  alt_kf.o(.data)
    acc_scale_bmp                            0x2000b2a0   Data           4  alt_kf.o(.data)
    acc_mask                                 0x2000b2a4   Data           1  alt_kf.o(.data)
    acc_mask_cnt_max                         0x2000b2a6   Data           2  alt_kf.o(.data)
    baro_ukf_dt                              0x2000b2a8   Data           4  alt_kf.o(.data)
    baro_ekf_dt                              0x2000b2ac   Data           4  alt_kf.o(.data)
    k_flt_accz                               0x2000b2b0   Data           4  alt_kf.o(.data)
    acc_est                                  0x2000b2b4   Data           4  alt_kf.o(.data)
    acc_est_imu                              0x2000b2b8   Data           4  alt_kf.o(.data)
    baro_ekf_ero                             0x2000b2bc   Data           1  alt_kf.o(.data)
    ALT_VEL_BMP_UNION                        0x2000b2c0   Data           4  alt_kf.o(.data)
    ALT_POS_BMP_UNION                        0x2000b2c4   Data           4  alt_kf.o(.data)
    baroAlt_sel                              0x2000b2c8   Data           1  alt_kf.o(.data)
    acc_flag                                 0x2000b2cc   Data           8  alt_kf.o(.data)
    k_acc_ukf                                0x2000b2d4   Data           4  alt_kf.o(.data)
    MAX_ACC_NEO                              0x2000b2d8   Data           4  alt_kf.o(.data)
    flow_dt                                  0x2000b2dc   Data           4  alt_kf.o(.data)
    GPS_NOISE                                0x2000b2e0   Data           4  alt_kf.o(.data)
    k_acc_fpl_gps                            0x2000b2e4   Data           4  alt_kf.o(.data)
    q_pos                                    0x2000b2e8   Data           4  alt_kf.o(.data)
    v_q                                      0x2000b2ec   Data           4  alt_kf.o(.data)
    v_bais                                   0x2000b2f0   Data           4  alt_kf.o(.data)
    s_bais                                   0x2000b2f4   Data           4  alt_kf.o(.data)
    ALT_STATE_POS1                           0x2000b2f8   Data           4  alt_kf.o(.data)
    ALT_STATE_VEL1                           0x2000b2fc   Data           4  alt_kf.o(.data)
    ALT_STATE_BIAS1                          0x2000b300   Data           4  alt_kf.o(.data)
    ALT_NOISE_BIAS1                          0x2000b304   Data           4  alt_kf.o(.data)
    ALT_NOISE_VEL1                           0x2000b308   Data           4  alt_kf.o(.data)
    ALT_STATE_POS_GPS                        0x2000b30c   Data           4  alt_kf.o(.data)
    ALT_STATE_VEL_GPS                        0x2000b310   Data           4  alt_kf.o(.data)
    ALT_STATE_BIAS_GPS                       0x2000b314   Data           4  alt_kf.o(.data)
    ALT_NOISE_BIAS_GPS                       0x2000b318   Data           4  alt_kf.o(.data)
    ALT_NOISE_VEL_GPS                        0x2000b31c   Data           4  alt_kf.o(.data)
    k_flow_devide                            0x2000b360   Data           4  flow.o(.data)
    flow_module_offset_y                     0x2000b364   Data           4  flow.o(.data)
    flow_module_offset_x                     0x2000b368   Data           4  flow.o(.data)
    INNER_TASK_STK                           0x2000b3c0   Data        1024  ucos_task.o(.bss)
    OUTER_TASK_STK                           0x2000b7c0   Data        1536  ucos_task.o(.bss)
    EKF_TASK_STK                             0x2000bdc0   Data       32768  ucos_task.o(.bss)
    fRealGyro                                0x20013dc0   Data          12  ucos_task.o(.bss)
    fRealAccel                               0x20013dcc   Data          12  ucos_task.o(.bss)
    fRealMag                                 0x20013dd8   Data          12  ucos_task.o(.bss)
    fRealQ                                   0x20013de4   Data          16  ucos_task.o(.bss)
    lQuat                                    0x20013df4   Data          16  ucos_task.o(.bss)
    fRPY                                     0x20013e04   Data          12  ucos_task.o(.bss)
    fQ                                       0x20013e10   Data          16  ucos_task.o(.bss)
    reference_v_ekf                          0x20013e20   Data          12  ucos_task.o(.bss)
    BARO_TASK_STK                            0x20013e2c   Data        3072  ucos_task.o(.bss)
    SONAR_TASK_STK                           0x20014a2c   Data         512  ucos_task.o(.bss)
    FLOW_TASK_STK                            0x20014c2c   Data        2048  ucos_task.o(.bss)
    xBuf1                                    0x20015520   Data          12  ucos_task.o(.bss)
    yBuf1                                    0x2001552c   Data          12  ucos_task.o(.bss)
    xBuf2                                    0x20015538   Data          12  ucos_task.o(.bss)
    yBuf2                                    0x20015544   Data          12  ucos_task.o(.bss)
    xBuf3                                    0x20015550   Data          12  ucos_task.o(.bss)
    yBuf3                                    0x2001555c   Data          12  ucos_task.o(.bss)
    acc_neo                                  0x20015568   Data          12  ucos_task.o(.bss)
    flow_ground_temp                         0x20015574   Data          16  ucos_task.o(.bss)
    flow_matlab_data                         0x20015584   Data          16  ucos_task.o(.bss)
    UART_TASK_STK                            0x20015594   Data         512  ucos_task.o(.bss)
    ERROR_TASK_STK                           0x20015794   Data         256  ucos_task.o(.bss)
    START_TASK_STK                           0x200158dc   Data         256  main.o(.bss)
    MsgGrp                                   0x200159dc   Data        1024  main.o(.bss)
    mcuID                                    0x20015ddc   Data          12  main.o(.bss)
    OSEventTbl                               0x20015de8   Data         200  os_core.o(.bss)
    OSFlagTbl                                0x20015eb0   Data          80  os_core.o(.bss)
    OSTaskStatStk                            0x20015f00   Data         512  os_core.o(.bss)
    OSTaskIdleStk                            0x20016100   Data         512  os_core.o(.bss)
    OSTCBPrioTbl                             0x20016300   Data         256  os_core.o(.bss)
    OSTCBTbl                                 0x20016400   Data        1848  os_core.o(.bss)
    OSQTbl                                   0x20016b38   Data         120  os_core.o(.bss)
    OSTmrTbl                                 0x20016bb0   Data         640  os_core.o(.bss)
    OSTmrTaskStk                             0x20016e30   Data         512  os_core.o(.bss)
    OSTmrWheelTbl                            0x20017030   Data          64  os_core.o(.bss)
    FLASH_READ_BUF                           0x20017070   Data          50  flash.o(.bss)
    FLASH_Buffer                             0x200170a2   Data          50  flash.o(.bss)
    W25QXX_BUFFER                            0x200170d4   Data        4096  flash_w25.o(.bss)
    Cycle_T                                  0x200180d4   Data         240  time.o(.bss)
    qr                                       0x200181c8   Data          48  usart_fc.o(.bss)
    color                                    0x200181f8   Data          20  usart_fc.o(.bss)
    HPID                                     0x2001820c   Data          18  usart_fc.o(.bss)
    SPID                                     0x2001821e   Data          18  usart_fc.o(.bss)
    FIX_PID                                  0x20018230   Data          18  usart_fc.o(.bss)
    NAV_PID                                  0x20018242   Data          18  usart_fc.o(.bss)
    pid                                      0x20018254   Data         224  usart_fc.o(.bss)
    Rc_Get                                   0x20018334   Data          20  usart_fc.o(.bss)
    plane                                    0x20018348   Data         116  usart_fc.o(.bss)
    slam                                     0x200183bc   Data          20  usart_fc.o(.bss)
    imu_nav                                  0x200183d0   Data         104  usart_fc.o(.bss)
    mode                                     0x20018438   Data          53  usart_fc.o(.bss)
    flow_debug                               0x20018470   Data          40  usart_fc.o(.bss)
    par                                      0x20018498   Data          48  usart_fc.o(.bss)
    TxBuffer                                 0x200184c8   Data         256  usart_fc.o(.bss)
    Rx_Buf                                   0x200185c8   Data         256  usart_fc.o(.bss)
    RxBuffer                                 0x200186c8   Data          50  usart_fc.o(.bss)
    Tx5Buffer                                0x200186fa   Data         256  usart_fc.o(.bss)
    TxBuffer_u1                              0x200187fa   Data         256  usart_fc.o(.bss)
    Rx_Buf_u1                                0x200188fa   Data         256  usart_fc.o(.bss)
    RxBuffer_u1                              0x200189fa   Data          50  usart_fc.o(.bss)
    USART3_TX_BUF                            0x20018a30   Data         800  usart_fc.o(.bss)
    USART3_RX_BUF                            0x20018d50   Data         800  usart_fc.o(.bss)
    USART1_TX_BUF                            0x20019070   Data         800  usart_fc.o(.bss)
    gpsx                                     0x20019390   Data         125  usart_fc.o(.bss)
    buf_imu_dj                               0x2001940d   Data          20  usart_fc.o(.bss)
    angle_imu_dj                             0x20019424   Data          12  usart_fc.o(.bss)
    buf_GNVTG                                0x20019430   Data          65  usart_fc.o(.bss)
    laser_buf                                0x20019472   Data         720  usart_fc.o(.bss)
    debug_pi_flow                            0x20019744   Data          80  usart_fc.o(.bss)
    pi_flow                                  0x20019794   Data         320  usart_fc.o(.bss)
    RxBuffer4_test                           0x200198d4   Data          25  usart_fc.o(.bss)
    RxBuffer4                                0x200198ed   Data          50  usart_fc.o(.bss)
    Rx_Buf3                                  0x2001991f   Data         256  usart_fc.o(.bss)
    RxBuffer3                                0x20019a1f   Data          50  usart_fc.o(.bss)
    SendBuff1                                0x20019a51   Data          64  usart_fc.o(.bss)
    SendBuff2                                0x20019a91   Data         384  usart_fc.o(.bss)
    SendBuff3                                0x20019c11   Data          32  usart_fc.o(.bss)
    SendBuff4                                0x20019c31   Data          64  usart_fc.o(.bss)
    flow                                     0x20019c78   Data         112  usart_fc.o(.bss)
    flow_rad                                 0x20019ce8   Data          48  usart_fc.o(.bss)
    lis3mdl                                  0x20019d50   Data         284  lis3mdl.o(.bss)
    mpu6050                                  0x2001a158   Data         188  mpu6050.o(.bss)
    mpu6050_r                                0x2001a214   Data         188  mpu6050.o(.bss)
    imu_fushion                              0x2001a2d0   Data         188  mpu6050.o(.bss)
    mpu6050_buffer                           0x2001a38c   Data          14  mpu6050.o(.bss)
    mpu6050_tmp                              0x2001a634   Data          28  mpu6050.o(.bss)
    mpu6050_tmp_acc_circle                   0x2001a650   Data          28  mpu6050.o(.bss)
    mpu_fil_tmp                              0x2001a66c   Data          28  mpu6050.o(.bss)
    mpu_fil_tmp_acc_circle                   0x2001a688   Data          28  mpu6050.o(.bss)
    acc_off                                  0x2001a6a4   Data          12  mpu6050.o(.bss)
    acc_scale                                0x2001a6b0   Data          12  mpu6050.o(.bss)
    HMC5883_FIFO                             0x2001a7b0   Data          66  hml_sample.o(.bss)
    now_dj                                   0x2001a80c   Data          16  ultrasonic.o(.bss)
    lastUpdate_dj                            0x2001a81c   Data          16  ultrasonic.o(.bss)
    Laser_avoid                              0x2001a82c   Data         120  laser.o(.bss)
    med_filter_tmp                           0x2001a8a4   Data        6000  fliter.o(.bss)
    med_filter_out                           0x2001c014   Data         120  fliter.o(.bss)
    med_fil_cnt                              0x2001c08c   Data          30  fliter.o(.bss)
    firstOrderFilters                        0x2001c0ac   Data         400  fliter.o(.bss)
    q_nav                                    0x2001c240   Data          16  imu.o(.bss)
    reference_v                              0x2001c250   Data          12  imu.o(.bss)
    ref                                      0x2001c25c   Data          60  imu.o(.bss)
    reference_vr                             0x2001c298   Data          12  imu.o(.bss)
    mag_sim_3d                               0x2001c2a4   Data          12  imu.o(.bss)
    acc_3d_hg                                0x2001c2b0   Data          12  imu.o(.bss)
    acc_ng                                   0x2001c2bc   Data          12  imu.o(.bss)
    acc_ng_offset                            0x2001c2c8   Data          12  imu.o(.bss)
    yaw_mag_view                             0x2001c2d4   Data          20  imu.o(.bss)
    X_kf_yaw                                 0x2001c2e8   Data          16  imu.o(.bss)
    reference_vr_imd_down                    0x2001c304   Data          12  imu_m.o(.bss)
    reference_vr_imd_down_fc                 0x2001c310   Data          12  imu_m.o(.bss)
    gps_data                                 0x2001c320   Data          32  ukf_task.o(.bss)
    mag_data                                 0x2001c340   Data          60  ukf_task.o(.bss)
    accel_data                               0x2001c37c   Data          80  ukf_task.o(.bss)
    gyro_data                                0x2001c3cc   Data          72  ukf_task.o(.bss)
    attitude_data                            0x2001c414   Data          16  ukf_task.o(.bss)
    angle_ins                                0x2001c424   Data          12  ukf_task.o(.bss)
    X_ukf                                    0x2001c430   Data          48  ukf_task.o(.bss)
    X_ukf_baro                               0x2001c460   Data          48  ukf_task.o(.bss)
    X_KF_NAV                                 0x2001c490   Data          48  ukf_task.o(.bss)
    P_KF_NAV                                 0x2001c4c0   Data         144  ukf_task.o(.bss)
    Distance                                 0x2001c550   Data         100  alt_kf.o(.bss)
    ultra                                    0x2001c5c0   Data          20  alt_kf.o(.bss)
    sonar_av_arr                             0x2001c5d4   Data          20  alt_kf.o(.bss)
    sonar                                    0x2001c5e8   Data          24  alt_kf.o(.bss)
    sonar_fusion                             0x2001c600   Data          68  alt_kf.o(.bss)
    sonar_h_arr                              0x2001c644   Data          44  alt_kf.o(.bss)
    X_kf_baro                                0x2001c670   Data          24  alt_kf.o(.bss)
    X_kf_sonar                               0x2001c688   Data          24  alt_kf.o(.bss)
    acc_z_view                               0x2001c6a0   Data          12  alt_kf.o(.bss)
    Global_GPS_Sensor                        0x2001c6b0   Data          64  alt_kf.o(.bss)
    v_test                                   0x2001c6f0   Data          16  alt_kf.o(.bss)
    Last_GPS                                 0x2001c700   Data          16  alt_kf.o(.bss)
    TAR_GPS                                  0x2001c710   Data          16  alt_kf.o(.bss)
    flow_per_out                             0x2001c778   Data          16  flow.o(.bss)
    hml_lsq                                  0x2001c7ac   Data         168  cycle_cal_oldx.o(.bss)
    __libspace_start                         0x2001c854   Data          96  libspace.o(.bss)
    __temporary_stack_top$libspace           0x2001c8b4   Data           0  libspace.o(.bss)



==============================================================================

Memory Map of the image

  Image Entry point : 0x08000189

  Load Region LR_IROM1 (Base: 0x08000000, Size: 0x00031118, Max: 0x00100000, ABSOLUTE, COMPRESSED[0x00026624])

    Execution Region ER_IROM1 (Base: 0x08000000, Size: 0x00025d58, Max: 0x00100000, ABSOLUTE)

    Base Addr    Size         Type   Attr      Idx    E Section Name        Object

    0x08000000   0x00000188   Data   RO          565    RESET               startup_stm32f40_41xxx.o
    0x08000188   0x00000008   Code   RO         2350  * !!!main             c_w.l(__main.o)
    0x08000190   0x00000034   Code   RO         2830    !!!scatter          c_w.l(__scatter.o)
    0x080001c4   0x0000005a   Code   RO         2828    !!dczerorl2         c_w.l(__dczerorl2.o)
    0x0800021e   0x00000002   PAD
    0x08000220   0x0000001c   Code   RO         2832    !!handler_zi        c_w.l(__scatter_zi.o)
    0x0800023c   0x00000002   Code   RO         2759    .ARM.Collect$$libinit$$00000000  c_w.l(libinit.o)
    0x0800023e   0x00000004   Code   RO         2574    .ARM.Collect$$libinit$$00000001  c_w.l(libinit2.o)
    0x08000242   0x00000000   Code   RO         2577    .ARM.Collect$$libinit$$00000004  c_w.l(libinit2.o)
    0x08000242   0x00000000   Code   RO         2580    .ARM.Collect$$libinit$$0000000A  c_w.l(libinit2.o)
    0x08000242   0x00000000   Code   RO         2582    .ARM.Collect$$libinit$$0000000C  c_w.l(libinit2.o)
    0x08000242   0x00000000   Code   RO         2584    .ARM.Collect$$libinit$$0000000E  c_w.l(libinit2.o)
    0x08000242   0x00000000   Code   RO         2587    .ARM.Collect$$libinit$$00000011  c_w.l(libinit2.o)
    0x08000242   0x00000000   Code   RO         2589    .ARM.Collect$$libinit$$00000013  c_w.l(libinit2.o)
    0x08000242   0x00000000   Code   RO         2591    .ARM.Collect$$libinit$$00000015  c_w.l(libinit2.o)
    0x08000242   0x00000000   Code   RO         2593    .ARM.Collect$$libinit$$00000017  c_w.l(libinit2.o)
    0x08000242   0x00000000   Code   RO         2595    .ARM.Collect$$libinit$$00000019  c_w.l(libinit2.o)
    0x08000242   0x00000000   Code   RO         2597    .ARM.Collect$$libinit$$0000001B  c_w.l(libinit2.o)
    0x08000242   0x00000000   Code   RO         2599    .ARM.Collect$$libinit$$0000001D  c_w.l(libinit2.o)
    0x08000242   0x00000000   Code   RO         2601    .ARM.Collect$$libinit$$0000001F  c_w.l(libinit2.o)
    0x08000242   0x00000000   Code   RO         2603    .ARM.Collect$$libinit$$00000021  c_w.l(libinit2.o)
    0x08000242   0x00000000   Code   RO         2605    .ARM.Collect$$libinit$$00000023  c_w.l(libinit2.o)
    0x08000242   0x00000000   Code   RO         2607    .ARM.Collect$$libinit$$00000025  c_w.l(libinit2.o)
    0x08000242   0x00000000   Code   RO         2611    .ARM.Collect$$libinit$$0000002C  c_w.l(libinit2.o)
    0x08000242   0x00000000   Code   RO         2613    .ARM.Collect$$libinit$$0000002E  c_w.l(libinit2.o)
    0x08000242   0x00000000   Code   RO         2615    .ARM.Collect$$libinit$$00000030  c_w.l(libinit2.o)
    0x08000242   0x00000000   Code   RO         2617    .ARM.Collect$$libinit$$00000032  c_w.l(libinit2.o)
    0x08000242   0x00000002   Code   RO         2618    .ARM.Collect$$libinit$$00000033  c_w.l(libinit2.o)
    0x08000244   0x00000002   Code   RO         2825    .ARM.Collect$$libshutdown$$00000000  c_w.l(libshutdown.o)
    0x08000246   0x00000000   Code   RO         2779    .ARM.Collect$$libshutdown$$00000002  c_w.l(libshutdown2.o)
    0x08000246   0x00000000   Code   RO         2781    .ARM.Collect$$libshutdown$$00000004  c_w.l(libshutdown2.o)
    0x08000246   0x00000000   Code   RO         2784    .ARM.Collect$$libshutdown$$00000007  c_w.l(libshutdown2.o)
    0x08000246   0x00000000   Code   RO         2787    .ARM.Collect$$libshutdown$$0000000A  c_w.l(libshutdown2.o)
    0x08000246   0x00000000   Code   RO         2789    .ARM.Collect$$libshutdown$$0000000C  c_w.l(libshutdown2.o)
    0x08000246   0x00000000   Code   RO         2792    .ARM.Collect$$libshutdown$$0000000F  c_w.l(libshutdown2.o)
    0x08000246   0x00000002   Code   RO         2793    .ARM.Collect$$libshutdown$$00000010  c_w.l(libshutdown2.o)
    0x08000248   0x00000000   Code   RO         2542    .ARM.Collect$$rtentry$$00000000  c_w.l(__rtentry.o)
    0x08000248   0x00000000   Code   RO         2689    .ARM.Collect$$rtentry$$00000002  c_w.l(__rtentry2.o)
    0x08000248   0x00000006   Code   RO         2701    .ARM.Collect$$rtentry$$00000004  c_w.l(__rtentry4.o)
    0x0800024e   0x00000000   Code   RO         2691    .ARM.Collect$$rtentry$$00000009  c_w.l(__rtentry2.o)
    0x0800024e   0x00000004   Code   RO         2692    .ARM.Collect$$rtentry$$0000000A  c_w.l(__rtentry2.o)
    0x08000252   0x00000000   Code   RO         2694    .ARM.Collect$$rtentry$$0000000C  c_w.l(__rtentry2.o)
    0x08000252   0x00000008   Code   RO         2695    .ARM.Collect$$rtentry$$0000000D  c_w.l(__rtentry2.o)
    0x0800025a   0x00000002   Code   RO         2764    .ARM.Collect$$rtexit$$00000000  c_w.l(rtexit.o)
    0x0800025c   0x00000000   Code   RO         2799    .ARM.Collect$$rtexit$$00000002  c_w.l(rtexit2.o)
    0x0800025c   0x00000004   Code   RO         2800    .ARM.Collect$$rtexit$$00000003  c_w.l(rtexit2.o)
    0x08000260   0x00000006   Code   RO         2801    .ARM.Collect$$rtexit$$00000004  c_w.l(rtexit2.o)
    0x08000266   0x00000002   PAD
    0x08000268   0x00001cd8   Code   RO            3    .text               ucos_task.o
    0x08001f40   0x000002e8   Code   RO          368    .text               main.o
    0x08002228   0x00000100   Code   RO          430    .text               rt_nonfinite.o
    0x08002328   0x000000c8   Code   RO          460    .text               rtgetnan.o
    0x080023f0   0x00000134   Code   RO          476    .text               rtgetinf.o
    0x08002524   0x00000016   Code   RO          490    .text               stm32f4xx_it.o
    0x0800253a   0x00000002   PAD
    0x0800253c   0x00000210   Code   RO          539    .text               system_stm32f4xx.o
    0x0800274c   0x00000040   Code   RO          566    .text               startup_stm32f40_41xxx.o
    0x0800278c   0x00000108   Code   RO          572    .text               delay.o
    0x08002894   0x000000e0   Code   RO          612    .text               misc.o
    0x08002974   0x00000294   Code   RO          632    .text               stm32f4xx_gpio.o
    0x08002c08   0x0000065c   Code   RO          675    .text               stm32f4xx_rcc.o
    0x08003264   0x00000094   Code   RO          697    .text               stm32f4xx_syscfg.o
    0x080032f8   0x00000454   Code   RO          717    .text               stm32f4xx_usart.o
    0x0800374c   0x00000ca2   Code   RO          737    .text               stm32f4xx_tim.o
    0x080043ee   0x00000002   PAD
    0x080043f0   0x00000694   Code   RO          757    .text               stm32f4xx_flash.o
    0x08004a84   0x00000110   Code   RO          777    .text               stm32f4xx_exti.o
    0x08004b94   0x00000480   Code   RO          817    .text               stm32f4xx_spi.o
    0x08005014   0x000003a8   Code   RO          837    .text               stm32f4xx_dma.o
    0x080053bc   0x00000040   Code   RO          877    .text               stm32f4xx_iwdg.o
    0x080053fc   0x00000894   Code   RO          917    .text               os_core.o
    0x08005c90   0x0000080c   Code   RO          945    .text               os_flag.o
    0x0800649c   0x000003cc   Code   RO          965    .text               os_mbox.o
    0x08006868   0x000005e8   Code   RO         1019    .text               os_q.o
    0x08006e50   0x0000038c   Code   RO         1039    .text               os_sem.o
    0x080071dc   0x000007c4   Code   RO         1059    .text               os_task.o
    0x080079a0   0x000001b0   Code   RO         1079    .text               os_time.o
    0x08007b50   0x00000634   Code   RO         1099    .text               os_tmr.o
    0x08008184   0x000000c8   Code   RO         1117    .text               os_cpu_a.o
    0x0800824c   0x000001e8   Code   RO         1122    .text               os_cpu_c.o
    0x08008434   0x00000424   Code   RO         1152    .text               iic_fc.o
    0x08008858   0x00000458   Code   RO         1172    .text               iic1.o
    0x08008cb0   0x000003e0   Code   RO         1218    .text               iic_sonar.o
    0x08009090   0x000003a8   Code   RO         1244    .text               iic_soft.o
    0x08009438   0x00000618   Code   RO         1270    .text               led_fc.o
    0x08009a50   0x000009c8   Code   RO         1299    .text               flash.o
    0x0800a418   0x00000478   Code   RO         1323    .text               flash_w25.o
    0x0800a890   0x00000268   Code   RO         1354    .text               time.o
    0x0800aaf8   0x0000002c   Code   RO         1385    .text               watch_dog.o
    0x0800ab24   0x000008c8   Code   RO         1405    .text               gps.o
    0x0800b3ec   0x000007a8   Code   RO         1429    .text               ublox.o
    0x0800bb94   0x000000e8   Code   RO         1455    .text               dma.o
    0x0800bc7c   0x000059cc   Code   RO         1475    .text               usart_fc.o
    0x08011648   0x0000173c   Code   RO         1514    .text               lis3mdl.o
    0x08012d84   0x00000be0   Code   RO         1545    .text               mpu6050.o
    0x08013964   0x000008e8   Code   RO         1573    .text               hml_sample.o
    0x0801424c   0x00000744   Code   RO         1607    .text               ms5611_2.o
    0x08014990   0x00000b98   Code   RO         1634    .text               ultrasonic.o
    0x08015528   0x000001a0   Code   RO         1661    .text               laser.o
    0x080156c8   0x00000980   Code   RO         1689    .text               fliter.o
    0x08016048   0x00001758   Code   RO         1714    .text               kf_oldx.o
    0x080177a0   0x00001404   Code   RO         1743    .text               kf_oldx_nav.o
    0x08018ba4   0x00000784   Code   RO         1892    .text               my_math.o
    0x08019328   0x000015d8   Code   RO         1942    .text               imu.o
    0x0801a900   0x00002994   Code   RO         2005    .text               ukf_task.o
    0x0801d294   0x00002d98   Code   RO         2051    .text               alt_kf.o
    0x0802002c   0x00000b54   Code   RO         2127    .text               flow_oldx.lib(flow.o)
    0x08020b80   0x00000a18   Code   RO         2218    .text               cycle_cal_oldx.lib(cycle_cal_oldx.o)
    0x08021598   0x00000f40   Code   RO         2240    .text               kf_oldx_yaw.lib(kf_oldx_yaw.o)
    0x080224d8   0x0000004e   Code   RO         2284    .text               c_w.l(h1_free.o)
    0x08022526   0x00000048   Code   RO         2340    .text               c_w.l(llsdiv.o)
    0x0802256e   0x00000024   Code   RO         2342    .text               c_w.l(strstr.o)
    0x08022592   0x00000064   Code   RO         2344    .text               c_w.l(rt_memcpy_w.o)
    0x080225f6   0x0000004e   Code   RO         2346    .text               c_w.l(rt_memclr_w.o)
    0x08022644   0x00000006   Code   RO         2348    .text               c_w.l(heapauxi.o)
    0x0802264a   0x00000002   PAD
    0x0802264c   0x00000008   Code   RO         2546    .text               c_w.l(rt_heap_descriptor_intlibspace.o)
    0x08022654   0x000000ee   Code   RO         2568    .text               c_w.l(lludivv7m.o)
    0x08022742   0x00000016   Code   RO         2570    .text               c_w.l(_rserrno.o)
    0x08022758   0x00000008   Code   RO         2685    .text               c_w.l(libspace.o)
    0x08022760   0x00000008   Code   RO         2710    .text               c_w.l(rt_errno_addr_intlibspace.o)
    0x08022768   0x00000002   Code   RO         2733    .text               c_w.l(use_no_semi.o)
    0x0802276a   0x00000000   Code   RO         2735    .text               c_w.l(indicate_semi.o)
    0x0802276a   0x0000004a   Code   RO         2736    .text               c_w.l(sys_stackheap_outer.o)
    0x080227b4   0x00000012   Code   RO         2744    .text               c_w.l(exit.o)
    0x080227c6   0x00000002   PAD
    0x080227c8   0x0000000c   Code   RO         2762    .text               c_w.l(sys_exit.o)
    0x080227d4   0x00000030   Code   RO         2651    i.__ARM_fpclassify  m_wm.l(fpclassify.o)
    0x08022804   0x00000026   Code   RO         2653    i.__ARM_fpclassifyf  m_wm.l(fpclassifyf.o)
    0x0802282a   0x00000006   PAD
    0x08022830   0x00000358   Code   RO         2388    i.__hardfp_acos     m_wm.l(acos.o)
    0x08022b88   0x00000360   Code   RO         2402    i.__hardfp_asin     m_wm.l(asin.o)
    0x08022ee8   0x00000250   Code   RO         2454    i.__hardfp_atan2f   m_wm.l(atan2f.o)
    0x08023138   0x000000c8   Code   RO         2466    i.__hardfp_cos      m_wm.l(cos.o)
    0x08023200   0x00000014   Code   RO         2478    i.__hardfp_fabs     m_wm.l(fabs.o)
    0x08023214   0x00000004   PAD
    0x08023218   0x00000118   Code   RO         2484    i.__hardfp_floor    m_wm.l(floor.o)
    0x08023330   0x00000c50   Code   RO         2490    i.__hardfp_pow      m_wm.l(pow.o)
    0x08023f80   0x000000c8   Code   RO         2504    i.__hardfp_sin      m_wm.l(sin.o)
    0x08024048   0x0000007a   Code   RO         2516    i.__hardfp_sqrt     m_wm.l(sqrt.o)
    0x080240c2   0x00000006   PAD
    0x080240c8   0x00000438   Code   RO         2672    i.__ieee754_rem_pio2  m_wm.l(rred.o)
    0x08024500   0x00000170   Code   RO         2634    i.__kernel_cos      m_wm.l(cos_i.o)
    0x08024670   0x000000f8   Code   RO         2669    i.__kernel_poly     m_wm.l(poly.o)
    0x08024768   0x00000130   Code   RO         2677    i.__kernel_sin      m_wm.l(sin_i.o)
    0x08024898   0x00000030   Code   RO         2637    i.__mathlib_dbl_divzero  m_wm.l(dunder.o)
    0x080248c8   0x00000014   Code   RO         2638    i.__mathlib_dbl_infnan  m_wm.l(dunder.o)
    0x080248dc   0x00000014   Code   RO         2639    i.__mathlib_dbl_infnan2  m_wm.l(dunder.o)
    0x080248f0   0x00000020   Code   RO         2640    i.__mathlib_dbl_invalid  m_wm.l(dunder.o)
    0x08024910   0x00000020   Code   RO         2641    i.__mathlib_dbl_overflow  m_wm.l(dunder.o)
    0x08024930   0x00000020   Code   RO         2643    i.__mathlib_dbl_underflow  m_wm.l(dunder.o)
    0x08024950   0x00000006   Code   RO         2657    i.__mathlib_flt_infnan2  m_wm.l(funder.o)
    0x08024956   0x00000002   PAD
    0x08024958   0x00000010   Code   RO         2661    i.__mathlib_flt_underflow  m_wm.l(funder.o)
    0x08024968   0x00000018   Code   RO         2480    i.fabs              m_wm.l(fabs.o)
    0x08024980   0x0000006e   Code   RO         2518    i.sqrt              m_wm.l(sqrt.o)
    0x080249ee   0x00000018   Code   RO         2352    x$fpl$basic         fz_wm.l(basic.o)
    0x08024a06   0x00000002   PAD
    0x08024a08   0x00000062   Code   RO         2354    x$fpl$d2f           fz_wm.l(d2f.o)
    0x08024a6a   0x00000002   PAD
    0x08024a6c   0x00000150   Code   RO         2356    x$fpl$dadd          fz_wm.l(daddsub_clz.o)
    0x08024bbc   0x00000010   Code   RO         2729    x$fpl$dcheck1       fz_wm.l(dcheck1.o)
    0x08024bcc   0x00000018   Code   RO         2619    x$fpl$dcmpinf       fz_wm.l(dcmpi.o)
    0x08024be4   0x000002b0   Code   RO         2363    x$fpl$ddiv          fz_wm.l(ddiv.o)
    0x08024e94   0x00000078   Code   RO         2366    x$fpl$deqf          fz_wm.l(deqf.o)
    0x08024f0c   0x0000005e   Code   RO         2368    x$fpl$dfix          fz_wm.l(dfix.o)
    0x08024f6a   0x0000002e   Code   RO         2373    x$fpl$dflt          fz_wm.l(dflt_clz.o)
    0x08024f98   0x00000026   Code   RO         2372    x$fpl$dfltu         fz_wm.l(dflt_clz.o)
    0x08024fbe   0x00000002   PAD
    0x08024fc0   0x00000078   Code   RO         2378    x$fpl$dleqf         fz_wm.l(dleqf.o)
    0x08025038   0x00000154   Code   RO         2380    x$fpl$dmul          fz_wm.l(dmul.o)
    0x0802518c   0x0000009c   Code   RO         2621    x$fpl$dnaninf       fz_wm.l(dnaninf.o)
    0x08025228   0x0000000c   Code   RO         2623    x$fpl$dretinf       fz_wm.l(dretinf.o)
    0x08025234   0x0000006c   Code   RO         2382    x$fpl$drleqf        fz_wm.l(drleqf.o)
    0x080252a0   0x00000016   Code   RO         2357    x$fpl$drsb          fz_wm.l(daddsub_clz.o)
    0x080252b6   0x00000002   PAD
    0x080252b8   0x00000198   Code   RO         2625    x$fpl$dsqrt         fz_wm.l(dsqrt_umaal.o)
    0x08025450   0x000001d4   Code   RO         2358    x$fpl$dsub          fz_wm.l(daddsub_clz.o)
    0x08025624   0x00000056   Code   RO         2384    x$fpl$f2d           fz_wm.l(f2d.o)
    0x0802567a   0x00000060   Code   RO         2386    x$fpl$ffltll        fz_wm.l(ffltll_clz.o)
    0x080256da   0x0000008c   Code   RO         2627    x$fpl$fnaninf       fz_wm.l(fnaninf.o)
    0x08025766   0x0000000a   Code   RO         2731    x$fpl$fpinit        fz_wm.l(fpinit.o)
    0x08025770   0x0000000a   Code   RO         2629    x$fpl$fretinf       fz_wm.l(fretinf.o)
    0x0802577a   0x00000064   Code   RO         2760    x$fpl$retnan        fz_wm.l(retnan.o)
    0x080257de   0x0000005c   Code   RO         2631    x$fpl$scalbn        fz_wm.l(scalbn.o)
    0x0802583a   0x00000030   Code   RO         2794    x$fpl$trapveneer    fz_wm.l(trapv.o)
    0x0802586a   0x00000000   Code   RO         2633    x$fpl$usenofp       fz_wm.l(usenofp.o)
    0x0802586a   0x00000100   Data   RO          919    .constdata          os_core.o
    0x0802596a   0x00000006   PAD
    0x08025970   0x00000084   Data   RO         1715    .constdata          kf_oldx.o
    0x080259f4   0x00000004   PAD
    0x080259f8   0x0000003c   Data   RO         1744    .constdata          kf_oldx_nav.o
    0x08025a34   0x00000004   PAD
    0x08025a38   0x00000090   Data   RO         2007    .constdata          ukf_task.o
    0x08025ac8   0x00000020   Data   RO         2241    .constdata          kf_oldx_yaw.lib(kf_oldx_yaw.o)
    0x08025ae8   0x00000050   Data   RO         2391    .constdata          m_wm.l(acos.o)
    0x08025b38   0x00000050   Data   RO         2405    .constdata          m_wm.l(asin.o)
    0x08025b88   0x00000088   Data   RO         2493    .constdata          m_wm.l(pow.o)
    0x08025c10   0x00000030   Data   RO         2635    .constdata          m_wm.l(cos_i.o)
    0x08025c40   0x00000008   Data   RO         2671    .constdata          m_wm.l(qnan.o)
    0x08025c48   0x000000c8   Data   RO         2674    .constdata          m_wm.l(rred.o)
    0x08025d10   0x00000028   Data   RO         2678    .constdata          m_wm.l(sin_i.o)
    0x08025d38   0x00000020   Data   RO         2826    Region$$Table       anon$$obj.o


    Execution Region RW_IRAM1 (Base: 0x20000000, Size: 0x0001ceb8, Max: 0x00020000, ABSOLUTE, COMPRESSED[0x000008cc])

    Base Addr    Size         Type   Attr      Idx    E Section Name        Object

    0x20000000   0x000002bc   Data   RW         1430    .ccm                ublox.o
    0x200002bc   0x0000a000   Data   RW         2053    .ccm                alt_kf.o
    0x2000a2bc   0x00000004   PAD
    0x2000a2c0   0x0000012c   Data   RW            5    .data               ucos_task.o
    0x2000a3ec   0x0000000c   Data   RW          370    .data               main.o
    0x2000a3f8   0x00000024   Data   RW          431    .data               rt_nonfinite.o
    0x2000a41c   0x00000014   Data   RW          540    .data               system_stm32f4xx.o
    0x2000a430   0x00000004   Data   RW          573    .data               delay.o
    0x2000a434   0x00000010   Data   RW          676    .data               stm32f4xx_rcc.o
    0x2000a444   0x0000005c   Data   RW          920    .data               os_core.o
    0x2000a4a0   0x00000006   Data   RW         1123    .data               os_cpu_c.o
    0x2000a4a6   0x00000002   Data   RW         1219    .data               iic_sonar.o
    0x2000a4a8   0x00000001   Data   RW         1245    .data               iic_soft.o
    0x2000a4a9   0x00000001   PAD
    0x2000a4aa   0x00000008   Data   RW         1271    .data               led_fc.o
    0x2000a4b2   0x00000002   PAD
    0x2000a4b4   0x00000004   Data   RW         1301    .data               flash.o
    0x2000a4b8   0x00000002   Data   RW         1325    .data               flash_w25.o
    0x2000a4ba   0x00000002   PAD
    0x2000a4bc   0x00000014   Data   RW         1356    .data               time.o
    0x2000a4d0   0x00000008   Data   RW         1407    .data               gps.o
    0x2000a4d8   0x0000021a   Data   RW         1477    .data               usart_fc.o
    0x2000a6f2   0x00000006   PAD
    0x2000a6f8   0x000000d9   Data   RW         1516    .data               lis3mdl.o
    0x2000a7d1   0x00000007   PAD
    0x2000a7d8   0x000000de   Data   RW         1547    .data               mpu6050.o
    0x2000a8b6   0x00000002   PAD
    0x2000a8b8   0x000000cd   Data   RW         1575    .data               hml_sample.o
    0x2000a985   0x00000003   PAD
    0x2000a988   0x0000007d   Data   RW         1609    .data               ms5611_2.o
    0x2000aa05   0x00000003   PAD
    0x2000aa08   0x00000090   Data   RW         1636    .data               ultrasonic.o
    0x2000aa98   0x0000000c   Data   RW         1663    .data               laser.o
    0x2000aaa4   0x00000041   Data   RW         1691    .data               fliter.o
    0x2000aae5   0x00000003   PAD
    0x2000aae8   0x00000404   Data   RW         1893    .data               my_math.o
    0x2000aeec   0x00000018   Data   RW         1917    .data               error.o
    0x2000af04   0x00000004   PAD
    0x2000af08   0x000000a2   Data   RW         1944    .data               imu.o
    0x2000afaa   0x00000002   PAD
    0x2000afac   0x00000064   Data   RW         1980    .data               imu_m.o
    0x2000b010   0x000000d9   Data   RW         2008    .data               ukf_task.o
    0x2000b0e9   0x00000007   PAD
    0x2000b0f0   0x0000026a   Data   RW         2054    .data               alt_kf.o
    0x2000b35a   0x00000002   PAD
    0x2000b35c   0x00000061   Data   RW         2129    .data               flow_oldx.lib(flow.o)
    0x2000b3bd   0x00000003   PAD
    0x2000b3c0   0x0000a51c   Zero   RW            4    .bss                ucos_task.o
    0x200158dc   0x0000050c   Zero   RW          369    .bss                main.o
    0x20015de8   0x00001288   Zero   RW          918    .bss                os_core.o
    0x20017070   0x00000064   Zero   RW         1300    .bss                flash.o
    0x200170d4   0x00001000   Zero   RW         1324    .bss                flash_w25.o
    0x200180d4   0x000000f0   Zero   RW         1355    .bss                time.o
    0x200181c4   0x00000004   PAD
    0x200181c8   0x00001b81   Zero   RW         1476    .bss                usart_fc.o
    0x20019d49   0x00000007   PAD
    0x20019d50   0x00000404   Zero   RW         1515    .bss                lis3mdl.o
    0x2001a154   0x00000004   PAD
    0x2001a158   0x00000564   Zero   RW         1546    .bss                mpu6050.o
    0x2001a6bc   0x00000004   PAD
    0x2001a6c0   0x00000140   Zero   RW         1574    .bss                hml_sample.o
    0x2001a800   0x0000000c   Zero   RW         1608    .bss                ms5611_2.o
    0x2001a80c   0x00000020   Zero   RW         1635    .bss                ultrasonic.o
    0x2001a82c   0x00000078   Zero   RW         1662    .bss                laser.o
    0x2001a8a4   0x00001998   Zero   RW         1690    .bss                fliter.o
    0x2001c23c   0x00000004   PAD
    0x2001c240   0x000000c4   Zero   RW         1943    .bss                imu.o
    0x2001c304   0x00000018   Zero   RW         1979    .bss                imu_m.o
    0x2001c31c   0x00000004   PAD
    0x2001c320   0x00000230   Zero   RW         2006    .bss                ukf_task.o
    0x2001c550   0x000001d0   Zero   RW         2052    .bss                alt_kf.o
    0x2001c720   0x0000008c   Zero   RW         2128    .bss                flow_oldx.lib(flow.o)
    0x2001c7ac   0x000000a8   Zero   RW         2219    .bss                cycle_cal_oldx.lib(cycle_cal_oldx.o)
    0x2001c854   0x00000060   Zero   RW         2686    .bss                c_w.l(libspace.o)
    0x2001c8b4   0x00000004   PAD
    0x2001c8b8   0x00000200   Zero   RW          564    HEAP                startup_stm32f40_41xxx.o
    0x2001cab8   0x00000400   Zero   RW          563    STACK               startup_stm32f40_41xxx.o


==============================================================================

Image component sizes


      Code (inc. data)   RO Data    RW Data    ZI Data      Debug   Object Name

     11672        728          0      41578        464      38704   alt_kf.o
       264         18          0          4          0       1391   delay.o
       232          4          0          0          0       1436   dma.o
         0          0          0         24          0       2220   error.o
      2504        114          0          4        100       3347   flash.o
      1144         36          0          2       4096       5236   flash_w25.o
      2432        106          0         65       6552       7863   fliter.o
      2248         80          0          8          0       5661   gps.o
      2280        128          0        205        320       7416   hml_sample.o
      1112         20          0          0          0       5260   iic1.o
      1060         14          0          0          0       4771   iic_fc.o
       936         10          0          1          0       4538   iic_soft.o
       992         18          0          2          0       5031   iic_sonar.o
      5592        402          0        162        196       4530   imu.o
         0          0          0        100         24       9919   imu_m.o
      5976        170        132          0          0       3975   kf_oldx.o
      5124        146         60          0          0       3899   kf_oldx_nav.o
       416         20          0         12        120       1828   laser.o
      1560         88          0          8          0       2148   led_fc.o
      5948        342          0        217       1028      10046   lis3mdl.o
       744        144          0         12       1292       2654   main.o
       224         20          0          0          0       1793   misc.o
      3040        192          0        222       1380      17954   mpu6050.o
      1860        162          0        125         12       6116   ms5611_2.o
      1924        108          0       1028          0       6237   my_math.o
      2196        218        256         92       4744      15971   os_core.o
       200         32          0          0          0        312   os_cpu_a.o
       488          8          0          6          0      11763   os_cpu_c.o
      2060         42          0          0          0       7200   os_flag.o
       972         16          0          0          0       4302   os_mbox.o
      1512         30          0          0          0       5761   os_q.o
       908         18          0          0          0       4034   os_sem.o
      1988         70          0          0          0       7877   os_task.o
       432         30          0          0          0       1866   os_time.o
      1588         94          0          0          0       5721   os_tmr.o
       256         26          0         36          0       3832   rt_nonfinite.o
       308         22          0          0          0       1930   rtgetinf.o
       200         18          0          0          0       2068   rtgetnan.o
        64         26        392          0       1536        824   startup_stm32f40_41xxx.o
       936         32          0          0          0       6373   stm32f4xx_dma.o
       272         10          0          0          0       2263   stm32f4xx_exti.o
      1684         28          0          0          0       9398   stm32f4xx_flash.o
       660         44          0          0          0       4137   stm32f4xx_gpio.o
        22          0          0          0          0       1023   stm32f4xx_it.o
        64          6          0          0          0       1333   stm32f4xx_iwdg.o
      1628         52          0         16          0      12996   stm32f4xx_rcc.o
      1152         36          0          0          0       6885   stm32f4xx_spi.o
       148         12          0          0          0       1833   stm32f4xx_syscfg.o
      3234         60          0          0          0      22992   stm32f4xx_tim.o
      1108         34          0          0          0       7860   stm32f4xx_usart.o
       528         46          0         20          0       1743   system_stm32f4xx.o
       616         38          0         20        240      30073   time.o
      1960         60          0        700          0       8209   ublox.o
      7384        736          0        300      42268     340820   ucos_task.o
     10644        728        144        217        560       8543   ukf_task.o
      2968        256          0        144         32       5867   ultrasonic.o
     22988        930          0        538       7041      36161   usart_fc.o
        44          0          0          0          0        694   watch_dog.o

    ----------------------------------------------------------------------
    130500       6828       1030      45916      72032     746637   Object Totals
         0          0         32          0          0          0   (incl. Generated)
         4          0         14         48         27          0   (incl. Padding)

    ----------------------------------------------------------------------

      Code (inc. data)   RO Data    RW Data    ZI Data      Debug   Library Member Name

        90          0          0          0          0          0   __dczerorl2.o
         8          0          0          0          0         68   __main.o
         0          0          0          0          0          0   __rtentry.o
        12          0          0          0          0          0   __rtentry2.o
         6          0          0          0          0          0   __rtentry4.o
        52          8          0          0          0          0   __scatter.o
        28          0          0          0          0          0   __scatter_zi.o
        22          0          0          0          0        100   _rserrno.o
        18          0          0          0          0         80   exit.o
        78          0          0          0          0         80   h1_free.o
         6          0          0          0          0        152   heapauxi.o
         0          0          0          0          0          0   indicate_semi.o
         2          0          0          0          0          0   libinit.o
         6          0          0          0          0          0   libinit2.o
         2          0          0          0          0          0   libshutdown.o
         2          0          0          0          0          0   libshutdown2.o
         8          4          0          0         96         68   libspace.o
        72          0          0          0          0         76   llsdiv.o
       238          0          0          0          0        100   lludivv7m.o
         8          4          0          0          0         68   rt_errno_addr_intlibspace.o
         8          4          0          0          0         68   rt_heap_descriptor_intlibspace.o
        78          0          0          0          0         80   rt_memclr_w.o
       100          0          0          0          0         80   rt_memcpy_w.o
         2          0          0          0          0          0   rtexit.o
        10          0          0          0          0          0   rtexit2.o
        36          0          0          0          0         80   strstr.o
        12          4          0          0          0         68   sys_exit.o
        74          0          0          0          0         80   sys_stackheap_outer.o
         2          0          0          0          0         68   use_no_semi.o
      2584         12          0          0        168       4813   cycle_cal_oldx.o
      2900        124          0         97        140     220042   flow.o
        24          0          0          0          0        164   basic.o
        98          4          0          0          0        140   d2f.o
       826         16          0          0          0        492   daddsub_clz.o
        16          4          0          0          0        116   dcheck1.o
        24          0          0          0          0        116   dcmpi.o
       688        140          0          0          0        256   ddiv.o
       120          4          0          0          0        140   deqf.o
        94          4          0          0          0        140   dfix.o
        84          0          0          0          0        232   dflt_clz.o
       120          4          0          0          0        140   dleqf.o
       340         12          0          0          0        152   dmul.o
       156          4          0          0          0        140   dnaninf.o
        12          0          0          0          0        116   dretinf.o
       108          0          0          0          0        128   drleqf.o
       408         56          0          0          0        168   dsqrt_umaal.o
        86          4          0          0          0        132   f2d.o
        96          0          0          0          0        132   ffltll_clz.o
       140          4          0          0          0        132   fnaninf.o
        10          0          0          0          0        116   fpinit.o
        10          0          0          0          0        116   fretinf.o
       100          0          0          0          0        116   retnan.o
        92          0          0          0          0        116   scalbn.o
        48          0          0          0          0        116   trapv.o
         0          0          0          0          0          0   usenofp.o
      3904         80         32          0          0       2735   kf_oldx_yaw.o
       856        118         80          0          0        288   acos.o
       864         94         80          0          0        280   asin.o
       592         90          0          0          0        184   atan2f.o
       200         20          0          0          0        164   cos.o
       368         46         48          0          0        200   cos_i.o
       184         44          0          0          0        744   dunder.o
        44          0          0          0          0        248   fabs.o
       280         28          0          0          0        156   floor.o
        48          0          0          0          0        124   fpclassify.o
        38          0          0          0          0        116   fpclassifyf.o
        22          6          0          0          0        232   funder.o
       248          0          0          0          0        152   poly.o
      3152        296        136          0          0        352   pow.o
         0          0          8          0          0          0   qnan.o
      1080        142        200          0          0        188   rred.o
       200         20          0          0          0        164   sin.o
       304         24         40          0          0        208   sin_i.o
       232          0          0          0          0        296   sqrt.o

    ----------------------------------------------------------------------
     22814       1424        624        100        408     236618   Library Totals
        34          0          0          3          4          0   (incl. Padding)

    ----------------------------------------------------------------------

      Code (inc. data)   RO Data    RW Data    ZI Data      Debug   Library Name

       980         24          0          0         96       1316   c_w.l
      2584         12          0          0        168       4813   cycle_cal_oldx.lib
      2900        124          0         97        140     220042   flow_oldx.lib
      3700        256          0          0          0       3616   fz_wm.l
      3904         80         32          0          0       2735   kf_oldx_yaw.lib
      8712        928        592          0          0       4096   m_wm.l

    ----------------------------------------------------------------------
     22814       1424        624        100        408     236618   Library Totals

    ----------------------------------------------------------------------

==============================================================================


      Code (inc. data)   RO Data    RW Data    ZI Data      Debug   

    153314       8252       1654      46016      72440     965031   Grand Totals
    153314       8252       1654       2252      72440     965031   ELF Image Totals (compressed)
    153314       8252       1654       2252          0          0   ROM Totals

==============================================================================

    Total RO  Size (Code + RO Data)               154968 ( 151.34kB)
    Total RW  Size (RW Data + ZI Data)            118456 ( 115.68kB)
    Total ROM Size (Code + RO Data + RW Data)     157220 ( 153.54kB)

==============================================================================

