Component: ARM Compiler 5.06 update 2 (build 183) Tool: armlink [4d35b7]

==============================================================================

Section Cross References

    ucos_task.o(.text) refers to time.o(.text) for Get_Cycle_T
    ucos_task.o(.text) refers to f2d.o(x$fpl$f2d) for __aeabi_f2d
    ucos_task.o(.text) refers to dleqf.o(x$fpl$dleqf) for __aeabi_cdcmple
    ucos_task.o(.text) refers to lis3mdl.o(.text) for LSM6_readAcc
    ucos_task.o(.text) refers to mpu6050.o(.text) for MPU6050_Data_Prepare
    ucos_task.o(.text) refers to delay.o(.text) for delay_ms
    ucos_task.o(.text) refers to my_math.o(.text) for my_deathzoom_2
    ucos_task.o(.text) refers to imu_m.o(.text) for madgwick_update_new
    ucos_task.o(.text) refers to fabs.o(i.__hardfp_fabs) for __hardfp_fabs
    ucos_task.o(.text) refers to drleqf.o(x$fpl$drleqf) for __aeabi_cdrcmple
    ucos_task.o(.text) refers to watch_dog.o(.text) for IWDG_Feed
    ucos_task.o(.text) refers to ucos_task.o(.data) for inner_loop_time_time
    ucos_task.o(.text) refers to mpu6050.o(.bss) for imu_fushion
    ucos_task.o(.text) refers to imu_m.o(.bss) for reference_vr_imd_down
    ucos_task.o(.text) refers to imu.o(.bss) for reference_vr
    ucos_task.o(.text) refers to imu_m.o(.data) for ref_q_imd_down
    ucos_task.o(.text) refers to imu.o(.data) for ref_q
    ucos_task.o(.text) refers to usart_fc.o(.bss) for pi_flow
    ucos_task.o(.text) refers to main.o(.bss) for module
    ucos_task.o(.text) refers to usart_fc.o(.data) for imu_feed_dog
    ucos_task.o(.text) refers to ukf_task.o(.text) for SINS_Prepare
    ucos_task.o(.text) refers to alt_kf.o(.text) for altUkfProcess
    ucos_task.o(.text) refers to ultrasonic.o(.text) for Ultra_Duty
    ucos_task.o(.text) refers to flow.o(.text) for flow_pertreatment_oldx
    ucos_task.o(.text) refers to lis3mdl.o(.bss) for lis3mdl
    ucos_task.o(.text) refers to ucos_task.o(.bss) for flow_matlab_data
    ucos_task.o(.text) refers to ultrasonic.o(.data) for ultra_ok
    ucos_task.o(.text) refers to alt_kf.o(.data) for ALT_POS_SONAR3
    ucos_task.o(.text) refers to fliter.o(.text) for firstOrderFilter
    ucos_task.o(.text) refers to ddiv.o(x$fpl$ddiv) for __aeabi_ddiv
    ucos_task.o(.text) refers to d2f.o(x$fpl$d2f) for __aeabi_d2f
    ucos_task.o(.text) refers to dmul.o(x$fpl$dmul) for __aeabi_dmul
    ucos_task.o(.text) refers to flow.o(.bss) for flow_per_out
    ucos_task.o(.text) refers to flow.o(.data) for k_flow_devide
    ucos_task.o(.text) refers to fliter.o(.bss) for firstOrderFilters
    ucos_task.o(.text) refers to daddsub_clz.o(x$fpl$dadd) for __aeabi_dadd
    ucos_task.o(.text) refers to os_core.o(.text) for OSIntEnter
    ucos_task.o(.text) refers to stm32f4xx_tim.o(.text) for TIM_GetITStatus
    ucos_task.o(.text) refers to usart_fc.o(.text) for m100_contrl_px4
    ucos_task.o(.text) refers to stm32f4xx_dma.o(.text) for DMA_GetFlagStatus
    ucos_task.o(.text) refers to stm32f4xx_usart.o(.text) for USART_DMACmd
    ucos_task.o(.text) refers to dma.o(.text) for MYDMA_Enable
    ucos_task.o(.text) refers to dfix.o(x$fpl$dfix) for __aeabi_d2iz
    ucos_task.o(.text) refers to alt_kf.o(.bss) for acc_z_view
    ucos_task.o(.text) refers to lis3mdl.o(.data) for baroAlt
    ucos_task.o(.text) refers to ukf_task.o(.bss) for X_ukf
    ucos_task.o(.text) refers to ukf_task.o(.data) for K_spd_flow
    ucos_task.o(.text) refers to nav_ukf.o(.bss) for navUkfData
    ucos_task.o(.text) refers to dflt_clz.o(x$fpl$dfltu) for __aeabi_ui2d
    ucos_task.o(.text) refers to led_fc.o(.text) for LEDRGB_STATE
    ucos_task.o(.text) refers to wifi_ctrl.o(.bss) for wifiCtrl
    ucos_task.o(.text) refers to os_core.o(.data) for OSCPUUsage
    main.o(.text) refers to os_mbox.o(.text) for OSMboxCreate
    main.o(.text) refers to os_q.o(.text) for OSQCreate
    main.o(.text) refers to os_flag.o(.text) for OSFlagCreate
    main.o(.text) refers to os_core.o(.text) for OSStatInit
    main.o(.text) refers to os_tmr.o(.text) for OSTmrCreate
    main.o(.text) refers to os_cpu_a.o(.text) for OS_CPU_SR_Save
    main.o(.text) refers to os_task.o(.text) for OSTaskCreate
    main.o(.text) refers to misc.o(.text) for NVIC_PriorityGroupConfig
    main.o(.text) refers to delay.o(.text) for delay_init
    main.o(.text) refers to time.o(.text) for Initial_Timer_SYS
    main.o(.text) refers to led_fc.o(.text) for LED_Init
    main.o(.text) refers to flash_w25.o(.text) for W25QXX_Init
    main.o(.text) refers to flash.o(.text) for READ_PARM
    main.o(.text) refers to iic1.o(.text) for IIC_IMU1_Init
    main.o(.text) refers to lis3mdl.o(.text) for LIS3MDL_enableDefault
    main.o(.text) refers to alt_kf.o(.text) for altUkfInit
    main.o(.text) refers to usart_fc.o(.text) for Usart1_Init
    main.o(.text) refers to dma.o(.text) for MYDMA_Config
    main.o(.text) refers to stm32f4xx_usart.o(.text) for USART_DMACmd
    main.o(.text) refers to watch_dog.o(.text) for IWDG_Init
    main.o(.text) refers to main.o(.bss) for mcuID
[...]
    __aeabi_ui2d                             0x0802dea1   Thumb Code     0  dflt_clz.o(x$fpl$dfltu)
    _dfltu                                   0x0802dea1   Thumb Code    38  dflt_clz.o(x$fpl$dfltu)
    __aeabi_cdcmple                          0x0802dec9   Thumb Code     0  dleqf.o(x$fpl$dleqf)
    _dcmple                                  0x0802dec9   Thumb Code   120  dleqf.o(x$fpl$dleqf)
    __fpl_dcmple_InfNaN                      0x0802df2b   Thumb Code     0  dleqf.o(x$fpl$dleqf)
    __aeabi_dmul                             0x0802df41   Thumb Code     0  dmul.o(x$fpl$dmul)
    _dmul                                    0x0802df41   Thumb Code   332  dmul.o(x$fpl$dmul)
    __fpl_dnaninf                            0x0802e095   Thumb Code   156  dnaninf.o(x$fpl$dnaninf)
    __fpl_dretinf                            0x0802e131   Thumb Code    12  dretinf.o(x$fpl$dretinf)
    __aeabi_cdrcmple                         0x0802e13d   Thumb Code     0  drleqf.o(x$fpl$drleqf)
    _drcmple                                 0x0802e13d   Thumb Code   108  drleqf.o(x$fpl$drleqf)
    __aeabi_drsub                            0x0802e1a9   Thumb Code     0  daddsub_clz.o(x$fpl$drsb)
    _drsb                                    0x0802e1a9   Thumb Code    22  daddsub_clz.o(x$fpl$drsb)
    _dsqrt                                   0x0802e1c1   Thumb Code   404  dsqrt_umaal.o(x$fpl$dsqrt)
    __aeabi_dsub                             0x0802e359   Thumb Code     0  daddsub_clz.o(x$fpl$dsub)
    _dsub                                    0x0802e359   Thumb Code   464  daddsub_clz.o(x$fpl$dsub)
    __aeabi_f2d                              0x0802e52d   Thumb Code     0  f2d.o(x$fpl$f2d)
    _f2d                                     0x0802e52d   Thumb Code    86  f2d.o(x$fpl$f2d)
    __fpl_fnaninf                            0x0802e583   Thumb Code   140  fnaninf.o(x$fpl$fnaninf)
    _fp_init                                 0x0802e60f   Thumb Code    10  fpinit.o(x$fpl$fpinit)
    __fplib_config_fpu_vfp                   0x0802e617   Thumb Code     0  fpinit.o(x$fpl$fpinit)
    __fplib_config_pureend_doubles           0x0802e617   Thumb Code     0  fpinit.o(x$fpl$fpinit)
    __fpl_fretinf                            0x0802e619   Thumb Code    10  fretinf.o(x$fpl$fretinf)
    __fpl_return_NaN                         0x0802e623   Thumb Code   100  retnan.o(x$fpl$retnan)
    __ARM_scalbn                             0x0802e687   Thumb Code    92  scalbn.o(x$fpl$scalbn)
    __fpl_cmpreturn                          0x0802e6e3   Thumb Code    48  trapv.o(x$fpl$trapveneer)
    OSUnMapTbl                               0x0802e712   Data         256  os_core.o(.constdata)
    __I$use$fp                               0x0802e712   Number         0  usenofp.o(x$fpl$usenofp)
    sinTable                                 0x0802e814   Data        2052  fastmath.o(.constdata)
    __mathlib_zero                           0x0802f418   Data           8  qnan.o(.constdata)
    Region$$Table$$Base                      0x0802f530   Number         0  anon$$obj.o(Region$$Table)
    Region$$Table$$Limit                     0x0802f550   Number         0  anon$$obj.o(Region$$Table)
    ccmHeap                                  0x20000000   Data       40960  alt_kf.o(.ccm)
    fly_ready                                0x2000a000   Data           1  ucos_task.o(.data)
    inner_loop_time_time                     0x2000a004   Data           4  ucos_task.o(.data)
    inner_loop_time_time_int                 0x2000a008   Data           4  ucos_task.o(.data)
    GOL_LINK_BUSY                            0x2000a00c   Data           2  ucos_task.o(.data)
    cnt_time                                 0x2000a00e   Data           4  ucos_task.o(.data)
    YawR                                     0x2000a014   Data           4  ucos_task.o(.data)
    PitchR                                   0x2000a018   Data           4  ucos_task.o(.data)
    RollR                                    0x2000a01c   Data           4  ucos_task.o(.data)
    YawRm                                    0x2000a020   Data           4  ucos_task.o(.data)
    PitchRm                                  0x2000a024   Data           4  ucos_task.o(.data)
    RollRm                                   0x2000a028   Data           4  ucos_task.o(.data)
    outer_loop_time                          0x2000a02c   Data           4  ucos_task.o(.data)
    k_gyro_z                                 0x2000a030   Data           4  ucos_task.o(.data)
    X_ekf                                    0x2000a038   Data          56  ucos_task.o(.data)
    n_q                                      0x2000a070   Data           8  ucos_task.o(.data)
    n_w                                      0x2000a078   Data           8  ucos_task.o(.data)
    n_a                                      0x2000a080   Data           8  ucos_task.o(.data)
    n_m                                      0x2000a088   Data           8  ucos_task.o(.data)
    z_k                                      0x2000a090   Data          36  ucos_task.o(.data)
    P_apo                                    0x2000a0b4   Data         576  ucos_task.o(.data)
    zFlag                                    0x2000a2f4   Data          12  ucos_task.o(.data)
    param                                    0x2000a300   Data          28  ucos_task.o(.data)
    ekf_loop_time                            0x2000a31c   Data           4  ucos_task.o(.data)
    focal_length_px                          0x2000a320   Data           4  ucos_task.o(.data)
    accumulated_flow_x                       0x2000a324   Data           4  ucos_task.o(.data)
    accumulated_flow_y                       0x2000a328   Data           4  ucos_task.o(.data)
    accumulated_gyro_x                       0x2000a32c   Data           4  ucos_task.o(.data)
    accumulated_gyro_y                       0x2000a330   Data           4  ucos_task.o(.data)
    accumulated_gyro_z                       0x2000a334   Data           4  ucos_task.o(.data)
    accumulated_framecount                   0x2000a338   Data           2  ucos_task.o(.data)
    accumulated_quality                      0x2000a33a   Data           2  ucos_task.o(.data)
    integration_timespan                     0x2000a33c   Data           4  ucos_task.o(.data)
    k_flow_acc                               0x2000a340   Data           8  ucos_task.o(.data)
    k_gro_acc                                0x2000a348   Data          12  ucos_task.o(.data)
    off_flow_origin                          0x2000a354   Data           8  ucos_task.o(.data)
    flt_gro                                  0x2000a35c   Data           4  ucos_task.o(.data)
    k_time_use                               0x2000a360   Data           4  ucos_task.o(.data)
    imu_board_test                           0x2000a364   Data           1  ucos_task.o(.data)
    MID_CNT_SPD                              0x2000a365   Data           1  ucos_task.o(.data)
    k_flp                                    0x2000a368   Data           4  ucos_task.o(.data)
    b                                        0x2000a3c0   Data          12  ucos_task.o(.data)
    a                                        0x2000a3cc   Data          12  ucos_task.o(.data)
    baro_matlab_data                         0x2000a3d8   Data           8  ucos_task.o(.data)
    flow_loop_time                           0x2000a3e0   Data           4  ucos_task.o(.data)
    k_flow_devide_pi                         0x2000a3e4   Data           4  ucos_task.o(.data)
    UART_UP_LOAD_SEL                         0x2000a3e8   Data           1  ucos_task.o(.data)
    time_uart                                0x2000a3ec   Data           4  ucos_task.o(.data)
    tmr1                                     0x2000a3f0   Data           4  ucos_task.o(.data)
    tmr2                                     0x2000a3f4   Data           4  ucos_task.o(.data)
    tmr3                                     0x2000a3f8   Data           4  ucos_task.o(.data)
    cpuusage                                 0x2000a3fc   Data           2  ucos_task.o(.data)
    msg_key                                  0x2000a42c   Data           4  main.o(.data)
    q_msg                                    0x2000a430   Data           4  main.o(.data)
    flags_key                                0x2000a434   Data           4  main.o(.data)
    ekf_loop_time1                           0x2000a438   Data           4  main.o(.data)
    ero                                      0x2000a43c   Data           4  error.o(.data)
    sys                                      0x2000a440   Data           8  error.o(.data)
    rtInf                                    0x2000a458   Data           8  rt_nonfinite.o(.data)
    rtMinusInf                               0x2000a460   Data           8  rt_nonfinite.o(.data)
    rtNaN                                    0x2000a468   Data           8  rt_nonfinite.o(.data)
    rtInfF                                   0x2000a470   Data           4  rt_nonfinite.o(.data)
    rtMinusInfF                              0x2000a474   Data           4  rt_nonfinite.o(.data)
    rtNaNF                                   0x2000a478   Data           4  rt_nonfinite.o(.data)
    SystemCoreClock                          0x2000a47c   Data           4  system_stm32f4xx.o(.data)
    AHBPrescTable                            0x2000a480   Data          16  system_stm32f4xx.o(.data)
    OSCtxSwCtr                               0x2000a4a4   Data           4  os_core.o(.data)
    OSEventFreeList                          0x2000a4a8   Data           4  os_core.o(.data)
    OSFlagFreeList                           0x2000a4ac   Data           4  os_core.o(.data)
    OSCPUUsage                               0x2000a4b0   Data           1  os_core.o(.data)
    OSIdleCtrMax                             0x2000a4b4   Data           4  os_core.o(.data)
    OSIdleCtrRun                             0x2000a4b8   Data           4  os_core.o(.data)
    OSStatRdy                                0x2000a4bc   Data           1  os_core.o(.data)
    OSIntNesting                             0x2000a4bd   Data           1  os_core.o(.data)
    OSLockNesting                            0x2000a4be   Data           1  os_core.o(.data)
    OSPrioCur                                0x2000a4bf   Data           1  os_core.o(.data)
    OSPrioHighRdy                            0x2000a4c0   Data           1  os_core.o(.data)
    OSRdyGrp                                 0x2000a4c1   Data           1  os_core.o(.data)
    OSRdyTbl                                 0x2000a4c2   Data           8  os_core.o(.data)
    OSRunning                                0x2000a4ca   Data           1  os_core.o(.data)
    OSTaskCtr                                0x2000a4cb   Data           1  os_core.o(.data)
    OSIdleCtr                                0x2000a4cc   Data           4  os_core.o(.data)
    OSTCBCur                                 0x2000a4d0   Data           4  os_core.o(.data)
    OSTCBFreeList                            0x2000a4d4   Data           4  os_core.o(.data)
    OSTCBHighRdy                             0x2000a4d8   Data           4  os_core.o(.data)
    OSTCBList                                0x2000a4dc   Data           4  os_core.o(.data)
    OSTickStepState                          0x2000a4e0   Data           1  os_core.o(.data)
    OSQFreeList                              0x2000a4e4   Data           4  os_core.o(.data)
    OSTime                                   0x2000a4e8   Data           4  os_core.o(.data)
    OSTmrFree                                0x2000a4ec   Data           2  os_core.o(.data)
    OSTmrUsed                                0x2000a4ee   Data           2  os_core.o(.data)
    OSTmrTime                                0x2000a4f0   Data           4  os_core.o(.data)
    OSTmrSem                                 0x2000a4f4   Data           4  os_core.o(.data)
    OSTmrSemSignal                           0x2000a4f8   Data           4  os_core.o(.data)
    OSTmrFreeList                            0x2000a4fc   Data           4  os_core.o(.data)
    OSInterrputSum                           0x2000a500   Data           4  os_cpu_c.o(.data)
    FLASH_SIZE                               0x2000a510   Data           4  flash.o(.data)
    W25QXX_TYPE                              0x2000a514   Data           2  flash_w25.o(.data)
    GPS_SEL1                                 0x2000a518   Data           1  gps.o(.data)
    gps_dt                                   0x2000a51c   Data           4  gps.o(.data)
    dt_flow_rx                               0x2000a520   Data           4  usart_fc.o(.data)
    data_rate_gol_link                       0x2000a524   Data           2  usart_fc.o(.data)
    LOCK                                     0x2000a526   Data           1  usart_fc.o(.data)
    KEY                                      0x2000a527   Data           8  usart_fc.o(.data)
    KEY_SEL                                  0x2000a52f   Data           4  usart_fc.o(.data)
    NAV_BOARD_CONNECT                        0x2000a533   Data           1  usart_fc.o(.data)
    force_fly_ready                          0x2000a534   Data           1  usart_fc.o(.data)
    k_flow_opencv                            0x2000a538   Data           4  usart_fc.o(.data)
    sonar_fc                                 0x2000a53c   Data           4  usart_fc.o(.data)
    baroAlt_fc                               0x2000a540   Data           4  usart_fc.o(.data)
    fc_rx_time                               0x2000a544   Data           4  usart_fc.o(.data)
    flow_module_set_yaw                      0x2000a548   Data           4  usart_fc.o(.data)
    acc_3d_step                              0x2000a54c   Data           1  usart_fc.o(.data)
    imu_feed_dog                             0x2000a54d   Data           1  usart_fc.o(.data)
    FC_CONNECT                               0x2000a54e   Data           1  usart_fc.o(.data)
    fc_loss_cnt                              0x2000a550   Data           2  usart_fc.o(.data)
    fly_ready_force_zero                     0x2000a552   Data           1  usart_fc.o(.data)
    RxState                                  0x2000a553   Data           1  usart_fc.o(.data)
    RxBufferNum                              0x2000a554   Data           1  usart_fc.o(.data)
    RxBufferCnt                              0x2000a555   Data           1  usart_fc.o(.data)
    RxLen                                    0x2000a556   Data           1  usart_fc.o(.data)
    com_data                                 0x2000a557   Data           1  usart_fc.o(.data)
    sd_save_sel                              0x2000a55a   Data           1  usart_fc.o(.data)
    nrf_uart_cnt                             0x2000a55c   Data           2  usart_fc.o(.data)
    dlf_odroid                               0x2000a560   Data           4  usart_fc.o(.data)
    RxState_u1                               0x2000a564   Data           1  usart_fc.o(.data)
    RxBufferNum_u1                           0x2000a565   Data           1  usart_fc.o(.data)
    RxBufferCnt_u1                           0x2000a566   Data           1  usart_fc.o(.data)
    RxLen_u1                                 0x2000a567   Data           1  usart_fc.o(.data)
    USART3_RX_STA                            0x2000a56a   Data           2  usart_fc.o(.data)
    buf_GPRMC                                0x2000a56c   Data         100  usart_fc.o(.data)
    buf_GPRMCt                               0x2000a5d0   Data         100  usart_fc.o(.data)
    buf_GPGGA                                0x2000a634   Data         100  usart_fc.o(.data)
    buf_GPGGAt                               0x2000a698   Data         100  usart_fc.o(.data)
    gps_good                                 0x2000a6fc   Data           1  usart_fc.o(.data)
    gps_loss_cnt                             0x2000a6fe   Data           2  usart_fc.o(.data)
    k_gps_dow_spd                            0x2000a700   Data           4  usart_fc.o(.data)
    gpsData_lastPosUpdate                    0x2000a704   Data           4  usart_fc.o(.data)
    gpsData_lastVelUpdate                    0x2000a708   Data           4  usart_fc.o(.data)
    gps_update                               0x2000a70c   Data           8  usart_fc.o(.data)
    RxState11                                0x2000a714   Data           1  usart_fc.o(.data)
    RxBufferNum11                            0x2000a715   Data           1  usart_fc.o(.data)
    RxBufferCnt11                            0x2000a716   Data           1  usart_fc.o(.data)
    RxLen11                                  0x2000a717   Data           1  usart_fc.o(.data)
    _data_cnt11                              0x2000a718   Data           2  usart_fc.o(.data)
    _data_len11                              0x2000a71a   Data           2  usart_fc.o(.data)
    RxBuffer4_test_cnt                       0x2000a71c   Data           1  usart_fc.o(.data)
    RxState4                                 0x2000a71d   Data           1  usart_fc.o(.data)
    RxBufferNum4                             0x2000a71e   Data           1  usart_fc.o(.data)
    RxBufferCnt4                             0x2000a71f   Data           1  usart_fc.o(.data)
    RxLen4                                   0x2000a720   Data           1  usart_fc.o(.data)
    en_px4_mapper                            0x2000a723   Data           1  usart_fc.o(.data)
    rate_gps_board                           0x2000a724   Data           4  usart_fc.o(.data)
    RxState3                                 0x2000a728   Data           1  usart_fc.o(.data)
    RxBufferNum3                             0x2000a729   Data           1  usart_fc.o(.data)
    RxBufferCnt3                             0x2000a72a   Data           1  usart_fc.o(.data)
    RxLen3                                   0x2000a72b   Data           1  usart_fc.o(.data)
    Angle_Yun                                0x2000a730   Data           8  usart_fc.o(.data)
    en_ble_debug                             0x2000a738   Data           1  usart_fc.o(.data)
    IMU1_Fast                                0x2000a788   Data           1  lis3mdl.o(.data)
    baroAlt                                  0x2000a78c   Data           4  lis3mdl.o(.data)
    baro_set                                 0x2000a790   Data           4  lis3mdl.o(.data)
    for_fly_ready                            0x2000a794   Data           4  lis3mdl.o(.data)
    id                                       0x2000a798   Data           3  lis3mdl.o(.data)
    MAX_HML                                  0x2000a79c   Data           4  lis3mdl.o(.data)
    sum_temp_att                             0x2000a7a0   Data           8  lis3mdl.o(.data)
    acc_sum_cnt                              0x2000a7a8   Data           2  lis3mdl.o(.data)
    acc_sum_cnt_3d                           0x2000a7aa   Data           2  lis3mdl.o(.data)
    acc_smple_cnt_3d                         0x2000a7ac   Data           2  lis3mdl.o(.data)
    gyro_sum_cnt                             0x2000a7ae   Data           2  lis3mdl.o(.data)
    acc_tempFilter                           0x2000a9c4   Data           8  lis3mdl.o(.data)
    Butter_80HZ_Parameter_Acce               0x2000aa08   Data          24  fliter.o(.data)
    Butter_60HZ_Parameter_Acce               0x2000aa20   Data          24  fliter.o(.data)
    Butter_50HZ_Parameter_Acce               0x2000aa38   Data          24  fliter.o(.data)
    Butter_30HZ_Parameter_Acce               0x2000aa50   Data          24  fliter.o(.data)
    Butter_20HZ_Parameter_Acce               0x2000aa68   Data          24  fliter.o(.data)
    Butter_15HZ_Parameter_Acce               0x2000aa80   Data          24  fliter.o(.data)
    Butter_10HZ_Parameter_Acce               0x2000aa98   Data          24  fliter.o(.data)
    Butter_5HZ_Parameter_Acce                0x2000aab0   Data          24  fliter.o(.data)
    Butter_2HZ_Parameter_Acce                0x2000aac8   Data          24  fliter.o(.data)
    Butter_parameter                         0x2000aae0   Data          24  fliter.o(.data)
    T_sonar                                  0x2000ab10   Data           4  ultrasonic.o(.data)
    ultra_start_f                            0x2000ab14   Data           1  ultrasonic.o(.data)
    ultra_time                               0x2000ab15   Data           1  ultrasonic.o(.data)
    ultra_ok                                 0x2000ab16   Data           1  ultrasonic.o(.data)
    x_pred                                   0x2000ab18   Data           8  ultrasonic.o(.data)
    v_pred                                   0x2000ab20   Data           8  ultrasonic.o(.data)
    x_post                                   0x2000ab28   Data           8  ultrasonic.o(.data)
    v_post                                   0x2000ab30   Data           8  ultrasonic.o(.data)
    sonar_raw                                0x2000ab38   Data           4  ultrasonic.o(.data)
    scale_kal_sonar_v                        0x2000ab3c   Data           4  ultrasonic.o(.data)
    x_pred_bmp                               0x2000ab40   Data           8  ultrasonic.o(.data)
    v_pred_bmp                               0x2000ab48   Data           8  ultrasonic.o(.data)
    x_post_bmp                               0x2000ab50   Data           8  ultrasonic.o(.data)
    v_post_bmp                               0x2000ab58   Data           8  ultrasonic.o(.data)
    state_dj                                 0x2000ab60   Data           5  ultrasonic.o(.data)
    state_dj_rx                              0x2000ab65   Data           5  ultrasonic.o(.data)
    IO_STATE                                 0x2000ab6a   Data           5  ultrasonic.o(.data)
    IO_STATER                                0x2000ab6f   Data           5  ultrasonic.o(.data)
    TEMP_SONAR                               0x2000ab74   Data           4  ultrasonic.o(.data)
    cnt_sample1                              0x2000ab78   Data           4  ultrasonic.o(.data)
    ultra_distance                           0x2000ab7c   Data           4  ultrasonic.o(.data)
    ultra_distance_r                         0x2000ab80   Data           4  ultrasonic.o(.data)
    ultra_delta                              0x2000ab84   Data           4  ultrasonic.o(.data)
    ak8975                                   0x2000aba8   Data          48  hml_sample.o(.data)
    flow_update                              0x2000abd8   Data           1  flow.o(.data)
    flow_module_offset_y                     0x2000abe0   Data           4  flow.o(.data)
    flow_module_offset_x                     0x2000abe4   Data           4  flow.o(.data)
    k_flow_devide                            0x2000abf0   Data           4  flow.o(.data)
    rate_threshold                           0x2000abf4   Data           4  flow.o(.data)
    fast_atan_table                          0x2000ac44   Data        1028  my_math.o(.data)
    Kp                                       0x2000b048   Data           4  imu.o(.data)
    Ki                                       0x2000b04c   Data           4  imu.o(.data)
    Roll                                     0x2000b050   Data           4  imu.o(.data)
    Pitch                                    0x2000b054   Data           4  imu.o(.data)
    Yaw                                      0x2000b058   Data           4  imu.o(.data)
    Roll_mid_down                            0x2000b05c   Data           4  imu.o(.data)
    Pitch_mid_down                           0x2000b060   Data           4  imu.o(.data)
    Yaw_mid_down                             0x2000b064   Data           4  imu.o(.data)
    ref_q                                    0x2000b068   Data          16  imu.o(.data)
    norm_acc                                 0x2000b078   Data           4  imu.o(.data)
    norm_q                                   0x2000b07c   Data           4  imu.o(.data)
    norm_acc_lpf                             0x2000b080   Data           4  imu.o(.data)
    test_flag                                0x2000b084   Data          12  imu.o(.data)
    mag_norm                                 0x2000b090   Data           4  imu.o(.data)
    mag_norm_xyz                             0x2000b094   Data           4  imu.o(.data)
    gh_yaw                                   0x2000b098   Data           4  imu.o(.data)
    ga_yaw                                   0x2000b09c   Data           4  imu.o(.data)
    gw_yaw                                   0x2000b0a0   Data           4  imu.o(.data)
    yaw_kf                                   0x2000b0a4   Data           4  imu.o(.data)
    P_kf_yaw                                 0x2000b0a8   Data          32  imu.o(.data)
    k_kf_z                                   0x2000b0c8   Data           4  imu.o(.data)
    yaw_cross                                0x2000b0cc   Data           1  imu.o(.data)
    yaw_qr_off                               0x2000b0d0   Data           4  imu.o(.data)
    dis_angle_lock                           0x2000b0d4   Data           1  imu.o(.data)
    yaw_cal_by_qr                            0x2000b0d5   Data           1  imu.o(.data)
    yaw_qr_off_local                         0x2000b0d8   Data           4  imu.o(.data)
    yaw_off_earth                            0x2000b0dc   Data           4  imu.o(.data)
    ref_q_imd_down                           0x2000b0f0   Data          16  imu_m.o(.data)
    beta                                     0x2000b100   Data           4  imu_m.o(.data)
    q0_m                                     0x2000b104   Data           4  imu_m.o(.data)
    q1_m                                     0x2000b108   Data           4  imu_m.o(.data)
    q2_m                                     0x2000b10c   Data           4  imu_m.o(.data)
    q3_m                                     0x2000b110   Data           4  imu_m.o(.data)
    q0                                       0x2000b114   Data           4  imu_m.o(.data)
    q1                                       0x2000b118   Data           4  imu_m.o(.data)
    q2                                       0x2000b11c   Data           4  imu_m.o(.data)
    q3                                       0x2000b120   Data           4  imu_m.o(.data)
    q0_fc                                    0x2000b124   Data           4  imu_m.o(.data)
    q1_fc                                    0x2000b128   Data           4  imu_m.o(.data)
    q2_fc                                    0x2000b12c   Data           4  imu_m.o(.data)
    q3_fc                                    0x2000b130   Data           4  imu_m.o(.data)
    init_q                                   0x2000b134   Data           1  imu_m.o(.data)
    beta_start                               0x2000b138   Data           4  imu_m.o(.data)
    beta_end                                 0x2000b13c   Data           4  imu_m.o(.data)
    beta_step                                0x2000b140   Data           4  imu_m.o(.data)
    accConfidenceDecay                       0x2000b144   Data           4  imu_m.o(.data)
    hmlConfidenceDecay                       0x2000b148   Data           4  imu_m.o(.data)
    accConfidence                            0x2000b14c   Data           4  imu_m.o(.data)
    hmlConfidence                            0x2000b150   Data           4  imu_m.o(.data)
    norm_hml_view                            0x2000b154   Data           4  imu_m.o(.data)
    hmlOneMAG                                0x2000b158   Data           4  imu_m.o(.data)
    init_hml_norm                            0x2000b15c   Data           1  imu_m.o(.data)
    init_hml_norm_cnt                        0x2000b15e   Data           2  imu_m.o(.data)
    UKF_VEL_DELAY                            0x2000b170   Data           4  nav_ukf.o(.data)
    UKF_POS_DELAY_UBM                        0x2000b174   Data           4  nav_ukf.o(.data)
    UKF_POS_DELAY                            0x2000b178   Data           4  nav_ukf.o(.data)
    k_acc_ukf1                               0x2000b17c   Data           4  nav_ukf.o(.data)
    k_m_ukf                                  0x2000b180   Data           4  nav_ukf.o(.data)
    en_dop_gps                               0x2000b184   Data           1  nav_ukf.o(.data)
    en_z_bais                                0x2000b185   Data           1  nav_ukf.o(.data)
    en_bias_gz                               0x2000b186   Data           1  nav_ukf.o(.data)
    IMU_MAG_DECL                             0x2000b188   Data           4  nav_ukf.o(.data)
    IMU_MAG_INCL                             0x2000b18c   Data           4  nav_ukf.o(.data)
    UKF_GPS_POS_N_TEMP                       0x2000b190   Data           4  nav_ukf.o(.data)
    UKF_GPS_POS_N_TEMPD                      0x2000b194   Data           4  nav_ukf.o(.data)
    NOISE_PRESS                              0x2000b198   Data           4  nav_ukf.o(.data)
    UKF_GPS_VEL_N_TEMP                       0x2000b19c   Data           4  nav_ukf.o(.data)
    UKF_GPS_VD_N_TEMP                        0x2000b1a0   Data           4  nav_ukf.o(.data)
    UKF_GPS_VEL_N_TEMP_FLOW                  0x2000b1a4   Data           4  nav_ukf.o(.data)
    UKF_GPS_VD_N_TEMP_FLOW                   0x2000b1a8   Data           4  nav_ukf.o(.data)
    UKF_MAG_N_TEMP                           0x2000b1ac   Data           4  nav_ukf.o(.data)
    dImuData_lastUpdate                      0x2000b1b0   Data           4  nav_ukf.o(.data)
    navData_presAltOffset                    0x2000b1b4   Data           4  nav_ukf.o(.data)
    time_update                              0x2000b268   Data           4  nav_ukf.o(.data)
    QR_DELAY                                 0x2000b280   Data           1  ukf_task.o(.data)
    GPS_DELAY_P                              0x2000b281   Data           1  ukf_task.o(.data)
    GPS_DELAY_V                              0x2000b282   Data           1  ukf_task.o(.data)
    FLOW_DELAY                               0x2000b283   Data           1  ukf_task.o(.data)
    DELAY_FIX_SEL                            0x2000b284   Data           1  ukf_task.o(.data)
    k_acc_f                                  0x2000b288   Data           4  ukf_task.o(.data)
    test_k                                   0x2000b28c   Data          12  ukf_task.o(.data)
    q_flow                                   0x2000b298   Data          12  ukf_task.o(.data)
    r_flow                                   0x2000b2a4   Data          12  ukf_task.o(.data)
    flow_gain                                0x2000b2b0   Data           4  ukf_task.o(.data)
    acc_flag_flow                            0x2000b2b4   Data           8  ukf_task.o(.data)
    X_ukf_Pos                                0x2000b2bc   Data           8  ukf_task.o(.data)
    r1                                       0x2000b2c4   Data           4  ukf_task.o(.data)
    r2                                       0x2000b2c8   Data           4  ukf_task.o(.data)
    posNorth                                 0x2000b2cc   Data           4  ukf_task.o(.data)
    posEast                                  0x2000b2d0   Data           4  ukf_task.o(.data)
    local_Lat                                0x2000b2d8   Data           8  ukf_task.o(.data)
    local_Lon                                0x2000b2e0   Data           8  ukf_task.o(.data)
    velEast                                  0x2000b2e8   Data           4  ukf_task.o(.data)
    velNorth                                 0x2000b2ec   Data           4  ukf_task.o(.data)
    GPS_J_F                                  0x2000b2f0   Data           4  ukf_task.o(.data)
    GPS_W_F                                  0x2000b2f4   Data           4  ukf_task.o(.data)
    kf_data_sel                              0x2000b2f8   Data           1  ukf_task.o(.data)
    P_KF_NAV                                 0x2000b300   Data         144  ukf_task.o(.data)
    ga_nav                                   0x2000b390   Data           4  ukf_task.o(.data)
    gwa_nav                                  0x2000b394   Data           4  ukf_task.o(.data)
    g_pos_flow                               0x2000b398   Data           4  ukf_task.o(.data)
    g_spd_flow                               0x2000b39c   Data           4  ukf_task.o(.data)
    K_pos_qr                                 0x2000b3a0   Data           4  ukf_task.o(.data)
    K_spd_flow                               0x2000b3a4   Data           4  ukf_task.o(.data)
    K_acc_gps                                0x2000b3a8   Data           4  ukf_task.o(.data)
    K_pos_gps                                0x2000b3ac   Data           4  ukf_task.o(.data)
    K_spd_gps                                0x2000b3b0   Data           4  ukf_task.o(.data)
    g_pos_gps                                0x2000b3b4   Data           4  ukf_task.o(.data)
    g_spd_gps                                0x2000b3b8   Data           4  ukf_task.o(.data)
    g_pos_use                                0x2000b3bc   Data           4  ukf_task.o(.data)
    g_spd_use                                0x2000b3c0   Data           4  ukf_task.o(.data)
    velNorth_gps                             0x2000b3c4   Data           4  ukf_task.o(.data)
    velEast_gps                              0x2000b3c8   Data           4  ukf_task.o(.data)
    flag_kf1                                 0x2000b3cc   Data           8  ukf_task.o(.data)
    force_test                               0x2000b3d4   Data           1  ukf_task.o(.data)
    Posx                                     0x2000b3d8   Data           4  ukf_task.o(.data)
    Posy                                     0x2000b3dc   Data           4  ukf_task.o(.data)
    gps_data_vaild                           0x2000b3e0   Data           1  ukf_task.o(.data)
    gps_init                                 0x2000b3e1   Data           1  ukf_task.o(.data)
    r_flow_new                               0x2000b3e4   Data          16  ukf_task.o(.data)
    r_gps_new                                0x2000b3f4   Data          16  ukf_task.o(.data)
    R_GPS                                    0x2000b404   Data           8  ukf_task.o(.data)
    Q_GPS                                    0x2000b40c   Data           8  ukf_task.o(.data)
    R_Acce_bias                              0x2000b414   Data           8  ukf_task.o(.data)
    Pre_conv_GPS                             0x2000b420   Data          64  ukf_task.o(.data)
    Acce_Bias                                0x2000b460   Data           8  ukf_task.o(.data)
    GPS_Quality                              0x2000b468   Data           4  ukf_task.o(.data)
    GPS_Quality_f                            0x2000b46c   Data           4  ukf_task.o(.data)
    GPS_Vel_Delay_Cnt                        0x2000b470   Data           2  ukf_task.o(.data)
    GPS_Pos_Delay_Cnt                        0x2000b472   Data           2  ukf_task.o(.data)
    GPS_Position_Cnt                         0x2000b474   Data           2  ukf_task.o(.data)
    Acce_bias                                0x2000b478   Data           8  ukf_task.o(.data)
    X_Delta                                  0x2000b480   Data           4  ukf_task.o(.data)
    Y_Delta                                  0x2000b484   Data           4  ukf_task.o(.data)
    GPS_Save_Period_Cnt                      0x2000b488   Data           2  ukf_task.o(.data)
    GPS_SINS_Delay_Cnt                       0x2000b48a   Data           2  ukf_task.o(.data)
    Pos_Err_On_Accel                         0x2000b48c   Data           8  ukf_task.o(.data)
    Accel_Correction_BF                      0x2000b494   Data           8  ukf_task.o(.data)
    Accel_Correction_EF                      0x2000b49c   Data           8  ukf_task.o(.data)
    SINS_Accel_Earth                         0x2000b4a4   Data           8  ukf_task.o(.data)
    altUkfData                               0x2000b4e8   Data           8  alt_kf.o(.data)
    altUkfData_sonar                         0x2000b4f0   Data           8  alt_kf.o(.data)
    altUkfData_bmp                           0x2000b4f8   Data           8  alt_kf.o(.data)
    flowUkfData_x                            0x2000b500   Data           8  alt_kf.o(.data)
    flowUkfData_y                            0x2000b508   Data           8  alt_kf.o(.data)
    gpsUkfData_e                             0x2000b510   Data           8  alt_kf.o(.data)
    gpsUkfData_n                             0x2000b518   Data           8  alt_kf.o(.data)
    heapUsed                                 0x2000b520   Data           4  alt_kf.o(.data)
    heapHighWater                            0x2000b524   Data           4  alt_kf.o(.data)
    dataSramUsed                             0x2000b528   Data           4  alt_kf.o(.data)
    FLOW_NOISE                               0x2000b52c   Data           4  alt_kf.o(.data)
    flow_pos                                 0x2000b530   Data           8  alt_kf.o(.data)
    measure_num                              0x2000b538   Data           1  alt_kf.o(.data)
    k_acc                                    0x2000b540   Data           4  alt_kf.o(.data)
    sonar_av_cnt                             0x2000b544   Data           2  alt_kf.o(.data)
    sonar_f_set                              0x2000b548   Data          24  alt_kf.o(.data)
    ALT_PRES_NOISE                           0x2000b560   Data           4  alt_kf.o(.data)
    ALT_PRES_NOISE_SONAR                     0x2000b564   Data           4  alt_kf.o(.data)
    ALT_POS_SONAR2                           0x2000b568   Data           4  alt_kf.o(.data)
    ALT_POS_SONAR3                           0x2000b56c   Data           4  alt_kf.o(.data)
    sonar_h_cnt                              0x2000b570   Data           4  alt_kf.o(.data)
    sonar_temp                               0x2000b574   Data           4  alt_kf.o(.data)
    K_SONAR                                  0x2000b578   Data           4  alt_kf.o(.data)
    test_1                                   0x2000b57c   Data           2  alt_kf.o(.data)
    en_1                                     0x2000b57e   Data           1  alt_kf.o(.data)
    NOISE                                    0x2000b580   Data          12  alt_kf.o(.data)
    X_apo_height1                            0x2000b58c   Data           8  alt_kf.o(.data)
    P_apo_k_height1                          0x2000b594   Data          16  alt_kf.o(.data)
    r_baro1                                  0x2000b5a4   Data           4  alt_kf.o(.data)
    r_acc1                                   0x2000b5a8   Data           4  alt_kf.o(.data)
    k_spd                                    0x2000b5ac   Data           4  alt_kf.o(.data)
    gh                                       0x2000b5b0   Data           4  alt_kf.o(.data)
    gh_sonar                                 0x2000b5b4   Data           4  alt_kf.o(.data)
    ga                                       0x2000b5b8   Data           4  alt_kf.o(.data)
    gwa                                      0x2000b5bc   Data           4  alt_kf.o(.data)
    P_kf_baro                                0x2000b5c0   Data          72  alt_kf.o(.data)
    P_kf_sonar                               0x2000b608   Data          72  alt_kf.o(.data)
    X_apo_height                             0x2000b650   Data           8  alt_kf.o(.data)
    P_apo_k_height                           0x2000b658   Data          16  alt_kf.o(.data)
    k_bais                                   0x2000b668   Data           4  alt_kf.o(.data)
    k_bais2                                  0x2000b66c   Data           4  alt_kf.o(.data)
    r_baro                                   0x2000b670   Data           4  alt_kf.o(.data)
    r_acc                                    0x2000b674   Data           4  alt_kf.o(.data)
    gro_z_dead                               0x2000b678   Data           4  alt_kf.o(.data)
    dead_accz                                0x2000b67c   Data           4  alt_kf.o(.data)
    acc_off_baro                             0x2000b680   Data           4  alt_kf.o(.data)
    k_hcc                                    0x2000b684   Data           4  alt_kf.o(.data)
    k_hcc_fix                                0x2000b688   Data           4  alt_kf.o(.data)
    hc_acc_i_bmp                             0x2000b68c   Data           4  alt_kf.o(.data)
    accz                                     0x2000b690   Data           4  alt_kf.o(.data)
    accz_bmp                                 0x2000b694   Data           4  alt_kf.o(.data)
    acc_scale_bmp                            0x2000b698   Data           4  alt_kf.o(.data)
    acc_mask                                 0x2000b69c   Data           1  alt_kf.o(.data)
    acc_mask_cnt_max                         0x2000b69e   Data           2  alt_kf.o(.data)
    baro_ukf_dt                              0x2000b6a0   Data           4  alt_kf.o(.data)
    baro_ekf_dt                              0x2000b6a4   Data           4  alt_kf.o(.data)
    k_flt_accz                               0x2000b6a8   Data           4  alt_kf.o(.data)
    acc_est                                  0x2000b6ac   Data           4  alt_kf.o(.data)
    acc_est_imu                              0x2000b6b0   Data           4  alt_kf.o(.data)
    baro_ekf_ero                             0x2000b6b4   Data           1  alt_kf.o(.data)
    ALT_VEL_BMP_UNION                        0x2000b6b8   Data           4  alt_kf.o(.data)
    ALT_POS_BMP_UNION                        0x2000b6bc   Data           4  alt_kf.o(.data)
    baroAlt_sel                              0x2000b6c0   Data           1  alt_kf.o(.data)
    r_baro_new                               0x2000b6c4   Data          16  alt_kf.o(.data)
    g_baro_h                                 0x2000b6d4   Data           4  alt_kf.o(.data)
    g_baro_spd                               0x2000b6d8   Data           4  alt_kf.o(.data)
    acc_flag                                 0x2000b6dc   Data           8  alt_kf.o(.data)
    k_acc_ukf                                0x2000b6e4   Data           4  alt_kf.o(.data)
    MAX_ACC_NEO                              0x2000b6e8   Data           4  alt_kf.o(.data)
    flow_dt                                  0x2000b6ec   Data           4  alt_kf.o(.data)
    GPS_NOISE                                0x2000b6f0   Data           4  alt_kf.o(.data)
    k_acc_fpl_gps                            0x2000b6f4   Data           4  alt_kf.o(.data)
    q_pos                                    0x2000b6f8   Data           4  alt_kf.o(.data)
    v_q                                      0x2000b6fc   Data           4  alt_kf.o(.data)
    v_bais                                   0x2000b700   Data           4  alt_kf.o(.data)
    s_bais                                   0x2000b704   Data           4  alt_kf.o(.data)
    ALT_STATE_POS1                           0x2000b708   Data           4  alt_kf.o(.data)
    ALT_STATE_VEL1                           0x2000b70c   Data           4  alt_kf.o(.data)
    ALT_STATE_BIAS1                          0x2000b710   Data           4  alt_kf.o(.data)
    ALT_NOISE_BIAS1                          0x2000b714   Data           4  alt_kf.o(.data)
    ALT_NOISE_VEL1                           0x2000b718   Data           4  alt_kf.o(.data)
    ALT_STATE_POS_GPS                        0x2000b71c   Data           4  alt_kf.o(.data)
    ALT_STATE_VEL_GPS                        0x2000b720   Data           4  alt_kf.o(.data)
    ALT_STATE_BIAS_GPS                       0x2000b724   Data           4  alt_kf.o(.data)
    ALT_NOISE_BIAS_GPS                       0x2000b728   Data           4  alt_kf.o(.data)
    ALT_NOISE_VEL_GPS                        0x2000b72c   Data           4  alt_kf.o(.data)
    INNER_TASK_STK                           0x2000b770   Data        1536  ucos_task.o(.bss)
    OUTER_TASK_STK                           0x2000bd70   Data        6144  ucos_task.o(.bss)
    P_ekf                                    0x2000d570   Data         392  ucos_task.o(.bss)
    Att                                      0x2000d6f8   Data          32  ucos_task.o(.bss)
    x_apo                                    0x2000d718   Data          48  ucos_task.o(.bss)
    Rot_matrix                               0x2000d748   Data          36  ucos_task.o(.bss)
    eulerAngles                              0x2000d76c   Data          12  ucos_task.o(.bss)
    q_ekf                                    0x2000d778   Data          16  ucos_task.o(.bss)
    EKF_TASK_STK                             0x2000d788   Data       20736  ucos_task.o(.bss)
    BARO_TASK_STK                            0x20012888   Data        2048  ucos_task.o(.bss)
    SONAR_TASK_STK                           0x20013088   Data         512  ucos_task.o(.bss)
    FLOW_TASK_STK                            0x20013288   Data         768  ucos_task.o(.bss)
    xBuf1                                    0x20013678   Data          12  ucos_task.o(.bss)
    yBuf1                                    0x20013684   Data          12  ucos_task.o(.bss)
    xBuf2                                    0x20013690   Data          12  ucos_task.o(.bss)
    yBuf2                                    0x2001369c   Data          12  ucos_task.o(.bss)
    xBuf3                                    0x200136a8   Data          12  ucos_task.o(.bss)
    yBuf3                                    0x200136b4   Data          12  ucos_task.o(.bss)
    acc_neo                                  0x200136c0   Data          12  ucos_task.o(.bss)
    flow_ground_temp                         0x200136cc   Data          16  ucos_task.o(.bss)
    flow_matlab_data                         0x200136dc   Data          16  ucos_task.o(.bss)
    flow_rad_use                             0x200136f0   Data          48  ucos_task.o(.bss)
    px4_test                                 0x20013720   Data          16  ucos_task.o(.bss)
    ERROR_TASK_STK                           0x20013730   Data         256  ucos_task.o(.bss)
    START_TASK_STK                           0x20013878   Data         256  main.o(.bss)
    MsgGrp                                   0x20013978   Data        1024  main.o(.bss)
    module                                   0x20013d78   Data          11  main.o(.bss)
    mcuID                                    0x20013d84   Data          12  main.o(.bss)
    OSEventTbl                               0x20013d90   Data         200  os_core.o(.bss)
    OSFlagTbl                                0x20013e58   Data          80  os_core.o(.bss)
    OSTaskStatStk                            0x20013ea8   Data         512  os_core.o(.bss)
    OSTaskIdleStk                            0x200140a8   Data         512  os_core.o(.bss)
    OSTCBPrioTbl                             0x200142a8   Data         256  os_core.o(.bss)
    OSTCBTbl                                 0x200143a8   Data        1848  os_core.o(.bss)
    OSQTbl                                   0x20014ae0   Data         120  os_core.o(.bss)
    OSTmrTbl                                 0x20014b58   Data         640  os_core.o(.bss)
    OSTmrTaskStk                             0x20014dd8   Data         512  os_core.o(.bss)
    OSTmrWheelTbl                            0x20014fd8   Data          64  os_core.o(.bss)
    FLASH_READ_BUF                           0x20015018   Data         100  flash.o(.bss)
    FLASH_Buffer                             0x2001507c   Data         100  flash.o(.bss)
    W25QXX_BUFFER                            0x200150e0   Data        4096  flash_w25.o(.bss)
    Cycle_T                                  0x200160e0   Data         360  time.o(.bss)
    qr                                       0x20016248   Data          76  usart_fc.o(.bss)
    color                                    0x20016294   Data          20  usart_fc.o(.bss)
    HPID                                     0x200162a8   Data          18  usart_fc.o(.bss)
    SPID                                     0x200162ba   Data          18  usart_fc.o(.bss)
    FIX_PID                                  0x200162cc   Data          18  usart_fc.o(.bss)
    NAV_PID                                  0x200162de   Data          18  usart_fc.o(.bss)
    pid                                      0x200162f0   Data         224  usart_fc.o(.bss)
    Rc_Get                                   0x200163d0   Data          20  usart_fc.o(.bss)
    plane                                    0x200163e4   Data         116  usart_fc.o(.bss)
    slam                                     0x20016458   Data          20  usart_fc.o(.bss)
    imu_nav                                  0x2001646c   Data         104  usart_fc.o(.bss)
    mode                                     0x200164d4   Data          53  usart_fc.o(.bss)
    flow_debug                               0x2001650c   Data          40  usart_fc.o(.bss)
    par                                      0x20016534   Data          48  usart_fc.o(.bss)
    RxBuffer                                 0x20016564   Data          50  usart_fc.o(.bss)
    sd_save                                  0x20016598   Data          80  usart_fc.o(.bss)
    flow_5a                                  0x200165e8   Data          24  usart_fc.o(.bss)
    RxBuffer_u1                              0x20016600   Data          50  usart_fc.o(.bss)
    USART3_TX_BUF                            0x20016638   Data         800  usart_fc.o(.bss)
    USART3_RX_BUF                            0x20016958   Data         800  usart_fc.o(.bss)
    USART1_TX_BUF                            0x20016c78   Data         800  usart_fc.o(.bss)
    gpsx                                     0x20016f98   Data         323  usart_fc.o(.bss)
    buf_imu_dj                               0x200170db   Data          20  usart_fc.o(.bss)
    angle_imu_dj                             0x200170f0   Data          12  usart_fc.o(.bss)
    RxBuffer11                               0x200170fc   Data          50  usart_fc.o(.bss)
    buf_GNVTG                                0x2001712e   Data          65  usart_fc.o(.bss)
    laser_buf                                0x20017170   Data         720  usart_fc.o(.bss)
    m100                                     0x20017440   Data         120  usart_fc.o(.bss)
    debug_pi_flow                            0x200174b8   Data          80  usart_fc.o(.bss)
    pi_flow                                  0x20017508   Data         356  usart_fc.o(.bss)
    RxBuffer4_test                           0x2001766c   Data          25  usart_fc.o(.bss)
    RxBuffer4                                0x20017685   Data          50  usart_fc.o(.bss)
    RxBuffer3                                0x200176b7   Data          50  usart_fc.o(.bss)
    SendBuff1                                0x200176e9   Data          64  usart_fc.o(.bss)
    SendBuff2                                0x20017729   Data         384  usart_fc.o(.bss)
    SendBuff3                                0x200178a9   Data          32  usart_fc.o(.bss)
    SendBuff4                                0x200178c9   Data          64  usart_fc.o(.bss)
    flow                                     0x20017910   Data         112  usart_fc.o(.bss)
    flow_rad                                 0x20017980   Data          48  usart_fc.o(.bss)
    wifiCtrl                                 0x20017b38   Data          27  wifi_ctrl.o(.bss)
    lis3mdl                                  0x20017b58   Data         292  lis3mdl.o(.bss)
    acc_lsq                                  0x20017c7c   Data         168  lis3mdl.o(.bss)
    sum_temp                                 0x20017d24   Data          28  lis3mdl.o(.bss)
    sum_temp_3d                              0x20017d40   Data          28  lis3mdl.o(.bss)
    mpu6050                                  0x20018488   Data         188  mpu6050.o(.bss)
    mpu6050_r                                0x20018544   Data         188  mpu6050.o(.bss)
    imu_fushion                              0x20018600   Data         188  mpu6050.o(.bss)
    med_filter_tmp                           0x200186bc   Data        2800  fliter.o(.bss)
    med_filter_out                           0x200191ac   Data         140  fliter.o(.bss)
    med_fil_cnt                              0x20019238   Data          35  fliter.o(.bss)
    firstOrderFilters                        0x2001925c   Data         400  fliter.o(.bss)
    Butter_Buffer                            0x200193ec   Data          72  fliter.o(.bss)
    Butter_Buffer_Feedback                   0x20019434   Data          72  fliter.o(.bss)
    now_dj                                   0x2001947c   Data          16  ultrasonic.o(.bss)
    lastUpdate_dj                            0x2001948c   Data          16  ultrasonic.o(.bss)
    flow_per_out                             0x200194f4   Data          16  flow.o(.bss)
    q_nav                                    0x20019528   Data          16  imu.o(.bss)
    reference_v                              0x20019538   Data          12  imu.o(.bss)
    ref                                      0x20019544   Data          60  imu.o(.bss)
    reference_vr                             0x20019580   Data          12  imu.o(.bss)
    mag_sim_3d                               0x2001958c   Data          12  imu.o(.bss)
    acc_3d_hg                                0x20019598   Data          12  imu.o(.bss)
    acc_ng                                   0x200195a4   Data          12  imu.o(.bss)
    acc_ng_offset                            0x200195b0   Data          12  imu.o(.bss)
    yaw_mag_view                             0x200195bc   Data          20  imu.o(.bss)
    X_kf_yaw                                 0x200195d0   Data          16  imu.o(.bss)
    reference_vr_imd_down                    0x200195ec   Data          12  imu_m.o(.bss)
    reference_vr_imd_down_fc                 0x200195f8   Data          12  imu_m.o(.bss)
    navUkfData                               0x20019608   Data        1120  nav_ukf.o(.bss)
    acc_ukf_neo                              0x20019c78   Data          12  nav_ukf.o(.bss)
    runData                                  0x20019c84   Data         328  nav_ukf.o(.bss)
    X_ukf                                    0x20019e00   Data          64  ukf_task.o(.bss)
    X_ukf_global                             0x20019e40   Data          64  ukf_task.o(.bss)
    X_ukf_baro                               0x20019e80   Data          48  ukf_task.o(.bss)
    X_KF_NAV                                 0x20019ff0   Data          48  ukf_task.o(.bss)
    X_KF_NAV_HB                              0x2001a020   Data          48  ukf_task.o(.bss)
    state_correct_posx                       0x2001a050   Data          48  ukf_task.o(.bss)
    state_correct_posy                       0x2001a080   Data          48  ukf_task.o(.bss)
    X_kf2_x                                  0x2001a0b0   Data          24  ukf_task.o(.bss)
    X_kf2_y                                  0x2001a0c8   Data          24  ukf_task.o(.bss)
    X_f                                      0x2001a0e0   Data          12  ukf_task.o(.bss)
    P_f                                      0x2001a0ec   Data          36  ukf_task.o(.bss)
    K_GPS                                    0x2001a110   Data          32  ukf_task.o(.bss)
    Position_History                         0x2001a130   Data         320  ukf_task.o(.bss)
    Vel_History                              0x2001a270   Data         320  ukf_task.o(.bss)
    pos_correction                           0x2001a3b0   Data          12  ukf_task.o(.bss)
    acc_correction                           0x2001a3bc   Data          12  ukf_task.o(.bss)
    vel_correction                           0x2001a3c8   Data          12  ukf_task.o(.bss)
    SpeedDealt                               0x2001a3d4   Data          12  ukf_task.o(.bss)
    SINS_Accel_Body                          0x2001a3e0   Data          12  ukf_task.o(.bss)
    Distance                                 0x2001a7b0   Data         100  alt_kf.o(.bss)
    ultra                                    0x2001a820   Data          20  alt_kf.o(.bss)
    sonar_av_arr                             0x2001a834   Data          20  alt_kf.o(.bss)
    sonar                                    0x2001a848   Data          24  alt_kf.o(.bss)
    sonar_fusion                             0x2001a860   Data          68  alt_kf.o(.bss)
    sonar_h_arr                              0x2001a8a4   Data          44  alt_kf.o(.bss)
    X_kf_baro                                0x2001a8d0   Data          24  alt_kf.o(.bss)
    X_kf_baro_temp                           0x2001a8e8   Data          24  alt_kf.o(.bss)
    X_kf_sonar                               0x2001a900   Data          24  alt_kf.o(.bss)
    acc_z_view                               0x2001a9b8   Data          12  alt_kf.o(.bss)
    state_correct_baro                       0x2001a9c8   Data          48  alt_kf.o(.bss)
    Global_GPS_Sensor                        0x2001a9f8   Data         208  alt_kf.o(.bss)
    v_test                                   0x2001aac8   Data          16  alt_kf.o(.bss)
    Last_GPS                                 0x2001aad8   Data          16  alt_kf.o(.bss)
    TAR_GPS                                  0x2001aae8   Data          16  alt_kf.o(.bss)
    hml_lsq                                  0x2001aaf8   Data         168  cycle_cal_oldx.o(.bss)
    __libspace_start                         0x2001aba0   Data          96  libspace.o(.bss)
    __temporary_stack_top$libspace           0x2001ac00   Data           0  libspace.o(.bss)



==============================================================================

Memory Map of the image

  Image Entry point : 0x08000189

  Load Region LR_IROM1 (Base: 0x08000000, Size: 0x0003acbc, Max: 0x00100000, ABSOLUTE, COMPRESSED[0x00030120])

    Execution Region ER_IROM1 (Base: 0x08000000, Size: 0x0002f550, Max: 0x00100000, ABSOLUTE)

    Base Addr    Size         Type   Attr      Idx    E Section Name        Object

    0x08000000   0x00000188   Data   RO          639    RESET               startup_stm32f40_41xxx.o
    0x08000188   0x00000008   Code   RO         2216  * !!!main             c_w.l(__main.o)
    0x08000190   0x00000034   Code   RO         2743    !!!scatter          c_w.l(__scatter.o)
    0x080001c4   0x0000005a   Code   RO         2741    !!dczerorl2         c_w.l(__dczerorl2.o)
    0x0800021e   0x00000002   PAD
    0x08000220   0x0000001c   Code   RO         2745    !!handler_zi        c_w.l(__scatter_zi.o)
    0x0800023c   0x00000002   Code   RO         2667    .ARM.Collect$$libinit$$00000000  c_w.l(libinit.o)
    0x0800023e   0x00000004   Code   RO         2597    .ARM.Collect$$libinit$$00000001  c_w.l(libinit2.o)
    0x08000242   0x00000000   Code   RO         2600    .ARM.Collect$$libinit$$00000004  c_w.l(libinit2.o)
    0x08000242   0x00000000   Code   RO         2603    .ARM.Collect$$libinit$$0000000A  c_w.l(libinit2.o)
    0x08000242   0x00000000   Code   RO         2605    .ARM.Collect$$libinit$$0000000C  c_w.l(libinit2.o)
    0x08000242   0x00000000   Code   RO         2607    .ARM.Collect$$libinit$$0000000E  c_w.l(libinit2.o)
    0x08000242   0x00000000   Code   RO         2610    .ARM.Collect$$libinit$$00000011  c_w.l(libinit2.o)
    0x08000242   0x00000000   Code   RO         2612    .ARM.Collect$$libinit$$00000013  c_w.l(libinit2.o)
    0x08000242   0x00000000   Code   RO         2614    .ARM.Collect$$libinit$$00000015  c_w.l(libinit2.o)
    0x08000242   0x00000000   Code   RO         2616    .ARM.Collect$$libinit$$00000017  c_w.l(libinit2.o)
    0x08000242   0x00000000   Code   RO         2618    .ARM.Collect$$libinit$$00000019  c_w.l(libinit2.o)
    0x08000242   0x00000000   Code   RO         2620    .ARM.Collect$$libinit$$0000001B  c_w.l(libinit2.o)
    0x08000242   0x00000000   Code   RO         2622    .ARM.Collect$$libinit$$0000001D  c_w.l(libinit2.o)
    0x08000242   0x00000000   Code   RO         2624    .ARM.Collect$$libinit$$0000001F  c_w.l(libinit2.o)
    0x08000242   0x00000000   Code   RO         2626    .ARM.Collect$$libinit$$00000021  c_w.l(libinit2.o)
    0x08000242   0x00000000   Code   RO         2628    .ARM.Collect$$libinit$$00000023  c_w.l(libinit2.o)
    0x08000242   0x00000000   Code   RO         2630    .ARM.Collect$$libinit$$00000025  c_w.l(libinit2.o)
    0x08000242   0x00000000   Code   RO         2634    .ARM.Collect$$libinit$$0000002C  c_w.l(libinit2.o)
    0x08000242   0x00000000   Code   RO         2636    .ARM.Collect$$libinit$$0000002E  c_w.l(libinit2.o)
    0x08000242   0x00000000   Code   RO         2638    .ARM.Collect$$libinit$$00000030  c_w.l(libinit2.o)
    0x08000242   0x00000000   Code   RO         2640    .ARM.Collect$$libinit$$00000032  c_w.l(libinit2.o)
    0x08000242   0x00000002   Code   RO         2641    .ARM.Collect$$libinit$$00000033  c_w.l(libinit2.o)
    0x08000244   0x00000002   Code   RO         2738    .ARM.Collect$$libshutdown$$00000000  c_w.l(libshutdown.o)
    0x08000246   0x00000000   Code   RO         2692    .ARM.Collect$$libshutdown$$00000002  c_w.l(libshutdown2.o)
    0x08000246   0x00000000   Code   RO         2694    .ARM.Collect$$libshutdown$$00000004  c_w.l(libshutdown2.o)
    0x08000246   0x00000000   Code   RO         2697    .ARM.Collect$$libshutdown$$00000007  c_w.l(libshutdown2.o)
    0x08000246   0x00000000   Code   RO         2700    .ARM.Collect$$libshutdown$$0000000A  c_w.l(libshutdown2.o)
    0x08000246   0x00000000   Code   RO         2702    .ARM.Collect$$libshutdown$$0000000C  c_w.l(libshutdown2.o)
    0x08000246   0x00000000   Code   RO         2705    .ARM.Collect$$libshutdown$$0000000F  c_w.l(libshutdown2.o)
    0x08000246   0x00000002   Code   RO         2706    .ARM.Collect$$libshutdown$$00000010  c_w.l(libshutdown2.o)
    0x08000248   0x00000000   Code   RO         2430    .ARM.Collect$$rtentry$$00000000  c_w.l(__rtentry.o)
    0x08000248   0x00000000   Code   RO         2559    .ARM.Collect$$rtentry$$00000002  c_w.l(__rtentry2.o)
    0x08000248   0x00000006   Code   RO         2571    .ARM.Collect$$rtentry$$00000004  c_w.l(__rtentry4.o)
    0x0800024e   0x00000000   Code   RO         2561    .ARM.Collect$$rtentry$$00000009  c_w.l(__rtentry2.o)
    0x0800024e   0x00000004   Code   RO         2562    .ARM.Collect$$rtentry$$0000000A  c_w.l(__rtentry2.o)
    0x08000252   0x00000000   Code   RO         2564    .ARM.Collect$$rtentry$$0000000C  c_w.l(__rtentry2.o)
    0x08000252   0x00000008   Code   RO         2565    .ARM.Collect$$rtentry$$0000000D  c_w.l(__rtentry2.o)
    0x0800025a   0x00000002   Code   RO         2677    .ARM.Collect$$rtexit$$00000000  c_w.l(rtexit.o)
    0x0800025c   0x00000000   Code   RO         2712    .ARM.Collect$$rtexit$$00000002  c_w.l(rtexit2.o)
    0x0800025c   0x00000004   Code   RO         2713    .ARM.Collect$$rtexit$$00000003  c_w.l(rtexit2.o)
    0x08000260   0x00000006   Code   RO         2714    .ARM.Collect$$rtexit$$00000004  c_w.l(rtexit2.o)
    0x08000266   0x00000002   PAD
    0x08000268   0x000025c0   Code   RO            3    .text               ucos_task.o
    0x08002828   0x000002dc   Code   RO          401    .text               main.o
    0x08002b04   0x00000100   Code   RO          504    .text               rt_nonfinite.o
    0x08002c04   0x000000c8   Code   RO          534    .text               rtgetnan.o
    0x08002ccc   0x00000134   Code   RO          550    .text               rtgetinf.o
    0x08002e00   0x00000016   Code   RO          564    .text               stm32f4xx_it.o
    0x08002e16   0x00000002   PAD
    0x08002e18   0x00000210   Code   RO          613    .text               system_stm32f4xx.o
    0x08003028   0x00000040   Code   RO          640    .text               startup_stm32f40_41xxx.o
    0x08003068   0x00000108   Code   RO          646    .text               delay.o
    0x08003170   0x000000e0   Code   RO          686    .text               misc.o
    0x08003250   0x00000294   Code   RO          706    .text               stm32f4xx_gpio.o
    0x080034e4   0x0000065c   Code   RO          749    .text               stm32f4xx_rcc.o
    0x08003b40   0x00000094   Code   RO          771    .text               stm32f4xx_syscfg.o
    0x08003bd4   0x00000454   Code   RO          791    .text               stm32f4xx_usart.o
    0x08004028   0x00000ca2   Code   RO          811    .text               stm32f4xx_tim.o
    0x08004cca   0x00000002   PAD
    0x08004ccc   0x00000694   Code   RO          831    .text               stm32f4xx_flash.o
    0x08005360   0x00000110   Code   RO          851    .text               stm32f4xx_exti.o
    0x08005470   0x00000480   Code   RO          891    .text               stm32f4xx_spi.o
    0x080058f0   0x000003a8   Code   RO          911    .text               stm32f4xx_dma.o
    0x08005c98   0x00000040   Code   RO          951    .text               stm32f4xx_iwdg.o
    0x08005cd8   0x00000894   Code   RO          991    .text               os_core.o
    0x0800656c   0x0000080c   Code   RO         1019    .text               os_flag.o
    0x08006d78   0x000003cc   Code   RO         1039    .text               os_mbox.o
    0x08007144   0x000005e8   Code   RO         1093    .text               os_q.o
    0x0800772c   0x0000038c   Code   RO         1113    .text               os_sem.o
    0x08007ab8   0x000007c4   Code   RO         1133    .text               os_task.o
    0x0800827c   0x000001b0   Code   RO         1153    .text               os_time.o
    0x0800842c   0x00000634   Code   RO         1173    .text               os_tmr.o
    0x08008a60   0x000000c8   Code   RO         1191    .text               os_cpu_a.o
    0x08008b28   0x000001e8   Code   RO         1196    .text               os_cpu_c.o
    0x08008d10   0x00000454   Code   RO         1226    .text               iic1.o
    0x08009164   0x000006d4   Code   RO         1246    .text               led_fc.o
    0x08009838   0x00000f24   Code   RO         1275    .text               flash.o
    0x0800a75c   0x0000051c   Code   RO         1299    .text               flash_w25.o
    0x0800ac78   0x00000268   Code   RO         1330    .text               time.o
    0x0800aee0   0x000000e8   Code   RO         1361    .text               dma.o
    0x0800afc8   0x0000002c   Code   RO         1381    .text               watch_dog.o
    0x0800aff4   0x00000904   Code   RO         1422    .text               gps.o
    0x0800b8f8   0x00009608   Code   RO         1446    .text               usart_fc.o
    0x08014f00   0x00000284   Code   RO         1508    .text               wifi_ctrl.o
    0x08015184   0x00002134   Code   RO         1538    .text               lis3mdl.o
    0x080172b8   0x000000a8   Code   RO         1569    .text               mpu6050.o
    0x08017360   0x000008fc   Code   RO         1596    .text               fliter.o
    0x08017c5c   0x00000ac0   Code   RO         1627    .text               ultrasonic.o
    0x0801871c   0x00000ac4   Code   RO         1678    .text               flow.o
    0x080191e0   0x000013f8   Code   RO         1703    .text               fastmath.o
    0x0801a5d8   0x000009ae   Code   RO         1724    .text               my_math.o
    0x0801af86   0x00000002   PAD
    0x0801af88   0x00001000   Code   RO         1785    .text               imu_m.o
    0x0801bf88   0x000018d0   Code   RO         1837    .text               kf_oldx_nav.o
    0x0801d858   0x00004308   Code   RO         1866    .text               nav_ukf.o
    0x08021b60   0x00005118   Code   RO         1893    .text               ukf_task.o
    0x08026c78   0x00002fe8   Code   RO         1949    .text               alt_kf.o
    0x08029c60   0x00000100   Code   RO         2016    .text               arm_cortexM4lf_math.lib(arm_std_f32.o)
    0x08029d60   0x00000a18   Code   RO         2060    .text               cycle_cal_oldx.lib(cycle_cal_oldx.o)
    0x0802a778   0x0000004e   Code   RO         2154    .text               c_w.l(h1_free.o)
    0x0802a7c6   0x00000024   Code   RO         2208    .text               c_w.l(strstr.o)
    0x0802a7ea   0x00000064   Code   RO         2210    .text               c_w.l(rt_memcpy_w.o)
    0x0802a84e   0x0000004e   Code   RO         2212    .text               c_w.l(rt_memclr_w.o)
    0x0802a89c   0x00000006   Code   RO         2214    .text               c_w.l(heapauxi.o)
    0x0802a8a2   0x00000002   PAD
    0x0802a8a4   0x00000008   Code   RO         2434    .text               c_w.l(rt_heap_descriptor_intlibspace.o)
    0x0802a8ac   0x00000016   Code   RO         2458    .text               c_w.l(_rserrno.o)
    0x0802a8c2   0x00000002   PAD
    0x0802a8c4   0x00000008   Code   RO         2555    .text               c_w.l(libspace.o)
    0x0802a8cc   0x00000008   Code   RO         2576    .text               c_w.l(rt_errno_addr_intlibspace.o)
    0x0802a8d4   0x0000004a   Code   RO         2646    .text               c_w.l(sys_stackheap_outer.o)
    0x0802a91e   0x00000012   Code   RO         2654    .text               c_w.l(exit.o)
    0x0802a930   0x0000000c   Code   RO         2672    .text               c_w.l(sys_exit.o)
    0x0802a93c   0x00000002   Code   RO         2674    .text               c_w.l(use_no_semi.o)
    0x0802a93e   0x00000000   Code   RO         2676    .text               c_w.l(indicate_semi.o)
    0x0802a93e   0x00000030   Code   RO         2508    i.__ARM_fpclassify  m_wm.l(fpclassify.o)
    0x0802a96e   0x00000026   Code   RO         2510    i.__ARM_fpclassifyf  m_wm.l(fpclassifyf.o)
    0x0802a994   0x00000004   PAD
    0x0802a998   0x00000358   Code   RO         2252    i.__hardfp_acos     m_wm.l(acos.o)
    0x0802acf0   0x00000360   Code   RO         2266    i.__hardfp_asin     m_wm.l(asin.o)
    0x0802b050   0x0000012c   Code   RO         2280    i.__hardfp_asinf    m_wm.l(asinf.o)
    0x0802b17c   0x00000250   Code   RO         2304    i.__hardfp_atan2f   m_wm.l(atan2f.o)
    0x0802b3cc   0x00000160   Code   RO         2316    i.__hardfp_atanf    m_wm.l(atanf.o)
    0x0802b52c   0x00000004   PAD
    0x0802b530   0x000000c8   Code   RO         2328    i.__hardfp_cos      m_wm.l(cos.o)
    0x0802b5f8   0x00000150   Code   RO         2340    i.__hardfp_cosf     m_wm.l(cosf.o)
    0x0802b748   0x00000014   Code   RO         2352    i.__hardfp_fabs     m_wm.l(fabs.o)
    0x0802b75c   0x00000004   PAD
    0x0802b760   0x00000118   Code   RO         2358    i.__hardfp_floor    m_wm.l(floor.o)
    0x0802b878   0x00000c50   Code   RO         2364    i.__hardfp_pow      m_wm.l(pow.o)
    0x0802c4c8   0x00000664   Code   RO         2378    i.__hardfp_powf     m_wm.l(powf.o)
    0x0802cb2c   0x00000004   PAD
    0x0802cb30   0x000000c8   Code   RO         2392    i.__hardfp_sin      m_wm.l(sin.o)
    0x0802cbf8   0x00000190   Code   RO         2404    i.__hardfp_sinf     m_wm.l(sinf.o)
    0x0802cd88   0x0000007a   Code   RO         2416    i.__hardfp_sqrt     m_wm.l(sqrt.o)
    0x0802ce02   0x00000006   PAD
    0x0802ce08   0x00000438   Code   RO         2529    i.__ieee754_rem_pio2  m_wm.l(rred.o)
    0x0802d240   0x00000170   Code   RO         2491    i.__kernel_cos      m_wm.l(cos_i.o)
    0x0802d3b0   0x000000f8   Code   RO         2526    i.__kernel_poly     m_wm.l(poly.o)
    0x0802d4a8   0x00000130   Code   RO         2537    i.__kernel_sin      m_wm.l(sin_i.o)
    0x0802d5d8   0x00000030   Code   RO         2494    i.__mathlib_dbl_divzero  m_wm.l(dunder.o)
    0x0802d608   0x00000014   Code   RO         2495    i.__mathlib_dbl_infnan  m_wm.l(dunder.o)
    0x0802d61c   0x00000014   Code   RO         2496    i.__mathlib_dbl_infnan2  m_wm.l(dunder.o)
    0x0802d630   0x00000020   Code   RO         2497    i.__mathlib_dbl_invalid  m_wm.l(dunder.o)
    0x0802d650   0x00000020   Code   RO         2498    i.__mathlib_dbl_overflow  m_wm.l(dunder.o)
    0x0802d670   0x00000020   Code   RO         2500    i.__mathlib_dbl_underflow  m_wm.l(dunder.o)
    0x0802d690   0x00000014   Code   RO         2512    i.__mathlib_flt_divzero  m_wm.l(funder.o)
    0x0802d6a4   0x00000006   Code   RO         2513    i.__mathlib_flt_infnan  m_wm.l(funder.o)
    0x0802d6aa   0x00000006   Code   RO         2514    i.__mathlib_flt_infnan2  m_wm.l(funder.o)
    0x0802d6b0   0x00000010   Code   RO         2515    i.__mathlib_flt_invalid  m_wm.l(funder.o)
    0x0802d6c0   0x00000010   Code   RO         2516    i.__mathlib_flt_overflow  m_wm.l(funder.o)
    0x0802d6d0   0x00000010   Code   RO         2518    i.__mathlib_flt_underflow  m_wm.l(funder.o)
    0x0802d6e0   0x00000154   Code   RO         2534    i.__mathlib_rredf2  m_wm.l(rredf.o)
    0x0802d834   0x00000018   Code   RO         2354    i.fabs              m_wm.l(fabs.o)
    0x0802d84c   0x0000006e   Code   RO         2418    i.sqrt              m_wm.l(sqrt.o)
    0x0802d8ba   0x0000003e   Code   RO         2545    i.sqrtf             m_wm.l(sqrtf.o)
    0x0802d8f8   0x00000018   Code   RO         2218    x$fpl$basic         fz_wm.l(basic.o)
    0x0802d910   0x00000062   Code   RO         2220    x$fpl$d2f           fz_wm.l(d2f.o)
    0x0802d972   0x00000002   PAD
    0x0802d974   0x00000150   Code   RO         2222    x$fpl$dadd          fz_wm.l(daddsub_clz.o)
    0x0802dac4   0x00000010   Code   RO         2642    x$fpl$dcheck1       fz_wm.l(dcheck1.o)
    0x0802dad4   0x00000018   Code   RO         2460    x$fpl$dcmpinf       fz_wm.l(dcmpi.o)
    0x0802daec   0x000002b0   Code   RO         2229    x$fpl$ddiv          fz_wm.l(ddiv.o)
    0x0802dd9c   0x00000078   Code   RO         2232    x$fpl$deqf          fz_wm.l(deqf.o)
    0x0802de14   0x0000005e   Code   RO         2234    x$fpl$dfix          fz_wm.l(dfix.o)
    0x0802de72   0x0000002e   Code   RO         2239    x$fpl$dflt          fz_wm.l(dflt_clz.o)
    0x0802dea0   0x00000026   Code   RO         2238    x$fpl$dfltu         fz_wm.l(dflt_clz.o)
    0x0802dec6   0x00000002   PAD
    0x0802dec8   0x00000078   Code   RO         2244    x$fpl$dleqf         fz_wm.l(dleqf.o)
    0x0802df40   0x00000154   Code   RO         2246    x$fpl$dmul          fz_wm.l(dmul.o)
    0x0802e094   0x0000009c   Code   RO         2462    x$fpl$dnaninf       fz_wm.l(dnaninf.o)
    0x0802e130   0x0000000c   Code   RO         2464    x$fpl$dretinf       fz_wm.l(dretinf.o)
    0x0802e13c   0x0000006c   Code   RO         2248    x$fpl$drleqf        fz_wm.l(drleqf.o)
    0x0802e1a8   0x00000016   Code   RO         2223    x$fpl$drsb          fz_wm.l(daddsub_clz.o)
    0x0802e1be   0x00000002   PAD
    0x0802e1c0   0x00000198   Code   RO         2466    x$fpl$dsqrt         fz_wm.l(dsqrt_umaal.o)
    0x0802e358   0x000001d4   Code   RO         2224    x$fpl$dsub          fz_wm.l(daddsub_clz.o)
    0x0802e52c   0x00000056   Code   RO         2250    x$fpl$f2d           fz_wm.l(f2d.o)
    0x0802e582   0x0000008c   Code   RO         2468    x$fpl$fnaninf       fz_wm.l(fnaninf.o)
    0x0802e60e   0x0000000a   Code   RO         2668    x$fpl$fpinit        fz_wm.l(fpinit.o)
    0x0802e618   0x0000000a   Code   RO         2470    x$fpl$fretinf       fz_wm.l(fretinf.o)
    0x0802e622   0x00000064   Code   RO         2670    x$fpl$retnan        fz_wm.l(retnan.o)
    0x0802e686   0x0000005c   Code   RO         2474    x$fpl$scalbn        fz_wm.l(scalbn.o)
    0x0802e6e2   0x00000030   Code   RO         2707    x$fpl$trapveneer    fz_wm.l(trapv.o)
    0x0802e712   0x00000000   Code   RO         2476    x$fpl$usenofp       fz_wm.l(usenofp.o)
    0x0802e712   0x00000100   Data   RO          993    .constdata          os_core.o
    0x0802e812   0x00000002   PAD
    0x0802e814   0x00000880   Data   RO         1704    .constdata          fastmath.o
    0x0802f094   0x00000004   PAD
    0x0802f098   0x0000003c   Data   RO         1838    .constdata          kf_oldx_nav.o
    0x0802f0d4   0x00000004   PAD
    0x0802f0d8   0x000000a8   Data   RO         1895    .constdata          ukf_task.o
    0x0802f180   0x00000050   Data   RO         2255    .constdata          m_wm.l(acos.o)
    0x0802f1d0   0x00000050   Data   RO         2269    .constdata          m_wm.l(asin.o)
    0x0802f220   0x00000088   Data   RO         2367    .constdata          m_wm.l(pow.o)
    0x0802f2a8   0x00000140   Data   RO         2381    .constdata          m_wm.l(powf.o)
    0x0802f3e8   0x00000030   Data   RO         2492    .constdata          m_wm.l(cos_i.o)
    0x0802f418   0x00000008   Data   RO         2528    .constdata          m_wm.l(qnan.o)
    0x0802f420   0x000000c8   Data   RO         2531    .constdata          m_wm.l(rred.o)
    0x0802f4e8   0x00000020   Data   RO         2535    .constdata          m_wm.l(rredf.o)
    0x0802f508   0x00000028   Data   RO         2538    .constdata          m_wm.l(sin_i.o)
    0x0802f530   0x00000020   Data   RO         2739    Region$$Table       anon$$obj.o


    Execution Region RW_IRAM1 (Base: 0x20000000, Size: 0x0001b200, Max: 0x00020000, ABSOLUTE, COMPRESSED[0x00000bd0])

    Base Addr    Size         Type   Attr      Idx    E Section Name        Object

    0x20000000   0x0000a000   Data   RW         1951    .ccm                alt_kf.o
    0x2000a000   0x0000042c   Data   RW            5    .data               ucos_task.o
    0x2000a42c   0x00000010   Data   RW          403    .data               main.o
    0x2000a43c   0x00000018   Data   RW          478    .data               error.o
    0x2000a454   0x00000004   PAD
    0x2000a458   0x00000024   Data   RW          505    .data               rt_nonfinite.o
    0x2000a47c   0x00000014   Data   RW          614    .data               system_stm32f4xx.o
    0x2000a490   0x00000004   Data   RW          647    .data               delay.o
    0x2000a494   0x00000010   Data   RW          750    .data               stm32f4xx_rcc.o
    0x2000a4a4   0x0000005c   Data   RW          994    .data               os_core.o
    0x2000a500   0x00000006   Data   RW         1197    .data               os_cpu_c.o
    0x2000a506   0x00000008   Data   RW         1247    .data               led_fc.o
    0x2000a50e   0x00000002   PAD
    0x2000a510   0x00000004   Data   RW         1277    .data               flash.o
    0x2000a514   0x00000002   Data   RW         1301    .data               flash_w25.o
    0x2000a516   0x00000002   PAD
    0x2000a518   0x00000008   Data   RW         1424    .data               gps.o
    0x2000a520   0x0000025a   Data   RW         1448    .data               usart_fc.o
    0x2000a77a   0x0000000c   Data   RW         1510    .data               wifi_ctrl.o
    0x2000a786   0x00000002   PAD
    0x2000a788   0x0000027f   Data   RW         1540    .data               lis3mdl.o
    0x2000aa07   0x00000001   PAD
    0x2000aa08   0x00000104   Data   RW         1598    .data               fliter.o
    0x2000ab0c   0x00000004   PAD
    0x2000ab10   0x00000096   Data   RW         1629    .data               ultrasonic.o
    0x2000aba6   0x00000002   PAD
    0x2000aba8   0x00000030   Data   RW         1657    .data               hml_sample.o
    0x2000abd8   0x00000069   Data   RW         1680    .data               flow.o
    0x2000ac41   0x00000003   PAD
    0x2000ac44   0x00000404   Data   RW         1725    .data               my_math.o
    0x2000b048   0x000000a6   Data   RW         1749    .data               imu.o
    0x2000b0ee   0x00000002   PAD
    0x2000b0f0   0x00000079   Data   RW         1787    .data               imu_m.o
    0x2000b169   0x00000001   Data   RW         1839    .data               kf_oldx_nav.o
    0x2000b16a   0x00000006   PAD
    0x2000b170   0x0000010e   Data   RW         1868    .data               nav_ukf.o
    0x2000b27e   0x00000002   PAD
    0x2000b280   0x00000268   Data   RW         1896    .data               ukf_task.o
    0x2000b4e8   0x00000282   Data   RW         1952    .data               alt_kf.o
    0x2000b76a   0x00000006   PAD
    0x2000b770   0x00008108   Zero   RW            4    .bss                ucos_task.o
    0x20013878   0x00000518   Zero   RW          402    .bss                main.o
    0x20013d90   0x00001288   Zero   RW          992    .bss                os_core.o
    0x20015018   0x000000c8   Zero   RW         1276    .bss                flash.o
    0x200150e0   0x00001000   Zero   RW         1300    .bss                flash_w25.o
    0x200160e0   0x00000168   Zero   RW         1331    .bss                time.o
    0x20016248   0x000018f0   Zero   RW         1447    .bss                usart_fc.o
    0x20017b38   0x0000001b   Zero   RW         1509    .bss                wifi_ctrl.o
    0x20017b53   0x00000005   PAD
    0x20017b58   0x00000930   Zero   RW         1539    .bss                lis3mdl.o
    0x20018488   0x00000234   Zero   RW         1570    .bss                mpu6050.o
    0x200186bc   0x00000dc0   Zero   RW         1597    .bss                fliter.o
    0x2001947c   0x00000020   Zero   RW         1628    .bss                ultrasonic.o
    0x2001949c   0x0000008c   Zero   RW         1679    .bss                flow.o
    0x20019528   0x000000c4   Zero   RW         1748    .bss                imu.o
    0x200195ec   0x00000018   Zero   RW         1786    .bss                imu_m.o
    0x20019604   0x00000004   PAD
    0x20019608   0x000007f4   Zero   RW         1867    .bss                nav_ukf.o
    0x20019dfc   0x00000004   PAD
    0x20019e00   0x000009ac   Zero   RW         1894    .bss                ukf_task.o
    0x2001a7ac   0x00000004   PAD
    0x2001a7b0   0x00000348   Zero   RW         1950    .bss                alt_kf.o
    0x2001aaf8   0x000000a8   Zero   RW         2061    .bss                cycle_cal_oldx.lib(cycle_cal_oldx.o)
    0x2001aba0   0x00000060   Zero   RW         2556    .bss                c_w.l(libspace.o)
    0x2001ac00   0x00000200   Zero   RW          638    HEAP                startup_stm32f40_41xxx.o
    0x2001ae00   0x00000400   Zero   RW          637    STACK               startup_stm32f40_41xxx.o


==============================================================================

Image component sizes


      Code (inc. data)   RO Data    RW Data    ZI Data      Debug   Object Name

     12264        696          0      41602        840      40811   alt_kf.o
       264         18          0          4          0       1391   delay.o
       232          4          0          0          0       1436   dma.o
         0          0          0         24          0       2220   error.o
      5112        288       2176          0          0      11943   fastmath.o
      3876        166          0          4        200       3579   flash.o
      1308         30          0          2       4096       5487   flash_w25.o
      2300         86          0        260       3520      15772   fliter.o
      2756        120          0        105        140       4653   flow.o
      2308         82          0          8          0       5789   gps.o
         0          0          0         48          0        993   hml_sample.o
      1108         16          0          0          0       5280   iic1.o
         0          0          0        166        196       4494   imu.o
      4096        216          0        121         24       6176   imu_m.o
      6352        164         60          1          0       4463   kf_oldx_nav.o
      1748         94          0          8          0       2268   led_fc.o
      8500        520          0        639       2352      25429   lis3mdl.o
       732        144          0         16       1304      11198   main.o
       224         20          0          0          0       1793   misc.o
       168         10          0          0        564      11954   mpu6050.o
      2478        108          0       1028          0       6779   my_math.o
     17160        914          0        270       2036      24142   nav_ukf.o
      2196        218        256         92       4744      15971   os_core.o
       200         32          0          0          0        312   os_cpu_a.o
       488          8          0          6          0      11763   os_cpu_c.o
      2060         42          0          0          0       7200   os_flag.o
       972         16          0          0          0       4302   os_mbox.o
      1512         30          0          0          0       5761   os_q.o
       908         18          0          0          0       4034   os_sem.o
      1988         70          0          0          0       7877   os_task.o
       432         30          0          0          0       1866   os_time.o
      1588         94          0          0          0       5721   os_tmr.o
       256         26          0         36          0       3832   rt_nonfinite.o
       308         22          0          0          0       1930   rtgetinf.o
       200         18          0          0          0       2068   rtgetnan.o
        64         26        392          0       1536        824   startup_stm32f40_41xxx.o
       936         32          0          0          0       6373   stm32f4xx_dma.o
       272         10          0          0          0       2263   stm32f4xx_exti.o
      1684         28          0          0          0       9398   stm32f4xx_flash.o
       660         44          0          0          0       4137   stm32f4xx_gpio.o
        22          0          0          0          0       1023   stm32f4xx_it.o
        64          6          0          0          0       1333   stm32f4xx_iwdg.o
      1628         52          0         16          0      12996   stm32f4xx_rcc.o
      1152         36          0          0          0       6885   stm32f4xx_spi.o
       148         12          0          0          0       1833   stm32f4xx_syscfg.o
      3234         60          0          0          0      22992   stm32f4xx_tim.o
      1108         34          0          0          0       7860   stm32f4xx_usart.o
       528         46          0         20          0       1743   system_stm32f4xx.o
       616         38          0          0        360      30073   time.o
      9664        948          0       1068      33032     356055   ucos_task.o
     20760       1338        168        616       2476      16363   ukf_task.o
      2752        228          0        150         32       5580   ultrasonic.o
     38408       1676          0        602       6384      48187   usart_fc.o
        44          0          0          0          0        694   watch_dog.o
       644         74          0         12         27       3118   wifi_ctrl.o

    ----------------------------------------------------------------------
    170488       9008       3094      46956      63884     810417   Object Totals
         0          0         32          0          0          0   (incl. Generated)
         6          0         10         32         21          0   (incl. Padding)

    ----------------------------------------------------------------------

      Code (inc. data)   RO Data    RW Data    ZI Data      Debug   Library Member Name

       256          6          0          0          0      16158   arm_std_f32.o
        90          0          0          0          0          0   __dczerorl2.o
         8          0          0          0          0         68   __main.o
         0          0          0          0          0          0   __rtentry.o
        12          0          0          0          0          0   __rtentry2.o
         6          0          0          0          0          0   __rtentry4.o
        52          8          0          0          0          0   __scatter.o
        28          0          0          0          0          0   __scatter_zi.o
        22          0          0          0          0        100   _rserrno.o
        18          0          0          0          0         80   exit.o
        78          0          0          0          0         80   h1_free.o
         6          0          0          0          0        152   heapauxi.o
         0          0          0          0          0          0   indicate_semi.o
         2          0          0          0          0          0   libinit.o
         6          0          0          0          0          0   libinit2.o
         2          0          0          0          0          0   libshutdown.o
         2          0          0          0          0          0   libshutdown2.o
         8          4          0          0         96         68   libspace.o
         8          4          0          0          0         68   rt_errno_addr_intlibspace.o
         8          4          0          0          0         68   rt_heap_descriptor_intlibspace.o
        78          0          0          0          0         80   rt_memclr_w.o
       100          0          0          0          0         80   rt_memcpy_w.o
         2          0          0          0          0          0   rtexit.o
        10          0          0          0          0          0   rtexit2.o
        36          0          0          0          0         80   strstr.o
        12          4          0          0          0         68   sys_exit.o
        74          0          0          0          0         80   sys_stackheap_outer.o
         2          0          0          0          0         68   use_no_semi.o
      2584         12          0          0        168     220285   cycle_cal_oldx.o
        24          0          0          0          0        164   basic.o
        98          4          0          0          0        140   d2f.o
       826         16          0          0          0        492   daddsub_clz.o
        16          4          0          0          0        116   dcheck1.o
        24          0          0          0          0        116   dcmpi.o
       688        140          0          0          0        256   ddiv.o
       120          4          0          0          0        140   deqf.o
        94          4          0          0          0        140   dfix.o
        84          0          0          0          0        232   dflt_clz.o
       120          4          0          0          0        140   dleqf.o
       340         12          0          0          0        152   dmul.o
       156          4          0          0          0        140   dnaninf.o
        12          0          0          0          0        116   dretinf.o
       108          0          0          0          0        128   drleqf.o
       408         56          0          0          0        168   dsqrt_umaal.o
        86          4          0          0          0        132   f2d.o
       140          4          0          0          0        132   fnaninf.o
        10          0          0          0          0        116   fpinit.o
        10          0          0          0          0        116   fretinf.o
       100          0          0          0          0        116   retnan.o
        92          0          0          0          0        116   scalbn.o
        48          0          0          0          0        116   trapv.o
         0          0          0          0          0          0   usenofp.o
       856        118         80          0          0        288   acos.o
       864         94         80          0          0        280   asin.o
       300         42          0          0          0        176   asinf.o
       592         90          0          0          0        184   atan2f.o
       352         56          0          0          0        172   atanf.o
       200         20          0          0          0        164   cos.o
       368         46         48          0          0        200   cos_i.o
       336         56          0          0          0        136   cosf.o
       184         44          0          0          0        744   dunder.o
        44          0          0          0          0        248   fabs.o
       280         28          0          0          0        156   floor.o
        48          0          0          0          0        124   fpclassify.o
        38          0          0          0          0        116   fpclassifyf.o
        80         24          0          0          0        696   funder.o
       248          0          0          0          0        152   poly.o
      3152        296        136          0          0        352   pow.o
      1636        110        320          0          0        372   powf.o
         0          0          8          0          0          0   qnan.o
      1080        142        200          0          0        188   rred.o
       340         24         32          0          0        160   rredf.o
       200         20          0          0          0        164   sin.o
       304         24         40          0          0        208   sin_i.o
       400         56          0          0          0        212   sinf.o
       232          0          0          0          0        296   sqrt.o
        62          0          0          0          0        136   sqrtf.o

    ----------------------------------------------------------------------
     19346       1596        944          0        264     246991   Library Totals
        36          8          0          0          0          0   (incl. Padding)

    ----------------------------------------------------------------------

      Code (inc. data)   RO Data    RW Data    ZI Data      Debug   Library Name

       256          6          0          0          0      16158   arm_cortexM4lf_math.lib
       670         24          0          0         96       1140   c_w.l
      2584         12          0          0        168     220285   cycle_cal_oldx.lib
      3604        256          0          0          0       3484   fz_wm.l
     12196       1290        944          0          0       5924   m_wm.l

    ----------------------------------------------------------------------
     19346       1596        944          0        264     246991   Library Totals

    ----------------------------------------------------------------------

==============================================================================


      Code (inc. data)   RO Data    RW Data    ZI Data      Debug   

    189834      10604       4038      46956      64148    1038388   Grand Totals
    189834      10604       4038       3024      64148    1038388   ELF Image Totals (compressed)
    189834      10604       4038       3024          0          0   ROM Totals

==============================================================================

    Total RO  Size (Code + RO Data)               193872 ( 189.33kB)
    Total RW  Size (RW Data + ZI Data)            111104 ( 108.50kB)
    Total ROM Size (Code + RO Data + RW Data)     196896 ( 192.28kB)

==============================================================================

