Component: ARM Compiler 5.06 update 2 (build 183) Tool: armlink [4d35b7]

==============================================================================

Section Cross References

    ucos_task.o(.text) refers to time.o(.text) for Get_Cycle_T
    ucos_task.o(.text) refers to f2d.o(x$fpl$f2d) for __aeabi_f2d
    ucos_task.o(.text) refers to dleqf.o(x$fpl$dleqf) for __aeabi_cdcmple
    ucos_task.o(.text) refers to mpu6050.o(.text) for MPU6050_Read
    ucos_task.o(.text) refers to hml_sample.o(.text) for ANO_AK8975_Read
    ucos_task.o(.text) refers to ms5611_2.o(.text) for MS5611_ThreadNew
    ucos_task.o(.text) refers to lis3mdl.o(.text) for LSM6_readAcc
    ucos_task.o(.text) refers to delay.o(.text) for delay_ms
    ucos_task.o(.text) refers to my_math.o(.text) for my_deathzoom_2
    ucos_task.o(.text) refers to dmul.o(x$fpl$dmul) for __aeabi_dmul
    ucos_task.o(.text) refers to d2f.o(x$fpl$d2f) for __aeabi_d2f
    ucos_task.o(.text) refers to imu_oldx.o(.text) for OLDX_AHRS
    ucos_task.o(.text) refers to watch_dog.o(.text) for IWDG_Feed
    ucos_task.o(.text) refers to ucos_task.o(.data) for inner_loop_time_time
    ucos_task.o(.text) refers to mpu6050.o(.bss) for mpu6050
    ucos_task.o(.text) refers to imu_oldx.o(.bss) for reference_v_m1
    ucos_task.o(.text) refers to imu.o(.bss) for reference_v
    ucos_task.o(.text) refers to imu.o(.data) for ref_q
    ucos_task.o(.text) refers to usart_fc.o(.bss) for mode
    ucos_task.o(.text) refers to ucos_task.o(.bss) for flow_matlab_data
    ucos_task.o(.text) refers to ukf_task.o(.text) for ukf_pos_task_qr
    ucos_task.o(.text) refers to alt_kf.o(.text) for altUkfProcess
    ucos_task.o(.text) refers to laser.o(.text) for Laser_cal
    ucos_task.o(.text) refers to ultrasonic.o(.text) for Ultra_Duty
    ucos_task.o(.text) refers to dflt_clz.o(x$fpl$dfltu) for __aeabi_ui2d
    ucos_task.o(.text) refers to drleqf.o(x$fpl$drleqf) for __aeabi_cdrcmple
    ucos_task.o(.text) refers to fabs.o(i.__hardfp_fabs) for __hardfp_fabs
    ucos_task.o(.text) refers to basic.o(x$fpl$basic) for __aeabi_dneg
    ucos_task.o(.text) refers to usart_fc.o(.data) for en_ble_debug
    ucos_task.o(.text) refers to flow.o(.text) for flow_pertreatment_oldx
    ucos_task.o(.text) refers to ddiv.o(x$fpl$ddiv) for __aeabi_ddiv
    ucos_task.o(.text) refers to ultrasonic.o(.data) for ultra_ok
    ucos_task.o(.text) refers to alt_kf.o(.data) for ALT_POS_SONAR2
    ucos_task.o(.text) refers to flow.o(.bss) for flow_per_out
    ucos_task.o(.text) refers to daddsub_clz.o(x$fpl$dadd) for __aeabi_dadd
    ucos_task.o(.text) refers to fliter.o(.text) for Moving_Median
    ucos_task.o(.text) refers to fliter.o(.bss) for firstOrderFilters
    ucos_task.o(.text) refers to os_core.o(.text) for OSIntEnter
    ucos_task.o(.text) refers to stm32f4xx_tim.o(.text) for TIM_GetITStatus
    ucos_task.o(.text) refers to stm32f4xx_dma.o(.text) for DMA_GetFlagStatus
    ucos_task.o(.text) refers to usart_fc.o(.text) for clear_nrf_uart
    ucos_task.o(.text) refers to stm32f4xx_usart.o(.text) for USART_DMACmd
    ucos_task.o(.text) refers to dma.o(.text) for MYDMA_Enable
    ucos_task.o(.text) refers to dfix.o(x$fpl$dfix) for __aeabi_d2iz
    ucos_task.o(.text) refers to alt_kf.o(.bss) for acc_z_view
    ucos_task.o(.text) refers to ms5611_2.o(.data) for baroAlt
    ucos_task.o(.text) refers to ukf_task.o(.bss) for X_ukf
    ucos_task.o(.text) refers to ukf_task.o(.data) for K_spd_flow
    ucos_task.o(.text) refers to laser.o(.bss) for Laser_avoid
    ucos_task.o(.text) refers to led_fc.o(.text) for LEDRGB_STATE
    ucos_task.o(.text) refers to lis3mdl.o(.bss) for lis3mdl
    ucos_task.o(.text) refers to os_core.o(.data) for OSCPUUsage
    main.o(.text) refers to os_mbox.o(.text) for OSMboxCreate
    main.o(.text) refers to os_q.o(.text) for OSQCreate
    main.o(.text) refers to os_flag.o(.text) for OSFlagCreate
    main.o(.text) refers to os_core.o(.text) for OSStatInit
    main.o(.text) refers to os_tmr.o(.text) for OSTmrCreate
    main.o(.text) refers to os_cpu_a.o(.text) for OS_CPU_SR_Save
    main.o(.text) refers to os_task.o(.text) for OSTaskCreate
    main.o(.text) refers to misc.o(.text) for NVIC_PriorityGroupConfig
    main.o(.text) refers to delay.o(.text) for delay_init
    main.o(.text) refers to time.o(.text) for Initial_Timer_SYS
    main.o(.text) refers to iic_soft.o(.text) for I2c_Soft_Init
    main.o(.text) refers to iic1.o(.text) for IIC_IMU1_Init
    main.o(.text) refers to hml_sample.o(.text) for HMC5883L_SetUp
    main.o(.text) refers to ms5611_2.o(.text) for MS5611_Init
    main.o(.text) refers to mpu6050.o(.text) for MPU6050_Init
    main.o(.text) refers to lis3mdl.o(.text) for LIS3MDL_enableDefault
    main.o(.text) refers to alt_kf.o(.text) for altUkfInit
    main.o(.text) refers to led_fc.o(.text) for LED_Init
    main.o(.text) refers to usart_fc.o(.text) for Usart1_Init
    main.o(.text) refers to dma.o(.text) for MYDMA_Config
[...]
    __user_perthread_libspace                0x08020bed   Thumb Code     0  libspace.o(.text)
    __aeabi_errno_addr                       0x08020bf5   Thumb Code     8  rt_errno_addr_intlibspace.o(.text)
    __errno$intlibspace                      0x08020bf5   Thumb Code     0  rt_errno_addr_intlibspace.o(.text)
    __rt_errno_addr$intlibspace              0x08020bf5   Thumb Code     0  rt_errno_addr_intlibspace.o(.text)
    __I$use$semihosting                      0x08020bfd   Thumb Code     0  use_no_semi.o(.text)
    __use_no_semihosting_swi                 0x08020bfd   Thumb Code     2  use_no_semi.o(.text)
    __semihosting_library_function           0x08020bff   Thumb Code     0  indicate_semi.o(.text)
    __user_setup_stackheap                   0x08020bff   Thumb Code    74  sys_stackheap_outer.o(.text)
    exit                                     0x08020c49   Thumb Code    18  exit.o(.text)
    _sys_exit                                0x08020c5d   Thumb Code     8  sys_exit.o(.text)
    __ARM_fpclassify                         0x08020c69   Thumb Code    48  fpclassify.o(i.__ARM_fpclassify)
    __ARM_fpclassifyf                        0x08020c99   Thumb Code    38  fpclassifyf.o(i.__ARM_fpclassifyf)
    __hardfp_acos                            0x08020cc1   Thumb Code   738  acos.o(i.__hardfp_acos)
    __hardfp_asin                            0x08021019   Thumb Code   770  asin.o(i.__hardfp_asin)
    __hardfp_atan                            0x08021379   Thumb Code   622  atan.o(i.__hardfp_atan)
    __hardfp_atan2                           0x08021651   Thumb Code   432  atan2.o(i.__hardfp_atan2)
    __hardfp_atan2f                          0x08021841   Thumb Code   502  atan2f.o(i.__hardfp_atan2f)
    __hardfp_cos                             0x08021a91   Thumb Code   180  cos.o(i.__hardfp_cos)
    __hardfp_fabs                            0x08021b59   Thumb Code    20  fabs.o(i.__hardfp_fabs)
    __hardfp_floor                           0x08021b71   Thumb Code   252  floor.o(i.__hardfp_floor)
    __hardfp_pow                             0x08021c89   Thumb Code  3072  pow.o(i.__hardfp_pow)
    __hardfp_sin                             0x080228d9   Thumb Code   180  sin.o(i.__hardfp_sin)
    __hardfp_sqrt                            0x080229a1   Thumb Code   122  sqrt.o(i.__hardfp_sqrt)
    __ieee754_rem_pio2                       0x08022a21   Thumb Code   938  rred.o(i.__ieee754_rem_pio2)
    __kernel_cos                             0x08022e59   Thumb Code   322  cos_i.o(i.__kernel_cos)
    __kernel_poly                            0x08022fc9   Thumb Code   248  poly.o(i.__kernel_poly)
    __kernel_sin                             0x080230c1   Thumb Code   280  sin_i.o(i.__kernel_sin)
    __mathlib_dbl_divzero                    0x080231f1   Thumb Code    28  dunder.o(i.__mathlib_dbl_divzero)
    __mathlib_dbl_infnan                     0x08023221   Thumb Code    20  dunder.o(i.__mathlib_dbl_infnan)
    __mathlib_dbl_infnan2                    0x08023235   Thumb Code    20  dunder.o(i.__mathlib_dbl_infnan2)
    __mathlib_dbl_invalid                    0x08023249   Thumb Code    24  dunder.o(i.__mathlib_dbl_invalid)
    __mathlib_dbl_overflow                   0x08023269   Thumb Code    24  dunder.o(i.__mathlib_dbl_overflow)
    __mathlib_dbl_underflow                  0x08023289   Thumb Code    24  dunder.o(i.__mathlib_dbl_underflow)
    __mathlib_flt_infnan2                    0x080232a9   Thumb Code     6  funder.o(i.__mathlib_flt_infnan2)
    __mathlib_flt_underflow                  0x080232b1   Thumb Code    10  funder.o(i.__mathlib_flt_underflow)
    atan                                     0x080232c1   Thumb Code    16  atan.o(i.atan)
    fabs                                     0x080232d1   Thumb Code    24  fabs.o(i.fabs)
    sqrt                                     0x080232e9   Thumb Code   110  sqrt.o(i.sqrt)
    __aeabi_dneg                             0x08023357   Thumb Code     0  basic.o(x$fpl$basic)
    _dneg                                    0x08023357   Thumb Code     6  basic.o(x$fpl$basic)
    __aeabi_fneg                             0x0802335d   Thumb Code     0  basic.o(x$fpl$basic)
    _fneg                                    0x0802335d   Thumb Code     6  basic.o(x$fpl$basic)
    _dabs                                    0x08023363   Thumb Code     6  basic.o(x$fpl$basic)
    _fabs                                    0x08023369   Thumb Code     6  basic.o(x$fpl$basic)
    __aeabi_d2f                              0x08023371   Thumb Code     0  d2f.o(x$fpl$d2f)
    _d2f                                     0x08023371   Thumb Code    98  d2f.o(x$fpl$d2f)
    __aeabi_dadd                             0x080233d5   Thumb Code     0  daddsub_clz.o(x$fpl$dadd)
    _dadd                                    0x080233d5   Thumb Code   332  daddsub_clz.o(x$fpl$dadd)
    __fpl_dcheck_NaN1                        0x08023525   Thumb Code    10  dcheck1.o(x$fpl$dcheck1)
    __fpl_dcmp_Inf                           0x08023535   Thumb Code    24  dcmpi.o(x$fpl$dcmpinf)
    __aeabi_ddiv                             0x0802354d   Thumb Code     0  ddiv.o(x$fpl$ddiv)
    _ddiv                                    0x0802354d   Thumb Code   552  ddiv.o(x$fpl$ddiv)
    __aeabi_cdcmpeq                          0x080237fd   Thumb Code     0  deqf.o(x$fpl$deqf)
    _dcmpeq                                  0x080237fd   Thumb Code   120  deqf.o(x$fpl$deqf)
    __aeabi_d2iz                             0x08023875   Thumb Code     0  dfix.o(x$fpl$dfix)
    _dfix                                    0x08023875   Thumb Code    94  dfix.o(x$fpl$dfix)
    __aeabi_i2d                              0x080238d3   Thumb Code     0  dflt_clz.o(x$fpl$dflt)
    _dflt                                    0x080238d3   Thumb Code    46  dflt_clz.o(x$fpl$dflt)
    __aeabi_ui2d                             0x08023901   Thumb Code     0  dflt_clz.o(x$fpl$dfltu)
    _dfltu                                   0x08023901   Thumb Code    38  dflt_clz.o(x$fpl$dfltu)
    __aeabi_cdcmple                          0x08023929   Thumb Code     0  dleqf.o(x$fpl$dleqf)
    _dcmple                                  0x08023929   Thumb Code   120  dleqf.o(x$fpl$dleqf)
    __fpl_dcmple_InfNaN                      0x0802398b   Thumb Code     0  dleqf.o(x$fpl$dleqf)
    __aeabi_dmul                             0x080239a1   Thumb Code     0  dmul.o(x$fpl$dmul)
    _dmul                                    0x080239a1   Thumb Code   332  dmul.o(x$fpl$dmul)
    __fpl_dnaninf                            0x08023af5   Thumb Code   156  dnaninf.o(x$fpl$dnaninf)
    __fpl_dretinf                            0x08023b91   Thumb Code    12  dretinf.o(x$fpl$dretinf)
    __aeabi_cdrcmple                         0x08023b9d   Thumb Code     0  drleqf.o(x$fpl$drleqf)
    _drcmple                                 0x08023b9d   Thumb Code   108  drleqf.o(x$fpl$drleqf)
    __aeabi_drsub                            0x08023c09   Thumb Code     0  daddsub_clz.o(x$fpl$drsb)
    _drsb                                    0x08023c09   Thumb Code    22  daddsub_clz.o(x$fpl$drsb)
    _dsqrt                                   0x08023c21   Thumb Code   404  dsqrt_umaal.o(x$fpl$dsqrt)
    __aeabi_dsub                             0x08023db9   Thumb Code     0  daddsub_clz.o(x$fpl$dsub)
    _dsub                                    0x08023db9   Thumb Code   464  daddsub_clz.o(x$fpl$dsub)
    __aeabi_f2d                              0x08023f8d   Thumb Code     0  f2d.o(x$fpl$f2d)
    _f2d                                     0x08023f8d   Thumb Code    86  f2d.o(x$fpl$f2d)
    __aeabi_ul2f                             0x08023fe3   Thumb Code     0  ffltll_clz.o(x$fpl$ffltll)
    _ll_uto_f                                0x08023fe3   Thumb Code     6  ffltll_clz.o(x$fpl$ffltll)
    __aeabi_l2f                              0x08023fe9   Thumb Code     0  ffltll_clz.o(x$fpl$ffltll)
    _ll_sto_f                                0x08023fe9   Thumb Code    90  ffltll_clz.o(x$fpl$ffltll)
    __fpl_fnaninf                            0x08024043   Thumb Code   140  fnaninf.o(x$fpl$fnaninf)
    _fp_init                                 0x080240cf   Thumb Code    10  fpinit.o(x$fpl$fpinit)
    __fplib_config_fpu_vfp                   0x080240d7   Thumb Code     0  fpinit.o(x$fpl$fpinit)
    __fplib_config_pureend_doubles           0x080240d7   Thumb Code     0  fpinit.o(x$fpl$fpinit)
    __fpl_fretinf                            0x080240d9   Thumb Code    10  fretinf.o(x$fpl$fretinf)
    __fpl_return_NaN                         0x080240e3   Thumb Code   100  retnan.o(x$fpl$retnan)
    __ARM_scalbn                             0x08024147   Thumb Code    92  scalbn.o(x$fpl$scalbn)
    __fpl_cmpreturn                          0x080241a3   Thumb Code    48  trapv.o(x$fpl$trapveneer)
    OSUnMapTbl                               0x080241d2   Data         256  os_core.o(.constdata)
    __I$use$fp                               0x080241d2   Number         0  usenofp.o(x$fpl$usenofp)
    __mathlib_zero                           0x08024620   Data           8  qnan.o(.constdata)
    Region$$Table$$Base                      0x08024718   Number         0  anon$$obj.o(Region$$Table)
    Region$$Table$$Limit                     0x08024738   Number         0  anon$$obj.o(Region$$Table)
    gpsData                                  0x20000000   Data         152  ublox.o(.ccm)
    ubloxData                                0x20000098   Data         548  ublox.o(.ccm)
    ccmHeap                                  0x200002bc   Data       40960  alt_kf.o(.ccm)
    fly_ready                                0x2000a2c0   Data           1  ucos_task.o(.data)
    inner_loop_time_time                     0x2000a2c4   Data           4  ucos_task.o(.data)
    inner_loop_time_time_int                 0x2000a2c8   Data           4  ucos_task.o(.data)
    GOL_LINK_BUSY                            0x2000a2cc   Data           2  ucos_task.o(.data)
    YawR                                     0x2000a2d0   Data           4  ucos_task.o(.data)
    PitchR                                   0x2000a2d4   Data           4  ucos_task.o(.data)
    RollR                                    0x2000a2d8   Data           4  ucos_task.o(.data)
    outer_loop_time                          0x2000a2dc   Data           4  ucos_task.o(.data)
    ekf_loop_time                            0x2000a2e0   Data           4  ucos_task.o(.data)
    flag_mag                                 0x2000a2e4   Data          12  ucos_task.o(.data)
    Kp_ekf                                   0x2000a2f0   Data           4  ucos_task.o(.data)
    Kp_ekf_pr                                0x2000a2f4   Data           4  ucos_task.o(.data)
    focal_length_px                          0x2000a2f8   Data           4  ucos_task.o(.data)
    accumulated_flow_x                       0x2000a2fc   Data           4  ucos_task.o(.data)
    accumulated_flow_y                       0x2000a300   Data           4  ucos_task.o(.data)
    accumulated_gyro_x                       0x2000a304   Data           4  ucos_task.o(.data)
    accumulated_gyro_y                       0x2000a308   Data           4  ucos_task.o(.data)
    accumulated_gyro_z                       0x2000a30c   Data           4  ucos_task.o(.data)
    accumulated_framecount                   0x2000a310   Data           2  ucos_task.o(.data)
    accumulated_quality                      0x2000a312   Data           2  ucos_task.o(.data)
    integration_timespan                     0x2000a314   Data           4  ucos_task.o(.data)
    k_flow_acc                               0x2000a318   Data           8  ucos_task.o(.data)
    k_gro_acc                                0x2000a320   Data           4  ucos_task.o(.data)
    flt_gro                                  0x2000a324   Data           4  ucos_task.o(.data)
    k_time_use                               0x2000a328   Data           4  ucos_task.o(.data)
    MID_CNT_SPD                              0x2000a32c   Data           1  ucos_task.o(.data)
    k_flp                                    0x2000a330   Data           4  ucos_task.o(.data)
    b                                        0x2000a388   Data          12  ucos_task.o(.data)
    a                                        0x2000a394   Data          12  ucos_task.o(.data)
    baro_matlab_data                         0x2000a3a0   Data           8  ucos_task.o(.data)
    flow_loop_time                           0x2000a3a8   Data           4  ucos_task.o(.data)
    en_imu_debug                             0x2000a3ac   Data           1  ucos_task.o(.data)
    force_imu_debug                          0x2000a3ad   Data           1  ucos_task.o(.data)
    UART_UP_LOAD_SEL                         0x2000a3ae   Data           1  ucos_task.o(.data)
    time_uart                                0x2000a3b0   Data           4  ucos_task.o(.data)
    tmr1                                     0x2000a3b4   Data           4  ucos_task.o(.data)
    tmr2                                     0x2000a3b8   Data           4  ucos_task.o(.data)
    tmr3                                     0x2000a3bc   Data           4  ucos_task.o(.data)
    cpuusage                                 0x2000a3c0   Data           2  ucos_task.o(.data)
    msg_key                                  0x2000a3ec   Data           4  main.o(.data)
    q_msg                                    0x2000a3f0   Data           4  main.o(.data)
    flags_key                                0x2000a3f4   Data           4  main.o(.data)
    SystemCoreClock                          0x2000a3f8   Data           4  system_stm32f4xx.o(.data)
    AHBPrescTable                            0x2000a3fc   Data          16  system_stm32f4xx.o(.data)
    OSCtxSwCtr                               0x2000a420   Data           4  os_core.o(.data)
    OSEventFreeList                          0x2000a424   Data           4  os_core.o(.data)
    OSFlagFreeList                           0x2000a428   Data           4  os_core.o(.data)
    OSCPUUsage                               0x2000a42c   Data           1  os_core.o(.data)
    OSIdleCtrMax                             0x2000a430   Data           4  os_core.o(.data)
    OSIdleCtrRun                             0x2000a434   Data           4  os_core.o(.data)
    OSStatRdy                                0x2000a438   Data           1  os_core.o(.data)
    OSIntNesting                             0x2000a439   Data           1  os_core.o(.data)
    OSLockNesting                            0x2000a43a   Data           1  os_core.o(.data)
    OSPrioCur                                0x2000a43b   Data           1  os_core.o(.data)
    OSPrioHighRdy                            0x2000a43c   Data           1  os_core.o(.data)
    OSRdyGrp                                 0x2000a43d   Data           1  os_core.o(.data)
    OSRdyTbl                                 0x2000a43e   Data           8  os_core.o(.data)
    OSRunning                                0x2000a446   Data           1  os_core.o(.data)
    OSTaskCtr                                0x2000a447   Data           1  os_core.o(.data)
    OSIdleCtr                                0x2000a448   Data           4  os_core.o(.data)
    OSTCBCur                                 0x2000a44c   Data           4  os_core.o(.data)
    OSTCBFreeList                            0x2000a450   Data           4  os_core.o(.data)
    OSTCBHighRdy                             0x2000a454   Data           4  os_core.o(.data)
    OSTCBList                                0x2000a458   Data           4  os_core.o(.data)
    OSTickStepState                          0x2000a45c   Data           1  os_core.o(.data)
    OSQFreeList                              0x2000a460   Data           4  os_core.o(.data)
    OSTime                                   0x2000a464   Data           4  os_core.o(.data)
    OSTmrFree                                0x2000a468   Data           2  os_core.o(.data)
    OSTmrUsed                                0x2000a46a   Data           2  os_core.o(.data)
    OSTmrTime                                0x2000a46c   Data           4  os_core.o(.data)
    OSTmrSem                                 0x2000a470   Data           4  os_core.o(.data)
    OSTmrSemSignal                           0x2000a474   Data           4  os_core.o(.data)
    OSTmrFreeList                            0x2000a478   Data           4  os_core.o(.data)
    OSInterrputSum                           0x2000a47c   Data           4  os_cpu_c.o(.data)
    GPS_SEL1                                 0x2000a484   Data           1  gps.o(.data)
    gps_dt                                   0x2000a488   Data           4  gps.o(.data)
    sum                                      0x2000a48c   Data           2  iic_sonar.o(.data)
    I2C_FastMode                             0x2000a48e   Data           1  iic_soft.o(.data)
    FLASH_SIZE                               0x2000a498   Data           4  flash.o(.data)
    W25QXX_TYPE                              0x2000a49c   Data           2  flash_w25.o(.data)
    sysTickUptime                            0x2000a4a0   Data           4  time.o(.data)
    time_1h                                  0x2000a4a4   Data           4  time.o(.data)
    time_1m                                  0x2000a4a8   Data           4  time.o(.data)
    time_1s                                  0x2000a4ac   Data           4  time.o(.data)
    time_1ms                                 0x2000a4b0   Data           4  time.o(.data)
    dt_flow_rx                               0x2000a4b4   Data           4  usart_fc.o(.data)
    data_rate_gol_link                       0x2000a4b8   Data           2  usart_fc.o(.data)
    LOCK                                     0x2000a4ba   Data           1  usart_fc.o(.data)
    KEY                                      0x2000a4bb   Data           8  usart_fc.o(.data)
    KEY_SEL                                  0x2000a4c3   Data           4  usart_fc.o(.data)
    NAV_BOARD_CONNECT                        0x2000a4c7   Data           1  usart_fc.o(.data)
    force_fly_ready                          0x2000a4c8   Data           1  usart_fc.o(.data)
    k_flow_opencv                            0x2000a4cc   Data           4  usart_fc.o(.data)
    sonar_fc                                 0x2000a4d0   Data           4  usart_fc.o(.data)
    TxCounter                                0x2000a4d4   Data           1  usart_fc.o(.data)
    count                                    0x2000a4d5   Data           1  usart_fc.o(.data)
    RxState                                  0x2000a4d6   Data           1  usart_fc.o(.data)
    RxBufferNum                              0x2000a4d7   Data           1  usart_fc.o(.data)
    RxBufferCnt                              0x2000a4d8   Data           1  usart_fc.o(.data)
    RxLen                                    0x2000a4d9   Data           1  usart_fc.o(.data)
    com_data                                 0x2000a4da   Data           1  usart_fc.o(.data)
    nrf_uart_cnt                             0x2000a4de   Data           2  usart_fc.o(.data)
    Tx5Counter                               0x2000a4e0   Data           1  usart_fc.o(.data)
    count5                                   0x2000a4e1   Data           1  usart_fc.o(.data)
    dlf_odroid                               0x2000a4e4   Data           4  usart_fc.o(.data)
    TxCounter_u1                             0x2000a4e8   Data           1  usart_fc.o(.data)
    count_u1                                 0x2000a4e9   Data           1  usart_fc.o(.data)
    RxState_u1                               0x2000a4ea   Data           1  usart_fc.o(.data)
    RxBufferNum_u1                           0x2000a4eb   Data           1  usart_fc.o(.data)
    RxBufferCnt_u1                           0x2000a4ec   Data           1  usart_fc.o(.data)
    RxLen_u1                                 0x2000a4ed   Data           1  usart_fc.o(.data)
    USART3_RX_STA                            0x2000a4f0   Data           2  usart_fc.o(.data)
    buf_GPRMC                                0x2000a4f2   Data         100  usart_fc.o(.data)
    buf_GPRMCt                               0x2000a556   Data         100  usart_fc.o(.data)
    buf_GPGGA                                0x2000a5ba   Data         100  usart_fc.o(.data)
    buf_GPGGAt                               0x2000a61e   Data         100  usart_fc.o(.data)
    gps_good                                 0x2000a682   Data           1  usart_fc.o(.data)
    gps_loss_cnt                             0x2000a684   Data           2  usart_fc.o(.data)
    rate_gps_board                           0x2000a688   Data           4  usart_fc.o(.data)
    RxState3                                 0x2000a68c   Data           1  usart_fc.o(.data)
    RxBufferNum3                             0x2000a68d   Data           1  usart_fc.o(.data)
    RxBufferCnt3                             0x2000a68e   Data           1  usart_fc.o(.data)
    RxLen3                                   0x2000a68f   Data           1  usart_fc.o(.data)
    Angle_Yun                                0x2000a694   Data           8  usart_fc.o(.data)
    en_ble_debug                             0x2000a69c   Data           1  usart_fc.o(.data)
    IMU1_Fast                                0x2000a6b8   Data           1  lis3mdl.o(.data)
    id                                       0x2000a6b9   Data           3  lis3mdl.o(.data)
    mpu6050_ok                               0x2000a798   Data           1  mpu6050.o(.data)
    test_ang                                 0x2000a844   Data           4  mpu6050.o(.data)
    test_ang_old                             0x2000a848   Data           4  mpu6050.o(.data)
    test_ang_d                               0x2000a84c   Data           4  mpu6050.o(.data)
    test_fli_a                               0x2000a850   Data           4  mpu6050.o(.data)
    test_i                                   0x2000a854   Data           4  mpu6050.o(.data)
    acc_max                                  0x2000a858   Data          12  mpu6050.o(.data)
    acc_min                                  0x2000a864   Data          12  mpu6050.o(.data)
    EN_TUO_ACC_FIX                           0x2000a870   Data           1  mpu6050.o(.data)
    ak8975                                   0x2000a878   Data          48  hml_sample.o(.data)
    ak8975_ok                                0x2000a8f8   Data           1  hml_sample.o(.data)
    Mag_CALIBRATED                           0x2000a8f9   Data           1  hml_sample.o(.data)
    Mag_CALIBRATED_R                         0x2000a8fa   Data           1  hml_sample.o(.data)
    HMC5883_lastx                            0x2000a8fc   Data           4  hml_sample.o(.data)
    HMC5883_lasty                            0x2000a900   Data           4  hml_sample.o(.data)
    HMC5883_lastz                            0x2000a904   Data           4  hml_sample.o(.data)
    HMC5883_maxx                             0x2000a908   Data           2  hml_sample.o(.data)
    HMC5883_maxy                             0x2000a90a   Data           2  hml_sample.o(.data)
    HMC5883_maxz                             0x2000a90c   Data           2  hml_sample.o(.data)
    HMC5883_minx                             0x2000a90e   Data           2  hml_sample.o(.data)
    HMC5883_miny                             0x2000a910   Data           2  hml_sample.o(.data)
    HMC5883_minz                             0x2000a912   Data           2  hml_sample.o(.data)
    paOffsetNum                              0x2000a960   Data           8  ms5611_2.o(.data)
    paInitCnt                                0x2000a968   Data           2  ms5611_2.o(.data)
    paOffsetInited                           0x2000a96a   Data           1  ms5611_2.o(.data)
    Baro_ALT_Updated                         0x2000a96b   Data           1  ms5611_2.o(.data)
    MS5611_Temperature                       0x2000a96c   Data           4  ms5611_2.o(.data)
    MS5611_Pressure                          0x2000a970   Data           4  ms5611_2.o(.data)
    MS5611_Altitude                          0x2000a974   Data           4  ms5611_2.o(.data)
    MS5611_VerticalSpeed                     0x2000a978   Data           4  ms5611_2.o(.data)
    MS5611_Delay_us                          0x2000a97c   Data          36  ms5611_2.o(.data)
    for_fly_ready                            0x2000a9ae   Data           1  ms5611_2.o(.data)
    baroAlt                                  0x2000a9b0   Data           4  ms5611_2.o(.data)
    baro_set                                 0x2000a9b4   Data           1  ms5611_2.o(.data)
    T_sonar                                  0x2000a9c8   Data           4  ultrasonic.o(.data)
    ultra_start_f                            0x2000a9cc   Data           1  ultrasonic.o(.data)
    ultra_time                               0x2000a9cd   Data           1  ultrasonic.o(.data)
    ultra_ok                                 0x2000a9ce   Data           1  ultrasonic.o(.data)
    x_pred                                   0x2000a9d0   Data           8  ultrasonic.o(.data)
    v_pred                                   0x2000a9d8   Data           8  ultrasonic.o(.data)
    x_post                                   0x2000a9e0   Data           8  ultrasonic.o(.data)
    v_post                                   0x2000a9e8   Data           8  ultrasonic.o(.data)
    sonar_raw                                0x2000a9f0   Data           4  ultrasonic.o(.data)
    scale_kal_sonar_v                        0x2000a9f4   Data           4  ultrasonic.o(.data)
    x_pred_bmp                               0x2000a9f8   Data           8  ultrasonic.o(.data)
    v_pred_bmp                               0x2000aa00   Data           8  ultrasonic.o(.data)
    x_post_bmp                               0x2000aa08   Data           8  ultrasonic.o(.data)
    v_post_bmp                               0x2000aa10   Data           8  ultrasonic.o(.data)
    state_dj                                 0x2000aa18   Data           5  ultrasonic.o(.data)
    state_dj_rx                              0x2000aa1d   Data           5  ultrasonic.o(.data)
    IO_STATE                                 0x2000aa22   Data           5  ultrasonic.o(.data)
    IO_STATER                                0x2000aa27   Data           5  ultrasonic.o(.data)
    TEMP_SONAR                               0x2000aa2c   Data           4  ultrasonic.o(.data)
    cnt_sample1                              0x2000aa30   Data           4  ultrasonic.o(.data)
    ultra_distance                           0x2000aa34   Data           4  ultrasonic.o(.data)
    ultra_distance_r                         0x2000aa38   Data           4  ultrasonic.o(.data)
    ultra_delta                              0x2000aa3c   Data           4  ultrasonic.o(.data)
    flt_laser                                0x2000aa58   Data           4  laser.o(.data)
    rate_use                                 0x2000aa5c   Data           8  laser.o(.data)
    altUkfData                               0x2000aa68   Data           8  alt_kf.o(.data)
    altUkfData_sonar                         0x2000aa70   Data           8  alt_kf.o(.data)
    altUkfData_bmp                           0x2000aa78   Data           8  alt_kf.o(.data)
    flowUkfData_x                            0x2000aa80   Data           8  alt_kf.o(.data)
    flowUkfData_y                            0x2000aa88   Data           8  alt_kf.o(.data)
    gpsUkfData_e                             0x2000aa90   Data           8  alt_kf.o(.data)
    gpsUkfData_n                             0x2000aa98   Data           8  alt_kf.o(.data)
    heapUsed                                 0x2000aaa0   Data           4  alt_kf.o(.data)
    heapHighWater                            0x2000aaa4   Data           4  alt_kf.o(.data)
    dataSramUsed                             0x2000aaa8   Data           4  alt_kf.o(.data)
    FLOW_NOISE                               0x2000aaac   Data           4  alt_kf.o(.data)
    flow_pos                                 0x2000aab0   Data           8  alt_kf.o(.data)
    measure_num                              0x2000aab8   Data           1  alt_kf.o(.data)
    k_acc                                    0x2000aac0   Data           4  alt_kf.o(.data)
    sonar_av_cnt                             0x2000aac4   Data           2  alt_kf.o(.data)
    sonar_f_set                              0x2000aac8   Data          24  alt_kf.o(.data)
    ALT_PRES_NOISE                           0x2000aae0   Data           4  alt_kf.o(.data)
    ALT_PRES_NOISE_SONAR                     0x2000aae4   Data           4  alt_kf.o(.data)
    ALT_POS_SONAR2                           0x2000aae8   Data           4  alt_kf.o(.data)
    ALT_POS_SONAR3                           0x2000aaec   Data           4  alt_kf.o(.data)
    sonar_h_cnt                              0x2000aaf0   Data           4  alt_kf.o(.data)
    sonar_temp                               0x2000aaf4   Data           4  alt_kf.o(.data)
    K_SONAR                                  0x2000aaf8   Data           4  alt_kf.o(.data)
    test_1                                   0x2000aafc   Data           2  alt_kf.o(.data)
    en_1                                     0x2000aafe   Data           1  alt_kf.o(.data)
    NOISE                                    0x2000ab00   Data          12  alt_kf.o(.data)
    X_apo_height1                            0x2000ab0c   Data           8  alt_kf.o(.data)
    P_apo_k_height1                          0x2000ab14   Data          16  alt_kf.o(.data)
    r_baro1                                  0x2000ab24   Data           4  alt_kf.o(.data)
    r_acc1                                   0x2000ab28   Data           4  alt_kf.o(.data)
    k_spd                                    0x2000ab2c   Data           4  alt_kf.o(.data)
    gh                                       0x2000ab30   Data           4  alt_kf.o(.data)
    gh_sonar                                 0x2000ab34   Data           4  alt_kf.o(.data)
    ga                                       0x2000ab38   Data           4  alt_kf.o(.data)
    gwa                                      0x2000ab3c   Data           4  alt_kf.o(.data)
    P_kf_baro                                0x2000ab40   Data          72  alt_kf.o(.data)
    P_kf_sonar                               0x2000ab88   Data          72  alt_kf.o(.data)
    X_apo_height                             0x2000abd0   Data           8  alt_kf.o(.data)
    P_apo_k_height                           0x2000abd8   Data          16  alt_kf.o(.data)
    k_bais                                   0x2000abe8   Data           4  alt_kf.o(.data)
    k_bais2                                  0x2000abec   Data           4  alt_kf.o(.data)
    r_baro                                   0x2000abf0   Data           4  alt_kf.o(.data)
    r_acc                                    0x2000abf4   Data           4  alt_kf.o(.data)
    gro_z_dead                               0x2000abf8   Data           4  alt_kf.o(.data)
    dead_accz                                0x2000abfc   Data           4  alt_kf.o(.data)
    acc_off_baro                             0x2000ac00   Data           4  alt_kf.o(.data)
    k_hcc                                    0x2000ac04   Data           4  alt_kf.o(.data)
    k_hcc_fix                                0x2000ac08   Data           4  alt_kf.o(.data)
    hc_acc_i_bmp                             0x2000ac0c   Data           4  alt_kf.o(.data)
    accz                                     0x2000ac10   Data           4  alt_kf.o(.data)
    accz_bmp                                 0x2000ac14   Data           4  alt_kf.o(.data)
    acc_scale_bmp                            0x2000ac18   Data           4  alt_kf.o(.data)
    acc_mask                                 0x2000ac1c   Data           1  alt_kf.o(.data)
    acc_mask_cnt_max                         0x2000ac1e   Data           2  alt_kf.o(.data)
    baro_ukf_dt                              0x2000ac20   Data           4  alt_kf.o(.data)
    baro_ekf_dt                              0x2000ac24   Data           4  alt_kf.o(.data)
    k_flt_accz                               0x2000ac28   Data           4  alt_kf.o(.data)
    acc_est                                  0x2000ac2c   Data           4  alt_kf.o(.data)
    acc_est_imu                              0x2000ac30   Data           4  alt_kf.o(.data)
    baro_ekf_ero                             0x2000ac34   Data           1  alt_kf.o(.data)
    ALT_VEL_BMP_UNION                        0x2000ac38   Data           4  alt_kf.o(.data)
    ALT_POS_BMP_UNION                        0x2000ac3c   Data           4  alt_kf.o(.data)
    baroAlt_sel                              0x2000ac40   Data           1  alt_kf.o(.data)
    acc_flag                                 0x2000ac44   Data           8  alt_kf.o(.data)
    k_acc_ukf                                0x2000ac4c   Data           4  alt_kf.o(.data)
    MAX_ACC_NEO                              0x2000ac50   Data           4  alt_kf.o(.data)
    flow_dt                                  0x2000ac54   Data           4  alt_kf.o(.data)
    GPS_NOISE                                0x2000ac58   Data           4  alt_kf.o(.data)
    k_acc_fpl_gps                            0x2000ac5c   Data           4  alt_kf.o(.data)
    q_pos                                    0x2000ac60   Data           4  alt_kf.o(.data)
    v_q                                      0x2000ac64   Data           4  alt_kf.o(.data)
    v_bais                                   0x2000ac68   Data           4  alt_kf.o(.data)
    s_bais                                   0x2000ac6c   Data           4  alt_kf.o(.data)
    ALT_STATE_POS1                           0x2000ac70   Data           4  alt_kf.o(.data)
    ALT_STATE_VEL1                           0x2000ac74   Data           4  alt_kf.o(.data)
    ALT_STATE_BIAS1                          0x2000ac78   Data           4  alt_kf.o(.data)
    ALT_NOISE_BIAS1                          0x2000ac7c   Data           4  alt_kf.o(.data)
    ALT_NOISE_VEL1                           0x2000ac80   Data           4  alt_kf.o(.data)
    ALT_STATE_POS_GPS                        0x2000ac84   Data           4  alt_kf.o(.data)
    ALT_STATE_VEL_GPS                        0x2000ac88   Data           4  alt_kf.o(.data)
    ALT_STATE_BIAS_GPS                       0x2000ac8c   Data           4  alt_kf.o(.data)
    ALT_NOISE_BIAS_GPS                       0x2000ac90   Data           4  alt_kf.o(.data)
    ALT_NOISE_VEL_GPS                        0x2000ac94   Data           4  alt_kf.o(.data)
    ACC_LOWPASS_TAU                          0x2000acd4   Data           4  fliter.o(.data)
    ACC_LOWPASS_SAMPLE_TIME                  0x2000acd8   Data           4  fliter.o(.data)
    ACC_LOWPASS_A                            0x2000acdc   Data           4  fliter.o(.data)
    ACC_LOWPASS_GX1                          0x2000ace0   Data           4  fliter.o(.data)
    ACC_LOWPASS_GX2                          0x2000ace4   Data           4  fliter.o(.data)
    ACC_LOWPASS_GX3                          0x2000ace8   Data           4  fliter.o(.data)
    fast_atan_table                          0x2000acfc   Data        1028  my_math.o(.data)
    ero                                      0x2000b100   Data           4  error.o(.data)
    sys                                      0x2000b104   Data           8  error.o(.data)
    Kp                                       0x2000b118   Data           4  imu.o(.data)
    Ki                                       0x2000b11c   Data           4  imu.o(.data)
    Roll                                     0x2000b120   Data           4  imu.o(.data)
    Pitch                                    0x2000b124   Data           4  imu.o(.data)
    Yaw                                      0x2000b128   Data           4  imu.o(.data)
    Roll_mid_down                            0x2000b12c   Data           4  imu.o(.data)
    Pitch_mid_down                           0x2000b130   Data           4  imu.o(.data)
    Yaw_mid_down                             0x2000b134   Data           4  imu.o(.data)
    ref_q                                    0x2000b138   Data          16  imu.o(.data)
    norm_acc                                 0x2000b148   Data           4  imu.o(.data)
    norm_q                                   0x2000b14c   Data           4  imu.o(.data)
    norm_acc_lpf                             0x2000b150   Data           4  imu.o(.data)
    test_flag                                0x2000b154   Data          12  imu.o(.data)
    mag_norm                                 0x2000b160   Data           4  imu.o(.data)
    mag_norm_xyz                             0x2000b164   Data           4  imu.o(.data)
    gh_yaw                                   0x2000b168   Data           4  imu.o(.data)
    ga_yaw                                   0x2000b16c   Data           4  imu.o(.data)
    gw_yaw                                   0x2000b170   Data           4  imu.o(.data)
    yaw_kf                                   0x2000b174   Data           4  imu.o(.data)
    P_kf_yaw                                 0x2000b178   Data          32  imu.o(.data)
    k_kf_z                                   0x2000b198   Data           4  imu.o(.data)
    yaw_cross                                0x2000b19c   Data           1  imu.o(.data)
    yaw_qr_off                               0x2000b1a0   Data           4  imu.o(.data)
    dis_angle_lock                           0x2000b1a4   Data           1  imu.o(.data)
    yaw_cal_by_qr                            0x2000b1a5   Data           1  imu.o(.data)
    yaw_qr_off_local                         0x2000b1a8   Data           4  imu.o(.data)
    ref_q_imd_down                           0x2000b1bc   Data          16  imu_m.o(.data)
    beta                                     0x2000b1cc   Data           4  imu_m.o(.data)
    q0_m                                     0x2000b1d0   Data           4  imu_m.o(.data)
    q1_m                                     0x2000b1d4   Data           4  imu_m.o(.data)
    q2_m                                     0x2000b1d8   Data           4  imu_m.o(.data)
    q3_m                                     0x2000b1dc   Data           4  imu_m.o(.data)
    q0                                       0x2000b1e0   Data           4  imu_m.o(.data)
    q1                                       0x2000b1e4   Data           4  imu_m.o(.data)
    q2                                       0x2000b1e8   Data           4  imu_m.o(.data)
    q3                                       0x2000b1ec   Data           4  imu_m.o(.data)
    q0_fc                                    0x2000b1f0   Data           4  imu_m.o(.data)
    q1_fc                                    0x2000b1f4   Data           4  imu_m.o(.data)
    q2_fc                                    0x2000b1f8   Data           4  imu_m.o(.data)
    q3_fc                                    0x2000b1fc   Data           4  imu_m.o(.data)
    init_q                                   0x2000b200   Data           1  imu_m.o(.data)
    twoKp                                    0x2000b204   Data           4  imu_m.o(.data)
    twoKi                                    0x2000b208   Data           4  imu_m.o(.data)
    twoKp_s                                  0x2000b20c   Data           4  imu_m.o(.data)
    integralFBx                              0x2000b210   Data           4  imu_m.o(.data)
    integralFBy                              0x2000b214   Data           4  imu_m.o(.data)
    integralFBz                              0x2000b218   Data           4  imu_m.o(.data)
    ekf_hml_flag                             0x2000b220   Data          12  ukf_task.o(.data)
    q_flow                                   0x2000b22c   Data          12  ukf_task.o(.data)
    r_flow                                   0x2000b238   Data          12  ukf_task.o(.data)
    flow_gain                                0x2000b244   Data           4  ukf_task.o(.data)
    acc_flag_flow                            0x2000b248   Data           8  ukf_task.o(.data)
    X_ukf_Pos                                0x2000b250   Data           8  ukf_task.o(.data)
    r1                                       0x2000b258   Data           4  ukf_task.o(.data)
    r2                                       0x2000b25c   Data           4  ukf_task.o(.data)
    posNorth                                 0x2000b260   Data           4  ukf_task.o(.data)
    posEast                                  0x2000b264   Data           4  ukf_task.o(.data)
    local_Lat                                0x2000b268   Data           4  ukf_task.o(.data)
    local_Lon                                0x2000b26c   Data           4  ukf_task.o(.data)
    velEast                                  0x2000b270   Data           4  ukf_task.o(.data)
    velNorth                                 0x2000b274   Data           4  ukf_task.o(.data)
    GPS_J_F                                  0x2000b278   Data           4  ukf_task.o(.data)
    GPS_W_F                                  0x2000b27c   Data           4  ukf_task.o(.data)
    kf_data_sel                              0x2000b280   Data           1  ukf_task.o(.data)
    ga_nav                                   0x2000b284   Data           4  ukf_task.o(.data)
    gwa_nav                                  0x2000b288   Data           4  ukf_task.o(.data)
    g_pos_flow                               0x2000b28c   Data           4  ukf_task.o(.data)
    g_spd_flow                               0x2000b290   Data           4  ukf_task.o(.data)
    K_pos_qr                                 0x2000b294   Data           4  ukf_task.o(.data)
    K_spd_flow                               0x2000b298   Data           4  ukf_task.o(.data)
    K_acc_gps                                0x2000b29c   Data           4  ukf_task.o(.data)
    K_pos_gps                                0x2000b2a0   Data           4  ukf_task.o(.data)
    K_spd_gps                                0x2000b2a4   Data           4  ukf_task.o(.data)
    g_pos_gps                                0x2000b2a8   Data           4  ukf_task.o(.data)
    g_spd_gps                                0x2000b2ac   Data           4  ukf_task.o(.data)
    velNorth_gps                             0x2000b2b0   Data           4  ukf_task.o(.data)
    velEast_gps                              0x2000b2b4   Data           4  ukf_task.o(.data)
    flag_kf1                                 0x2000b2b8   Data           8  ukf_task.o(.data)
    force_test                               0x2000b2c0   Data           1  ukf_task.o(.data)
    Posx                                     0x2000b2c4   Data           4  ukf_task.o(.data)
    Posy                                     0x2000b2c8   Data           4  ukf_task.o(.data)
    rtInf                                    0x2000b2f8   Data           8  rt_nonfinite.o(.data)
    rtMinusInf                               0x2000b300   Data           8  rt_nonfinite.o(.data)
    rtNaN                                    0x2000b308   Data           8  rt_nonfinite.o(.data)
    rtInfF                                   0x2000b310   Data           4  rt_nonfinite.o(.data)
    rtMinusInfF                              0x2000b314   Data           4  rt_nonfinite.o(.data)
    rtNaNF                                   0x2000b318   Data           4  rt_nonfinite.o(.data)
    k_flow_devide                            0x2000b320   Data           4  flow.o(.data)
    flow_module_offset_y                     0x2000b324   Data           4  flow.o(.data)
    flow_module_offset_x                     0x2000b328   Data           4  flow.o(.data)
    INNER_TASK_STK                           0x2000b408   Data        1024  ucos_task.o(.bss)
    OUTER_TASK_STK                           0x2000b808   Data        1536  ucos_task.o(.bss)
    EKF_TASK_STK                             0x2000be08   Data       32768  ucos_task.o(.bss)
    fRealGyro                                0x20013e08   Data          12  ucos_task.o(.bss)
    fRealAccel                               0x20013e14   Data          12  ucos_task.o(.bss)
    fRealMag                                 0x20013e20   Data          12  ucos_task.o(.bss)
    fRealQ                                   0x20013e2c   Data          16  ucos_task.o(.bss)
    lQuat                                    0x20013e3c   Data          16  ucos_task.o(.bss)
    fRPY                                     0x20013e4c   Data          12  ucos_task.o(.bss)
    fQ                                       0x20013e58   Data          16  ucos_task.o(.bss)
    reference_v_ekf                          0x20013e68   Data          12  ucos_task.o(.bss)
    BARO_TASK_STK                            0x20013e74   Data        3072  ucos_task.o(.bss)
    SONAR_TASK_STK                           0x20014a74   Data         512  ucos_task.o(.bss)
    FLOW_TASK_STK                            0x20014c74   Data        2048  ucos_task.o(.bss)
    xBuf1                                    0x20015568   Data          12  ucos_task.o(.bss)
    yBuf1                                    0x20015574   Data          12  ucos_task.o(.bss)
    xBuf2                                    0x20015580   Data          12  ucos_task.o(.bss)
    yBuf2                                    0x2001558c   Data          12  ucos_task.o(.bss)
    xBuf3                                    0x20015598   Data          12  ucos_task.o(.bss)
    yBuf3                                    0x200155a4   Data          12  ucos_task.o(.bss)
    acc_neo                                  0x200155b0   Data          12  ucos_task.o(.bss)
    flow_ground_temp                         0x200155bc   Data          16  ucos_task.o(.bss)
    flow_matlab_data                         0x200155cc   Data          16  ucos_task.o(.bss)
    UART_TASK_STK                            0x200155dc   Data         512  ucos_task.o(.bss)
    ERROR_TASK_STK                           0x200157dc   Data         256  ucos_task.o(.bss)
    START_TASK_STK                           0x20015924   Data         256  main.o(.bss)
    MsgGrp                                   0x20015a24   Data        1024  main.o(.bss)
    mcuID                                    0x20015e24   Data          12  main.o(.bss)
    OSEventTbl                               0x20015e30   Data         200  os_core.o(.bss)
    OSFlagTbl                                0x20015ef8   Data          80  os_core.o(.bss)
    OSTaskStatStk                            0x20015f48   Data         512  os_core.o(.bss)
    OSTaskIdleStk                            0x20016148   Data         512  os_core.o(.bss)
    OSTCBPrioTbl                             0x20016348   Data         256  os_core.o(.bss)
    OSTCBTbl                                 0x20016448   Data        1848  os_core.o(.bss)
    OSQTbl                                   0x20016b80   Data         120  os_core.o(.bss)
    OSTmrTbl                                 0x20016bf8   Data         640  os_core.o(.bss)
    OSTmrTaskStk                             0x20016e78   Data         512  os_core.o(.bss)
    OSTmrWheelTbl                            0x20017078   Data          64  os_core.o(.bss)
    FLASH_READ_BUF                           0x200170b8   Data          50  flash.o(.bss)
    FLASH_Buffer                             0x200170ea   Data          50  flash.o(.bss)
    W25QXX_BUFFER                            0x2001711c   Data        4096  flash_w25.o(.bss)
    Cycle_T                                  0x2001811c   Data         180  time.o(.bss)
    qr                                       0x200181d0   Data          44  usart_fc.o(.bss)
    color                                    0x200181fc   Data          20  usart_fc.o(.bss)
    HPID                                     0x20018210   Data          18  usart_fc.o(.bss)
    SPID                                     0x20018222   Data          18  usart_fc.o(.bss)
    FIX_PID                                  0x20018234   Data          18  usart_fc.o(.bss)
    NAV_PID                                  0x20018246   Data          18  usart_fc.o(.bss)
    pid                                      0x20018258   Data         224  usart_fc.o(.bss)
    Rc_Get                                   0x20018338   Data          20  usart_fc.o(.bss)
    plane                                    0x2001834c   Data         116  usart_fc.o(.bss)
    slam                                     0x200183c0   Data          20  usart_fc.o(.bss)
    imu_nav                                  0x200183d4   Data         104  usart_fc.o(.bss)
    mode                                     0x2001843c   Data          53  usart_fc.o(.bss)
    flow_debug                               0x20018474   Data          40  usart_fc.o(.bss)
    par                                      0x2001849c   Data          48  usart_fc.o(.bss)
    TxBuffer                                 0x200184cc   Data         256  usart_fc.o(.bss)
    Rx_Buf                                   0x200185cc   Data         256  usart_fc.o(.bss)
    RxBuffer                                 0x200186cc   Data          50  usart_fc.o(.bss)
    Tx5Buffer                                0x200186fe   Data         256  usart_fc.o(.bss)
    TxBuffer_u1                              0x200187fe   Data         256  usart_fc.o(.bss)
    Rx_Buf_u1                                0x200188fe   Data         256  usart_fc.o(.bss)
    RxBuffer_u1                              0x200189fe   Data          50  usart_fc.o(.bss)
    USART3_TX_BUF                            0x20018a30   Data         800  usart_fc.o(.bss)
    USART3_RX_BUF                            0x20018d50   Data         800  usart_fc.o(.bss)
    USART1_TX_BUF                            0x20019070   Data         800  usart_fc.o(.bss)
    gpsx                                     0x20019390   Data         125  usart_fc.o(.bss)
    buf_imu_dj                               0x2001940d   Data          20  usart_fc.o(.bss)
    angle_imu_dj                             0x20019424   Data          12  usart_fc.o(.bss)
    buf_GNVTG                                0x20019430   Data          65  usart_fc.o(.bss)
    laser_buf                                0x20019472   Data         720  usart_fc.o(.bss)
    Rx_Buf3                                  0x20019742   Data         256  usart_fc.o(.bss)
    RxBuffer3                                0x20019842   Data          50  usart_fc.o(.bss)
    SendBuff1                                0x20019874   Data          64  usart_fc.o(.bss)
    SendBuff2                                0x200198b4   Data         384  usart_fc.o(.bss)
    SendBuff3                                0x20019a34   Data          32  usart_fc.o(.bss)
    SendBuff4                                0x20019a54   Data          64  usart_fc.o(.bss)
    flow                                     0x20019a98   Data         112  usart_fc.o(.bss)
    flow_rad                                 0x20019b08   Data          48  usart_fc.o(.bss)
    lis3mdl                                  0x20019b70   Data         248  lis3mdl.o(.bss)
    mpu6050                                  0x20019f58   Data         188  mpu6050.o(.bss)
    mpu6050_r                                0x2001a014   Data         188  mpu6050.o(.bss)
    imu_fushion                              0x2001a0d0   Data         188  mpu6050.o(.bss)
    mpu6050_buffer                           0x2001a18c   Data          14  mpu6050.o(.bss)
    mpu6050_tmp                              0x2001a434   Data          28  mpu6050.o(.bss)
    mpu6050_tmp_acc_circle                   0x2001a450   Data          28  mpu6050.o(.bss)
    mpu_fil_tmp                              0x2001a46c   Data          28  mpu6050.o(.bss)
    mpu_fil_tmp_acc_circle                   0x2001a488   Data          28  mpu6050.o(.bss)
    acc_off                                  0x2001a4a4   Data          12  mpu6050.o(.bss)
    acc_scale                                0x2001a4b0   Data          12  mpu6050.o(.bss)
    HMC5883_FIFO                             0x2001a5b0   Data          66  hml_sample.o(.bss)
    now_dj                                   0x2001a60c   Data          16  ultrasonic.o(.bss)
    lastUpdate_dj                            0x2001a61c   Data          16  ultrasonic.o(.bss)
    Laser_avoid                              0x2001a62c   Data         120  laser.o(.bss)
    Distance                                 0x2001a6a8   Data         100  alt_kf.o(.bss)
    ultra                                    0x2001a718   Data          20  alt_kf.o(.bss)
    sonar_av_arr                             0x2001a72c   Data          20  alt_kf.o(.bss)
    sonar                                    0x2001a740   Data          24  alt_kf.o(.bss)
    sonar_fusion                             0x2001a758   Data          68  alt_kf.o(.bss)
    sonar_h_arr                              0x2001a79c   Data          44  alt_kf.o(.bss)
    X_kf_baro                                0x2001a7c8   Data          24  alt_kf.o(.bss)
    X_kf_sonar                               0x2001a7e0   Data          24  alt_kf.o(.bss)
    acc_z_view                               0x2001a7f8   Data          12  alt_kf.o(.bss)
    Global_GPS_Sensor                        0x2001a808   Data          64  alt_kf.o(.bss)
    v_test                                   0x2001a848   Data          16  alt_kf.o(.bss)
    Last_GPS                                 0x2001a858   Data          16  alt_kf.o(.bss)
    TAR_GPS                                  0x2001a868   Data          16  alt_kf.o(.bss)
    med_filter_tmp                           0x2001a878   Data        6000  fliter.o(.bss)
    med_filter_out                           0x2001bfe8   Data         120  fliter.o(.bss)
    med_fil_cnt                              0x2001c060   Data          30  fliter.o(.bss)
    firstOrderFilters                        0x2001c080   Data         100  fliter.o(.bss)
    q_nav                                    0x2001c0e8   Data          16  imu.o(.bss)
    reference_v                              0x2001c0f8   Data          12  imu.o(.bss)
    ref                                      0x2001c104   Data          60  imu.o(.bss)
    reference_vr                             0x2001c140   Data          12  imu.o(.bss)
    mag_sim_3d                               0x2001c14c   Data          12  imu.o(.bss)
    acc_3d_hg                                0x2001c158   Data          12  imu.o(.bss)
    acc_ng                                   0x2001c164   Data          12  imu.o(.bss)
    acc_ng_offset                            0x2001c170   Data          12  imu.o(.bss)
    yaw_mag_view                             0x2001c17c   Data          20  imu.o(.bss)
    X_kf_yaw                                 0x2001c190   Data          16  imu.o(.bss)
    reference_vr_imd_down                    0x2001c1ac   Data          12  imu_m.o(.bss)
    reference_vr_imd_down_fc                 0x2001c1b8   Data          12  imu_m.o(.bss)
    Nav                                      0x2001c1c8   Data          64  ukf_task.o(.bss)
    gps_data                                 0x2001c208   Data          28  ukf_task.o(.bss)
    mag_data                                 0x2001c224   Data          60  ukf_task.o(.bss)
    accel_data                               0x2001c260   Data          80  ukf_task.o(.bss)
    gyro_data                                0x2001c2b0   Data          72  ukf_task.o(.bss)
    attitude_data                            0x2001c2f8   Data          16  ukf_task.o(.bss)
    angle_ins                                0x2001c308   Data          12  ukf_task.o(.bss)
    X_ukf                                    0x2001c318   Data          48  ukf_task.o(.bss)
    X_ukf_baro                               0x2001c348   Data          48  ukf_task.o(.bss)
    X_KF_NAV                                 0x2001c378   Data          48  ukf_task.o(.bss)
    P_KF_NAV                                 0x2001c3a8   Data         144  ukf_task.o(.bss)
    flow_per_out                             0x2001c490   Data          16  flow.o(.bss)
    hml_lsq                                  0x2001c4c4   Data         168  cycle_cal_oldx.o(.bss)
    ref_q_m1                                 0x2001c56c   Data          16  imu_oldx.o(.bss)
    reference_v_m1                           0x2001c57c   Data          12  imu_oldx.o(.bss)
    __libspace_start                         0x2001c588   Data          96  libspace.o(.bss)
    __temporary_stack_top$libspace           0x2001c5e8   Data           0  libspace.o(.bss)



==============================================================================

Memory Map of the image

  Image Entry point : 0x08000189

  Load Region LR_IROM1 (Base: 0x08000000, Size: 0x0002fb40, Max: 0x00100000, ABSOLUTE, COMPRESSED[0x00024ffc])

    Execution Region ER_IROM1 (Base: 0x08000000, Size: 0x00024738, Max: 0x00100000, ABSOLUTE)

    Base Addr    Size         Type   Attr      Idx    E Section Name        Object

    0x08000000   0x00000188   Data   RO          503    RESET               startup_stm32f40_41xxx.o
    0x08000188   0x00000008   Code   RO         2383  * !!!main             c_w.l(__main.o)
    0x08000190   0x00000034   Code   RO         2863    !!!scatter          c_w.l(__scatter.o)
    0x080001c4   0x0000005a   Code   RO         2861    !!dczerorl2         c_w.l(__dczerorl2.o)
    0x0800021e   0x00000002   PAD
    0x08000220   0x0000001c   Code   RO         2865    !!handler_zi        c_w.l(__scatter_zi.o)
    0x0800023c   0x00000002   Code   RO         2792    .ARM.Collect$$libinit$$00000000  c_w.l(libinit.o)
    0x0800023e   0x00000004   Code   RO         2595    .ARM.Collect$$libinit$$00000001  c_w.l(libinit2.o)
    0x08000242   0x00000000   Code   RO         2598    .ARM.Collect$$libinit$$00000004  c_w.l(libinit2.o)
    0x08000242   0x00000000   Code   RO         2601    .ARM.Collect$$libinit$$0000000A  c_w.l(libinit2.o)
    0x08000242   0x00000000   Code   RO         2603    .ARM.Collect$$libinit$$0000000C  c_w.l(libinit2.o)
    0x08000242   0x00000000   Code   RO         2605    .ARM.Collect$$libinit$$0000000E  c_w.l(libinit2.o)
    0x08000242   0x00000000   Code   RO         2608    .ARM.Collect$$libinit$$00000011  c_w.l(libinit2.o)
    0x08000242   0x00000000   Code   RO         2610    .ARM.Collect$$libinit$$00000013  c_w.l(libinit2.o)
    0x08000242   0x00000000   Code   RO         2612    .ARM.Collect$$libinit$$00000015  c_w.l(libinit2.o)
    0x08000242   0x00000000   Code   RO         2614    .ARM.Collect$$libinit$$00000017  c_w.l(libinit2.o)
    0x08000242   0x00000000   Code   RO         2616    .ARM.Collect$$libinit$$00000019  c_w.l(libinit2.o)
    0x08000242   0x00000000   Code   RO         2618    .ARM.Collect$$libinit$$0000001B  c_w.l(libinit2.o)
    0x08000242   0x00000000   Code   RO         2620    .ARM.Collect$$libinit$$0000001D  c_w.l(libinit2.o)
    0x08000242   0x00000000   Code   RO         2622    .ARM.Collect$$libinit$$0000001F  c_w.l(libinit2.o)
    0x08000242   0x00000000   Code   RO         2624    .ARM.Collect$$libinit$$00000021  c_w.l(libinit2.o)
    0x08000242   0x00000000   Code   RO         2626    .ARM.Collect$$libinit$$00000023  c_w.l(libinit2.o)
    0x08000242   0x00000000   Code   RO         2628    .ARM.Collect$$libinit$$00000025  c_w.l(libinit2.o)
    0x08000242   0x00000000   Code   RO         2632    .ARM.Collect$$libinit$$0000002C  c_w.l(libinit2.o)
    0x08000242   0x00000000   Code   RO         2634    .ARM.Collect$$libinit$$0000002E  c_w.l(libinit2.o)
    0x08000242   0x00000000   Code   RO         2636    .ARM.Collect$$libinit$$00000030  c_w.l(libinit2.o)
    0x08000242   0x00000000   Code   RO         2638    .ARM.Collect$$libinit$$00000032  c_w.l(libinit2.o)
    0x08000242   0x00000002   Code   RO         2639    .ARM.Collect$$libinit$$00000033  c_w.l(libinit2.o)
    0x08000244   0x00000002   Code   RO         2858    .ARM.Collect$$libshutdown$$00000000  c_w.l(libshutdown.o)
    0x08000246   0x00000000   Code   RO         2812    .ARM.Collect$$libshutdown$$00000002  c_w.l(libshutdown2.o)
    0x08000246   0x00000000   Code   RO         2814    .ARM.Collect$$libshutdown$$00000004  c_w.l(libshutdown2.o)
    0x08000246   0x00000000   Code   RO         2817    .ARM.Collect$$libshutdown$$00000007  c_w.l(libshutdown2.o)
    0x08000246   0x00000000   Code   RO         2820    .ARM.Collect$$libshutdown$$0000000A  c_w.l(libshutdown2.o)
    0x08000246   0x00000000   Code   RO         2822    .ARM.Collect$$libshutdown$$0000000C  c_w.l(libshutdown2.o)
    0x08000246   0x00000000   Code   RO         2825    .ARM.Collect$$libshutdown$$0000000F  c_w.l(libshutdown2.o)
    0x08000246   0x00000002   Code   RO         2826    .ARM.Collect$$libshutdown$$00000010  c_w.l(libshutdown2.o)
    0x08000248   0x00000000   Code   RO         2563    .ARM.Collect$$rtentry$$00000000  c_w.l(__rtentry.o)
    0x08000248   0x00000000   Code   RO         2722    .ARM.Collect$$rtentry$$00000002  c_w.l(__rtentry2.o)
    0x08000248   0x00000006   Code   RO         2734    .ARM.Collect$$rtentry$$00000004  c_w.l(__rtentry4.o)
    0x0800024e   0x00000000   Code   RO         2724    .ARM.Collect$$rtentry$$00000009  c_w.l(__rtentry2.o)
    0x0800024e   0x00000004   Code   RO         2725    .ARM.Collect$$rtentry$$0000000A  c_w.l(__rtentry2.o)
    0x08000252   0x00000000   Code   RO         2727    .ARM.Collect$$rtentry$$0000000C  c_w.l(__rtentry2.o)
    0x08000252   0x00000008   Code   RO         2728    .ARM.Collect$$rtentry$$0000000D  c_w.l(__rtentry2.o)
    0x0800025a   0x00000002   Code   RO         2797    .ARM.Collect$$rtexit$$00000000  c_w.l(rtexit.o)
    0x0800025c   0x00000000   Code   RO         2832    .ARM.Collect$$rtexit$$00000002  c_w.l(rtexit2.o)
    0x0800025c   0x00000004   Code   RO         2833    .ARM.Collect$$rtexit$$00000003  c_w.l(rtexit2.o)
    0x08000260   0x00000006   Code   RO         2834    .ARM.Collect$$rtexit$$00000004  c_w.l(rtexit2.o)
    0x08000266   0x00000002   PAD
    0x08000268   0x00001de8   Code   RO            3    .text               ucos_task.o
    0x08002050   0x000002ec   Code   RO          368    .text               main.o
    0x0800233c   0x00000016   Code   RO          428    .text               stm32f4xx_it.o
    0x08002352   0x00000002   PAD
    0x08002354   0x00000210   Code   RO          477    .text               system_stm32f4xx.o
    0x08002564   0x00000040   Code   RO          504    .text               startup_stm32f40_41xxx.o
    0x080025a4   0x00000108   Code   RO          510    .text               delay.o
    0x080026ac   0x000000e0   Code   RO          550    .text               misc.o
    0x0800278c   0x00000294   Code   RO          570    .text               stm32f4xx_gpio.o
    0x08002a20   0x0000065c   Code   RO          613    .text               stm32f4xx_rcc.o
    0x0800307c   0x00000094   Code   RO          635    .text               stm32f4xx_syscfg.o
    0x08003110   0x00000454   Code   RO          655    .text               stm32f4xx_usart.o
    0x08003564   0x00000ca2   Code   RO          675    .text               stm32f4xx_tim.o
    0x08004206   0x00000002   PAD
    0x08004208   0x00000694   Code   RO          695    .text               stm32f4xx_flash.o
    0x0800489c   0x00000110   Code   RO          715    .text               stm32f4xx_exti.o
    0x080049ac   0x00000480   Code   RO          755    .text               stm32f4xx_spi.o
    0x08004e2c   0x000003a8   Code   RO          775    .text               stm32f4xx_dma.o
    0x080051d4   0x00000040   Code   RO          815    .text               stm32f4xx_iwdg.o
    0x08005214   0x00000894   Code   RO          855    .text               os_core.o
    0x08005aa8   0x0000080c   Code   RO          883    .text               os_flag.o
    0x080062b4   0x000003cc   Code   RO          903    .text               os_mbox.o
    0x08006680   0x000005e8   Code   RO          957    .text               os_q.o
    0x08006c68   0x0000038c   Code   RO          977    .text               os_sem.o
    0x08006ff4   0x000007c4   Code   RO          997    .text               os_task.o
    0x080077b8   0x000001b0   Code   RO         1017    .text               os_time.o
    0x08007968   0x00000634   Code   RO         1037    .text               os_tmr.o
    0x08007f9c   0x000000c8   Code   RO         1055    .text               os_cpu_a.o
    0x08008064   0x000001e8   Code   RO         1060    .text               os_cpu_c.o
    0x0800824c   0x000008c8   Code   RO         1090    .text               gps.o
    0x08008b14   0x000007a8   Code   RO         1118    .text               ublox.o
    0x080092bc   0x00000424   Code   RO         1144    .text               iic_fc.o
    0x080096e0   0x00000458   Code   RO         1164    .text               iic1.o
    0x08009b38   0x000003e0   Code   RO         1210    .text               iic_sonar.o
    0x08009f18   0x000003a8   Code   RO         1236    .text               iic_soft.o
    0x0800a2c0   0x00000618   Code   RO         1262    .text               led_fc.o
    0x0800a8d8   0x000009c8   Code   RO         1291    .text               flash.o
    0x0800b2a0   0x00000478   Code   RO         1315    .text               flash_w25.o
    0x0800b718   0x00000268   Code   RO         1342    .text               time.o
    0x0800b980   0x0000002c   Code   RO         1373    .text               watch_dog.o
    0x0800b9ac   0x000000e8   Code   RO         1393    .text               dma.o
    0x0800ba94   0x000050b8   Code   RO         1413    .text               usart_fc.o
    0x08010b4c   0x000015ec   Code   RO         1456    .text               lis3mdl.o
    0x08012138   0x00000be0   Code   RO         1487    .text               mpu6050.o
    0x08012d18   0x000008e8   Code   RO         1515    .text               hml_sample.o
    0x08013600   0x00000744   Code   RO         1549    .text               ms5611_2.o
    0x08013d44   0x00000b98   Code   RO         1576    .text               ultrasonic.o
    0x080148dc   0x000001a0   Code   RO         1603    .text               laser.o
    0x08014a7c   0x00002eb0   Code   RO         1631    .text               alt_kf.o
    0x0801792c   0x0000089c   Code   RO         1694    .text               fliter.o
    0x080181c8   0x00000784   Code   RO         1721    .text               my_math.o
    0x0801894c   0x00001758   Code   RO         1922    .text               kf_oldx.o
    0x0801a0a4   0x000027fc   Code   RO         1971    .text               ukf_task.o
    0x0801c8a0   0x00001404   Code   RO         2041    .text               kf_oldx_nav.o
    0x0801dca4   0x00000100   Code   RO         2061    .text               rt_nonfinite.o
    0x0801dda4   0x00000134   Code   RO         2085    .text               rtgetinf.o
    0x0801ded8   0x000000c8   Code   RO         2097    .text               rtgetnan.o
    0x0801dfa0   0x00000b54   Code   RO         2137    .text               flow_oldx.lib(flow.o)
    0x0801eaf4   0x00000a18   Code   RO         2228    .text               cycle_cal_oldx.lib(cycle_cal_oldx.o)
    0x0801f50c   0x00001460   Code   RO         2251    .text               imu_oldx.lib(imu_oldx.o)
    0x0802096c   0x0000004e   Code   RO         2317    .text               c_w.l(h1_free.o)
    0x080209ba   0x00000048   Code   RO         2373    .text               c_w.l(llsdiv.o)
    0x08020a02   0x00000024   Code   RO         2375    .text               c_w.l(strstr.o)
    0x08020a26   0x00000064   Code   RO         2377    .text               c_w.l(rt_memcpy_w.o)
    0x08020a8a   0x0000004e   Code   RO         2379    .text               c_w.l(rt_memclr_w.o)
    0x08020ad8   0x00000006   Code   RO         2381    .text               c_w.l(heapauxi.o)
    0x08020ade   0x00000002   PAD
    0x08020ae0   0x00000008   Code   RO         2567    .text               c_w.l(rt_heap_descriptor_intlibspace.o)
    0x08020ae8   0x000000ee   Code   RO         2589    .text               c_w.l(lludivv7m.o)
    0x08020bd6   0x00000016   Code   RO         2591    .text               c_w.l(_rserrno.o)
    0x08020bec   0x00000008   Code   RO         2718    .text               c_w.l(libspace.o)
    0x08020bf4   0x00000008   Code   RO         2743    .text               c_w.l(rt_errno_addr_intlibspace.o)
    0x08020bfc   0x00000002   Code   RO         2766    .text               c_w.l(use_no_semi.o)
    0x08020bfe   0x00000000   Code   RO         2768    .text               c_w.l(indicate_semi.o)
    0x08020bfe   0x0000004a   Code   RO         2769    .text               c_w.l(sys_stackheap_outer.o)
    0x08020c48   0x00000012   Code   RO         2777    .text               c_w.l(exit.o)
    0x08020c5a   0x00000002   PAD
    0x08020c5c   0x0000000c   Code   RO         2795    .text               c_w.l(sys_exit.o)
    0x08020c68   0x00000030   Code   RO         2672    i.__ARM_fpclassify  m_wm.l(fpclassify.o)
    0x08020c98   0x00000026   Code   RO         2674    i.__ARM_fpclassifyf  m_wm.l(fpclassifyf.o)
    0x08020cbe   0x00000002   PAD
    0x08020cc0   0x00000358   Code   RO         2421    i.__hardfp_acos     m_wm.l(acos.o)
    0x08021018   0x00000360   Code   RO         2435    i.__hardfp_asin     m_wm.l(asin.o)
    0x08021378   0x000002d8   Code   RO         2461    i.__hardfp_atan     m_wm.l(atan.o)
    0x08021650   0x000001f0   Code   RO         2475    i.__hardfp_atan2    m_wm.l(atan2.o)
    0x08021840   0x00000250   Code   RO         2487    i.__hardfp_atan2f   m_wm.l(atan2f.o)
    0x08021a90   0x000000c8   Code   RO         2499    i.__hardfp_cos      m_wm.l(cos.o)
    0x08021b58   0x00000014   Code   RO         2511    i.__hardfp_fabs     m_wm.l(fabs.o)
    0x08021b6c   0x00000004   PAD
    0x08021b70   0x00000118   Code   RO         2517    i.__hardfp_floor    m_wm.l(floor.o)
    0x08021c88   0x00000c50   Code   RO         2523    i.__hardfp_pow      m_wm.l(pow.o)
    0x080228d8   0x000000c8   Code   RO         2537    i.__hardfp_sin      m_wm.l(sin.o)
    0x080229a0   0x0000007a   Code   RO         2549    i.__hardfp_sqrt     m_wm.l(sqrt.o)
    0x08022a1a   0x00000006   PAD
    0x08022a20   0x00000438   Code   RO         2693    i.__ieee754_rem_pio2  m_wm.l(rred.o)
    0x08022e58   0x00000170   Code   RO         2655    i.__kernel_cos      m_wm.l(cos_i.o)
    0x08022fc8   0x000000f8   Code   RO         2690    i.__kernel_poly     m_wm.l(poly.o)
    0x080230c0   0x00000130   Code   RO         2698    i.__kernel_sin      m_wm.l(sin_i.o)
    0x080231f0   0x00000030   Code   RO         2658    i.__mathlib_dbl_divzero  m_wm.l(dunder.o)
    0x08023220   0x00000014   Code   RO         2659    i.__mathlib_dbl_infnan  m_wm.l(dunder.o)
    0x08023234   0x00000014   Code   RO         2660    i.__mathlib_dbl_infnan2  m_wm.l(dunder.o)
    0x08023248   0x00000020   Code   RO         2661    i.__mathlib_dbl_invalid  m_wm.l(dunder.o)
    0x08023268   0x00000020   Code   RO         2662    i.__mathlib_dbl_overflow  m_wm.l(dunder.o)
    0x08023288   0x00000020   Code   RO         2664    i.__mathlib_dbl_underflow  m_wm.l(dunder.o)
    0x080232a8   0x00000006   Code   RO         2678    i.__mathlib_flt_infnan2  m_wm.l(funder.o)
    0x080232ae   0x00000002   PAD
    0x080232b0   0x00000010   Code   RO         2682    i.__mathlib_flt_underflow  m_wm.l(funder.o)
    0x080232c0   0x00000010   Code   RO         2463    i.atan              m_wm.l(atan.o)
    0x080232d0   0x00000018   Code   RO         2513    i.fabs              m_wm.l(fabs.o)
    0x080232e8   0x0000006e   Code   RO         2551    i.sqrt              m_wm.l(sqrt.o)
    0x08023356   0x00000018   Code   RO         2385    x$fpl$basic         fz_wm.l(basic.o)
    0x0802336e   0x00000002   PAD
    0x08023370   0x00000062   Code   RO         2387    x$fpl$d2f           fz_wm.l(d2f.o)
    0x080233d2   0x00000002   PAD
    0x080233d4   0x00000150   Code   RO         2389    x$fpl$dadd          fz_wm.l(daddsub_clz.o)
    0x08023524   0x00000010   Code   RO         2762    x$fpl$dcheck1       fz_wm.l(dcheck1.o)
    0x08023534   0x00000018   Code   RO         2640    x$fpl$dcmpinf       fz_wm.l(dcmpi.o)
    0x0802354c   0x000002b0   Code   RO         2396    x$fpl$ddiv          fz_wm.l(ddiv.o)
    0x080237fc   0x00000078   Code   RO         2399    x$fpl$deqf          fz_wm.l(deqf.o)
    0x08023874   0x0000005e   Code   RO         2401    x$fpl$dfix          fz_wm.l(dfix.o)
    0x080238d2   0x0000002e   Code   RO         2406    x$fpl$dflt          fz_wm.l(dflt_clz.o)
    0x08023900   0x00000026   Code   RO         2405    x$fpl$dfltu         fz_wm.l(dflt_clz.o)
    0x08023926   0x00000002   PAD
    0x08023928   0x00000078   Code   RO         2411    x$fpl$dleqf         fz_wm.l(dleqf.o)
    0x080239a0   0x00000154   Code   RO         2413    x$fpl$dmul          fz_wm.l(dmul.o)
    0x08023af4   0x0000009c   Code   RO         2642    x$fpl$dnaninf       fz_wm.l(dnaninf.o)
    0x08023b90   0x0000000c   Code   RO         2644    x$fpl$dretinf       fz_wm.l(dretinf.o)
    0x08023b9c   0x0000006c   Code   RO         2415    x$fpl$drleqf        fz_wm.l(drleqf.o)
    0x08023c08   0x00000016   Code   RO         2390    x$fpl$drsb          fz_wm.l(daddsub_clz.o)
    0x08023c1e   0x00000002   PAD
    0x08023c20   0x00000198   Code   RO         2646    x$fpl$dsqrt         fz_wm.l(dsqrt_umaal.o)
    0x08023db8   0x000001d4   Code   RO         2391    x$fpl$dsub          fz_wm.l(daddsub_clz.o)
    0x08023f8c   0x00000056   Code   RO         2417    x$fpl$f2d           fz_wm.l(f2d.o)
    0x08023fe2   0x00000060   Code   RO         2419    x$fpl$ffltll        fz_wm.l(ffltll_clz.o)
    0x08024042   0x0000008c   Code   RO         2648    x$fpl$fnaninf       fz_wm.l(fnaninf.o)
    0x080240ce   0x0000000a   Code   RO         2764    x$fpl$fpinit        fz_wm.l(fpinit.o)
    0x080240d8   0x0000000a   Code   RO         2650    x$fpl$fretinf       fz_wm.l(fretinf.o)
    0x080240e2   0x00000064   Code   RO         2793    x$fpl$retnan        fz_wm.l(retnan.o)
    0x08024146   0x0000005c   Code   RO         2652    x$fpl$scalbn        fz_wm.l(scalbn.o)
    0x080241a2   0x00000030   Code   RO         2827    x$fpl$trapveneer    fz_wm.l(trapv.o)
    0x080241d2   0x00000000   Code   RO         2654    x$fpl$usenofp       fz_wm.l(usenofp.o)
    0x080241d2   0x00000100   Data   RO          857    .constdata          os_core.o
    0x080242d2   0x00000006   PAD
    0x080242d8   0x00000084   Data   RO         1923    .constdata          kf_oldx.o
    0x0802435c   0x00000004   PAD
    0x08024360   0x00000090   Data   RO         1973    .constdata          ukf_task.o
    0x080243f0   0x0000003c   Data   RO         2042    .constdata          kf_oldx_nav.o
    0x0802442c   0x00000004   PAD
    0x08024430   0x00000050   Data   RO         2424    .constdata          m_wm.l(acos.o)
    0x08024480   0x00000050   Data   RO         2438    .constdata          m_wm.l(asin.o)
    0x080244d0   0x00000098   Data   RO         2464    .constdata          m_wm.l(atan.o)
    0x08024568   0x00000088   Data   RO         2526    .constdata          m_wm.l(pow.o)
    0x080245f0   0x00000030   Data   RO         2656    .constdata          m_wm.l(cos_i.o)
    0x08024620   0x00000008   Data   RO         2692    .constdata          m_wm.l(qnan.o)
    0x08024628   0x000000c8   Data   RO         2695    .constdata          m_wm.l(rred.o)
    0x080246f0   0x00000028   Data   RO         2699    .constdata          m_wm.l(sin_i.o)
    0x08024718   0x00000020   Data   RO         2859    Region$$Table       anon$$obj.o


    Execution Region RW_IRAM1 (Base: 0x20000000, Size: 0x0001cbe8, Max: 0x00020000, ABSOLUTE, COMPRESSED[0x000008c4])

    Base Addr    Size         Type   Attr      Idx    E Section Name        Object

    0x20000000   0x000002bc   Data   RW         1119    .ccm                ublox.o
    0x200002bc   0x0000a000   Data   RW         1633    .ccm                alt_kf.o
    0x2000a2bc   0x00000004   PAD
    0x2000a2c0   0x0000012a   Data   RW            5    .data               ucos_task.o
    0x2000a3ea   0x00000002   PAD
    0x2000a3ec   0x0000000c   Data   RW          370    .data               main.o
    0x2000a3f8   0x00000014   Data   RW          478    .data               system_stm32f4xx.o
    0x2000a40c   0x00000004   Data   RW          511    .data               delay.o
    0x2000a410   0x00000010   Data   RW          614    .data               stm32f4xx_rcc.o
    0x2000a420   0x0000005c   Data   RW          858    .data               os_core.o
    0x2000a47c   0x00000006   Data   RW         1061    .data               os_cpu_c.o
    0x2000a482   0x00000002   PAD
    0x2000a484   0x00000008   Data   RW         1092    .data               gps.o
    0x2000a48c   0x00000002   Data   RW         1211    .data               iic_sonar.o
    0x2000a48e   0x00000001   Data   RW         1237    .data               iic_soft.o
    0x2000a48f   0x00000001   PAD
    0x2000a490   0x00000008   Data   RW         1263    .data               led_fc.o
    0x2000a498   0x00000004   Data   RW         1293    .data               flash.o
    0x2000a49c   0x00000002   Data   RW         1317    .data               flash_w25.o
    0x2000a49e   0x00000002   PAD
    0x2000a4a0   0x00000014   Data   RW         1344    .data               time.o
    0x2000a4b4   0x00000204   Data   RW         1415    .data               usart_fc.o
    0x2000a6b8   0x000000d9   Data   RW         1458    .data               lis3mdl.o
    0x2000a791   0x00000007   PAD
    0x2000a798   0x000000de   Data   RW         1489    .data               mpu6050.o
    0x2000a876   0x00000002   PAD
    0x2000a878   0x000000cd   Data   RW         1517    .data               hml_sample.o
    0x2000a945   0x00000003   PAD
    0x2000a948   0x0000007d   Data   RW         1551    .data               ms5611_2.o
    0x2000a9c5   0x00000003   PAD
    0x2000a9c8   0x00000090   Data   RW         1578    .data               ultrasonic.o
    0x2000aa58   0x0000000c   Data   RW         1605    .data               laser.o
    0x2000aa64   0x00000004   PAD
    0x2000aa68   0x0000026a   Data   RW         1634    .data               alt_kf.o
    0x2000acd2   0x00000002   PAD
    0x2000acd4   0x00000025   Data   RW         1696    .data               fliter.o
    0x2000acf9   0x00000003   PAD
    0x2000acfc   0x00000404   Data   RW         1722    .data               my_math.o
    0x2000b100   0x00000018   Data   RW         1746    .data               error.o
    0x2000b118   0x000000a2   Data   RW         1773    .data               imu.o
    0x2000b1ba   0x00000002   PAD
    0x2000b1bc   0x00000064   Data   RW         1813    .data               imu_m.o
    0x2000b220   0x000000d5   Data   RW         1974    .data               ukf_task.o
    0x2000b2f5   0x00000003   PAD
    0x2000b2f8   0x00000024   Data   RW         2062    .data               rt_nonfinite.o
    0x2000b31c   0x00000061   Data   RW         2139    .data               flow_oldx.lib(flow.o)
    0x2000b37d   0x00000003   PAD
    0x2000b380   0x00000086   Data   RW         2253    .data               imu_oldx.lib(imu_oldx.o)
    0x2000b406   0x00000002   PAD
    0x2000b408   0x0000a51c   Zero   RW            4    .bss                ucos_task.o
    0x20015924   0x0000050c   Zero   RW          369    .bss                main.o
    0x20015e30   0x00001288   Zero   RW          856    .bss                os_core.o
    0x200170b8   0x00000064   Zero   RW         1292    .bss                flash.o
    0x2001711c   0x00001000   Zero   RW         1316    .bss                flash_w25.o
    0x2001811c   0x000000b4   Zero   RW         1343    .bss                time.o
    0x200181d0   0x00001999   Zero   RW         1414    .bss                usart_fc.o
    0x20019b69   0x00000007   PAD
    0x20019b70   0x000003e4   Zero   RW         1457    .bss                lis3mdl.o
    0x20019f54   0x00000004   PAD
    0x20019f58   0x00000564   Zero   RW         1488    .bss                mpu6050.o
    0x2001a4bc   0x00000004   PAD
    0x2001a4c0   0x00000140   Zero   RW         1516    .bss                hml_sample.o
    0x2001a600   0x0000000c   Zero   RW         1550    .bss                ms5611_2.o
    0x2001a60c   0x00000020   Zero   RW         1577    .bss                ultrasonic.o
    0x2001a62c   0x00000078   Zero   RW         1604    .bss                laser.o
    0x2001a6a4   0x00000004   PAD
    0x2001a6a8   0x000001d0   Zero   RW         1632    .bss                alt_kf.o
    0x2001a878   0x0000186c   Zero   RW         1695    .bss                fliter.o
    0x2001c0e4   0x00000004   PAD
    0x2001c0e8   0x000000c4   Zero   RW         1772    .bss                imu.o
    0x2001c1ac   0x00000018   Zero   RW         1812    .bss                imu_m.o
    0x2001c1c4   0x00000004   PAD
    0x2001c1c8   0x00000270   Zero   RW         1972    .bss                ukf_task.o
    0x2001c438   0x0000008c   Zero   RW         2138    .bss                flow_oldx.lib(flow.o)
    0x2001c4c4   0x000000a8   Zero   RW         2229    .bss                cycle_cal_oldx.lib(cycle_cal_oldx.o)
    0x2001c56c   0x0000001c   Zero   RW         2252    .bss                imu_oldx.lib(imu_oldx.o)
    0x2001c588   0x00000060   Zero   RW         2719    .bss                c_w.l(libspace.o)
    0x2001c5e8   0x00000200   Zero   RW          502    HEAP                startup_stm32f40_41xxx.o
    0x2001c7e8   0x00000400   Zero   RW          501    STACK               startup_stm32f40_41xxx.o


==============================================================================

Image component sizes


      Code (inc. data)   RO Data    RW Data    ZI Data      Debug   Object Name

     11952        836          0      41578        464      38848   alt_kf.o
       264         18          0          4          0       1391   delay.o
       232          4          0          0          0       1436   dma.o
         0          0          0         24          0       2220   error.o
      2504        114          0          4        100       3347   flash.o
      1144         36          0          2       4096       5236   flash_w25.o
      2204         88          0         37       6252       7404   fliter.o
      2248         80          0          8          0       5661   gps.o
      2280        128          0        205        320       7416   hml_sample.o
      1112         20          0          0          0       5260   iic1.o
      1060         14          0          0          0       4771   iic_fc.o
       936         10          0          1          0       4538   iic_soft.o
       992         18          0          2          0       5031   iic_sonar.o
         0          0          0        162        196       4398   imu.o
         0          0          0        100         24       9919   imu_m.o
      5976        170        132          0          0       4499   kf_oldx.o
      5124        146         60          0          0       3899   kf_oldx_nav.o
       416         20          0         12        120       1828   laser.o
      1560         88          0          8          0       2148   led_fc.o
      5612        342          0        217        996       9918   lis3mdl.o
       748        146          0         12       1292       2654   main.o
       224         20          0          0          0       1793   misc.o
      3040        192          0        222       1380      17954   mpu6050.o
      1860        162          0        125         12       6116   ms5611_2.o
      1924        108          0       1028          0       6237   my_math.o
      2196        218        256         92       4744      15971   os_core.o
       200         32          0          0          0        312   os_cpu_a.o
       488          8          0          6          0      11763   os_cpu_c.o
      2060         42          0          0          0       7200   os_flag.o
       972         16          0          0          0       4302   os_mbox.o
      1512         30          0          0          0       5761   os_q.o
       908         18          0          0          0       4034   os_sem.o
      1988         70          0          0          0       7877   os_task.o
       432         30          0          0          0       1866   os_time.o
      1588         94          0          0          0       5721   os_tmr.o
       256         26          0         36          0       1968   rt_nonfinite.o
       308         22          0          0          0       1930   rtgetinf.o
       200         18          0          0          0       1305   rtgetnan.o
        64         26        392          0       1536        824   startup_stm32f40_41xxx.o
       936         32          0          0          0       6373   stm32f4xx_dma.o
       272         10          0          0          0       2263   stm32f4xx_exti.o
      1684         28          0          0          0       9398   stm32f4xx_flash.o
       660         44          0          0          0       4137   stm32f4xx_gpio.o
        22          0          0          0          0       1023   stm32f4xx_it.o
        64          6          0          0          0       1333   stm32f4xx_iwdg.o
      1628         52          0         16          0      12996   stm32f4xx_rcc.o
      1152         36          0          0          0       6885   stm32f4xx_spi.o
       148         12          0          0          0       1833   stm32f4xx_syscfg.o
      3234         60          0          0          0      22992   stm32f4xx_tim.o
      1108         34          0          0          0       7860   stm32f4xx_usart.o
       528         46          0         20          0       1743   system_stm32f4xx.o
       616         38          0         20        180      30073   time.o
      1960         60          0        700          0       8209   ublox.o
      7656        800          0        298      42268     340649   ucos_task.o
         0          0          0          0          0        763   ukf_oldx.o
     10236        660        144        213        624      10407   ukf_task.o
      2968        256          0        144         32       5867   ultrasonic.o
     20664        798          0        516       6553      33821   usart_fc.o
        44          0          0          0          0        694   watch_dog.o

    ----------------------------------------------------------------------
    122168       6382       1030      45852      71216     744075   Object Totals
         0          0         32          0          0          0   (incl. Generated)
         4          0         14         40         27          0   (incl. Padding)

    ----------------------------------------------------------------------

      Code (inc. data)   RO Data    RW Data    ZI Data      Debug   Library Member Name

        90          0          0          0          0          0   __dczerorl2.o
         8          0          0          0          0         68   __main.o
         0          0          0          0          0          0   __rtentry.o
        12          0          0          0          0          0   __rtentry2.o
         6          0          0          0          0          0   __rtentry4.o
        52          8          0          0          0          0   __scatter.o
        28          0          0          0          0          0   __scatter_zi.o
        22          0          0          0          0        100   _rserrno.o
        18          0          0          0          0         80   exit.o
        78          0          0          0          0         80   h1_free.o
         6          0          0          0          0        152   heapauxi.o
         0          0          0          0          0          0   indicate_semi.o
         2          0          0          0          0          0   libinit.o
         6          0          0          0          0          0   libinit2.o
         2          0          0          0          0          0   libshutdown.o
         2          0          0          0          0          0   libshutdown2.o
         8          4          0          0         96         68   libspace.o
        72          0          0          0          0         76   llsdiv.o
       238          0          0          0          0        100   lludivv7m.o
         8          4          0          0          0         68   rt_errno_addr_intlibspace.o
         8          4          0          0          0         68   rt_heap_descriptor_intlibspace.o
        78          0          0          0          0         80   rt_memclr_w.o
       100          0          0          0          0         80   rt_memcpy_w.o
         2          0          0          0          0          0   rtexit.o
        10          0          0          0          0          0   rtexit2.o
        36          0          0          0          0         80   strstr.o
        12          4          0          0          0         68   sys_exit.o
        74          0          0          0          0         80   sys_stackheap_outer.o
         2          0          0          0          0         68   use_no_semi.o
      2584         12          0          0        168       4813   cycle_cal_oldx.o
      2900        124          0         97        140     220042   flow.o
        24          0          0          0          0        164   basic.o
        98          4          0          0          0        140   d2f.o
       826         16          0          0          0        492   daddsub_clz.o
        16          4          0          0          0        116   dcheck1.o
        24          0          0          0          0        116   dcmpi.o
       688        140          0          0          0        256   ddiv.o
       120          4          0          0          0        140   deqf.o
        94          4          0          0          0        140   dfix.o
        84          0          0          0          0        232   dflt_clz.o
       120          4          0          0          0        140   dleqf.o
       340         12          0          0          0        152   dmul.o
       156          4          0          0          0        140   dnaninf.o
        12          0          0          0          0        116   dretinf.o
       108          0          0          0          0        128   drleqf.o
       408         56          0          0          0        168   dsqrt_umaal.o
        86          4          0          0          0        132   f2d.o
        96          0          0          0          0        132   ffltll_clz.o
       140          4          0          0          0        132   fnaninf.o
        10          0          0          0          0        116   fpinit.o
        10          0          0          0          0        116   fretinf.o
       100          0          0          0          0        116   retnan.o
        92          0          0          0          0        116   scalbn.o
        48          0          0          0          0        116   trapv.o
         0          0          0          0          0          0   usenofp.o
      5216        384          0        134         28       5522   imu_oldx.o
       856        118         80          0          0        288   acos.o
       864         94         80          0          0        280   asin.o
       744        106        152          0          0        352   atan.o
       496         64          0          0          0        192   atan2.o
       592         90          0          0          0        184   atan2f.o
       200         20          0          0          0        164   cos.o
       368         46         48          0          0        200   cos_i.o
       184         44          0          0          0        744   dunder.o
        44          0          0          0          0        248   fabs.o
       280         28          0          0          0        156   floor.o
        48          0          0          0          0        124   fpclassify.o
        38          0          0          0          0        116   fpclassifyf.o
        22          6          0          0          0        232   funder.o
       248          0          0          0          0        152   poly.o
      3152        296        136          0          0        352   pow.o
         0          0          8          0          0          0   qnan.o
      1080        142        200          0          0        188   rred.o
       200         20          0          0          0        164   sin.o
       304         24         40          0          0        208   sin_i.o
       232          0          0          0          0        296   sqrt.o

    ----------------------------------------------------------------------
     25362       1898        744        236        432     239949   Library Totals
        30          0          0          5          0          0   (incl. Padding)

    ----------------------------------------------------------------------

      Code (inc. data)   RO Data    RW Data    ZI Data      Debug   Library Name

       980         24          0          0         96       1316   c_w.l
      2584         12          0          0        168       4813   cycle_cal_oldx.lib
      2900        124          0         97        140     220042   flow_oldx.lib
      3700        256          0          0          0       3616   fz_wm.l
      5216        384          0        134         28       5522   imu_oldx.lib
      9952       1098        744          0          0       4640   m_wm.l

    ----------------------------------------------------------------------
     25362       1898        744        236        432     239949   Library Totals

    ----------------------------------------------------------------------

==============================================================================


      Code (inc. data)   RO Data    RW Data    ZI Data      Debug   

    147530       8280       1774      46088      71648     965700   Grand Totals
    147530       8280       1774       2244      71648     965700   ELF Image Totals (compressed)
    147530       8280       1774       2244          0          0   ROM Totals

==============================================================================

    Total RO  Size (Code + RO Data)               149304 ( 145.80kB)
    Total RW  Size (RW Data + ZI Data)            117736 ( 114.98kB)
    Total ROM Size (Code + RO Data + RW Data)     151548 ( 148.00kB)

==============================================================================

